<?xml version="1.0" encoding="UTF-8"?>
<testsuites>
  <testsuite name="" tests="2325" assertions="4582" errors="275" warnings="15" failures="91" skipped="166" time="47.700248">
    <testsuite name="Value Objects" tests="36" assertions="157" errors="0" warnings="0" failures="0" skipped="0" time="6.421545">
      <testsuite name="Ksfraser\FaBankImport\Tests\ValueObject\DuplicateResultTest" file="C:\Users\prote\Documents\software-devel\ksf_bank_import\tests\ValueObject\DuplicateResultTest.php" tests="8" assertions="44" errors="0" warnings="0" failures="0" skipped="0" time="5.669236">
        <testcase name="testNotDuplicate" class="Ksfraser\FaBankImport\Tests\ValueObject\DuplicateResultTest" classname="Ksfraser.FaBankImport.Tests.ValueObject.DuplicateResultTest" file="C:\Users\prote\Documents\software-devel\ksf_bank_import\tests\ValueObject\DuplicateResultTest.php" line="41" assertions="7" time="4.776285"/>
        <testcase name="testAllowDuplicate" class="Ksfraser\FaBankImport\Tests\ValueObject\DuplicateResultTest" classname="Ksfraser.FaBankImport.Tests.ValueObject.DuplicateResultTest" file="C:\Users\prote\Documents\software-devel\ksf_bank_import\tests\ValueObject\DuplicateResultTest.php" line="57" assertions="7" time="0.412756"/>
        <testcase name="testWarnDuplicate" class="Ksfraser\FaBankImport\Tests\ValueObject\DuplicateResultTest" classname="Ksfraser.FaBankImport.Tests.ValueObject.DuplicateResultTest" file="C:\Users\prote\Documents\software-devel\ksf_bank_import\tests\ValueObject\DuplicateResultTest.php" line="74" assertions="7" time="0.000887"/>
        <testcase name="testBlockDuplicate" class="Ksfraser\FaBankImport\Tests\ValueObject\DuplicateResultTest" classname="Ksfraser.FaBankImport.Tests.ValueObject.DuplicateResultTest" file="C:\Users\prote\Documents\software-devel\ksf_bank_import\tests\ValueObject\DuplicateResultTest.php" line="91" assertions="7" time="0.001315"/>
        <testcase name="testMutualExclusiveActions" class="Ksfraser\FaBankImport\Tests\ValueObject\DuplicateResultTest" classname="Ksfraser.FaBankImport.Tests.ValueObject.DuplicateResultTest" file="C:\Users\prote\Documents\software-devel\ksf_bank_import\tests\ValueObject\DuplicateResultTest.php" line="108" assertions="4" time="0.000871"/>
        <testcase name="testImmutability" class="Ksfraser\FaBankImport\Tests\ValueObject\DuplicateResultTest" classname="Ksfraser.FaBankImport.Tests.ValueObject.DuplicateResultTest" file="C:\Users\prote\Documents\software-devel\ksf_bank_import\tests\ValueObject\DuplicateResultTest.php" line="134" assertions="10" time="0.375295"/>
        <testcase name="testPropertiesArePrivate" class="Ksfraser\FaBankImport\Tests\ValueObject\DuplicateResultTest" classname="Ksfraser.FaBankImport.Tests.ValueObject.DuplicateResultTest" file="C:\Users\prote\Documents\software-devel\ksf_bank_import\tests\ValueObject\DuplicateResultTest.php" line="150" assertions="1" time="0.101143"/>
        <testcase name="testConstructorIsPrivate" class="Ksfraser\FaBankImport\Tests\ValueObject\DuplicateResultTest" classname="Ksfraser.FaBankImport.Tests.ValueObject.DuplicateResultTest" file="C:\Users\prote\Documents\software-devel\ksf_bank_import\tests\ValueObject\DuplicateResultTest.php" line="161" assertions="1" time="0.000684"/>
      </testsuite>
      <testsuite name="Ksfraser\FaBankImport\Tests\ValueObject\FileInfoTest" file="C:\Users\prote\Documents\software-devel\ksf_bank_import\tests\ValueObject\FileInfoTest.php" tests="16" assertions="45" errors="0" warnings="0" failures="0" skipped="0" time="0.296423">
        <testcase name="testConstructorWithValidData" class="Ksfraser\FaBankImport\Tests\ValueObject\FileInfoTest" classname="Ksfraser.FaBankImport.Tests.ValueObject.FileInfoTest" file="C:\Users\prote\Documents\software-devel\ksf_bank_import\tests\ValueObject\FileInfoTest.php" line="19" assertions="5" time="0.070510"/>
        <testcase name="testConstructorRejectsEmptyFilename" class="Ksfraser\FaBankImport\Tests\ValueObject\FileInfoTest" classname="Ksfraser.FaBankImport.Tests.ValueObject.FileInfoTest" file="C:\Users\prote\Documents\software-devel\ksf_bank_import\tests\ValueObject\FileInfoTest.php" line="38" assertions="2" time="0.211645"/>
        <testcase name="testConstructorRejectsLongFilename" class="Ksfraser\FaBankImport\Tests\ValueObject\FileInfoTest" classname="Ksfraser.FaBankImport.Tests.ValueObject.FileInfoTest" file="C:\Users\prote\Documents\software-devel\ksf_bank_import\tests\ValueObject\FileInfoTest.php" line="49" assertions="2" time="0.000665"/>
        <testcase name="testConstructorRejectsZeroSize" class="Ksfraser\FaBankImport\Tests\ValueObject\FileInfoTest" classname="Ksfraser.FaBankImport.Tests.ValueObject.FileInfoTest" file="C:\Users\prote\Documents\software-devel\ksf_bank_import\tests\ValueObject\FileInfoTest.php" line="61" assertions="2" time="0.000637"/>
        <testcase name="testConstructorRejectsNegativeSize" class="Ksfraser\FaBankImport\Tests\ValueObject\FileInfoTest" classname="Ksfraser.FaBankImport.Tests.ValueObject.FileInfoTest" file="C:\Users\prote\Documents\software-devel\ksf_bank_import\tests\ValueObject\FileInfoTest.php" line="72" assertions="2" time="0.000601"/>
        <testcase name="testConstructorRejectsTooLargeSize" class="Ksfraser\FaBankImport\Tests\ValueObject\FileInfoTest" classname="Ksfraser.FaBankImport.Tests.ValueObject.FileInfoTest" file="C:\Users\prote\Documents\software-devel\ksf_bank_import\tests\ValueObject\FileInfoTest.php" line="83" assertions="2" time="0.000626"/>
        <testcase name="testGetExtension" class="Ksfraser\FaBankImport\Tests\ValueObject\FileInfoTest" classname="Ksfraser.FaBankImport.Tests.ValueObject.FileInfoTest" file="C:\Users\prote\Documents\software-devel\ksf_bank_import\tests\ValueObject\FileInfoTest.php" line="95" assertions="3" time="0.000913"/>
        <testcase name="testGetBasename" class="Ksfraser\FaBankImport\Tests\ValueObject\FileInfoTest" classname="Ksfraser.FaBankImport.Tests.ValueObject.FileInfoTest" file="C:\Users\prote\Documents\software-devel\ksf_bank_import\tests\ValueObject\FileInfoTest.php" line="111" assertions="3" time="0.000798"/>
        <testcase name="testGetMd5HashWithRealFile" class="Ksfraser\FaBankImport\Tests\ValueObject\FileInfoTest" classname="Ksfraser.FaBankImport.Tests.ValueObject.FileInfoTest" file="C:\Users\prote\Documents\software-devel\ksf_bank_import\tests\ValueObject\FileInfoTest.php" line="126" assertions="1" time="0.003667"/>
        <testcase name="testGetMd5HashThrowsExceptionForNonExistentFile" class="Ksfraser\FaBankImport\Tests\ValueObject\FileInfoTest" classname="Ksfraser.FaBankImport.Tests.ValueObject.FileInfoTest" file="C:\Users\prote\Documents\software-devel\ksf_bank_import\tests\ValueObject\FileInfoTest.php" line="147" assertions="2" time="0.001319"/>
        <testcase name="testFromUploadWithValidData" class="Ksfraser\FaBankImport\Tests\ValueObject\FileInfoTest" classname="Ksfraser.FaBankImport.Tests.ValueObject.FileInfoTest" file="C:\Users\prote\Documents\software-devel\ksf_bank_import\tests\ValueObject\FileInfoTest.php" line="160" assertions="5" time="0.000791"/>
        <testcase name="testFromUploadThrowsExceptionOnUploadError" class="Ksfraser\FaBankImport\Tests\ValueObject\FileInfoTest" classname="Ksfraser.FaBankImport.Tests.ValueObject.FileInfoTest" file="C:\Users\prote\Documents\software-devel\ksf_bank_import\tests\ValueObject\FileInfoTest.php" line="182" assertions="2" time="0.000636"/>
        <testcase name="testFromUploadThrowsExceptionOnFileTooLarge" class="Ksfraser\FaBankImport\Tests\ValueObject\FileInfoTest" classname="Ksfraser.FaBankImport.Tests.ValueObject.FileInfoTest" file="C:\Users\prote\Documents\software-devel\ksf_bank_import\tests\ValueObject\FileInfoTest.php" line="201" assertions="2" time="0.000804"/>
        <testcase name="testFromUploadThrowsExceptionOnPartialUpload" class="Ksfraser\FaBankImport\Tests\ValueObject\FileInfoTest" classname="Ksfraser.FaBankImport.Tests.ValueObject.FileInfoTest" file="C:\Users\prote\Documents\software-devel\ksf_bank_import\tests\ValueObject\FileInfoTest.php" line="220" assertions="2" time="0.000966"/>
        <testcase name="testImmutability" class="Ksfraser\FaBankImport\Tests\ValueObject\FileInfoTest" classname="Ksfraser.FaBankImport.Tests.ValueObject.FileInfoTest" file="C:\Users\prote\Documents\software-devel\ksf_bank_import\tests\ValueObject\FileInfoTest.php" line="239" assertions="9" time="0.001248"/>
        <testcase name="testPropertiesArePrivate" class="Ksfraser\FaBankImport\Tests\ValueObject\FileInfoTest" classname="Ksfraser.FaBankImport.Tests.ValueObject.FileInfoTest" file="C:\Users\prote\Documents\software-devel\ksf_bank_import\tests\ValueObject\FileInfoTest.php" line="256" assertions="1" time="0.000597"/>
      </testsuite>
      <testsuite name="Ksfraser\FaBankImport\Tests\ValueObject\UploadResultTest" file="C:\Users\prote\Documents\software-devel\ksf_bank_import\tests\ValueObject\UploadResultTest.php" tests="12" assertions="68" errors="0" warnings="0" failures="0" skipped="0" time="0.455886">
        <testcase name="testSuccess" class="Ksfraser\FaBankImport\Tests\ValueObject\UploadResultTest" classname="Ksfraser.FaBankImport.Tests.ValueObject.UploadResultTest" file="C:\Users\prote\Documents\software-devel\ksf_bank_import\tests\ValueObject\UploadResultTest.php" line="19" assertions="9" time="0.329948"/>
        <testcase name="testError" class="Ksfraser\FaBankImport\Tests\ValueObject\UploadResultTest" classname="Ksfraser.FaBankImport.Tests.ValueObject.UploadResultTest" file="C:\Users\prote\Documents\software-devel\ksf_bank_import\tests\ValueObject\UploadResultTest.php" line="37" assertions="9" time="0.000847"/>
        <testcase name="testDuplicateWithForceAllowed" class="Ksfraser\FaBankImport\Tests\ValueObject\UploadResultTest" classname="Ksfraser.FaBankImport.Tests.ValueObject.UploadResultTest" file="C:\Users\prote\Documents\software-devel\ksf_bank_import\tests\ValueObject\UploadResultTest.php" line="55" assertions="9" time="0.000813"/>
        <testcase name="testDuplicateWithForceNotAllowed" class="Ksfraser\FaBankImport\Tests\ValueObject\UploadResultTest" classname="Ksfraser.FaBankImport.Tests.ValueObject.UploadResultTest" file="C:\Users\prote\Documents\software-devel\ksf_bank_import\tests\ValueObject\UploadResultTest.php" line="73" assertions="9" time="0.001068"/>
        <testcase name="testReused" class="Ksfraser\FaBankImport\Tests\ValueObject\UploadResultTest" classname="Ksfraser.FaBankImport.Tests.ValueObject.UploadResultTest" file="C:\Users\prote\Documents\software-devel\ksf_bank_import\tests\ValueObject\UploadResultTest.php" line="91" assertions="9" time="0.000911"/>
        <testcase name="testToArraySuccess" class="Ksfraser\FaBankImport\Tests\ValueObject\UploadResultTest" classname="Ksfraser.FaBankImport.Tests.ValueObject.UploadResultTest" file="C:\Users\prote\Documents\software-devel\ksf_bank_import\tests\ValueObject\UploadResultTest.php" line="109" assertions="2" time="0.117283"/>
        <testcase name="testToArrayError" class="Ksfraser\FaBankImport\Tests\ValueObject\UploadResultTest" classname="Ksfraser.FaBankImport.Tests.ValueObject.UploadResultTest" file="C:\Users\prote\Documents\software-devel\ksf_bank_import\tests\ValueObject\UploadResultTest.php" line="128" assertions="1" time="0.000790"/>
        <testcase name="testToArrayDuplicate" class="Ksfraser\FaBankImport\Tests\ValueObject\UploadResultTest" classname="Ksfraser.FaBankImport.Tests.ValueObject.UploadResultTest" file="C:\Users\prote\Documents\software-devel\ksf_bank_import\tests\ValueObject\UploadResultTest.php" line="146" assertions="1" time="0.000596"/>
        <testcase name="testSuccessFlagConsistency" class="Ksfraser\FaBankImport\Tests\ValueObject\UploadResultTest" classname="Ksfraser.FaBankImport.Tests.ValueObject.UploadResultTest" file="C:\Users\prote\Documents\software-devel\ksf_bank_import\tests\ValueObject\UploadResultTest.php" line="164" assertions="4" time="0.000847"/>
        <testcase name="testImmutability" class="Ksfraser\FaBankImport\Tests\ValueObject\UploadResultTest" classname="Ksfraser.FaBankImport.Tests.ValueObject.UploadResultTest" file="C:\Users\prote\Documents\software-devel\ksf_bank_import\tests\ValueObject\UploadResultTest.php" line="186" assertions="13" time="0.001578"/>
        <testcase name="testPropertiesArePrivate" class="Ksfraser\FaBankImport\Tests\ValueObject\UploadResultTest" classname="Ksfraser.FaBankImport.Tests.ValueObject.UploadResultTest" file="C:\Users\prote\Documents\software-devel\ksf_bank_import\tests\ValueObject\UploadResultTest.php" line="202" assertions="1" time="0.000651"/>
        <testcase name="testConstructorIsPrivate" class="Ksfraser\FaBankImport\Tests\ValueObject\UploadResultTest" classname="Ksfraser.FaBankImport.Tests.ValueObject.UploadResultTest" file="C:\Users\prote\Documents\software-devel\ksf_bank_import\tests\ValueObject\UploadResultTest.php" line="213" assertions="1" time="0.000555"/>
      </testsuite>
    </testsuite>
    <testsuite name="Entities" tests="9" assertions="31" errors="0" warnings="0" failures="0" skipped="0" time="0.222663">
      <testsuite name="Ksfraser\FaBankImport\Tests\Entity\UploadedFileTest" file="C:\Users\prote\Documents\software-devel\ksf_bank_import\tests\Entity\UploadedFileTest.php" tests="9" assertions="31" errors="0" warnings="0" failures="0" skipped="0" time="0.222663">
        <testcase name="testConstructorWithAllProperties" class="Ksfraser\FaBankImport\Tests\Entity\UploadedFileTest" classname="Ksfraser.FaBankImport.Tests.Entity.UploadedFileTest" file="C:\Users\prote\Documents\software-devel\ksf_bank_import\tests\Entity\UploadedFileTest.php" line="19" assertions="13" time="0.000990"/>
        <testcase name="testConstructorWithMinimalProperties" class="Ksfraser\FaBankImport\Tests\Entity\UploadedFileTest" classname="Ksfraser.FaBankImport.Tests.Entity.UploadedFileTest" file="C:\Users\prote\Documents\software-devel\ksf_bank_import\tests\Entity\UploadedFileTest.php" line="56" assertions="4" time="0.000631"/>
        <testcase name="testSetId" class="Ksfraser\FaBankImport\Tests\Entity\UploadedFileTest" classname="Ksfraser.FaBankImport.Tests.Entity.UploadedFileTest" file="C:\Users\prote\Documents\software-devel\ksf_bank_import\tests\Entity\UploadedFileTest.php" line="84" assertions="2" time="0.000548"/>
        <testcase name="testSetStatementCount" class="Ksfraser\FaBankImport\Tests\Entity\UploadedFileTest" classname="Ksfraser.FaBankImport.Tests.Entity.UploadedFileTest" file="C:\Users\prote\Documents\software-devel\ksf_bank_import\tests\Entity\UploadedFileTest.php" line="107" assertions="2" time="0.000539"/>
        <testcase name="testGetFormattedSize" class="Ksfraser\FaBankImport\Tests\Entity\UploadedFileTest" classname="Ksfraser.FaBankImport.Tests.Entity.UploadedFileTest" file="C:\Users\prote\Documents\software-devel\ksf_bank_import\tests\Entity\UploadedFileTest.php" line="132" assertions="5" time="0.001512"/>
        <testcase name="testExistsWithRealFile" class="Ksfraser\FaBankImport\Tests\Entity\UploadedFileTest" classname="Ksfraser.FaBankImport.Tests.Entity.UploadedFileTest" file="C:\Users\prote\Documents\software-devel\ksf_bank_import\tests\Entity\UploadedFileTest.php" line="163" assertions="2" time="0.002142"/>
        <testcase name="testExistsWithNonExistentFile" class="Ksfraser\FaBankImport\Tests\Entity\UploadedFileTest" classname="Ksfraser.FaBankImport.Tests.Entity.UploadedFileTest" file="C:\Users\prote\Documents\software-devel\ksf_bank_import\tests\Entity\UploadedFileTest.php" line="184" assertions="1" time="0.001042"/>
        <testcase name="testEntityHasIdentity" class="Ksfraser\FaBankImport\Tests\Entity\UploadedFileTest" classname="Ksfraser.FaBankImport.Tests.Entity.UploadedFileTest" file="C:\Users\prote\Documents\software-devel\ksf_bank_import\tests\Entity\UploadedFileTest.php" line="197" assertions="1" time="0.122891"/>
        <testcase name="testEntityHasSetters" class="Ksfraser\FaBankImport\Tests\Entity\UploadedFileTest" classname="Ksfraser.FaBankImport.Tests.Entity.UploadedFileTest" file="C:\Users\prote\Documents\software-devel\ksf_bank_import\tests\Entity\UploadedFileTest.php" line="216" assertions="1" time="0.092369"/>
      </testsuite>
    </testsuite>
    <testsuite name="Strategies" tests="10" assertions="38" errors="0" warnings="0" failures="0" skipped="0" time="1.551680">
      <testsuite name="Ksfraser\FaBankImport\Tests\Strategy\DuplicateStrategyTest" file="C:\Users\prote\Documents\software-devel\ksf_bank_import\tests\Strategy\DuplicateStrategyTest.php" tests="10" assertions="38" errors="0" warnings="0" failures="0" skipped="0" time="1.551680">
        <testcase name="testAllowDuplicateStrategy" class="Ksfraser\FaBankImport\Tests\Strategy\DuplicateStrategyTest" classname="Ksfraser.FaBankImport.Tests.Strategy.DuplicateStrategyTest" file="C:\Users\prote\Documents\software-devel\ksf_bank_import\tests\Strategy\DuplicateStrategyTest.php" line="45" assertions="5" time="0.513985"/>
        <testcase name="testWarnDuplicateStrategy" class="Ksfraser\FaBankImport\Tests\Strategy\DuplicateStrategyTest" classname="Ksfraser.FaBankImport.Tests.Strategy.DuplicateStrategyTest" file="C:\Users\prote\Documents\software-devel\ksf_bank_import\tests\Strategy\DuplicateStrategyTest.php" line="65" assertions="8" time="0.138095"/>
        <testcase name="testBlockDuplicateStrategy" class="Ksfraser\FaBankImport\Tests\Strategy\DuplicateStrategyTest" classname="Ksfraser.FaBankImport.Tests.Strategy.DuplicateStrategyTest" file="C:\Users\prote\Documents\software-devel\ksf_bank_import\tests\Strategy\DuplicateStrategyTest.php" line="88" assertions="7" time="0.533857"/>
        <testcase name="testFactoryCreatesAllowStrategy" class="Ksfraser\FaBankImport\Tests\Strategy\DuplicateStrategyTest" classname="Ksfraser.FaBankImport.Tests.Strategy.DuplicateStrategyTest" file="C:\Users\prote\Documents\software-devel\ksf_bank_import\tests\Strategy\DuplicateStrategyTest.php" line="110" assertions="1" time="0.161953"/>
        <testcase name="testFactoryCreatesWarnStrategy" class="Ksfraser\FaBankImport\Tests\Strategy\DuplicateStrategyTest" classname="Ksfraser.FaBankImport.Tests.Strategy.DuplicateStrategyTest" file="C:\Users\prote\Documents\software-devel\ksf_bank_import\tests\Strategy\DuplicateStrategyTest.php" line="117" assertions="1" time="0.000649"/>
        <testcase name="testFactoryCreatesBlockStrategy" class="Ksfraser\FaBankImport\Tests\Strategy\DuplicateStrategyTest" classname="Ksfraser.FaBankImport.Tests.Strategy.DuplicateStrategyTest" file="C:\Users\prote\Documents\software-devel\ksf_bank_import\tests\Strategy\DuplicateStrategyTest.php" line="124" assertions="1" time="0.000472"/>
        <testcase name="testFactoryThrowsExceptionForInvalidAction" class="Ksfraser\FaBankImport\Tests\Strategy\DuplicateStrategyTest" classname="Ksfraser.FaBankImport.Tests.Strategy.DuplicateStrategyTest" file="C:\Users\prote\Documents\software-devel\ksf_bank_import\tests\Strategy\DuplicateStrategyTest.php" line="134" assertions="2" time="0.000567"/>
        <testcase name="testFactoryReturnsAvailableStrategies" class="Ksfraser\FaBankImport\Tests\Strategy\DuplicateStrategyTest" classname="Ksfraser.FaBankImport.Tests.Strategy.DuplicateStrategyTest" file="C:\Users\prote\Documents\software-devel\ksf_bank_import\tests\Strategy\DuplicateStrategyTest.php" line="145" assertions="5" time="0.200638"/>
        <testcase name="testFactoryValidatesActions" class="Ksfraser\FaBankImport\Tests\Strategy\DuplicateStrategyTest" classname="Ksfraser.FaBankImport.Tests.Strategy.DuplicateStrategyTest" file="C:\Users\prote\Documents\software-devel\ksf_bank_import\tests\Strategy\DuplicateStrategyTest.php" line="159" assertions="5" time="0.000751"/>
        <testcase name="testAllStrategiesImplementInterface" class="Ksfraser\FaBankImport\Tests\Strategy\DuplicateStrategyTest" classname="Ksfraser.FaBankImport.Tests.Strategy.DuplicateStrategyTest" file="C:\Users\prote\Documents\software-devel\ksf_bank_import\tests\Strategy\DuplicateStrategyTest.php" line="171" assertions="3" time="0.000714"/>
      </testsuite>
    </testsuite>
    <testsuite name="Services" tests="26" assertions="40" errors="9" warnings="0" failures="0" skipped="0" time="0.386390">
      <testsuite name="Ksfraser\FaBankImport\Tests\Service\BankImportPathResolverTest" file="C:\Users\prote\Documents\software-devel\ksf_bank_import\tests\Service\BankImportPathResolverTest.php" tests="2" assertions="0" errors="2" warnings="0" failures="0" skipped="0" time="0.094597">
        <testcase name="test_it_resolves_module_directories_under_bank_imports" class="Ksfraser\FaBankImport\Tests\Service\BankImportPathResolverTest" classname="Ksfraser.FaBankImport.Tests.Service.BankImportPathResolverTest" file="C:\Users\prote\Documents\software-devel\ksf_bank_import\tests\Service\BankImportPathResolverTest.php" line="12" assertions="0" time="0.093973">
          <error type="Error">Ksfraser\FaBankImport\Tests\Service\BankImportPathResolverTest::test_it_resolves_module_directories_under_bank_imports
Error: Class "Ksfraser\FaBankImport\Service\BankImportPathResolver" not found

C:\Users\prote\Documents\software-devel\ksf_bank_import\tests\Service\BankImportPathResolverTest.php:15</error>
        </testcase>
        <testcase name="test_dir_allows_custom_subdirectories" class="Ksfraser\FaBankImport\Tests\Service\BankImportPathResolverTest" classname="Ksfraser.FaBankImport.Tests.Service.BankImportPathResolverTest" file="C:\Users\prote\Documents\software-devel\ksf_bank_import\tests\Service\BankImportPathResolverTest.php" line="23" assertions="0" time="0.000624">
          <error type="Error">Ksfraser\FaBankImport\Tests\Service\BankImportPathResolverTest::test_dir_allows_custom_subdirectories
Error: Class "Ksfraser\FaBankImport\Service\BankImportPathResolver" not found

C:\Users\prote\Documents\software-devel\ksf_bank_import\tests\Service\BankImportPathResolverTest.php:26</error>
        </testcase>
      </testsuite>
      <testsuite name="Ksfraser\Tests\Service\DetectedAccountAssociationKeyTest" file="C:\Users\prote\Documents\software-devel\ksf_bank_import\tests\Service\DetectedAccountAssociationKeyTest.php" tests="1" assertions="0" errors="1" warnings="0" failures="0" skipped="0" time="0.000794">
        <testcase name="testKeyIsStableAndBounded" class="Ksfraser\Tests\Service\DetectedAccountAssociationKeyTest" classname="Ksfraser.Tests.Service.DetectedAccountAssociationKeyTest" file="C:\Users\prote\Documents\software-devel\ksf_bank_import\tests\Service\DetectedAccountAssociationKeyTest.php" line="12" assertions="0" time="0.000794">
          <error type="Error">Ksfraser\Tests\Service\DetectedAccountAssociationKeyTest::testKeyIsStableAndBounded
Error: Class "Ksfraser\FaBankImport\Service\DetectedAccountAssociationKey" not found

C:\Users\prote\Documents\software-devel\ksf_bank_import\tests\Service\DetectedAccountAssociationKeyTest.php:15</error>
        </testcase>
      </testsuite>
      <testsuite name="Ksfraser\FaBankImport\Tests\Service\FileStorageServiceTest" file="C:\Users\prote\Documents\software-devel\ksf_bank_import\tests\Service\FileStorageServiceTest.php" tests="17" assertions="36" errors="0" warnings="0" failures="0" skipped="0" time="0.283835">
        <testcase name="testGetStorageDirectory" class="Ksfraser\FaBankImport\Tests\Service\FileStorageServiceTest" classname="Ksfraser.FaBankImport.Tests.Service.FileStorageServiceTest" file="C:\Users\prote\Documents\software-devel\ksf_bank_import\tests\Service\FileStorageServiceTest.php" line="55" assertions="1" time="0.044450"/>
        <testcase name="testEnsureStorageDirectoryExists" class="Ksfraser\FaBankImport\Tests\Service\FileStorageServiceTest" classname="Ksfraser.FaBankImport.Tests.Service.FileStorageServiceTest" file="C:\Users\prote\Documents\software-devel\ksf_bank_import\tests\Service\FileStorageServiceTest.php" line="63" assertions="2" time="0.003560"/>
        <testcase name="testEnsureStorageDirectoryCreatesHtaccess" class="Ksfraser\FaBankImport\Tests\Service\FileStorageServiceTest" classname="Ksfraser.FaBankImport.Tests.Service.FileStorageServiceTest" file="C:\Users\prote\Documents\software-devel\ksf_bank_import\tests\Service\FileStorageServiceTest.php" line="82" assertions="2" time="0.004426"/>
        <testcase name="testStoreCreatesUniqueFilename" class="Ksfraser\FaBankImport\Tests\Service\FileStorageServiceTest" classname="Ksfraser.FaBankImport.Tests.Service.FileStorageServiceTest" file="C:\Users\prote\Documents\software-devel\ksf_bank_import\tests\Service\FileStorageServiceTest.php" line="103" assertions="7" time="0.176242"/>
        <testcase name="testStoreCreatesDirectoryIfMissing" class="Ksfraser\FaBankImport\Tests\Service\FileStorageServiceTest" classname="Ksfraser.FaBankImport.Tests.Service.FileStorageServiceTest" file="C:\Users\prote\Documents\software-devel\ksf_bank_import\tests\Service\FileStorageServiceTest.php" line="133" assertions="3" time="0.006563"/>
        <testcase name="testExists" class="Ksfraser\FaBankImport\Tests\Service\FileStorageServiceTest" classname="Ksfraser.FaBankImport.Tests.Service.FileStorageServiceTest" file="C:\Users\prote\Documents\software-devel\ksf_bank_import\tests\Service\FileStorageServiceTest.php" line="159" assertions="2" time="0.003095"/>
        <testcase name="testExistsReturnsFalseForDirectory" class="Ksfraser\FaBankImport\Tests\Service\FileStorageServiceTest" classname="Ksfraser.FaBankImport.Tests.Service.FileStorageServiceTest" file="C:\Users\prote\Documents\software-devel\ksf_bank_import\tests\Service\FileStorageServiceTest.php" line="175" assertions="1" time="0.002118"/>
        <testcase name="testDelete" class="Ksfraser\FaBankImport\Tests\Service\FileStorageServiceTest" classname="Ksfraser.FaBankImport.Tests.Service.FileStorageServiceTest" file="C:\Users\prote\Documents\software-devel\ksf_bank_import\tests\Service\FileStorageServiceTest.php" line="183" assertions="3" time="0.004149"/>
        <testcase name="testDeleteReturnsFalseForNonExistentFile" class="Ksfraser\FaBankImport\Tests\Service\FileStorageServiceTest" classname="Ksfraser.FaBankImport.Tests.Service.FileStorageServiceTest" file="C:\Users\prote\Documents\software-devel\ksf_bank_import\tests\Service\FileStorageServiceTest.php" line="200" assertions="1" time="0.002027"/>
        <testcase name="testGetContents" class="Ksfraser\FaBankImport\Tests\Service\FileStorageServiceTest" classname="Ksfraser.FaBankImport.Tests.Service.FileStorageServiceTest" file="C:\Users\prote\Documents\software-devel\ksf_bank_import\tests\Service\FileStorageServiceTest.php" line="210" assertions="1" time="0.003711"/>
        <testcase name="testGetContentsThrowsExceptionForNonExistentFile" class="Ksfraser\FaBankImport\Tests\Service\FileStorageServiceTest" classname="Ksfraser.FaBankImport.Tests.Service.FileStorageServiceTest" file="C:\Users\prote\Documents\software-devel\ksf_bank_import\tests\Service\FileStorageServiceTest.php" line="227" assertions="2" time="0.002082"/>
        <testcase name="testGetFileSize" class="Ksfraser\FaBankImport\Tests\Service\FileStorageServiceTest" classname="Ksfraser.FaBankImport.Tests.Service.FileStorageServiceTest" file="C:\Users\prote\Documents\software-devel\ksf_bank_import\tests\Service\FileStorageServiceTest.php" line="238" assertions="1" time="0.002991"/>
        <testcase name="testGetFileSizeThrowsExceptionForNonExistentFile" class="Ksfraser\FaBankImport\Tests\Service\FileStorageServiceTest" classname="Ksfraser.FaBankImport.Tests.Service.FileStorageServiceTest" file="C:\Users\prote\Documents\software-devel\ksf_bank_import\tests\Service\FileStorageServiceTest.php" line="255" assertions="2" time="0.002060"/>
        <testcase name="testGetModificationTime" class="Ksfraser\FaBankImport\Tests\Service\FileStorageServiceTest" classname="Ksfraser.FaBankImport.Tests.Service.FileStorageServiceTest" file="C:\Users\prote\Documents\software-devel\ksf_bank_import\tests\Service\FileStorageServiceTest.php" line="266" assertions="3" time="0.002696"/>
        <testcase name="testCopy" class="Ksfraser\FaBankImport\Tests\Service\FileStorageServiceTest" classname="Ksfraser.FaBankImport.Tests.Service.FileStorageServiceTest" file="C:\Users\prote\Documents\software-devel\ksf_bank_import\tests\Service\FileStorageServiceTest.php" line="286" assertions="3" time="0.005892"/>
        <testcase name="testCopyReturnsFalseForNonExistentSource" class="Ksfraser\FaBankImport\Tests\Service\FileStorageServiceTest" classname="Ksfraser.FaBankImport.Tests.Service.FileStorageServiceTest" file="C:\Users\prote\Documents\software-devel\ksf_bank_import\tests\Service\FileStorageServiceTest.php" line="308" assertions="1" time="0.002171"/>
        <testcase name="testMultipleStoresCreateUniqueFilenames" class="Ksfraser\FaBankImport\Tests\Service\FileStorageServiceTest" classname="Ksfraser.FaBankImport.Tests.Service.FileStorageServiceTest" file="C:\Users\prote\Documents\software-devel\ksf_bank_import\tests\Service\FileStorageServiceTest.php" line="321" assertions="1" time="0.015603"/>
      </testsuite>
      <testsuite name="Ksfraser\FaBankImport\Tests\Service\ImportRunLoggerTest" file="C:\Users\prote\Documents\software-devel\ksf_bank_import\tests\Service\ImportRunLoggerTest.php" tests="4" assertions="4" errors="4" warnings="0" failures="0" skipped="0" time="0.005798">
        <testcase name="test_it_creates_a_new_log_file_in_directory" class="Ksfraser\FaBankImport\Tests\Service\ImportRunLoggerTest" classname="Ksfraser.FaBankImport.Tests.Service.ImportRunLoggerTest" file="C:\Users\prote\Documents\software-devel\ksf_bank_import\tests\Service\ImportRunLoggerTest.php" line="12" assertions="1" time="0.001831">
          <error type="Error">Ksfraser\FaBankImport\Tests\Service\ImportRunLoggerTest::test_it_creates_a_new_log_file_in_directory
Error: Class "Ksfraser\FaBankImport\Service\ImportRunLogger" not found

C:\Users\prote\Documents\software-devel\ksf_bank_import\tests\Service\ImportRunLoggerTest.php:16</error>
        </testcase>
        <testcase name="test_it_appends_jsonl_events" class="Ksfraser\FaBankImport\Tests\Service\ImportRunLoggerTest" classname="Ksfraser.FaBankImport.Tests.Service.ImportRunLoggerTest" file="C:\Users\prote\Documents\software-devel\ksf_bank_import\tests\Service\ImportRunLoggerTest.php" line="23" assertions="1" time="0.001340">
          <error type="Error">Ksfraser\FaBankImport\Tests\Service\ImportRunLoggerTest::test_it_appends_jsonl_events
Error: Class "Ksfraser\FaBankImport\Service\ImportRunLogger" not found

C:\Users\prote\Documents\software-devel\ksf_bank_import\tests\Service\ImportRunLoggerTest.php:26</error>
        </testcase>
        <testcase name="test_it_safely_creates_directory_if_missing" class="Ksfraser\FaBankImport\Tests\Service\ImportRunLoggerTest" classname="Ksfraser.FaBankImport.Tests.Service.ImportRunLoggerTest" file="C:\Users\prote\Documents\software-devel\ksf_bank_import\tests\Service\ImportRunLoggerTest.php" line="52" assertions="1" time="0.001302">
          <error type="Error">Ksfraser\FaBankImport\Tests\Service\ImportRunLoggerTest::test_it_safely_creates_directory_if_missing
Error: Class "Ksfraser\FaBankImport\Service\ImportRunLogger" not found

C:\Users\prote\Documents\software-devel\ksf_bank_import\tests\Service\ImportRunLoggerTest.php:57</error>
        </testcase>
        <testcase name="test_it_can_resume_an_existing_log_file" class="Ksfraser\FaBankImport\Tests\Service\ImportRunLoggerTest" classname="Ksfraser.FaBankImport.Tests.Service.ImportRunLoggerTest" file="C:\Users\prote\Documents\software-devel\ksf_bank_import\tests\Service\ImportRunLoggerTest.php" line="63" assertions="1" time="0.001326">
          <error type="Error">Ksfraser\FaBankImport\Tests\Service\ImportRunLoggerTest::test_it_can_resume_an_existing_log_file
Error: Class "Ksfraser\FaBankImport\Service\ImportRunLogger" not found

C:\Users\prote\Documents\software-devel\ksf_bank_import\tests\Service\ImportRunLoggerTest.php:66</error>
        </testcase>
      </testsuite>
      <testsuite name="Ksfraser\Tests\Service\StatementAccountMappingServiceTest" file="C:\Users\prote\Documents\software-devel\ksf_bank_import\tests\Service\StatementAccountMappingServiceTest.php" tests="2" assertions="0" errors="2" warnings="0" failures="0" skipped="0" time="0.001365">
        <testcase name="testCollectDetectedAccountsPrefersAcctid" class="Ksfraser\Tests\Service\StatementAccountMappingServiceTest" classname="Ksfraser.Tests.Service.StatementAccountMappingServiceTest" file="C:\Users\prote\Documents\software-devel\ksf_bank_import\tests\Service\StatementAccountMappingServiceTest.php" line="12" assertions="0" time="0.000768">
          <error type="Error">Ksfraser\Tests\Service\StatementAccountMappingServiceTest::testCollectDetectedAccountsPrefersAcctid
Error: Class "Ksfraser\FaBankImport\Service\StatementAccountMappingService" not found

C:\Users\prote\Documents\software-devel\ksf_bank_import\tests\Service\StatementAccountMappingServiceTest.php:14</error>
        </testcase>
        <testcase name="testApplyAccountNumberMappingUpdatesAccountOnly" class="Ksfraser\Tests\Service\StatementAccountMappingServiceTest" classname="Ksfraser.Tests.Service.StatementAccountMappingServiceTest" file="C:\Users\prote\Documents\software-devel\ksf_bank_import\tests\Service\StatementAccountMappingServiceTest.php" line="31" assertions="0" time="0.000597">
          <error type="Error">Ksfraser\Tests\Service\StatementAccountMappingServiceTest::testApplyAccountNumberMappingUpdatesAccountOnly
Error: Class "Ksfraser\FaBankImport\Service\StatementAccountMappingService" not found

C:\Users\prote\Documents\software-devel\ksf_bank_import\tests\Service\StatementAccountMappingServiceTest.php:33</error>
        </testcase>
      </testsuite>
    </testsuite>
    <testsuite name="Unit (Legacy)" tests="1906" assertions="3855" errors="244" warnings="14" failures="76" skipped="7" time="36.909363">
      <testsuite name="AccountMappingResolverTest" file="C:\Users\prote\Documents\software-devel\ksf_bank_import\tests\unit\AccountMappingResolverTest.php" tests="1" assertions="0" errors="1" warnings="0" failures="0" skipped="0" time="0.001526">
        <testcase name="testResolveReturnsCorrectMappings" class="AccountMappingResolverTest" classname="AccountMappingResolverTest" file="C:\Users\prote\Documents\software-devel\ksf_bank_import\tests\unit\AccountMappingResolverTest.php" line="7" assertions="0" time="0.001526">
          <error type="Error">AccountMappingResolverTest::testResolveReturnsCorrectMappings
Error: Class "Ksfraser\FaBankImport\Service\AccountMappingResolver" not found

C:\Users\prote\Documents\software-devel\ksf_bank_import\tests\unit\AccountMappingResolverTest.php:24</error>
        </testcase>
      </testsuite>
      <testsuite name="Tests\Unit\AlertServiceTest" file="C:\Users\prote\Documents\software-devel\ksf_bank_import\tests\unit\AlertServiceTest.php" tests="3" assertions="7" errors="0" warnings="0" failures="0" skipped="0" time="3.744422">
        <testcase name="testCheckAndSendAlertsDetectsSlowTransactions" class="Tests\Unit\AlertServiceTest" classname="Tests.Unit.AlertServiceTest" file="C:\Users\prote\Documents\software-devel\ksf_bank_import\tests\unit\AlertServiceTest.php" line="53" assertions="4" time="3.735774"/>
        <testcase name="testCheckAndSendAlertsDetectsHighMemoryUsage" class="Tests\Unit\AlertServiceTest" classname="Tests.Unit.AlertServiceTest" file="C:\Users\prote\Documents\software-devel\ksf_bank_import\tests\unit\AlertServiceTest.php" line="72" assertions="2" time="0.003913"/>
        <testcase name="testCheckAndSendAlertsRespectsThresholds" class="Tests\Unit\AlertServiceTest" classname="Tests.Unit.AlertServiceTest" file="C:\Users\prote\Documents\software-devel\ksf_bank_import\tests\unit\AlertServiceTest.php" line="88" assertions="1" time="0.004735"/>
      </testsuite>
      <testsuite name="Tests\Unit\Auth\UserSessionTest" file="C:\Users\prote\Documents\software-devel\ksf_bank_import\tests\unit\Auth\UserSessionTest.php" tests="4" assertions="4" errors="0" warnings="0" failures="0" skipped="0" time="0.115830">
        <testcase name="testGetCurrentUsernameReturnsUnknownWhenSessionEmpty" class="Tests\Unit\Auth\UserSessionTest" classname="Tests.Unit.Auth.UserSessionTest" file="C:\Users\prote\Documents\software-devel\ksf_bank_import\tests\unit\Auth\UserSessionTest.php" line="21" assertions="1" time="0.114302"/>
        <testcase name="testGetCurrentUsernameReturnsUsernameFromSessionObject" class="Tests\Unit\Auth\UserSessionTest" classname="Tests.Unit.Auth.UserSessionTest" file="C:\Users\prote\Documents\software-devel\ksf_bank_import\tests\unit\Auth\UserSessionTest.php" line="26" assertions="1" time="0.000524"/>
        <testcase name="testGetCurrentUsernameReturnsUnknownWhenUserNotObject" class="Tests\Unit\Auth\UserSessionTest" classname="Tests.Unit.Auth.UserSessionTest" file="C:\Users\prote\Documents\software-devel\ksf_bank_import\tests\unit\Auth\UserSessionTest.php" line="35" assertions="1" time="0.000529"/>
        <testcase name="testGetCurrentUsernameReturnsUnknownWhenUsernamePropertyMissing" class="Tests\Unit\Auth\UserSessionTest" classname="Tests.Unit.Auth.UserSessionTest" file="C:\Users\prote\Documents\software-devel\ksf_bank_import\tests\unit\Auth\UserSessionTest.php" line="42" assertions="1" time="0.000475"/>
      </testsuite>
      <testsuite name="Ksfraser\Tests\Unit\BankAccountDataProviderTest" file="C:\Users\prote\Documents\software-devel\ksf_bank_import\tests\unit\BankAccountDataProviderTest.php" tests="19" assertions="32" errors="0" warnings="1" failures="0" skipped="0" time="0.030738">
        <testcase name="testConstruction" class="Ksfraser\Tests\Unit\BankAccountDataProviderTest" classname="Ksfraser.Tests.Unit.BankAccountDataProviderTest" file="C:\Users\prote\Documents\software-devel\ksf_bank_import\tests\unit\BankAccountDataProviderTest.php" line="33" assertions="1" time="0.000495"/>
        <testcase name="testGetBankAccountsReturnsArray" class="Ksfraser\Tests\Unit\BankAccountDataProviderTest" classname="Ksfraser.Tests.Unit.BankAccountDataProviderTest" file="C:\Users\prote\Documents\software-devel\ksf_bank_import\tests\unit\BankAccountDataProviderTest.php" line="39" assertions="1" time="0.000472"/>
        <testcase name="testGetBankAccountsWithMockData" class="Ksfraser\Tests\Unit\BankAccountDataProviderTest" classname="Ksfraser.Tests.Unit.BankAccountDataProviderTest" file="C:\Users\prote\Documents\software-devel\ksf_bank_import\tests\unit\BankAccountDataProviderTest.php" line="47" assertions="3" time="0.000548"/>
        <testcase name="testStaticCachingPreventsDuplicateLoads" class="Ksfraser\Tests\Unit\BankAccountDataProviderTest" classname="Ksfraser.Tests.Unit.BankAccountDataProviderTest" file="C:\Users\prote\Documents\software-devel\ksf_bank_import\tests\unit\BankAccountDataProviderTest.php" line="64" assertions="2" time="0.000638"/>
        <testcase name="testResetCacheClearsStaticCache" class="Ksfraser\Tests\Unit\BankAccountDataProviderTest" classname="Ksfraser.Tests.Unit.BankAccountDataProviderTest" file="C:\Users\prote\Documents\software-devel\ksf_bank_import\tests\unit\BankAccountDataProviderTest.php" line="81" assertions="1" time="0.000509"/>
        <testcase name="testGenerateSelectHtmlReturnsString" class="Ksfraser\Tests\Unit\BankAccountDataProviderTest" classname="Ksfraser.Tests.Unit.BankAccountDataProviderTest" file="C:\Users\prote\Documents\software-devel\ksf_bank_import\tests\unit\BankAccountDataProviderTest.php" line="94" assertions="1" time="0.000649"/>
        <testcase name="testGenerateSelectHtmlContainsFieldName" class="Ksfraser\Tests\Unit\BankAccountDataProviderTest" classname="Ksfraser.Tests.Unit.BankAccountDataProviderTest" file="C:\Users\prote\Documents\software-devel\ksf_bank_import\tests\unit\BankAccountDataProviderTest.php" line="106" assertions="1" time="0.000627"/>
        <testcase name="testGenerateSelectHtmlContainsBankAccountNames" class="Ksfraser\Tests\Unit\BankAccountDataProviderTest" classname="Ksfraser.Tests.Unit.BankAccountDataProviderTest" file="C:\Users\prote\Documents\software-devel\ksf_bank_import\tests\unit\BankAccountDataProviderTest.php" line="118" assertions="4" time="0.000935"/>
        <testcase name="testGenerateSelectHtmlWithSelectedId" class="Ksfraser\Tests\Unit\BankAccountDataProviderTest" classname="Ksfraser.Tests.Unit.BankAccountDataProviderTest" file="C:\Users\prote\Documents\software-devel\ksf_bank_import\tests\unit\BankAccountDataProviderTest.php" line="134" assertions="2" time="0.020338">
          <warning type="PHPUnit\Framework\Warning">Ksfraser\Tests\Unit\BankAccountDataProviderTest::testGenerateSelectHtmlWithSelectedId
assertRegExp() is deprecated and will be removed in PHPUnit 10. Refactor your code to use assertMatchesRegularExpression() instead.</warning>
        </testcase>
        <testcase name="testGetBankAccountNameById" class="Ksfraser\Tests\Unit\BankAccountDataProviderTest" classname="Ksfraser.Tests.Unit.BankAccountDataProviderTest" file="C:\Users\prote\Documents\software-devel\ksf_bank_import\tests\unit\BankAccountDataProviderTest.php" line="148" assertions="1" time="0.000553"/>
        <testcase name="testGetBankAccountNameByIdReturnsNullForUnknown" class="Ksfraser\Tests\Unit\BankAccountDataProviderTest" classname="Ksfraser.Tests.Unit.BankAccountDataProviderTest" file="C:\Users\prote\Documents\software-devel\ksf_bank_import\tests\unit\BankAccountDataProviderTest.php" line="160" assertions="1" time="0.000495"/>
        <testcase name="testGetBankAccountCount" class="Ksfraser\Tests\Unit\BankAccountDataProviderTest" classname="Ksfraser.Tests.Unit.BankAccountDataProviderTest" file="C:\Users\prote\Documents\software-devel\ksf_bank_import\tests\unit\BankAccountDataProviderTest.php" line="172" assertions="1" time="0.000503"/>
        <testcase name="testGetBankAccountCountReturnsZeroWhenEmpty" class="Ksfraser\Tests\Unit\BankAccountDataProviderTest" classname="Ksfraser.Tests.Unit.BankAccountDataProviderTest" file="C:\Users\prote\Documents\software-devel\ksf_bank_import\tests\unit\BankAccountDataProviderTest.php" line="185" assertions="1" time="0.000611"/>
        <testcase name="testIsLoadedReturnsFalseInitially" class="Ksfraser\Tests\Unit\BankAccountDataProviderTest" classname="Ksfraser.Tests.Unit.BankAccountDataProviderTest" file="C:\Users\prote\Documents\software-devel\ksf_bank_import\tests\unit\BankAccountDataProviderTest.php" line="194" assertions="1" time="0.000501"/>
        <testcase name="testIsLoadedReturnsTrueAfterLoading" class="Ksfraser\Tests\Unit\BankAccountDataProviderTest" classname="Ksfraser.Tests.Unit.BankAccountDataProviderTest" file="C:\Users\prote\Documents\software-devel\ksf_bank_import\tests\unit\BankAccountDataProviderTest.php" line="201" assertions="1" time="0.000496"/>
        <testcase name="testMultipleInstancesShareCache" class="Ksfraser\Tests\Unit\BankAccountDataProviderTest" classname="Ksfraser.Tests.Unit.BankAccountDataProviderTest" file="C:\Users\prote\Documents\software-devel\ksf_bank_import\tests\unit\BankAccountDataProviderTest.php" line="211" assertions="4" time="0.000630"/>
        <testcase name="testGenerateSelectHtmlUsesCache" class="Ksfraser\Tests\Unit\BankAccountDataProviderTest" classname="Ksfraser.Tests.Unit.BankAccountDataProviderTest" file="C:\Users\prote\Documents\software-devel\ksf_bank_import\tests\unit\BankAccountDataProviderTest.php" line="227" assertions="1" time="0.000649"/>
        <testcase name="testGetBankAccountByIdReturnsFullRecord" class="Ksfraser\Tests\Unit\BankAccountDataProviderTest" classname="Ksfraser.Tests.Unit.BankAccountDataProviderTest" file="C:\Users\prote\Documents\software-devel\ksf_bank_import\tests\unit\BankAccountDataProviderTest.php" line="240" assertions="4" time="0.000599"/>
        <testcase name="testGetBankAccountByIdReturnsNullForUnknown" class="Ksfraser\Tests\Unit\BankAccountDataProviderTest" classname="Ksfraser.Tests.Unit.BankAccountDataProviderTest" file="C:\Users\prote\Documents\software-devel\ksf_bank_import\tests\unit\BankAccountDataProviderTest.php" line="255" assertions="1" time="0.000489"/>
      </testsuite>
      <testsuite name="Tests\Unit\BankAccountMapping\LegacyModelCrossReferencesTest" file="C:\Users\prote\Documents\software-devel\ksf_bank_import\tests\unit\BankAccountMapping\LegacyModelCrossReferencesTest.php" tests="17" assertions="17" errors="0" warnings="0" failures="0" skipped="0" time="0.009580">
        <testcase name="test_bi_statements_getBankAccountMapping_returns_valid_mapping" class="Tests\Unit\BankAccountMapping\LegacyModelCrossReferencesTest" classname="Tests.Unit.BankAccountMapping.LegacyModelCrossReferencesTest" file="C:\Users\prote\Documents\software-devel\ksf_bank_import\tests\unit\BankAccountMapping\LegacyModelCrossReferencesTest.php" line="93" assertions="1" time="0.000592"/>
        <testcase name="test_bi_statements_getFABankAccountId_returns_mapped_account" class="Tests\Unit\BankAccountMapping\LegacyModelCrossReferencesTest" classname="Tests.Unit.BankAccountMapping.LegacyModelCrossReferencesTest" file="C:\Users\prote\Documents\software-devel\ksf_bank_import\tests\unit\BankAccountMapping\LegacyModelCrossReferencesTest.php" line="109" assertions="1" time="0.000594"/>
        <testcase name="test_bi_statements_extractBankAccountMapping_normalization" class="Tests\Unit\BankAccountMapping\LegacyModelCrossReferencesTest" classname="Tests.Unit.BankAccountMapping.LegacyModelCrossReferencesTest" file="C:\Users\prote\Documents\software-devel\ksf_bank_import\tests\unit\BankAccountMapping\LegacyModelCrossReferencesTest.php" line="124" assertions="1" time="0.000570"/>
        <testcase name="test_bi_statements_storeBankAccountMapping_creates_entry" class="Tests\Unit\BankAccountMapping\LegacyModelCrossReferencesTest" classname="Tests.Unit.BankAccountMapping.LegacyModelCrossReferencesTest" file="C:\Users\prote\Documents\software-devel\ksf_bank_import\tests\unit\BankAccountMapping\LegacyModelCrossReferencesTest.php" line="139" assertions="1" time="0.000549"/>
        <testcase name="test_bi_statements_relinkBankAccountMapping_updates_association" class="Tests\Unit\BankAccountMapping\LegacyModelCrossReferencesTest" classname="Tests.Unit.BankAccountMapping.LegacyModelCrossReferencesTest" file="C:\Users\prote\Documents\software-devel\ksf_bank_import\tests\unit\BankAccountMapping\LegacyModelCrossReferencesTest.php" line="154" assertions="1" time="0.000549"/>
        <testcase name="test_bi_transactions_getMappingFromCounterparty_returns_mapping" class="Tests\Unit\BankAccountMapping\LegacyModelCrossReferencesTest" classname="Tests.Unit.BankAccountMapping.LegacyModelCrossReferencesTest" file="C:\Users\prote\Documents\software-devel\ksf_bank_import\tests\unit\BankAccountMapping\LegacyModelCrossReferencesTest.php" line="173" assertions="1" time="0.000553"/>
        <testcase name="test_bi_transactions_getFABankAccountFromMapping_returns_id" class="Tests\Unit\BankAccountMapping\LegacyModelCrossReferencesTest" classname="Tests.Unit.BankAccountMapping.LegacyModelCrossReferencesTest" file="C:\Users\prote\Documents\software-devel\ksf_bank_import\tests\unit\BankAccountMapping\LegacyModelCrossReferencesTest.php" line="188" assertions="1" time="0.000548"/>
        <testcase name="test_bi_transactions_extractMappingFromStatement_handles_null" class="Tests\Unit\BankAccountMapping\LegacyModelCrossReferencesTest" classname="Tests.Unit.BankAccountMapping.LegacyModelCrossReferencesTest" file="C:\Users\prote\Documents\software-devel\ksf_bank_import\tests\unit\BankAccountMapping\LegacyModelCrossReferencesTest.php" line="203" assertions="1" time="0.000559"/>
        <testcase name="test_bi_transactions_updateMappingAfterImport_idempotent" class="Tests\Unit\BankAccountMapping\LegacyModelCrossReferencesTest" classname="Tests.Unit.BankAccountMapping.LegacyModelCrossReferencesTest" file="C:\Users\prote\Documents\software-devel\ksf_bank_import\tests\unit\BankAccountMapping\LegacyModelCrossReferencesTest.php" line="218" assertions="1" time="0.000614"/>
        <testcase name="test_bi_transactions_getMatchingMappings_returns_all_candidates" class="Tests\Unit\BankAccountMapping\LegacyModelCrossReferencesTest" classname="Tests.Unit.BankAccountMapping.LegacyModelCrossReferencesTest" file="C:\Users\prote\Documents\software-devel\ksf_bank_import\tests\unit\BankAccountMapping\LegacyModelCrossReferencesTest.php" line="233" assertions="1" time="0.000620"/>
        <testcase name="test_backward_compatibility_existing_calls_still_work" class="Tests\Unit\BankAccountMapping\LegacyModelCrossReferencesTest" classname="Tests.Unit.BankAccountMapping.LegacyModelCrossReferencesTest" file="C:\Users\prote\Documents\software-devel\ksf_bank_import\tests\unit\BankAccountMapping\LegacyModelCrossReferencesTest.php" line="250" assertions="1" time="0.000574"/>
        <testcase name="test_backward_compatibility_legacy_properties_still_accessible" class="Tests\Unit\BankAccountMapping\LegacyModelCrossReferencesTest" classname="Tests.Unit.BankAccountMapping.LegacyModelCrossReferencesTest" file="C:\Users\prote\Documents\software-devel\ksf_bank_import\tests\unit\BankAccountMapping\LegacyModelCrossReferencesTest.php" line="263" assertions="1" time="0.000530"/>
        <testcase name="test_static_methods_findByBankAccountMappingId_works" class="Tests\Unit\BankAccountMapping\LegacyModelCrossReferencesTest" classname="Tests.Unit.BankAccountMapping.LegacyModelCrossReferencesTest" file="C:\Users\prote\Documents\software-devel\ksf_bank_import\tests\unit\BankAccountMapping\LegacyModelCrossReferencesTest.php" line="278" assertions="1" time="0.000571"/>
        <testcase name="test_legacy_methods_no_performance_degradation" class="Tests\Unit\BankAccountMapping\LegacyModelCrossReferencesTest" classname="Tests.Unit.BankAccountMapping.LegacyModelCrossReferencesTest" file="C:\Users\prote\Documents\software-devel\ksf_bank_import\tests\unit\BankAccountMapping\LegacyModelCrossReferencesTest.php" line="291" assertions="1" time="0.000540"/>
        <testcase name="test_quality_gate_code_coverage_exceeds_threshold" class="Tests\Unit\BankAccountMapping\LegacyModelCrossReferencesTest" classname="Tests.Unit.BankAccountMapping.LegacyModelCrossReferencesTest" file="C:\Users\prote\Documents\software-devel\ksf_bank_import\tests\unit\BankAccountMapping\LegacyModelCrossReferencesTest.php" line="303" assertions="1" time="0.000516"/>
        <testcase name="test_mapping_consistency_across_statement_transactions" class="Tests\Unit\BankAccountMapping\LegacyModelCrossReferencesTest" classname="Tests.Unit.BankAccountMapping.LegacyModelCrossReferencesTest" file="C:\Users\prote\Documents\software-devel\ksf_bank_import\tests\unit\BankAccountMapping\LegacyModelCrossReferencesTest.php" line="322" assertions="1" time="0.000549"/>
        <testcase name="test_audit_trail_mapping_changes_tracked" class="Tests\Unit\BankAccountMapping\LegacyModelCrossReferencesTest" classname="Tests.Unit.BankAccountMapping.LegacyModelCrossReferencesTest" file="C:\Users\prote\Documents\software-devel\ksf_bank_import\tests\unit\BankAccountMapping\LegacyModelCrossReferencesTest.php" line="337" assertions="1" time="0.000553"/>
      </testsuite>
      <testsuite name="Tests\Unit\BankAccountMapping\ServiceMigrationTest" file="C:\Users\prote\Documents\software-devel\ksf_bank_import\tests\unit\BankAccountMapping\ServiceMigrationTest.php" tests="24" assertions="30" errors="6" warnings="0" failures="3" skipped="0" time="0.868201">
        <testcase name="test_transfer_match_service_uses_repository" class="Tests\Unit\BankAccountMapping\ServiceMigrationTest" classname="Tests.Unit.BankAccountMapping.ServiceMigrationTest" file="C:\Users\prote\Documents\software-devel\ksf_bank_import\tests\unit\BankAccountMapping\ServiceMigrationTest.php" line="55" assertions="2" time="0.037287"/>
        <testcase name="test_transfer_match_service_finds_accounts_correctly" class="Tests\Unit\BankAccountMapping\ServiceMigrationTest" classname="Tests.Unit.BankAccountMapping.ServiceMigrationTest" file="C:\Users\prote\Documents\software-devel\ksf_bank_import\tests\unit\BankAccountMapping\ServiceMigrationTest.php" line="77" assertions="1" time="0.000729"/>
        <testcase name="test_transfer_match_service_handles_missing_accounts" class="Tests\Unit\BankAccountMapping\ServiceMigrationTest" classname="Tests.Unit.BankAccountMapping.ServiceMigrationTest" file="C:\Users\prote\Documents\software-devel\ksf_bank_import\tests\unit\BankAccountMapping\ServiceMigrationTest.php" line="102" assertions="1" time="0.000739"/>
        <testcase name="test_transfer_match_service_performance_acceptable" class="Tests\Unit\BankAccountMapping\ServiceMigrationTest" classname="Tests.Unit.BankAccountMapping.ServiceMigrationTest" file="C:\Users\prote\Documents\software-devel\ksf_bank_import\tests\unit\BankAccountMapping\ServiceMigrationTest.php" line="124" assertions="1" time="0.010473"/>
        <testcase name="test_transfer_match_service_no_static_calls" class="Tests\Unit\BankAccountMapping\ServiceMigrationTest" classname="Tests.Unit.BankAccountMapping.ServiceMigrationTest" file="C:\Users\prote\Documents\software-devel\ksf_bank_import\tests\unit\BankAccountMapping\ServiceMigrationTest.php" line="147" assertions="2" time="0.001122"/>
        <testcase name="test_bank_import_schema_service_uses_repository" class="Tests\Unit\BankAccountMapping\ServiceMigrationTest" classname="Tests.Unit.BankAccountMapping.ServiceMigrationTest" file="C:\Users\prote\Documents\software-devel\ksf_bank_import\tests\unit\BankAccountMapping\ServiceMigrationTest.php" line="180" assertions="0" time="0.062097">
          <error type="ReflectionException">Tests\Unit\BankAccountMapping\ServiceMigrationTest::test_bank_import_schema_service_uses_repository
ReflectionException: Property Ksfraser\FaBankImport\Service\Schema\BankImportModuleSchemaService::$bankAccountMappingRepository does not exist

C:\Users\prote\Documents\software-devel\ksf_bank_import\tests\unit\BankAccountMapping\ServiceMigrationTest.php:186</error>
        </testcase>
        <testcase name="test_bank_import_schema_service_finds_mappings" class="Tests\Unit\BankAccountMapping\ServiceMigrationTest" classname="Tests.Unit.BankAccountMapping.ServiceMigrationTest" file="C:\Users\prote\Documents\software-devel\ksf_bank_import\tests\unit\BankAccountMapping\ServiceMigrationTest.php" line="202" assertions="0" time="0.000680">
          <error type="ReflectionException">Tests\Unit\BankAccountMapping\ServiceMigrationTest::test_bank_import_schema_service_finds_mappings
ReflectionException: Property Ksfraser\FaBankImport\Service\Schema\BankImportModuleSchemaService::$bankAccountMappingRepository does not exist

C:\Users\prote\Documents\software-devel\ksf_bank_import\tests\unit\BankAccountMapping\ServiceMigrationTest.php:208</error>
        </testcase>
        <testcase name="test_bank_import_schema_service_handles_missing_mappings_gracefully" class="Tests\Unit\BankAccountMapping\ServiceMigrationTest" classname="Tests.Unit.BankAccountMapping.ServiceMigrationTest" file="C:\Users\prote\Documents\software-devel\ksf_bank_import\tests\unit\BankAccountMapping\ServiceMigrationTest.php" line="224" assertions="0" time="0.130474">
          <error type="Error">Tests\Unit\BankAccountMapping\ServiceMigrationTest::test_bank_import_schema_service_handles_missing_mappings_gracefully
Error: Class "Ksfraser\FaBankImport\Service\BankImportLogger" not found

C:\Users\prote\Documents\software-devel\ksf_bank_import\src\Ksfraser\ModulesDAO\Schema\DatabaseSchemaToolsTrait.php:39
C:\Users\prote\Documents\software-devel\ksf_bank_import\src\Ksfraser\ModulesDAO\Schema\DatabaseSchemaToolsTrait.php:73
C:\Users\prote\Documents\software-devel\ksf_bank_import\class.bi_statements.php:95
C:\Users\prote\Documents\software-devel\ksf_bank_import\src\Ksfraser\FaBankImport\Service\Schema\ModuleSchemaInstaller.php:57
C:\Users\prote\Documents\software-devel\ksf_bank_import\src\Ksfraser\FaBankImport\Service\Schema\ModuleSchemaInstaller.php:29
C:\Users\prote\Documents\software-devel\ksf_bank_import\src\Ksfraser\FaBankImport\Service\Schema\BankImportModuleSchemaService.php:55
C:\Users\prote\Documents\software-devel\ksf_bank_import\tests\unit\BankAccountMapping\ServiceMigrationTest.php:231</error>
        </testcase>
        <testcase name="test_bank_import_schema_service_performance_acceptable" class="Tests\Unit\BankAccountMapping\ServiceMigrationTest" classname="Tests.Unit.BankAccountMapping.ServiceMigrationTest" file="C:\Users\prote\Documents\software-devel\ksf_bank_import\tests\unit\BankAccountMapping\ServiceMigrationTest.php" line="247" assertions="0" time="0.000895">
          <error type="Error">Tests\Unit\BankAccountMapping\ServiceMigrationTest::test_bank_import_schema_service_performance_acceptable
Error: Class "Ksfraser\FaBankImport\Service\BankImportLogger" not found

C:\Users\prote\Documents\software-devel\ksf_bank_import\src\Ksfraser\ModulesDAO\Schema\DatabaseSchemaToolsTrait.php:39
C:\Users\prote\Documents\software-devel\ksf_bank_import\src\Ksfraser\ModulesDAO\Schema\DatabaseSchemaToolsTrait.php:73
C:\Users\prote\Documents\software-devel\ksf_bank_import\class.bi_statements.php:95
C:\Users\prote\Documents\software-devel\ksf_bank_import\src\Ksfraser\FaBankImport\Service\Schema\ModuleSchemaInstaller.php:57
C:\Users\prote\Documents\software-devel\ksf_bank_import\src\Ksfraser\FaBankImport\Service\Schema\ModuleSchemaInstaller.php:29
C:\Users\prote\Documents\software-devel\ksf_bank_import\src\Ksfraser\FaBankImport\Service\Schema\BankImportModuleSchemaService.php:55
C:\Users\prote\Documents\software-devel\ksf_bank_import\tests\unit\BankAccountMapping\ServiceMigrationTest.php:253</error>
        </testcase>
        <testcase name="test_bank_import_schema_service_no_static_calls" class="Tests\Unit\BankAccountMapping\ServiceMigrationTest" classname="Tests.Unit.BankAccountMapping.ServiceMigrationTest" file="C:\Users\prote\Documents\software-devel\ksf_bank_import\tests\unit\BankAccountMapping\ServiceMigrationTest.php" line="268" assertions="1" time="0.184444">
          <failure type="PHPUnit\Framework\ExpectationFailedException">Tests\Unit\BankAccountMapping\ServiceMigrationTest::test_bank_import_schema_service_no_static_calls
Schema service should have bankAccountMappingRepository property for DI
Failed asserting that false is true.

C:\Users\prote\Documents\software-devel\ksf_bank_import\tests\unit\BankAccountMapping\ServiceMigrationTest.php:282</failure>
        </testcase>
        <testcase name="test_contact_service_uses_repository" class="Tests\Unit\BankAccountMapping\ServiceMigrationTest" classname="Tests.Unit.BankAccountMapping.ServiceMigrationTest" file="C:\Users\prote\Documents\software-devel\ksf_bank_import\tests\unit\BankAccountMapping\ServiceMigrationTest.php" line="299" assertions="0" time="0.427144">
          <error type="PHPUnit\Framework\Error\Warning">Tests\Unit\BankAccountMapping\ServiceMigrationTest::test_contact_service_uses_repository
require_once(C:\Users\prote\Documents\software-devel\ksf_bank_import\src\Ksfraser\FaBankImport\services/../../../class.bi_contact.php): Failed to open stream: No such file or directory

C:\Users\prote\Documents\software-devel\ksf_bank_import\src\Ksfraser\FaBankImport\services\ContactService.php:8
C:\Users\prote\Documents\software-devel\ksf_bank_import\src\Ksfraser\FaBankImport\services\ContactService.php:8
C:\Users\prote\Documents\software-devel\ksf_bank_import\tests\unit\BankAccountMapping\ServiceMigrationTest.php:301</error>
        </testcase>
        <testcase name="test_contact_service_links_with_mapping_repository" class="Tests\Unit\BankAccountMapping\ServiceMigrationTest" classname="Tests.Unit.BankAccountMapping.ServiceMigrationTest" file="C:\Users\prote\Documents\software-devel\ksf_bank_import\tests\unit\BankAccountMapping\ServiceMigrationTest.php" line="321" assertions="2" time="0.000767"/>
        <testcase name="test_contact_service_updates_mapping_on_account_change" class="Tests\Unit\BankAccountMapping\ServiceMigrationTest" classname="Tests.Unit.BankAccountMapping.ServiceMigrationTest" file="C:\Users\prote\Documents\software-devel\ksf_bank_import\tests\unit\BankAccountMapping\ServiceMigrationTest.php" line="345" assertions="1" time="0.000874">
          <failure type="PHPUnit\Framework\ExpectationFailedException">Tests\Unit\BankAccountMapping\ServiceMigrationTest::test_contact_service_updates_mapping_on_account_change
ContactService should have method to get FA account ID
Failed asserting that false is true.

C:\Users\prote\Documents\software-devel\ksf_bank_import\tests\unit\BankAccountMapping\ServiceMigrationTest.php:350</failure>
        </testcase>
        <testcase name="test_contact_service_removes_mapping_on_unlink" class="Tests\Unit\BankAccountMapping\ServiceMigrationTest" classname="Tests.Unit.BankAccountMapping.ServiceMigrationTest" file="C:\Users\prote\Documents\software-devel\ksf_bank_import\tests\unit\BankAccountMapping\ServiceMigrationTest.php" line="373" assertions="1" time="0.000676"/>
        <testcase name="test_contact_service_performance_acceptable" class="Tests\Unit\BankAccountMapping\ServiceMigrationTest" classname="Tests.Unit.BankAccountMapping.ServiceMigrationTest" file="C:\Users\prote\Documents\software-devel\ksf_bank_import\tests\unit\BankAccountMapping\ServiceMigrationTest.php" line="395" assertions="1" time="0.001014"/>
        <testcase name="test_all_services_drop_static_lookup_calls" class="Tests\Unit\BankAccountMapping\ServiceMigrationTest" classname="Tests.Unit.BankAccountMapping.ServiceMigrationTest" file="C:\Users\prote\Documents\software-devel\ksf_bank_import\tests\unit\BankAccountMapping\ServiceMigrationTest.php" line="421" assertions="2" time="0.000859">
          <failure type="PHPUnit\Framework\ExpectationFailedException">Tests\Unit\BankAccountMapping\ServiceMigrationTest::test_all_services_drop_static_lookup_calls
Ksfraser\FaBankImport\Service\Schema\BankImportModuleSchemaService should have bankAccountMappingRepository for DI
Failed asserting that false is true.

C:\Users\prote\Documents\software-devel\ksf_bank_import\tests\unit\BankAccountMapping\ServiceMigrationTest.php:441</failure>
        </testcase>
        <testcase name="test_services_backward_compatible_with_existing_code" class="Tests\Unit\BankAccountMapping\ServiceMigrationTest" classname="Tests.Unit.BankAccountMapping.ServiceMigrationTest" file="C:\Users\prote\Documents\software-devel\ksf_bank_import\tests\unit\BankAccountMapping\ServiceMigrationTest.php" line="456" assertions="3" time="0.000961"/>
        <testcase name="test_service_migration_maintains_performance" class="Tests\Unit\BankAccountMapping\ServiceMigrationTest" classname="Tests.Unit.BankAccountMapping.ServiceMigrationTest" file="C:\Users\prote\Documents\software-devel\ksf_bank_import\tests\unit\BankAccountMapping\ServiceMigrationTest.php" line="483" assertions="1" time="0.001599"/>
        <testcase name="test_service_error_handling_consistent" class="Tests\Unit\BankAccountMapping\ServiceMigrationTest" classname="Tests.Unit.BankAccountMapping.ServiceMigrationTest" file="C:\Users\prote\Documents\software-devel\ksf_bank_import\tests\unit\BankAccountMapping\ServiceMigrationTest.php" line="506" assertions="2" time="0.001179"/>
        <testcase name="test_service_integration_data_consistency" class="Tests\Unit\BankAccountMapping\ServiceMigrationTest" classname="Tests.Unit.BankAccountMapping.ServiceMigrationTest" file="C:\Users\prote\Documents\software-devel\ksf_bank_import\tests\unit\BankAccountMapping\ServiceMigrationTest.php" line="540" assertions="2" time="0.000885"/>
        <testcase name="test_regression_legacy_behavior_preserved" class="Tests\Unit\BankAccountMapping\ServiceMigrationTest" classname="Tests.Unit.BankAccountMapping.ServiceMigrationTest" file="C:\Users\prote\Documents\software-devel\ksf_bank_import\tests\unit\BankAccountMapping\ServiceMigrationTest.php" line="571" assertions="2" time="0.000696"/>
        <testcase name="test_regression_report_generation_unaffected" class="Tests\Unit\BankAccountMapping\ServiceMigrationTest" classname="Tests.Unit.BankAccountMapping.ServiceMigrationTest" file="C:\Users\prote\Documents\software-devel\ksf_bank_import\tests\unit\BankAccountMapping\ServiceMigrationTest.php" line="598" assertions="2" time="0.000729"/>
        <testcase name="test_regression_api_endpoints_functional" class="Tests\Unit\BankAccountMapping\ServiceMigrationTest" classname="Tests.Unit.BankAccountMapping.ServiceMigrationTest" file="C:\Users\prote\Documents\software-devel\ksf_bank_import\tests\unit\BankAccountMapping\ServiceMigrationTest.php" line="624" assertions="1" time="0.000757">
          <error type="Error">Tests\Unit\BankAccountMapping\ServiceMigrationTest::test_regression_api_endpoints_functional
Error: Call to undefined method Ksfraser\FaBankImport\Services\ContactService::getFABankAccountIdForOFXIdentifiers()

C:\Users\prote\Documents\software-devel\ksf_bank_import\tests\unit\BankAccountMapping\ServiceMigrationTest.php:635</error>
        </testcase>
        <testcase name="test_regression_transfer_matching_still_works" class="Tests\Unit\BankAccountMapping\ServiceMigrationTest" classname="Tests.Unit.BankAccountMapping.ServiceMigrationTest" file="C:\Users\prote\Documents\software-devel\ksf_bank_import\tests\unit\BankAccountMapping\ServiceMigrationTest.php" line="650" assertions="2" time="0.001122"/>
      </testsuite>
      <testsuite name="BankImportControllerRegressionTest" file="C:\Users\prote\Documents\software-devel\ksf_bank_import\tests\unit\BankImportControllerRegressionTest.php" tests="25" assertions="41" errors="0" warnings="0" failures="0" skipped="0" time="0.072542">
        <testcase name="test_construct_detects_unset_trans_action" class="BankImportControllerRegressionTest" classname="BankImportControllerRegressionTest" file="C:\Users\prote\Documents\software-devel\ksf_bank_import\tests\unit\BankImportControllerRegressionTest.php" line="31" assertions="1" time="0.000529"/>
        <testcase name="test_construct_detects_add_customer_action" class="BankImportControllerRegressionTest" classname="BankImportControllerRegressionTest" file="C:\Users\prote\Documents\software-devel\ksf_bank_import\tests\unit\BankImportControllerRegressionTest.php" line="50" assertions="1" time="0.000540"/>
        <testcase name="test_construct_detects_add_vendor_action" class="BankImportControllerRegressionTest" classname="BankImportControllerRegressionTest" file="C:\Users\prote\Documents\software-devel\ksf_bank_import\tests\unit\BankImportControllerRegressionTest.php" line="69" assertions="1" time="0.000527"/>
        <testcase name="test_construct_detects_process_transaction_action" class="BankImportControllerRegressionTest" classname="BankImportControllerRegressionTest" file="C:\Users\prote\Documents\software-devel\ksf_bank_import\tests\unit\BankImportControllerRegressionTest.php" line="88" assertions="1" time="0.000502"/>
        <testcase name="test_construct_detects_toggle_transaction_action" class="BankImportControllerRegressionTest" classname="BankImportControllerRegressionTest" file="C:\Users\prote\Documents\software-devel\ksf_bank_import\tests\unit\BankImportControllerRegressionTest.php" line="107" assertions="1" time="0.000500"/>
        <testcase name="test_construct_no_action_set" class="BankImportControllerRegressionTest" classname="BankImportControllerRegressionTest" file="C:\Users\prote\Documents\software-devel\ksf_bank_import\tests\unit\BankImportControllerRegressionTest.php" line="126" assertions="1" time="0.058892"/>
        <testcase name="test_construct_action_length_check" class="BankImportControllerRegressionTest" classname="BankImportControllerRegressionTest" file="C:\Users\prote\Documents\software-devel\ksf_bank_import\tests\unit\BankImportControllerRegressionTest.php" line="159" assertions="2" time="0.000644"/>
        <testcase name="test_extractPost_returns_error_when_partner_id_missing" class="BankImportControllerRegressionTest" classname="BankImportControllerRegressionTest" file="C:\Users\prote\Documents\software-devel\ksf_bank_import\tests\unit\BankImportControllerRegressionTest.php" line="176" assertions="1" time="0.000559"/>
        <testcase name="test_extractPost_returns_false_when_partner_id_set" class="BankImportControllerRegressionTest" classname="BankImportControllerRegressionTest" file="C:\Users\prote\Documents\software-devel\ksf_bank_import\tests\unit\BankImportControllerRegressionTest.php" line="196" assertions="1" time="0.000505"/>
        <testcase name="test_extractPost_sets_internal_fields" class="BankImportControllerRegressionTest" classname="BankImportControllerRegressionTest" file="C:\Users\prote\Documents\software-devel\ksf_bank_import\tests\unit\BankImportControllerRegressionTest.php" line="216" assertions="4" time="0.000670"/>
        <testcase name="test_getTransaction_appends_memo_to_short_title" class="BankImportControllerRegressionTest" classname="BankImportControllerRegressionTest" file="C:\Users\prote\Documents\software-devel\ksf_bank_import\tests\unit\BankImportControllerRegressionTest.php" line="235" assertions="3" time="0.000599"/>
        <testcase name="test_getTransaction_does_not_append_memo_to_long_title" class="BankImportControllerRegressionTest" classname="BankImportControllerRegressionTest" file="C:\Users\prote\Documents\software-devel\ksf_bank_import\tests\unit\BankImportControllerRegressionTest.php" line="260" assertions="2" time="0.000578"/>
        <testcase name="test_getTransaction_with_three_char_title" class="BankImportControllerRegressionTest" classname="BankImportControllerRegressionTest" file="C:\Users\prote\Documents\software-devel\ksf_bank_import\tests\unit\BankImportControllerRegressionTest.php" line="286" assertions="1" time="0.000501"/>
        <testcase name="test_getTransaction_with_four_char_title" class="BankImportControllerRegressionTest" classname="BankImportControllerRegressionTest" file="C:\Users\prote\Documents\software-devel\ksf_bank_import\tests\unit\BankImportControllerRegressionTest.php" line="309" assertions="2" time="0.000547"/>
        <testcase name="test_getTransaction_short_title_empty_memo" class="BankImportControllerRegressionTest" classname="BankImportControllerRegressionTest" file="C:\Users\prote\Documents\software-devel\ksf_bank_import\tests\unit\BankImportControllerRegressionTest.php" line="335" assertions="2" time="0.000538"/>
        <testcase name="test_getTransaction_empty_title_with_memo" class="BankImportControllerRegressionTest" classname="BankImportControllerRegressionTest" file="C:\Users\prote\Documents\software-devel\ksf_bank_import\tests\unit\BankImportControllerRegressionTest.php" line="361" assertions="1" time="0.000501"/>
        <testcase name="test_unsetTrans_processes_single_transaction" class="BankImportControllerRegressionTest" classname="BankImportControllerRegressionTest" file="C:\Users\prote\Documents\software-devel\ksf_bank_import\tests\unit\BankImportControllerRegressionTest.php" line="383" assertions="3" time="0.000676"/>
        <testcase name="test_unsetTrans_processes_multiple_transactions" class="BankImportControllerRegressionTest" classname="BankImportControllerRegressionTest" file="C:\Users\prote\Documents\software-devel\ksf_bank_import\tests\unit\BankImportControllerRegressionTest.php" line="410" assertions="4" time="0.000690"/>
        <testcase name="test_unsetTrans_with_empty_array" class="BankImportControllerRegressionTest" classname="BankImportControllerRegressionTest" file="C:\Users\prote\Documents\software-devel\ksf_bank_import\tests\unit\BankImportControllerRegressionTest.php" line="441" assertions="1" time="0.000527"/>
        <testcase name="test_toggleDebitCredit_when_not_set" class="BankImportControllerRegressionTest" classname="BankImportControllerRegressionTest" file="C:\Users\prote\Documents\software-devel\ksf_bank_import\tests\unit\BankImportControllerRegressionTest.php" line="463" assertions="1" time="0.000512"/>
        <testcase name="test_toggleDebitCredit_processes_single_transaction" class="BankImportControllerRegressionTest" classname="BankImportControllerRegressionTest" file="C:\Users\prote\Documents\software-devel\ksf_bank_import\tests\unit\BankImportControllerRegressionTest.php" line="479" assertions="3" time="0.000729"/>
        <testcase name="test_toggleDebitCredit_processes_multiple_transactions" class="BankImportControllerRegressionTest" classname="BankImportControllerRegressionTest" file="C:\Users\prote\Documents\software-devel\ksf_bank_import\tests\unit\BankImportControllerRegressionTest.php" line="505" assertions="1" time="0.000507"/>
        <testcase name="test_set_with_tid_field" class="BankImportControllerRegressionTest" classname="BankImportControllerRegressionTest" file="C:\Users\prote\Documents\software-devel\ksf_bank_import\tests\unit\BankImportControllerRegressionTest.php" line="530" assertions="1" time="0.000496"/>
        <testcase name="test_set_with_default_field" class="BankImportControllerRegressionTest" classname="BankImportControllerRegressionTest" file="C:\Users\prote\Documents\software-devel\ksf_bank_import\tests\unit\BankImportControllerRegressionTest.php" line="543" assertions="1" time="0.000769"/>
        <testcase name="test_action_priority_order" class="BankImportControllerRegressionTest" classname="BankImportControllerRegressionTest" file="C:\Users\prote\Documents\software-devel\ksf_bank_import\tests\unit\BankImportControllerRegressionTest.php" line="556" assertions="1" time="0.000505"/>
      </testsuite>
      <testsuite name="BankImportControllerTest" file="C:\Users\prote\Documents\software-devel\ksf_bank_import\tests\unit\BankImportControllerTest.php" tests="4" assertions="0" errors="4" warnings="0" failures="0" skipped="0" time="0.074259">
        <testcase name="testIndexLoadsTransactions" class="BankImportControllerTest" classname="BankImportControllerTest" file="C:\Users\prote\Documents\software-devel\ksf_bank_import\tests\unit\BankImportControllerTest.php" line="33" assertions="0" time="0.072374">
          <error type="PHPUnit\Framework\MockObject\UnknownTypeException">BankImportControllerTest::testIndexLoadsTransactions
PHPUnit\Framework\MockObject\UnknownTypeException: Class or interface "Ksfraser\FaBankImport\Service\ThirdPartyTransactionActionsInterface" does not exist

C:\Users\prote\Documents\software-devel\ksf_bank_import\tests\unit\BankImportControllerTest.php:28</error>
        </testcase>
        <testcase name="testProcessTransactionWithValidPartnerType" class="BankImportControllerTest" classname="BankImportControllerTest" file="C:\Users\prote\Documents\software-devel\ksf_bank_import\tests\unit\BankImportControllerTest.php" line="49" assertions="0" time="0.000628">
          <error type="PHPUnit\Framework\MockObject\UnknownTypeException">BankImportControllerTest::testProcessTransactionWithValidPartnerType
PHPUnit\Framework\MockObject\UnknownTypeException: Class or interface "Ksfraser\FaBankImport\Service\ThirdPartyTransactionActionsInterface" does not exist

C:\Users\prote\Documents\software-devel\ksf_bank_import\tests\unit\BankImportControllerTest.php:28</error>
        </testcase>
        <testcase name="testProcessTransactionWithInvalidPartnerType" class="BankImportControllerTest" classname="BankImportControllerTest" file="C:\Users\prote\Documents\software-devel\ksf_bank_import\tests\unit\BankImportControllerTest.php" line="61" assertions="0" time="0.000595">
          <error type="PHPUnit\Framework\MockObject\UnknownTypeException">BankImportControllerTest::testProcessTransactionWithInvalidPartnerType
PHPUnit\Framework\MockObject\UnknownTypeException: Class or interface "Ksfraser\FaBankImport\Service\ThirdPartyTransactionActionsInterface" does not exist

C:\Users\prote\Documents\software-devel\ksf_bank_import\tests\unit\BankImportControllerTest.php:28</error>
        </testcase>
        <testcase name="testControllerIntegrationWithRefactoredClasses" class="BankImportControllerTest" classname="BankImportControllerTest" file="C:\Users\prote\Documents\software-devel\ksf_bank_import\tests\unit\BankImportControllerTest.php" line="75" assertions="0" time="0.000662">
          <error type="PHPUnit\Framework\MockObject\UnknownTypeException">BankImportControllerTest::testControllerIntegrationWithRefactoredClasses
PHPUnit\Framework\MockObject\UnknownTypeException: Class or interface "Ksfraser\FaBankImport\Service\ThirdPartyTransactionActionsInterface" does not exist

C:\Users\prote\Documents\software-devel\ksf_bank_import\tests\unit\BankImportControllerTest.php:28</error>
        </testcase>
      </testsuite>
      <testsuite name="Tests\Unit\BankingTest" file="C:\Users\prote\Documents\software-devel\ksf_bank_import\tests\unit\BankingTest.php" tests="17" assertions="35" errors="0" warnings="0" failures="11" skipped="0" time="0.015935">
        <testcase name="testBankingBaseMagicGet" class="Tests\Unit\BankingTest" classname="Tests.Unit.BankingTest" file="C:\Users\prote\Documents\software-devel\ksf_bank_import\tests\unit\BankingTest.php" line="20" assertions="1" time="0.002597">
          <failure type="PHPUnit\Framework\ExpectationFailedException">Tests\Unit\BankingTest::testBankingBaseMagicGet
Failed asserting that null matches expected 'test value'.

C:\Users\prote\Documents\software-devel\ksf_bank_import\tests\unit\BankingTest.php:26</failure>
        </testcase>
        <testcase name="testBankingBaseMagicSet" class="Tests\Unit\BankingTest" classname="Tests.Unit.BankingTest" file="C:\Users\prote\Documents\software-devel\ksf_bank_import\tests\unit\BankingTest.php" line="35" assertions="1" time="0.000830">
          <failure type="PHPUnit\Framework\ExpectationFailedException">Tests\Unit\BankingTest::testBankingBaseMagicSet
Failed asserting that null matches expected 'test value'.

C:\Users\prote\Documents\software-devel\ksf_bank_import\tests\unit\BankingTest.php:41</failure>
        </testcase>
        <testcase name="testTransactionInstantiation" class="Tests\Unit\BankingTest" classname="Tests.Unit.BankingTest" file="C:\Users\prote\Documents\software-devel\ksf_bank_import\tests\unit\BankingTest.php" line="51" assertions="2" time="0.000791"/>
        <testcase name="testTransactionPropertyDefaults" class="Tests\Unit\BankingTest" classname="Tests.Unit.BankingTest" file="C:\Users\prote\Documents\software-devel\ksf_bank_import\tests\unit\BankingTest.php" line="62" assertions="8" time="0.000933"/>
        <testcase name="testGetTransactionTitle" class="Tests\Unit\BankingTest" classname="Tests.Unit.BankingTest" file="C:\Users\prote\Documents\software-devel\ksf_bank_import\tests\unit\BankingTest.php" line="79" assertions="1" time="0.001130">
          <failure type="PHPUnit\Framework\ExpectationFailedException">Tests\Unit\BankingTest::testGetTransactionTitle
Failed asserting that two strings are equal.
--- Expected
+++ Actual
@@ @@
-''
+'       '

C:\Users\prote\Documents\software-devel\ksf_bank_import\tests\unit\BankingTest.php:84</failure>
        </testcase>
        <testcase name="testGetAccountName" class="Tests\Unit\BankingTest" classname="Tests.Unit.BankingTest" file="C:\Users\prote\Documents\software-devel\ksf_bank_import\tests\unit\BankingTest.php" line="98" assertions="2" time="0.000839">
          <failure type="PHPUnit\Framework\ExpectationFailedException">Tests\Unit\BankingTest::testGetAccountName
Failed asserting that two strings are equal.
--- Expected
+++ Actual
@@ @@
-'Main Name Name 1 Name 2'
+'Name 1Name 2'

C:\Users\prote\Documents\software-devel\ksf_bank_import\tests\unit\BankingTest.php:111</failure>
        </testcase>
        <testcase name="testTransactionDump" class="Tests\Unit\BankingTest" classname="Tests.Unit.BankingTest" file="C:\Users\prote\Documents\software-devel\ksf_bank_import\tests\unit\BankingTest.php" line="117" assertions="1" time="0.000772">
          <failure type="PHPUnit\Framework\ExpectationFailedException">Tests\Unit\BankingTest::testTransactionDump
Failed asserting that '    -------------------------------------------------------------------\n
    account            =12345\n
    accountName        =\n
    amount             =100.5\n
    transactionType    =\n
    valuetimestamp     =\n
    entrytimestamp     =\n
    transactionCode    =\n
    transactionCodeDesc=\n
    transactionDC      =D\n
    transactionTitle   =       \n
    Merchant           =\n
    Category           =\n
    Reference          =\n
    Status             =\n
    Memo               =\n
    SIC                =\n
    Address            =\n
' contains "account: 12345".

C:\Users\prote\Documents\software-devel\ksf_bank_import\tests\unit\BankingTest.php:128</failure>
        </testcase>
        <testcase name="testTransactionValidate" class="Tests\Unit\BankingTest" classname="Tests.Unit.BankingTest" file="C:\Users\prote\Documents\software-devel\ksf_bank_import\tests\unit\BankingTest.php" line="136" assertions="2" time="0.000750">
          <failure type="PHPUnit\Framework\ExpectationFailedException">Tests\Unit\BankingTest::testTransactionValidate
Failed asserting that false is true.

C:\Users\prote\Documents\software-devel\ksf_bank_import\tests\unit\BankingTest.php:150</failure>
        </testcase>
        <testcase name="testTransactionValidateWithDebug" class="Tests\Unit\BankingTest" classname="Tests.Unit.BankingTest" file="C:\Users\prote\Documents\software-devel\ksf_bank_import\tests\unit\BankingTest.php" line="156" assertions="2" time="0.000777">
          <failure type="PHPUnit\Framework\ExpectationFailedException">Tests\Unit\BankingTest::testTransactionValidateWithDebug
Failed asserting that 'transactionType is empty\n
' contains "Validation failed".

C:\Users\prote\Documents\software-devel\ksf_bank_import\tests\unit\BankingTest.php:165</failure>
        </testcase>
        <testcase name="testStatementInstantiation" class="Tests\Unit\BankingTest" classname="Tests.Unit.BankingTest" file="C:\Users\prote\Documents\software-devel\ksf_bank_import\tests\unit\BankingTest.php" line="171" assertions="2" time="0.000622"/>
        <testcase name="testStatementAddTransaction" class="Tests\Unit\BankingTest" classname="Tests.Unit.BankingTest" file="C:\Users\prote\Documents\software-devel\ksf_bank_import\tests\unit\BankingTest.php" line="182" assertions="3" time="0.000617"/>
        <testcase name="testStatementDump" class="Tests\Unit\BankingTest" classname="Tests.Unit.BankingTest" file="C:\Users\prote\Documents\software-devel\ksf_bank_import\tests\unit\BankingTest.php" line="197" assertions="1" time="0.001002">
          <failure type="PHPUnit\Framework\ExpectationFailedException">Tests\Unit\BankingTest::testStatementDump
Failed asserting that '-------------------------------------------------------------------\n
bank        =Test Bank\n
account     =12345\n
startBalance=0\n
endBalance  =0\n
currency    =\n
timestamp   =0\n
number      =\n
sequence    =\n
id          =\n
    -------------------------------------------------------------------\n
    account            =\n
    accountName        =\n
    amount             =50\n
    transactionType    =\n
    valuetimestamp     =\n
    entrytimestamp     =\n
    transactionCode    =\n
    transactionCodeDesc=\n
    transactionDC      =\n
    transactionTitle   =       \n
    Merchant           =\n
    Category           =\n
    Reference          =\n
    Status             =\n
    Memo               =\n
    SIC                =\n
    Address            =\n
' contains "bank: Test Bank".

C:\Users\prote\Documents\software-devel\ksf_bank_import\tests\unit\BankingTest.php:211</failure>
        </testcase>
        <testcase name="testStatementValidate" class="Tests\Unit\BankingTest" classname="Tests.Unit.BankingTest" file="C:\Users\prote\Documents\software-devel\ksf_bank_import\tests\unit\BankingTest.php" line="219" assertions="2" time="0.001473">
          <failure type="PHPUnit\Framework\ExpectationFailedException">Tests\Unit\BankingTest::testStatementValidate
Failed asserting that false is true.

C:\Users\prote\Documents\software-devel\ksf_bank_import\tests\unit\BankingTest.php:233</failure>
        </testcase>
        <testcase name="testStatementValidateWithTransactions" class="Tests\Unit\BankingTest" classname="Tests.Unit.BankingTest" file="C:\Users\prote\Documents\software-devel\ksf_bank_import\tests\unit\BankingTest.php" line="239" assertions="1" time="0.000745">
          <failure type="PHPUnit\Framework\ExpectationFailedException">Tests\Unit\BankingTest::testStatementValidateWithTransactions
Failed asserting that false is true.

C:\Users\prote\Documents\software-devel\ksf_bank_import\tests\unit\BankingTest.php:254</failure>
        </testcase>
        <testcase name="testStatementValidateWithInvalidTransaction" class="Tests\Unit\BankingTest" classname="Tests.Unit.BankingTest" file="C:\Users\prote\Documents\software-devel\ksf_bank_import\tests\unit\BankingTest.php" line="260" assertions="1" time="0.000636"/>
        <testcase name="testInheritanceHierarchy" class="Tests\Unit\BankingTest" classname="Tests.Unit.BankingTest" file="C:\Users\prote\Documents\software-devel\ksf_bank_import\tests\unit\BankingTest.php" line="279" assertions="4" time="0.000690"/>
        <testcase name="testPropertyAccessThroughMagicMethods" class="Tests\Unit\BankingTest" classname="Tests.Unit.BankingTest" file="C:\Users\prote\Documents\software-devel\ksf_bank_import\tests\unit\BankingTest.php" line="295" assertions="1" time="0.000732">
          <failure type="PHPUnit\Framework\ExpectationFailedException">Tests\Unit\BankingTest::testPropertyAccessThroughMagicMethods
Failed asserting that null matches expected 'custom value'.

C:\Users\prote\Documents\software-devel\ksf_bank_import\tests\unit\BankingTest.php:301</failure>
        </testcase>
      </testsuite>
      <testsuite name="BiBankAccountsSchemaInstallerTest" file="C:\Users\prote\Documents\software-devel\ksf_bank_import\tests\unit\BiBankAccountsSchemaInstallerTest.php" tests="2" assertions="0" errors="2" warnings="0" failures="0" skipped="0" time="0.001518">
        <testcase name="testEnsureTableCreatesAndChecksExpectedIndexes" class="BiBankAccountsSchemaInstallerTest" classname="BiBankAccountsSchemaInstallerTest" file="C:\Users\prote\Documents\software-devel\ksf_bank_import\tests\unit\BiBankAccountsSchemaInstallerTest.php" line="8" assertions="0" time="0.000912">
          <error type="Error">BiBankAccountsSchemaInstallerTest::testEnsureTableCreatesAndChecksExpectedIndexes
Error: Class "Ksfraser\FaBankImport\Service\Schema\BiBankAccountsSchemaInstaller" not found

C:\Users\prote\Documents\software-devel\ksf_bank_import\tests\unit\BiBankAccountsSchemaInstallerTest.php:33</error>
        </testcase>
        <testcase name="testEnsureTableIncludesUniqueConstraintOnFreshCreate" class="BiBankAccountsSchemaInstallerTest" classname="BiBankAccountsSchemaInstallerTest" file="C:\Users\prote\Documents\software-devel\ksf_bank_import\tests\unit\BiBankAccountsSchemaInstallerTest.php" line="54" assertions="0" time="0.000606">
          <error type="Error">BiBankAccountsSchemaInstallerTest::testEnsureTableIncludesUniqueConstraintOnFreshCreate
Error: Class "Ksfraser\FaBankImport\Service\Schema\BiBankAccountsSchemaInstaller" not found

C:\Users\prote\Documents\software-devel\ksf_bank_import\tests\unit\BiBankAccountsSchemaInstallerTest.php:79</error>
        </testcase>
      </testsuite>
      <testsuite name="BiContactTest" file="C:\Users\prote\Documents\software-devel\ksf_bank_import\tests\unit\BiContactTest.php" tests="18" assertions="66" errors="0" warnings="0" failures="0" skipped="0" time="0.353110">
        <testcase name="testInstantiation" class="BiContactTest" classname="BiContactTest" file="C:\Users\prote\Documents\software-devel\ksf_bank_import\tests\unit\BiContactTest.php" line="20" assertions="2" time="0.000629"/>
        <testcase name="testSetDatabase" class="BiContactTest" classname="BiContactTest" file="C:\Users\prote\Documents\software-devel\ksf_bank_import\tests\unit\BiContactTest.php" line="29" assertions="1" time="0.173611"/>
        <testcase name="testFromContactDataPopulatesProperties" class="BiContactTest" classname="BiContactTest" file="C:\Users\prote\Documents\software-devel\ksf_bank_import\tests\unit\BiContactTest.php" line="39" assertions="5" time="0.168814"/>
        <testcase name="testToContactDataCreatesDto" class="BiContactTest" classname="BiContactTest" file="C:\Users\prote\Documents\software-devel\ksf_bank_import\tests\unit\BiContactTest.php" line="82" assertions="4" time="0.000772"/>
        <testcase name="testToArrayExportsProperties" class="BiContactTest" classname="BiContactTest" file="C:\Users\prote\Documents\software-devel\ksf_bank_import\tests\unit\BiContactTest.php" line="105" assertions="4" time="0.000675"/>
        <testcase name="testToArrayIncludeTimestamps" class="BiContactTest" classname="BiContactTest" file="C:\Users\prote\Documents\software-devel\ksf_bank_import\tests\unit\BiContactTest.php" line="125" assertions="4" time="0.000762"/>
        <testcase name="testFromArrayPopulatesFromData" class="BiContactTest" classname="BiContactTest" file="C:\Users\prote\Documents\software-devel\ksf_bank_import\tests\unit\BiContactTest.php" line="144" assertions="4" time="0.000689"/>
        <testcase name="testDumpReturnsString" class="BiContactTest" classname="BiContactTest" file="C:\Users\prote\Documents\software-devel\ksf_bank_import\tests\unit\BiContactTest.php" line="167" assertions="3" time="0.000602"/>
        <testcase name="testBidirectionalDtoConversionPreservesData" class="BiContactTest" classname="BiContactTest" file="C:\Users\prote\Documents\software-devel\ksf_bank_import\tests\unit\BiContactTest.php" line="183" assertions="5" time="0.000861"/>
        <testcase name="testContactWithAllPropertiesPopulated" class="BiContactTest" classname="BiContactTest" file="C:\Users\prote\Documents\software-devel\ksf_bank_import\tests\unit\BiContactTest.php" line="218" assertions="5" time="0.000694"/>
        <testcase name="testMultipleContactsIndependentState" class="BiContactTest" classname="BiContactTest" file="C:\Users\prote\Documents\software-devel\ksf_bank_import\tests\unit\BiContactTest.php" line="263" assertions="3" time="0.000782"/>
        <testcase name="testContactTypeField" class="BiContactTest" classname="BiContactTest" file="C:\Users\prote\Documents\software-devel\ksf_bank_import\tests\unit\BiContactTest.php" line="281" assertions="5" time="0.000629"/>
        <testcase name="testIsActiveField" class="BiContactTest" classname="BiContactTest" file="C:\Users\prote\Documents\software-devel\ksf_bank_import\tests\unit\BiContactTest.php" line="294" assertions="4" time="0.000623"/>
        <testcase name="testFromContactDataWithPartialData" class="BiContactTest" classname="BiContactTest" file="C:\Users\prote\Documents\software-devel\ksf_bank_import\tests\unit\BiContactTest.php" line="312" assertions="4" time="0.000657"/>
        <testcase name="testNumericFields" class="BiContactTest" classname="BiContactTest" file="C:\Users\prote\Documents\software-devel\ksf_bank_import\tests\unit\BiContactTest.php" line="333" assertions="2" time="0.000533"/>
        <testcase name="testEmptyContactDefaults" class="BiContactTest" classname="BiContactTest" file="C:\Users\prote\Documents\software-devel\ksf_bank_import\tests\unit\BiContactTest.php" line="345" assertions="5" time="0.000614"/>
        <testcase name="testToArrayPreservesNumericPrecision" class="BiContactTest" classname="BiContactTest" file="C:\Users\prote\Documents\software-devel\ksf_bank_import\tests\unit\BiContactTest.php" line="357" assertions="2" time="0.000556"/>
        <testcase name="testFromArrayWithNullValues" class="BiContactTest" classname="BiContactTest" file="C:\Users\prote\Documents\software-devel\ksf_bank_import\tests\unit\BiContactTest.php" line="371" assertions="4" time="0.000608"/>
      </testsuite>
      <testsuite name="Tests\Unit\BiLineItemDisplayMethodsTest" file="C:\Users\prote\Documents\software-devel\ksf_bank_import\tests\unit\BiLineItemDisplayMethodsTest.php" tests="12" assertions="15" errors="0" warnings="0" failures="0" skipped="0" time="0.636085">
        <testcase name="class_file_exists" class="Tests\Unit\BiLineItemDisplayMethodsTest" classname="Tests.Unit.BiLineItemDisplayMethodsTest" file="C:\Users\prote\Documents\software-devel\ksf_bank_import\tests\unit\BiLineItemDisplayMethodsTest.php" line="47" assertions="3" time="0.095467"/>
        <testcase name="class_file_has_no_syntax_errors" class="Tests\Unit\BiLineItemDisplayMethodsTest" classname="Tests.Unit.BiLineItemDisplayMethodsTest" file="C:\Users\prote\Documents\software-devel\ksf_bank_import\tests\unit\BiLineItemDisplayMethodsTest.php" line="58" assertions="1" time="0.532795"/>
        <testcase name="display_method_exists" class="Tests\Unit\BiLineItemDisplayMethodsTest" classname="Tests.Unit.BiLineItemDisplayMethodsTest" file="C:\Users\prote\Documents\software-devel\ksf_bank_import\tests\unit\BiLineItemDisplayMethodsTest.php" line="76" assertions="1" time="0.000945"/>
        <testcase name="display_left_method_exists" class="Tests\Unit\BiLineItemDisplayMethodsTest" classname="Tests.Unit.BiLineItemDisplayMethodsTest" file="C:\Users\prote\Documents\software-devel\ksf_bank_import\tests\unit\BiLineItemDisplayMethodsTest.php" line="94" assertions="1" time="0.000710"/>
        <testcase name="display_right_method_exists" class="Tests\Unit\BiLineItemDisplayMethodsTest" classname="Tests.Unit.BiLineItemDisplayMethodsTest" file="C:\Users\prote\Documents\software-devel\ksf_bank_import\tests\unit\BiLineItemDisplayMethodsTest.php" line="112" assertions="1" time="0.001062"/>
        <testcase name="getHtml_method_exists" class="Tests\Unit\BiLineItemDisplayMethodsTest" classname="Tests.Unit.BiLineItemDisplayMethodsTest" file="C:\Users\prote\Documents\software-devel\ksf_bank_import\tests\unit\BiLineItemDisplayMethodsTest.php" line="130" assertions="1" time="0.000810"/>
        <testcase name="getLeftHtml_method_exists" class="Tests\Unit\BiLineItemDisplayMethodsTest" classname="Tests.Unit.BiLineItemDisplayMethodsTest" file="C:\Users\prote\Documents\software-devel\ksf_bank_import\tests\unit\BiLineItemDisplayMethodsTest.php" line="148" assertions="1" time="0.000668"/>
        <testcase name="getRightHtml_method_exists" class="Tests\Unit\BiLineItemDisplayMethodsTest" classname="Tests.Unit.BiLineItemDisplayMethodsTest" file="C:\Users\prote\Documents\software-devel\ksf_bank_import\tests\unit\BiLineItemDisplayMethodsTest.php" line="166" assertions="1" time="0.000670"/>
        <testcase name="display_method_not_duplicated" class="Tests\Unit\BiLineItemDisplayMethodsTest" classname="Tests.Unit.BiLineItemDisplayMethodsTest" file="C:\Users\prote\Documents\software-devel\ksf_bank_import\tests\unit\BiLineItemDisplayMethodsTest.php" line="182" assertions="1" time="0.000654"/>
        <testcase name="display_left_method_not_duplicated" class="Tests\Unit\BiLineItemDisplayMethodsTest" classname="Tests.Unit.BiLineItemDisplayMethodsTest" file="C:\Users\prote\Documents\software-devel\ksf_bank_import\tests\unit\BiLineItemDisplayMethodsTest.php" line="199" assertions="1" time="0.000782"/>
        <testcase name="display_right_method_not_duplicated" class="Tests\Unit\BiLineItemDisplayMethodsTest" classname="Tests.Unit.BiLineItemDisplayMethodsTest" file="C:\Users\prote\Documents\software-devel\ksf_bank_import\tests\unit\BiLineItemDisplayMethodsTest.php" line="216" assertions="1" time="0.000669"/>
        <testcase name="file_size_is_reasonable" class="Tests\Unit\BiLineItemDisplayMethodsTest" classname="Tests.Unit.BiLineItemDisplayMethodsTest" file="C:\Users\prote\Documents\software-devel\ksf_bank_import\tests\unit\BiLineItemDisplayMethodsTest.php" line="233" assertions="2" time="0.000853"/>
      </testsuite>
      <testsuite name="Tests\Unit\BiLineItemDisplayTest" file="C:\Users\prote\Documents\software-devel\ksf_bank_import\tests\unit\BiLineItemDisplayTest.php" tests="11" assertions="0" errors="11" warnings="0" failures="0" skipped="0" time="0.373071">
        <testcase name="getHtml_exists_and_returns_string" class="Tests\Unit\BiLineItemDisplayTest" classname="Tests.Unit.BiLineItemDisplayTest" file="C:\Users\prote\Documents\software-devel\ksf_bank_import\tests\unit\BiLineItemDisplayTest.php" line="124" assertions="0" time="0.363859">
          <error type="Error">Tests\Unit\BiLineItemDisplayTest::getHtml_exists_and_returns_string
Error: Class "bi_lineitem" not found

C:\Users\prote\Documents\software-devel\ksf_bank_import\tests\unit\BiLineItemDisplayTest.php:126</error>
        </testcase>
        <testcase name="getLeftHtml_exists_and_returns_string" class="Tests\Unit\BiLineItemDisplayTest" classname="Tests.Unit.BiLineItemDisplayTest" file="C:\Users\prote\Documents\software-devel\ksf_bank_import\tests\unit\BiLineItemDisplayTest.php" line="148" assertions="0" time="0.000788">
          <error type="Error">Tests\Unit\BiLineItemDisplayTest::getLeftHtml_exists_and_returns_string
Error: Class "bi_lineitem" not found

C:\Users\prote\Documents\software-devel\ksf_bank_import\tests\unit\BiLineItemDisplayTest.php:150</error>
        </testcase>
        <testcase name="getRightHtml_exists_and_returns_string" class="Tests\Unit\BiLineItemDisplayTest" classname="Tests.Unit.BiLineItemDisplayTest" file="C:\Users\prote\Documents\software-devel\ksf_bank_import\tests\unit\BiLineItemDisplayTest.php" line="175" assertions="0" time="0.000912">
          <error type="Error">Tests\Unit\BiLineItemDisplayTest::getRightHtml_exists_and_returns_string
Error: Class "bi_lineitem" not found

C:\Users\prote\Documents\software-devel\ksf_bank_import\tests\unit\BiLineItemDisplayTest.php:177</error>
        </testcase>
        <testcase name="display_echoes_same_output_as_getHtml_returns" class="Tests\Unit\BiLineItemDisplayTest" classname="Tests.Unit.BiLineItemDisplayTest" file="C:\Users\prote\Documents\software-devel\ksf_bank_import\tests\unit\BiLineItemDisplayTest.php" line="199" assertions="0" time="0.000789">
          <error type="Error">Tests\Unit\BiLineItemDisplayTest::display_echoes_same_output_as_getHtml_returns
Error: Class "bi_lineitem" not found

C:\Users\prote\Documents\software-devel\ksf_bank_import\tests\unit\BiLineItemDisplayTest.php:201</error>
        </testcase>
        <testcase name="getHtml_combines_left_and_right_html" class="Tests\Unit\BiLineItemDisplayTest" classname="Tests.Unit.BiLineItemDisplayTest" file="C:\Users\prote\Documents\software-devel\ksf_bank_import\tests\unit\BiLineItemDisplayTest.php" line="227" assertions="0" time="0.001037">
          <error type="Error">Tests\Unit\BiLineItemDisplayTest::getHtml_combines_left_and_right_html
Error: Class "bi_lineitem" not found

C:\Users\prote\Documents\software-devel\ksf_bank_import\tests\unit\BiLineItemDisplayTest.php:229</error>
        </testcase>
        <testcase name="getLeftHtml_returns_valid_table_structure" class="Tests\Unit\BiLineItemDisplayTest" classname="Tests.Unit.BiLineItemDisplayTest" file="C:\Users\prote\Documents\software-devel\ksf_bank_import\tests\unit\BiLineItemDisplayTest.php" line="268" assertions="0" time="0.000805">
          <error type="Error">Tests\Unit\BiLineItemDisplayTest::getLeftHtml_returns_valid_table_structure
Error: Class "bi_lineitem" not found

C:\Users\prote\Documents\software-devel\ksf_bank_import\tests\unit\BiLineItemDisplayTest.php:270</error>
        </testcase>
        <testcase name="getRightHtml_returns_valid_table_structure" class="Tests\Unit\BiLineItemDisplayTest" classname="Tests.Unit.BiLineItemDisplayTest" file="C:\Users\prote\Documents\software-devel\ksf_bank_import\tests\unit\BiLineItemDisplayTest.php" line="297" assertions="0" time="0.000986">
          <error type="Error">Tests\Unit\BiLineItemDisplayTest::getRightHtml_returns_valid_table_structure
Error: Class "bi_lineitem" not found

C:\Users\prote\Documents\software-devel\ksf_bank_import\tests\unit\BiLineItemDisplayTest.php:299</error>
        </testcase>
        <testcase name="display_left_echoes_same_as_getLeftHtml_returns" class="Tests\Unit\BiLineItemDisplayTest" classname="Tests.Unit.BiLineItemDisplayTest" file="C:\Users\prote\Documents\software-devel\ksf_bank_import\tests\unit\BiLineItemDisplayTest.php" line="324" assertions="0" time="0.000857">
          <error type="Error">Tests\Unit\BiLineItemDisplayTest::display_left_echoes_same_as_getLeftHtml_returns
Error: Class "bi_lineitem" not found

C:\Users\prote\Documents\software-devel\ksf_bank_import\tests\unit\BiLineItemDisplayTest.php:326</error>
        </testcase>
        <testcase name="display_right_echoes_same_as_getRightHtml_returns" class="Tests\Unit\BiLineItemDisplayTest" classname="Tests.Unit.BiLineItemDisplayTest" file="C:\Users\prote\Documents\software-devel\ksf_bank_import\tests\unit\BiLineItemDisplayTest.php" line="356" assertions="0" time="0.000864">
          <error type="Error">Tests\Unit\BiLineItemDisplayTest::display_right_echoes_same_as_getRightHtml_returns
Error: Class "bi_lineitem" not found

C:\Users\prote\Documents\software-devel\ksf_bank_import\tests\unit\BiLineItemDisplayTest.php:358</error>
        </testcase>
        <testcase name="getRightHtml_handles_settled_transaction" class="Tests\Unit\BiLineItemDisplayTest" classname="Tests.Unit.BiLineItemDisplayTest" file="C:\Users\prote\Documents\software-devel\ksf_bank_import\tests\unit\BiLineItemDisplayTest.php" line="384" assertions="0" time="0.001028">
          <error type="Error">Tests\Unit\BiLineItemDisplayTest::getRightHtml_handles_settled_transaction
Error: Class "bi_lineitem" not found

C:\Users\prote\Documents\software-devel\ksf_bank_import\tests\unit\BiLineItemDisplayTest.php:388</error>
        </testcase>
        <testcase name="getRightHtml_handles_unsettled_transaction" class="Tests\Unit\BiLineItemDisplayTest" classname="Tests.Unit.BiLineItemDisplayTest" file="C:\Users\prote\Documents\software-devel\ksf_bank_import\tests\unit\BiLineItemDisplayTest.php" line="408" assertions="0" time="0.001146">
          <error type="Error">Tests\Unit\BiLineItemDisplayTest::getRightHtml_handles_unsettled_transaction
Error: Class "bi_lineitem" not found

C:\Users\prote\Documents\software-devel\ksf_bank_import\tests\unit\BiLineItemDisplayTest.php:411</error>
        </testcase>
      </testsuite>
      <testsuite name="Tests\Unit\BiLineItemMatchingTest" file="C:\Users\prote\Documents\software-devel\ksf_bank_import\tests\unit\BiLineItemMatchingTest.php" tests="10" assertions="13" errors="0" warnings="0" failures="1" skipped="0" time="0.989767">
        <testcase name="testNoMatchingTransactions" class="Tests\Unit\BiLineItemMatchingTest" classname="Tests.Unit.BiLineItemMatchingTest" file="C:\Users\prote\Documents\software-devel\ksf_bank_import\tests\unit\BiLineItemMatchingTest.php" line="48" assertions="1" time="0.975570"/>
        <testcase name="testSingleMatchLowScore" class="Tests\Unit\BiLineItemMatchingTest" classname="Tests.Unit.BiLineItemMatchingTest" file="C:\Users\prote\Documents\software-devel\ksf_bank_import\tests\unit\BiLineItemMatchingTest.php" line="68" assertions="2" time="0.001390"/>
        <testcase name="testSingleMatchHighScoreInvoice" class="Tests\Unit\BiLineItemMatchingTest" classname="Tests.Unit.BiLineItemMatchingTest" file="C:\Users\prote\Documents\software-devel\ksf_bank_import\tests\unit\BiLineItemMatchingTest.php" line="99" assertions="2" time="0.001762">
          <system-out>&lt;input type="hidden" name="trans_type_123" value="20"&gt;&lt;input type="hidden" name="trans_no_123" value="100"&gt;&lt;input  type="hidden" name="trans_type_123" value="20"  &gt;&lt;input  type="hidden" name="trans_no_123" value="100"  &gt;</system-out>
        </testcase>
        <testcase name="testSingleMatchHighScoreNotInvoice" class="Tests\Unit\BiLineItemMatchingTest" classname="Tests.Unit.BiLineItemMatchingTest" file="C:\Users\prote\Documents\software-devel\ksf_bank_import\tests\unit\BiLineItemMatchingTest.php" line="126" assertions="2" time="0.001626">
          <system-out>&lt;input type="hidden" name="trans_type_123" value="0"&gt;&lt;input type="hidden" name="trans_no_123" value="200"&gt;&lt;input  type="hidden" name="trans_type_123" value="0"  &gt;&lt;input  type="hidden" name="trans_no_123" value="200"  &gt;</system-out>
        </testcase>
        <testcase name="testTwoMatchesHighScore" class="Tests\Unit\BiLineItemMatchingTest" classname="Tests.Unit.BiLineItemMatchingTest" file="C:\Users\prote\Documents\software-devel\ksf_bank_import\tests\unit\BiLineItemMatchingTest.php" line="153" assertions="1" time="0.001510">
          <system-out>&lt;input type="hidden" name="trans_type_123" value="1"&gt;&lt;input type="hidden" name="trans_no_123" value="300"&gt;&lt;input  type="hidden" name="trans_type_123" value="1"  &gt;&lt;input  type="hidden" name="trans_no_123" value="300"  &gt;</system-out>
        </testcase>
        <testcase name="testThreeOrMoreMatches" class="Tests\Unit\BiLineItemMatchingTest" classname="Tests.Unit.BiLineItemMatchingTest" file="C:\Users\prote\Documents\software-devel\ksf_bank_import\tests\unit\BiLineItemMatchingTest.php" line="185" assertions="1" time="0.001300"/>
        <testcase name="testScoreExactly50" class="Tests\Unit\BiLineItemMatchingTest" classname="Tests.Unit.BiLineItemMatchingTest" file="C:\Users\prote\Documents\software-devel\ksf_bank_import\tests\unit\BiLineItemMatchingTest.php" line="208" assertions="1" time="0.001560">
          <system-out>&lt;input type="hidden" name="trans_type_123" value="0"&gt;&lt;input type="hidden" name="trans_no_123" value="400"&gt;&lt;input  type="hidden" name="trans_type_123" value="0"  &gt;&lt;input  type="hidden" name="trans_no_123" value="400"  &gt;</system-out>
        </testcase>
        <testcase name="testScoreJustBelow50" class="Tests\Unit\BiLineItemMatchingTest" classname="Tests.Unit.BiLineItemMatchingTest" file="C:\Users\prote\Documents\software-devel\ksf_bank_import\tests\unit\BiLineItemMatchingTest.php" line="234" assertions="1" time="0.001140"/>
        <testcase name="testExactlyThreeMatches" class="Tests\Unit\BiLineItemMatchingTest" classname="Tests.Unit.BiLineItemMatchingTest" file="C:\Users\prote\Documents\software-devel\ksf_bank_import\tests\unit\BiLineItemMatchingTest.php" line="262" assertions="1" time="0.001207"/>
        <testcase name="testHiddenFieldsSetForMatch" class="Tests\Unit\BiLineItemMatchingTest" classname="Tests.Unit.BiLineItemMatchingTest" file="C:\Users\prote\Documents\software-devel\ksf_bank_import\tests\unit\BiLineItemMatchingTest.php" line="285" assertions="1" time="0.002702">
          <failure type="PHPUnit\Framework\ExpectationFailedException">Tests\Unit\BiLineItemMatchingTest::testHiddenFieldsSetForMatch
Failed asserting that null matches expected 22.

C:\Users\prote\Documents\software-devel\ksf_bank_import\tests\unit\BiLineItemMatchingTest.php:310</failure>
          <system-out>&lt;input type="hidden" name="trans_type_123" value="22"&gt;&lt;input type="hidden" name="trans_no_123" value="999"&gt;&lt;input  type="hidden" name="trans_type_123" value="22"  &gt;&lt;input  type="hidden" name="trans_no_123" value="999"  &gt;</system-out>
        </testcase>
      </testsuite>
      <testsuite name="BiLineItemQERegressionTest" file="C:\Users\prote\Documents\software-devel\ksf_bank_import\tests\unit\BiLineItemQERegressionTest.php" tests="14" assertions="23" errors="0" warnings="0" failures="0" skipped="0" time="0.008496">
        <testcase name="testNoMatchesEmptyArray" class="BiLineItemQERegressionTest" classname="BiLineItemQERegressionTest" file="C:\Users\prote\Documents\software-devel\ksf_bank_import\tests\unit\BiLineItemQERegressionTest.php" line="25" assertions="2" time="0.000581"/>
        <testcase name="testSingleMatchScoreBelowThreshold" class="BiLineItemQERegressionTest" classname="BiLineItemQERegressionTest" file="C:\Users\prote\Documents\software-devel\ksf_bank_import\tests\unit\BiLineItemQERegressionTest.php" line="40" assertions="2" time="0.000656"/>
        <testcase name="testSingleMatchScoreExactThreshold" class="BiLineItemQERegressionTest" classname="BiLineItemQERegressionTest" file="C:\Users\prote\Documents\software-devel\ksf_bank_import\tests\unit\BiLineItemQERegressionTest.php" line="62" assertions="2" time="0.000621"/>
        <testcase name="testHighScoreMatchIsInvoiceTrue" class="BiLineItemQERegressionTest" classname="BiLineItemQERegressionTest" file="C:\Users\prote\Documents\software-devel\ksf_bank_import\tests\unit\BiLineItemQERegressionTest.php" line="85" assertions="2" time="0.000571"/>
        <testcase name="testHighScoreMatchQuickEntryPayment" class="BiLineItemQERegressionTest" classname="BiLineItemQERegressionTest" file="C:\Users\prote\Documents\software-devel\ksf_bank_import\tests\unit\BiLineItemQERegressionTest.php" line="108" assertions="2" time="0.000596"/>
        <testcase name="testHighScoreMatchQuickEntryDeposit" class="BiLineItemQERegressionTest" classname="BiLineItemQERegressionTest" file="C:\Users\prote\Documents\software-devel\ksf_bank_import\tests\unit\BiLineItemQERegressionTest.php" line="135" assertions="2" time="0.000572"/>
        <testcase name="testHighScoreMatchGenericType" class="BiLineItemQERegressionTest" classname="BiLineItemQERegressionTest" file="C:\Users\prote\Documents\software-devel\ksf_bank_import\tests\unit\BiLineItemQERegressionTest.php" line="161" assertions="2" time="0.000569"/>
        <testcase name="testExactlyTwoMatches" class="BiLineItemQERegressionTest" classname="BiLineItemQERegressionTest" file="C:\Users\prote\Documents\software-devel\ksf_bank_import\tests\unit\BiLineItemQERegressionTest.php" line="183" assertions="2" time="0.000649"/>
        <testcase name="testExactlyThreeMatches" class="BiLineItemQERegressionTest" classname="BiLineItemQERegressionTest" file="C:\Users\prote\Documents\software-devel\ksf_bank_import\tests\unit\BiLineItemQERegressionTest.php" line="212" assertions="2" time="0.000548"/>
        <testcase name="testFourOrMoreMatches" class="BiLineItemQERegressionTest" classname="BiLineItemQERegressionTest" file="C:\Users\prote\Documents\software-devel\ksf_bank_import\tests\unit\BiLineItemQERegressionTest.php" line="232" assertions="1" time="0.000797"/>
        <testcase name="testMissingTypeField" class="BiLineItemQERegressionTest" classname="BiLineItemQERegressionTest" file="C:\Users\prote\Documents\software-devel\ksf_bank_import\tests\unit\BiLineItemQERegressionTest.php" line="252" assertions="1" time="0.000588"/>
        <testcase name="testMissingIsInvoiceField" class="BiLineItemQERegressionTest" classname="BiLineItemQERegressionTest" file="C:\Users\prote\Documents\software-devel\ksf_bank_import\tests\unit\BiLineItemQERegressionTest.php" line="273" assertions="1" time="0.000647"/>
        <testcase name="testMissingScoreField" class="BiLineItemQERegressionTest" classname="BiLineItemQERegressionTest" file="C:\Users\prote\Documents\software-devel\ksf_bank_import\tests\unit\BiLineItemQERegressionTest.php" line="294" assertions="1" time="0.000540"/>
        <testcase name="testMultipleMatchesVaryingScores" class="BiLineItemQERegressionTest" classname="BiLineItemQERegressionTest" file="C:\Users\prote\Documents\software-devel\ksf_bank_import\tests\unit\BiLineItemQERegressionTest.php" line="317" assertions="1" time="0.000560"/>
      </testsuite>
      <testsuite name="Tests\Unit\BiLineItemTdBuilderRefactorTest" file="C:\Users\prote\Documents\software-devel\ksf_bank_import\tests\unit\BiLineItemTdBuilderRefactorTest.php" tests="8" assertions="15" errors="0" warnings="0" failures="0" skipped="0" time="0.006113">
        <testcase name="test_right_content_fragment_method_exists" class="Tests\Unit\BiLineItemTdBuilderRefactorTest" classname="Tests.Unit.BiLineItemTdBuilderRefactorTest" file="C:\Users\prote\Documents\software-devel\ksf_bank_import\tests\unit\BiLineItemTdBuilderRefactorTest.php" line="36" assertions="1" time="0.000806"/>
        <testcase name="test_left_legacy_content_fragment_method_exists" class="Tests\Unit\BiLineItemTdBuilderRefactorTest" classname="Tests.Unit.BiLineItemTdBuilderRefactorTest" file="C:\Users\prote\Documents\software-devel\ksf_bank_import\tests\unit\BiLineItemTdBuilderRefactorTest.php" line="42" assertions="1" time="0.000608"/>
        <testcase name="test_operation_partner_matching_fragment_methods_exist" class="Tests\Unit\BiLineItemTdBuilderRefactorTest" classname="Tests.Unit.BiLineItemTdBuilderRefactorTest" file="C:\Users\prote\Documents\software-devel\ksf_bank_import\tests\unit\BiLineItemTdBuilderRefactorTest.php" line="48" assertions="3" time="0.000989"/>
        <testcase name="test_right_builder_build_accepts_fragment_not_callable" class="Tests\Unit\BiLineItemTdBuilderRefactorTest" classname="Tests.Unit.BiLineItemTdBuilderRefactorTest" file="C:\Users\prote\Documents\software-devel\ksf_bank_import\tests\unit\BiLineItemTdBuilderRefactorTest.php" line="56" assertions="2" time="0.000858"/>
        <testcase name="test_left_builder_build_accepts_fragment_not_callable" class="Tests\Unit\BiLineItemTdBuilderRefactorTest" classname="Tests.Unit.BiLineItemTdBuilderRefactorTest" file="C:\Users\prote\Documents\software-devel\ksf_bank_import\tests\unit\BiLineItemTdBuilderRefactorTest.php" line="63" assertions="2" time="0.000714"/>
        <testcase name="test_operation_builder_build_accepts_fragment_not_callable" class="Tests\Unit\BiLineItemTdBuilderRefactorTest" classname="Tests.Unit.BiLineItemTdBuilderRefactorTest" file="C:\Users\prote\Documents\software-devel\ksf_bank_import\tests\unit\BiLineItemTdBuilderRefactorTest.php" line="70" assertions="2" time="0.000675"/>
        <testcase name="test_partner_builder_build_accepts_fragment_not_callable" class="Tests\Unit\BiLineItemTdBuilderRefactorTest" classname="Tests.Unit.BiLineItemTdBuilderRefactorTest" file="C:\Users\prote\Documents\software-devel\ksf_bank_import\tests\unit\BiLineItemTdBuilderRefactorTest.php" line="77" assertions="2" time="0.000670"/>
        <testcase name="test_matching_builder_build_accepts_fragment_not_callable" class="Tests\Unit\BiLineItemTdBuilderRefactorTest" classname="Tests.Unit.BiLineItemTdBuilderRefactorTest" file="C:\Users\prote\Documents\software-devel\ksf_bank_import\tests\unit\BiLineItemTdBuilderRefactorTest.php" line="84" assertions="2" time="0.000792"/>
      </testsuite>
      <testsuite name="Tests\Unit\BiLineItemViewClassesTest" file="C:\Users\prote\Documents\software-devel\ksf_bank_import\tests\unit\BiLineItemViewClassesTest.php" tests="3" assertions="7" errors="2" warnings="0" failures="0" skipped="0" time="0.115334">
        <testcase name="testGetLeftHtmlUsesViewClasses" class="Tests\Unit\BiLineItemViewClassesTest" classname="Tests.Unit.BiLineItemViewClassesTest" file="C:\Users\prote\Documents\software-devel\ksf_bank_import\tests\unit\BiLineItemViewClassesTest.php" line="23" assertions="0" time="0.113318">
          <error type="Error">Tests\Unit\BiLineItemViewClassesTest::testGetLeftHtmlUsesViewClasses
Error: Class "TransactionTypeLabel" not found

C:\Users\prote\Documents\software-devel\ksf_bank_import\class.bi_lineitem.php:268
C:\Users\prote\Documents\software-devel\ksf_bank_import\class.bi_lineitem.php:196
C:\Users\prote\Documents\software-devel\ksf_bank_import\tests\unit\BiLineItemViewClassesTest.php:28</error>
        </testcase>
        <testcase name="testGetLeftHtmlMethodDoesNotCallLabelRowDirectly" class="Tests\Unit\BiLineItemViewClassesTest" classname="Tests.Unit.BiLineItemViewClassesTest" file="C:\Users\prote\Documents\software-devel\ksf_bank_import\tests\unit\BiLineItemViewClassesTest.php" line="78" assertions="7" time="0.001216"/>
        <testcase name="testGetLeftHtmlOutputStructure" class="Tests\Unit\BiLineItemViewClassesTest" classname="Tests.Unit.BiLineItemViewClassesTest" file="C:\Users\prote\Documents\software-devel\ksf_bank_import\tests\unit\BiLineItemViewClassesTest.php" line="113" assertions="0" time="0.000799">
          <error type="Error">Tests\Unit\BiLineItemViewClassesTest::testGetLeftHtmlOutputStructure
Error: Class "TransactionTypeLabel" not found

C:\Users\prote\Documents\software-devel\ksf_bank_import\class.bi_lineitem.php:268
C:\Users\prote\Documents\software-devel\ksf_bank_import\class.bi_lineitem.php:196
C:\Users\prote\Documents\software-devel\ksf_bank_import\tests\unit\BiLineItemViewClassesTest.php:117</error>
        </testcase>
      </testsuite>
      <testsuite name="Tests\Unit\BiLineitemPartnerTypesTest" file="C:\Users\prote\Documents\software-devel\ksf_bank_import\tests\unit\BiLineitemPartnerTypesTest.php" tests="13" assertions="80" errors="0" warnings="1" failures="0" skipped="0" time="0.012342">
        <testcase name="partner_type_constants_matches_legacy_optypes_exactly" class="Tests\Unit\BiLineitemPartnerTypesTest" classname="Tests.Unit.BiLineitemPartnerTypesTest" file="C:\Users\prote\Documents\software-devel\ksf_bank_import\tests\unit\BiLineitemPartnerTypesTest.php" line="109" assertions="14" time="0.001175"/>
        <testcase name="all_legacy_keys_exist_in_partner_type_constants" class="Tests\Unit\BiLineitemPartnerTypesTest" classname="Tests.Unit.BiLineitemPartnerTypesTest" file="C:\Users\prote\Documents\software-devel\ksf_bank_import\tests\unit\BiLineitemPartnerTypesTest.php" line="149" assertions="6" time="0.000807"/>
        <testcase name="all_legacy_values_match_in_partner_type_constants" class="Tests\Unit\BiLineitemPartnerTypesTest" classname="Tests.Unit.BiLineitemPartnerTypesTest" file="C:\Users\prote\Documents\software-devel\ksf_bank_import\tests\unit\BiLineitemPartnerTypesTest.php" line="167" assertions="6" time="0.000726"/>
        <testcase name="optypes_structure_compatible_with_array_selector" class="Tests\Unit\BiLineitemPartnerTypesTest" classname="Tests.Unit.BiLineitemPartnerTypesTest" file="C:\Users\prote\Documents\software-devel\ksf_bank_import\tests\unit\BiLineitemPartnerTypesTest.php" line="187" assertions="20" time="0.001571"/>
        <testcase name="process_statements_migration_scenario" class="Tests\Unit\BiLineitemPartnerTypesTest" classname="Tests.Unit.BiLineitemPartnerTypesTest" file="C:\Users\prote\Documents\software-devel\ksf_bank_import\tests\unit\BiLineitemPartnerTypesTest.php" line="210" assertions="1" time="0.002301"/>
        <testsuite name="Tests\Unit\BiLineitemPartnerTypesTest::each_partner_type_exists_with_correct_label" tests="6" assertions="12" errors="0" warnings="0" failures="0" skipped="0" time="0.003222">
          <testcase name="each_partner_type_exists_with_correct_label with data set &quot;Supplier&quot;" class="Tests\Unit\BiLineitemPartnerTypesTest" classname="Tests.Unit.BiLineitemPartnerTypesTest" file="C:\Users\prote\Documents\software-devel\ksf_bank_import\tests\unit\BiLineitemPartnerTypesTest.php" line="239" assertions="2" time="0.000696"/>
          <testcase name="each_partner_type_exists_with_correct_label with data set &quot;Customer&quot;" class="Tests\Unit\BiLineitemPartnerTypesTest" classname="Tests.Unit.BiLineitemPartnerTypesTest" file="C:\Users\prote\Documents\software-devel\ksf_bank_import\tests\unit\BiLineitemPartnerTypesTest.php" line="239" assertions="2" time="0.000568"/>
          <testcase name="each_partner_type_exists_with_correct_label with data set &quot;Quick Entry&quot;" class="Tests\Unit\BiLineitemPartnerTypesTest" classname="Tests.Unit.BiLineitemPartnerTypesTest" file="C:\Users\prote\Documents\software-devel\ksf_bank_import\tests\unit\BiLineitemPartnerTypesTest.php" line="239" assertions="2" time="0.000509"/>
          <testcase name="each_partner_type_exists_with_correct_label with data set &quot;Bank Transfer&quot;" class="Tests\Unit\BiLineitemPartnerTypesTest" classname="Tests.Unit.BiLineitemPartnerTypesTest" file="C:\Users\prote\Documents\software-devel\ksf_bank_import\tests\unit\BiLineitemPartnerTypesTest.php" line="239" assertions="2" time="0.000475"/>
          <testcase name="each_partner_type_exists_with_correct_label with data set &quot;Manual settlement&quot;" class="Tests\Unit\BiLineitemPartnerTypesTest" classname="Tests.Unit.BiLineitemPartnerTypesTest" file="C:\Users\prote\Documents\software-devel\ksf_bank_import\tests\unit\BiLineitemPartnerTypesTest.php" line="239" assertions="2" time="0.000474"/>
          <testcase name="each_partner_type_exists_with_correct_label with data set &quot;Matched&quot;" class="Tests\Unit\BiLineitemPartnerTypesTest" classname="Tests.Unit.BiLineitemPartnerTypesTest" file="C:\Users\prote\Documents\software-devel\ksf_bank_import\tests\unit\BiLineitemPartnerTypesTest.php" line="239" assertions="2" time="0.000501"/>
        </testsuite>
        <testcase name="bi_lineitem_constructor_signature_is_compatible" class="Tests\Unit\BiLineitemPartnerTypesTest" classname="Tests.Unit.BiLineitemPartnerTypesTest" file="C:\Users\prote\Documents\software-devel\ksf_bank_import\tests\unit\BiLineitemPartnerTypesTest.php" line="280" assertions="19" time="0.001816">
          <warning type="PHPUnit\Framework\Warning">Tests\Unit\BiLineitemPartnerTypesTest::bi_lineitem_constructor_signature_is_compatible
assertRegExp() is deprecated and will be removed in PHPUnit 10. Refactor your code to use assertMatchesRegularExpression() instead.</warning>
        </testcase>
        <testcase name="partner_type_count_matches_legacy" class="Tests\Unit\BiLineitemPartnerTypesTest" classname="Tests.Unit.BiLineitemPartnerTypesTest" file="C:\Users\prote\Documents\software-devel\ksf_bank_import\tests\unit\BiLineitemPartnerTypesTest.php" line="307" assertions="2" time="0.000723"/>
      </testsuite>
      <testsuite name="BiModelSmokeTest" file="C:\Users\prote\Documents\software-devel\ksf_bank_import\tests\unit\BiModelSmokeTest.php" tests="9" assertions="7" errors="2" warnings="0" failures="0" skipped="0" time="0.155790">
        <testsuite name="BiModelSmokeTest::testModelInstantiation" tests="9" assertions="7" errors="2" warnings="0" failures="0" skipped="0" time="0.155790">
          <testcase name="testModelInstantiation with data set #0" class="BiModelSmokeTest" classname="BiModelSmokeTest" file="C:\Users\prote\Documents\software-devel\ksf_bank_import\tests\unit\BiModelSmokeTest.php" line="9" assertions="1" time="0.000667"/>
          <testcase name="testModelInstantiation with data set #1" class="BiModelSmokeTest" classname="BiModelSmokeTest" file="C:\Users\prote\Documents\software-devel\ksf_bank_import\tests\unit\BiModelSmokeTest.php" line="9" assertions="0" time="0.019123">
            <error type="Error">BiModelSmokeTest::testModelInstantiation with data set #1 ('C:\Users\prote\Documents\soft...on.php', 'bi_transaction_model')
Error: Class "bi_transaction_model" not found

C:\Users\prote\Documents\software-devel\ksf_bank_import\tests\unit\BiModelSmokeTest.php:12</error>
          </testcase>
          <testcase name="testModelInstantiation with data set #2" class="BiModelSmokeTest" classname="BiModelSmokeTest" file="C:\Users\prote\Documents\software-devel\ksf_bank_import\tests\unit\BiModelSmokeTest.php" line="9" assertions="1" time="0.000585"/>
          <testcase name="testModelInstantiation with data set #3" class="BiModelSmokeTest" classname="BiModelSmokeTest" file="C:\Users\prote\Documents\software-devel\ksf_bank_import\tests\unit\BiModelSmokeTest.php" line="9" assertions="1" time="0.014004"/>
          <testcase name="testModelInstantiation with data set #4" class="BiModelSmokeTest" classname="BiModelSmokeTest" file="C:\Users\prote\Documents\software-devel\ksf_bank_import\tests\unit\BiModelSmokeTest.php" line="9" assertions="0" time="0.000573">
            <error type="Error">BiModelSmokeTest::testModelInstantiation with data set #4 ('C:\Users\prote\Documents\soft...em.php', 'bi_lineitem_model')
Error: Class "bi_lineitem_model" not found

C:\Users\prote\Documents\software-devel\ksf_bank_import\tests\unit\BiModelSmokeTest.php:12</error>
          </testcase>
          <testcase name="testModelInstantiation with data set #5" class="BiModelSmokeTest" classname="BiModelSmokeTest" file="C:\Users\prote\Documents\software-devel\ksf_bank_import\tests\unit\BiModelSmokeTest.php" line="9" assertions="1" time="0.028766"/>
          <testcase name="testModelInstantiation with data set #6" class="BiModelSmokeTest" classname="BiModelSmokeTest" file="C:\Users\prote\Documents\software-devel\ksf_bank_import\tests\unit\BiModelSmokeTest.php" line="9" assertions="1" time="0.074828">
            <system-out>
</system-out>
          </testcase>
          <testcase name="testModelInstantiation with data set #7" class="BiModelSmokeTest" classname="BiModelSmokeTest" file="C:\Users\prote\Documents\software-devel\ksf_bank_import\tests\unit\BiModelSmokeTest.php" line="9" assertions="1" time="0.016688"/>
          <testcase name="testModelInstantiation with data set #8" class="BiModelSmokeTest" classname="BiModelSmokeTest" file="C:\Users\prote\Documents\software-devel\ksf_bank_import\tests\unit\BiModelSmokeTest.php" line="9" assertions="1" time="0.000558"/>
        </testsuite>
      </testsuite>
      <testsuite name="BiTransactionsModelRegressionTest" file="C:\Users\prote\Documents\software-devel\ksf_bank_import\tests\unit\BiTransactionsModelRegressionTest.php" tests="33" assertions="50" errors="0" warnings="3" failures="0" skipped="0" time="0.019803">
        <testcase name="test_update_transactions_with_matched_flag" class="BiTransactionsModelRegressionTest" classname="BiTransactionsModelRegressionTest" file="C:\Users\prote\Documents\software-devel\ksf_bank_import\tests\unit\BiTransactionsModelRegressionTest.php" line="27" assertions="1" time="0.000772">
          <warning type="PHPUnit\Framework\Warning">BiTransactionsModelRegressionTest::test_update_transactions_with_matched_flag
assertRegExp() is deprecated and will be removed in PHPUnit 10. Refactor your code to use assertMatchesRegularExpression() instead.</warning>
        </testcase>
        <testcase name="test_update_transactions_with_created_flag" class="BiTransactionsModelRegressionTest" classname="BiTransactionsModelRegressionTest" file="C:\Users\prote\Documents\software-devel\ksf_bank_import\tests\unit\BiTransactionsModelRegressionTest.php" line="43" assertions="1" time="0.000699">
          <warning type="PHPUnit\Framework\Warning">BiTransactionsModelRegressionTest::test_update_transactions_with_created_flag
assertRegExp() is deprecated and will be removed in PHPUnit 10. Refactor your code to use assertMatchesRegularExpression() instead.</warning>
        </testcase>
        <testcase name="test_update_transactions_with_g_partner_type" class="BiTransactionsModelRegressionTest" classname="BiTransactionsModelRegressionTest" file="C:\Users\prote\Documents\software-devel\ksf_bank_import\tests\unit\BiTransactionsModelRegressionTest.php" line="58" assertions="1" time="0.000673">
          <warning type="PHPUnit\Framework\Warning">BiTransactionsModelRegressionTest::test_update_transactions_with_g_partner_type
assertRegExp() is deprecated and will be removed in PHPUnit 10. Refactor your code to use assertMatchesRegularExpression() instead.</warning>
        </testcase>
        <testcase name="test_update_transactions_without_g_partner" class="BiTransactionsModelRegressionTest" classname="BiTransactionsModelRegressionTest" file="C:\Users\prote\Documents\software-devel\ksf_bank_import\tests\unit\BiTransactionsModelRegressionTest.php" line="73" assertions="2" time="0.000611"/>
        <testcase name="test_reset_transactions_clears_all_flags" class="BiTransactionsModelRegressionTest" classname="BiTransactionsModelRegressionTest" file="C:\Users\prote\Documents\software-devel\ksf_bank_import\tests\unit\BiTransactionsModelRegressionTest.php" line="86" assertions="3" time="0.000788"/>
        <testcase name="test_get_transactions_with_null_status" class="BiTransactionsModelRegressionTest" classname="BiTransactionsModelRegressionTest" file="C:\Users\prote\Documents\software-devel\ksf_bank_import\tests\unit\BiTransactionsModelRegressionTest.php" line="100" assertions="1" time="0.000557"/>
        <testcase name="test_get_transactions_with_status_filter" class="BiTransactionsModelRegressionTest" classname="BiTransactionsModelRegressionTest" file="C:\Users\prote\Documents\software-devel\ksf_bank_import\tests\unit\BiTransactionsModelRegressionTest.php" line="112" assertions="1" time="0.000555"/>
        <testcase name="test_get_transactions_with_numeric_limit" class="BiTransactionsModelRegressionTest" classname="BiTransactionsModelRegressionTest" file="C:\Users\prote\Documents\software-devel\ksf_bank_import\tests\unit\BiTransactionsModelRegressionTest.php" line="124" assertions="1" time="0.000576"/>
        <testcase name="test_get_transactions_with_internal_limit" class="BiTransactionsModelRegressionTest" classname="BiTransactionsModelRegressionTest" file="C:\Users\prote\Documents\software-devel\ksf_bank_import\tests\unit\BiTransactionsModelRegressionTest.php" line="136" assertions="1" time="0.000487"/>
        <testcase name="test_get_transaction_uses_internal_id" class="BiTransactionsModelRegressionTest" classname="BiTransactionsModelRegressionTest" file="C:\Users\prote\Documents\software-devel\ksf_bank_import\tests\unit\BiTransactionsModelRegressionTest.php" line="148" assertions="1" time="0.000484"/>
        <testcase name="test_get_transaction_with_explicit_tid" class="BiTransactionsModelRegressionTest" classname="BiTransactionsModelRegressionTest" file="C:\Users\prote\Documents\software-devel\ksf_bank_import\tests\unit\BiTransactionsModelRegressionTest.php" line="162" assertions="1" time="0.000481"/>
        <testcase name="test_trans_exists_no_duplicates" class="BiTransactionsModelRegressionTest" classname="BiTransactionsModelRegressionTest" file="C:\Users\prote\Documents\software-devel\ksf_bank_import\tests\unit\BiTransactionsModelRegressionTest.php" line="176" assertions="1" time="0.000534"/>
        <testcase name="test_trans_exists_single_duplicate" class="BiTransactionsModelRegressionTest" classname="BiTransactionsModelRegressionTest" file="C:\Users\prote\Documents\software-devel\ksf_bank_import\tests\unit\BiTransactionsModelRegressionTest.php" line="190" assertions="2" time="0.000685"/>
        <testcase name="test_trans_exists_multiple_duplicates" class="BiTransactionsModelRegressionTest" classname="BiTransactionsModelRegressionTest" file="C:\Users\prote\Documents\software-devel\ksf_bank_import\tests\unit\BiTransactionsModelRegressionTest.php" line="205" assertions="2" time="0.000538"/>
        <testcase name="test_update_matched_transaction" class="BiTransactionsModelRegressionTest" classname="BiTransactionsModelRegressionTest" file="C:\Users\prote\Documents\software-devel\ksf_bank_import\tests\unit\BiTransactionsModelRegressionTest.php" line="219" assertions="1" time="0.000477"/>
        <testcase name="test_update_created_transaction_validates_fields" class="BiTransactionsModelRegressionTest" classname="BiTransactionsModelRegressionTest" file="C:\Users\prote\Documents\software-devel\ksf_bank_import\tests\unit\BiTransactionsModelRegressionTest.php" line="232" assertions="1" time="0.000485"/>
        <testcase name="test_update_created_transaction_accountName_unchanged" class="BiTransactionsModelRegressionTest" classname="BiTransactionsModelRegressionTest" file="C:\Users\prote\Documents\software-devel\ksf_bank_import\tests\unit\BiTransactionsModelRegressionTest.php" line="245" assertions="1" time="0.000511"/>
        <testcase name="test_update_created_transaction_account_unchanged" class="BiTransactionsModelRegressionTest" classname="BiTransactionsModelRegressionTest" file="C:\Users\prote\Documents\software-devel\ksf_bank_import\tests\unit\BiTransactionsModelRegressionTest.php" line="257" assertions="1" time="0.000506"/>
        <testcase name="test_update_created_transaction_timestamps_unchanged" class="BiTransactionsModelRegressionTest" classname="BiTransactionsModelRegressionTest" file="C:\Users\prote\Documents\software-devel\ksf_bank_import\tests\unit\BiTransactionsModelRegressionTest.php" line="269" assertions="1" time="0.000536"/>
        <testcase name="test_update_created_transaction_amount_absolute_change" class="BiTransactionsModelRegressionTest" classname="BiTransactionsModelRegressionTest" file="C:\Users\prote\Documents\software-devel\ksf_bank_import\tests\unit\BiTransactionsModelRegressionTest.php" line="281" assertions="1" time="0.000711"/>
        <testcase name="test_update_created_transaction_amount_sign_change_allowed" class="BiTransactionsModelRegressionTest" classname="BiTransactionsModelRegressionTest" file="C:\Users\prote\Documents\software-devel\ksf_bank_import\tests\unit\BiTransactionsModelRegressionTest.php" line="294" assertions="1" time="0.000513"/>
        <testcase name="test_update_created_transaction_smt_id_change_allowed" class="BiTransactionsModelRegressionTest" classname="BiTransactionsModelRegressionTest" file="C:\Users\prote\Documents\software-devel\ksf_bank_import\tests\unit\BiTransactionsModelRegressionTest.php" line="307" assertions="1" time="0.000481"/>
        <testcase name="test_update_created_transaction_additional_fields_allowed" class="BiTransactionsModelRegressionTest" classname="BiTransactionsModelRegressionTest" file="C:\Users\prote\Documents\software-devel\ksf_bank_import\tests\unit\BiTransactionsModelRegressionTest.php" line="319" assertions="3" time="0.000721"/>
        <testcase name="test_toggleDebitCredit_D_to_C" class="BiTransactionsModelRegressionTest" classname="BiTransactionsModelRegressionTest" file="C:\Users\prote\Documents\software-devel\ksf_bank_import\tests\unit\BiTransactionsModelRegressionTest.php" line="337" assertions="3" time="0.000750"/>
        <testcase name="test_toggleDebitCredit_C_to_D" class="BiTransactionsModelRegressionTest" classname="BiTransactionsModelRegressionTest" file="C:\Users\prote\Documents\software-devel\ksf_bank_import\tests\unit\BiTransactionsModelRegressionTest.php" line="356" assertions="3" time="0.000710"/>
        <testcase name="test_toggleDebitCredit_invalid_value" class="BiTransactionsModelRegressionTest" classname="BiTransactionsModelRegressionTest" file="C:\Users\prote\Documents\software-devel\ksf_bank_import\tests\unit\BiTransactionsModelRegressionTest.php" line="376" assertions="2" time="0.000852"/>
        <testcase name="test_toggleDebitCredit_field_not_set" class="BiTransactionsModelRegressionTest" classname="BiTransactionsModelRegressionTest" file="C:\Users\prote\Documents\software-devel\ksf_bank_import\tests\unit\BiTransactionsModelRegressionTest.php" line="391" assertions="1" time="0.000553"/>
        <testcase name="test_set_limit_non_numeric_throws_exception" class="BiTransactionsModelRegressionTest" classname="BiTransactionsModelRegressionTest" file="C:\Users\prote\Documents\software-devel\ksf_bank_import\tests\unit\BiTransactionsModelRegressionTest.php" line="405" assertions="1" time="0.000547"/>
        <testcase name="test_set_limit_numeric_passes_validation" class="BiTransactionsModelRegressionTest" classname="BiTransactionsModelRegressionTest" file="C:\Users\prote\Documents\software-devel\ksf_bank_import\tests\unit\BiTransactionsModelRegressionTest.php" line="420" assertions="1" time="0.000509"/>
        <testcase name="test_db_prevoid_with_array_type" class="BiTransactionsModelRegressionTest" classname="BiTransactionsModelRegressionTest" file="C:\Users\prote\Documents\software-devel\ksf_bank_import\tests\unit\BiTransactionsModelRegressionTest.php" line="433" assertions="3" time="0.000573"/>
        <testcase name="test_db_prevoid_with_scalar_type" class="BiTransactionsModelRegressionTest" classname="BiTransactionsModelRegressionTest" file="C:\Users\prote\Documents\software-devel\ksf_bank_import\tests\unit\BiTransactionsModelRegressionTest.php" line="448" assertions="2" time="0.000537"/>
        <testcase name="test_summary_sql_with_status_filter" class="BiTransactionsModelRegressionTest" classname="BiTransactionsModelRegressionTest" file="C:\Users\prote\Documents\software-devel\ksf_bank_import\tests\unit\BiTransactionsModelRegressionTest.php" line="461" assertions="2" time="0.000822"/>
        <testcase name="test_summary_sql_no_status_filter" class="BiTransactionsModelRegressionTest" classname="BiTransactionsModelRegressionTest" file="C:\Users\prote\Documents\software-devel\ksf_bank_import\tests\unit\BiTransactionsModelRegressionTest.php" line="476" assertions="2" time="0.000571"/>
      </testsuite>
      <testsuite name="BiTransactionsSchemaTest" file="C:\Users\prote\Documents\software-devel\ksf_bank_import\tests\unit\BiTransactionsSchemaTest.php" tests="3" assertions="24" errors="0" warnings="0" failures="0" skipped="0" time="0.057044">
        <testcase name="testDescriptorHasStableShapeAndIsMemoized" class="BiTransactionsSchemaTest" classname="BiTransactionsSchemaTest" file="C:\Users\prote\Documents\software-devel\ksf_bank_import\tests\unit\BiTransactionsSchemaTest.php" line="8" assertions="17" time="0.055546"/>
        <testcase name="testFieldNamesCoversAllCreateTableColumns" class="BiTransactionsSchemaTest" classname="BiTransactionsSchemaTest" file="C:\Users\prote\Documents\software-devel\ksf_bank_import\tests\unit\BiTransactionsSchemaTest.php" line="42" assertions="5" time="0.000996"/>
        <testcase name="testTableNameUsesTbPrefIfAvailable" class="BiTransactionsSchemaTest" classname="BiTransactionsSchemaTest" file="C:\Users\prote\Documents\software-devel\ksf_bank_import\tests\unit\BiTransactionsSchemaTest.php" line="52" assertions="2" time="0.000502"/>
      </testsuite>
      <testsuite name="Tests\Unit\Commands\AddCustomerCommandTest" file="C:\Users\prote\Documents\software-devel\ksf_bank_import\tests\unit\Commands\AddCustomerCommandTest.php" tests="12" assertions="38" errors="0" warnings="0" failures="0" skipped="0" time="0.064379">
        <testcase name="it_creates_a_single_customer" class="Tests\Unit\Commands\AddCustomerCommandTest" classname="Tests.Unit.Commands.AddCustomerCommandTest" file="C:\Users\prote\Documents\software-devel\ksf_bank_import\tests\unit\Commands\AddCustomerCommandTest.php" line="30" assertions="3" time="0.056646"/>
        <testcase name="it_creates_multiple_customers" class="Tests\Unit\Commands\AddCustomerCommandTest" classname="Tests.Unit.Commands.AddCustomerCommandTest" file="C:\Users\prote\Documents\software-devel\ksf_bank_import\tests\unit\Commands\AddCustomerCommandTest.php" line="56" assertions="3" time="0.000796"/>
        <testcase name="it_returns_error_when_no_data_provided" class="Tests\Unit\Commands\AddCustomerCommandTest" classname="Tests.Unit.Commands.AddCustomerCommandTest" file="C:\Users\prote\Documents\software-devel\ksf_bank_import\tests\unit\Commands\AddCustomerCommandTest.php" line="86" assertions="2" time="0.000559"/>
        <testcase name="it_returns_error_when_add_customer_is_empty" class="Tests\Unit\Commands\AddCustomerCommandTest" classname="Tests.Unit.Commands.AddCustomerCommandTest" file="C:\Users\prote\Documents\software-devel\ksf_bank_import\tests\unit\Commands\AddCustomerCommandTest.php" line="105" assertions="2" time="0.000565"/>
        <testcase name="it_includes_created_customers_in_result_data" class="Tests\Unit\Commands\AddCustomerCommandTest" classname="Tests.Unit.Commands.AddCustomerCommandTest" file="C:\Users\prote\Documents\software-devel\ksf_bank_import\tests\unit\Commands\AddCustomerCommandTest.php" line="124" assertions="4" time="0.000909"/>
        <testcase name="it_has_correct_command_name" class="Tests\Unit\Commands\AddCustomerCommandTest" classname="Tests.Unit.Commands.AddCustomerCommandTest" file="C:\Users\prote\Documents\software-devel\ksf_bank_import\tests\unit\Commands\AddCustomerCommandTest.php" line="151" assertions="1" time="0.000509"/>
        <testcase name="it_returns_error_when_all_creations_fail" class="Tests\Unit\Commands\AddCustomerCommandTest" classname="Tests.Unit.Commands.AddCustomerCommandTest" file="C:\Users\prote\Documents\software-devel\ksf_bank_import\tests\unit\Commands\AddCustomerCommandTest.php" line="165" assertions="4" time="0.000733"/>
        <testcase name="it_returns_warning_for_partial_success" class="Tests\Unit\Commands\AddCustomerCommandTest" classname="Tests.Unit.Commands.AddCustomerCommandTest" file="C:\Users\prote\Documents\software-devel\ksf_bank_import\tests\unit\Commands\AddCustomerCommandTest.php" line="191" assertions="5" time="0.000812"/>
        <testcase name="it_uses_singular_form_for_single_customer" class="Tests\Unit\Commands\AddCustomerCommandTest" classname="Tests.Unit.Commands.AddCustomerCommandTest" file="C:\Users\prote\Documents\software-devel\ksf_bank_import\tests\unit\Commands\AddCustomerCommandTest.php" line="227" assertions="2" time="0.000627"/>
        <testcase name="it_uses_plural_form_for_multiple_customers" class="Tests\Unit\Commands\AddCustomerCommandTest" classname="Tests.Unit.Commands.AddCustomerCommandTest" file="C:\Users\prote\Documents\software-devel\ksf_bank_import\tests\unit\Commands\AddCustomerCommandTest.php" line="248" assertions="1" time="0.000669"/>
        <testcase name="it_handles_missing_transaction_gracefully" class="Tests\Unit\Commands\AddCustomerCommandTest" classname="Tests.Unit.Commands.AddCustomerCommandTest" file="C:\Users\prote\Documents\software-devel\ksf_bank_import\tests\unit\Commands\AddCustomerCommandTest.php" line="274" assertions="3" time="0.000701"/>
        <testcase name="it_collects_all_errors_when_multiple_failures_occur" class="Tests\Unit\Commands\AddCustomerCommandTest" classname="Tests.Unit.Commands.AddCustomerCommandTest" file="C:\Users\prote\Documents\software-devel\ksf_bank_import\tests\unit\Commands\AddCustomerCommandTest.php" line="297" assertions="8" time="0.000853"/>
      </testsuite>
      <testsuite name="Tests\Unit\Commands\AddVendorCommandTest" file="C:\Users\prote\Documents\software-devel\ksf_bank_import\tests\unit\Commands\AddVendorCommandTest.php" tests="12" assertions="38" errors="0" warnings="0" failures="0" skipped="0" time="0.072550">
        <testcase name="it_creates_a_single_vendor" class="Tests\Unit\Commands\AddVendorCommandTest" classname="Tests.Unit.Commands.AddVendorCommandTest" file="C:\Users\prote\Documents\software-devel\ksf_bank_import\tests\unit\Commands\AddVendorCommandTest.php" line="30" assertions="3" time="0.064947"/>
        <testcase name="it_creates_multiple_vendors" class="Tests\Unit\Commands\AddVendorCommandTest" classname="Tests.Unit.Commands.AddVendorCommandTest" file="C:\Users\prote\Documents\software-devel\ksf_bank_import\tests\unit\Commands\AddVendorCommandTest.php" line="56" assertions="3" time="0.000779"/>
        <testcase name="it_returns_error_when_no_data_provided" class="Tests\Unit\Commands\AddVendorCommandTest" classname="Tests.Unit.Commands.AddVendorCommandTest" file="C:\Users\prote\Documents\software-devel\ksf_bank_import\tests\unit\Commands\AddVendorCommandTest.php" line="86" assertions="2" time="0.000568"/>
        <testcase name="it_returns_error_when_add_vendor_is_empty" class="Tests\Unit\Commands\AddVendorCommandTest" classname="Tests.Unit.Commands.AddVendorCommandTest" file="C:\Users\prote\Documents\software-devel\ksf_bank_import\tests\unit\Commands\AddVendorCommandTest.php" line="105" assertions="2" time="0.000580"/>
        <testcase name="it_includes_created_vendors_in_result_data" class="Tests\Unit\Commands\AddVendorCommandTest" classname="Tests.Unit.Commands.AddVendorCommandTest" file="C:\Users\prote\Documents\software-devel\ksf_bank_import\tests\unit\Commands\AddVendorCommandTest.php" line="124" assertions="4" time="0.000699"/>
        <testcase name="it_has_correct_command_name" class="Tests\Unit\Commands\AddVendorCommandTest" classname="Tests.Unit.Commands.AddVendorCommandTest" file="C:\Users\prote\Documents\software-devel\ksf_bank_import\tests\unit\Commands\AddVendorCommandTest.php" line="151" assertions="1" time="0.000490"/>
        <testcase name="it_returns_error_when_all_creations_fail" class="Tests\Unit\Commands\AddVendorCommandTest" classname="Tests.Unit.Commands.AddVendorCommandTest" file="C:\Users\prote\Documents\software-devel\ksf_bank_import\tests\unit\Commands\AddVendorCommandTest.php" line="165" assertions="4" time="0.000781"/>
        <testcase name="it_returns_warning_for_partial_success" class="Tests\Unit\Commands\AddVendorCommandTest" classname="Tests.Unit.Commands.AddVendorCommandTest" file="C:\Users\prote\Documents\software-devel\ksf_bank_import\tests\unit\Commands\AddVendorCommandTest.php" line="191" assertions="5" time="0.000864"/>
        <testcase name="it_uses_singular_form_for_single_vendor" class="Tests\Unit\Commands\AddVendorCommandTest" classname="Tests.Unit.Commands.AddVendorCommandTest" file="C:\Users\prote\Documents\software-devel\ksf_bank_import\tests\unit\Commands\AddVendorCommandTest.php" line="227" assertions="2" time="0.000645"/>
        <testcase name="it_uses_plural_form_for_multiple_vendors" class="Tests\Unit\Commands\AddVendorCommandTest" classname="Tests.Unit.Commands.AddVendorCommandTest" file="C:\Users\prote\Documents\software-devel\ksf_bank_import\tests\unit\Commands\AddVendorCommandTest.php" line="248" assertions="1" time="0.000645"/>
        <testcase name="it_handles_missing_transaction_gracefully" class="Tests\Unit\Commands\AddVendorCommandTest" classname="Tests.Unit.Commands.AddVendorCommandTest" file="C:\Users\prote\Documents\software-devel\ksf_bank_import\tests\unit\Commands\AddVendorCommandTest.php" line="274" assertions="3" time="0.000666"/>
        <testcase name="it_collects_all_errors_when_multiple_failures_occur" class="Tests\Unit\Commands\AddVendorCommandTest" classname="Tests.Unit.Commands.AddVendorCommandTest" file="C:\Users\prote\Documents\software-devel\ksf_bank_import\tests\unit\Commands\AddVendorCommandTest.php" line="297" assertions="8" time="0.000884"/>
      </testsuite>
      <testsuite name="Tests\Unit\Commands\CommandDispatcherTest" file="C:\Users\prote\Documents\software-devel\ksf_bank_import\tests\unit\Commands\CommandDispatcherTest.php" tests="9" assertions="19" errors="0" warnings="0" failures="0" skipped="0" time="3.558647">
        <testcase name="it_registers_a_command" class="Tests\Unit\Commands\CommandDispatcherTest" classname="Tests.Unit.Commands.CommandDispatcherTest" file="C:\Users\prote\Documents\software-devel\ksf_bank_import\tests\unit\Commands\CommandDispatcherTest.php" line="31" assertions="1" time="3.553222"/>
        <testcase name="it_throws_exception_when_registering_invalid_command" class="Tests\Unit\Commands\CommandDispatcherTest" classname="Tests.Unit.Commands.CommandDispatcherTest" file="C:\Users\prote\Documents\software-devel\ksf_bank_import\tests\unit\Commands\CommandDispatcherTest.php" line="41" assertions="2" time="0.000724"/>
        <testcase name="it_dispatches_to_registered_command" class="Tests\Unit\Commands\CommandDispatcherTest" classname="Tests.Unit.Commands.CommandDispatcherTest" file="C:\Users\prote\Documents\software-devel\ksf_bank_import\tests\unit\Commands\CommandDispatcherTest.php" line="52" assertions="2" time="0.000662"/>
        <testcase name="it_returns_error_for_unknown_action" class="Tests\Unit\Commands\CommandDispatcherTest" classname="Tests.Unit.Commands.CommandDispatcherTest" file="C:\Users\prote\Documents\software-devel\ksf_bank_import\tests\unit\Commands\CommandDispatcherTest.php" line="70" assertions="2" time="0.000594"/>
        <testcase name="it_passes_post_data_to_command" class="Tests\Unit\Commands\CommandDispatcherTest" classname="Tests.Unit.Commands.CommandDispatcherTest" file="C:\Users\prote\Documents\software-devel\ksf_bank_import\tests\unit\Commands\CommandDispatcherTest.php" line="81" assertions="2" time="0.000626"/>
        <testcase name="it_registers_default_commands_on_construction" class="Tests\Unit\Commands\CommandDispatcherTest" classname="Tests.Unit.Commands.CommandDispatcherTest" file="C:\Users\prote\Documents\software-devel\ksf_bank_import\tests\unit\Commands\CommandDispatcherTest.php" line="99" assertions="4" time="0.000937"/>
        <testcase name="it_returns_all_registered_actions" class="Tests\Unit\Commands\CommandDispatcherTest" classname="Tests.Unit.Commands.CommandDispatcherTest" file="C:\Users\prote\Documents\software-devel\ksf_bank_import\tests\unit\Commands\CommandDispatcherTest.php" line="113" assertions="3" time="0.000710"/>
        <testcase name="it_allows_overriding_registered_commands" class="Tests\Unit\Commands\CommandDispatcherTest" classname="Tests.Unit.Commands.CommandDispatcherTest" file="C:\Users\prote\Documents\software-devel\ksf_bank_import\tests\unit\Commands\CommandDispatcherTest.php" line="128" assertions="1" time="0.000533"/>
        <testcase name="it_handles_command_execution_exceptions_gracefully" class="Tests\Unit\Commands\CommandDispatcherTest" classname="Tests.Unit.Commands.CommandDispatcherTest" file="C:\Users\prote\Documents\software-devel\ksf_bank_import\tests\unit\Commands\CommandDispatcherTest.php" line="139" assertions="2" time="0.000639"/>
      </testsuite>
      <testsuite name="Tests\Unit\Commands\ToggleDebitCreditCommandTest" file="C:\Users\prote\Documents\software-devel\ksf_bank_import\tests\unit\Commands\ToggleDebitCreditCommandTest.php" tests="12" assertions="39" errors="0" warnings="0" failures="0" skipped="0" time="0.009394">
        <testcase name="it_toggles_a_single_transaction" class="Tests\Unit\Commands\ToggleDebitCreditCommandTest" classname="Tests.Unit.Commands.ToggleDebitCreditCommandTest" file="C:\Users\prote\Documents\software-devel\ksf_bank_import\tests\unit\Commands\ToggleDebitCreditCommandTest.php" line="28" assertions="3" time="0.000717"/>
        <testcase name="it_toggles_multiple_transactions" class="Tests\Unit\Commands\ToggleDebitCreditCommandTest" classname="Tests.Unit.Commands.ToggleDebitCreditCommandTest" file="C:\Users\prote\Documents\software-devel\ksf_bank_import\tests\unit\Commands\ToggleDebitCreditCommandTest.php" line="47" assertions="3" time="0.000851"/>
        <testcase name="it_returns_error_when_no_data_provided" class="Tests\Unit\Commands\ToggleDebitCreditCommandTest" classname="Tests.Unit.Commands.ToggleDebitCreditCommandTest" file="C:\Users\prote\Documents\software-devel\ksf_bank_import\tests\unit\Commands\ToggleDebitCreditCommandTest.php" line="72" assertions="2" time="0.000657"/>
        <testcase name="it_returns_error_when_toggle_transaction_is_empty" class="Tests\Unit\Commands\ToggleDebitCreditCommandTest" classname="Tests.Unit.Commands.ToggleDebitCreditCommandTest" file="C:\Users\prote\Documents\software-devel\ksf_bank_import\tests\unit\Commands\ToggleDebitCreditCommandTest.php" line="90" assertions="2" time="0.000742"/>
        <testcase name="it_tracks_old_and_new_dc_values" class="Tests\Unit\Commands\ToggleDebitCreditCommandTest" classname="Tests.Unit.Commands.ToggleDebitCreditCommandTest" file="C:\Users\prote\Documents\software-devel\ksf_bank_import\tests\unit\Commands\ToggleDebitCreditCommandTest.php" line="108" assertions="5" time="0.000726"/>
        <testcase name="it_has_correct_command_name" class="Tests\Unit\Commands\ToggleDebitCreditCommandTest" classname="Tests.Unit.Commands.ToggleDebitCreditCommandTest" file="C:\Users\prote\Documents\software-devel\ksf_bank_import\tests\unit\Commands\ToggleDebitCreditCommandTest.php" line="135" assertions="1" time="0.000530"/>
        <testcase name="it_returns_error_when_all_toggles_fail" class="Tests\Unit\Commands\ToggleDebitCreditCommandTest" classname="Tests.Unit.Commands.ToggleDebitCreditCommandTest" file="C:\Users\prote\Documents\software-devel\ksf_bank_import\tests\unit\Commands\ToggleDebitCreditCommandTest.php" line="148" assertions="4" time="0.000730"/>
        <testcase name="it_returns_warning_for_partial_success" class="Tests\Unit\Commands\ToggleDebitCreditCommandTest" classname="Tests.Unit.Commands.ToggleDebitCreditCommandTest" file="C:\Users\prote\Documents\software-devel\ksf_bank_import\tests\unit\Commands\ToggleDebitCreditCommandTest.php" line="172" assertions="5" time="0.000771"/>
        <testcase name="it_uses_singular_form_for_single_transaction" class="Tests\Unit\Commands\ToggleDebitCreditCommandTest" classname="Tests.Unit.Commands.ToggleDebitCreditCommandTest" file="C:\Users\prote\Documents\software-devel\ksf_bank_import\tests\unit\Commands\ToggleDebitCreditCommandTest.php" line="204" assertions="2" time="0.001070"/>
        <testcase name="it_uses_plural_form_for_multiple_transactions" class="Tests\Unit\Commands\ToggleDebitCreditCommandTest" classname="Tests.Unit.Commands.ToggleDebitCreditCommandTest" file="C:\Users\prote\Documents\software-devel\ksf_bank_import\tests\unit\Commands\ToggleDebitCreditCommandTest.php" line="222" assertions="1" time="0.000723"/>
        <testcase name="it_collects_all_errors_when_multiple_failures_occur" class="Tests\Unit\Commands\ToggleDebitCreditCommandTest" classname="Tests.Unit.Commands.ToggleDebitCreditCommandTest" file="C:\Users\prote\Documents\software-devel\ksf_bank_import\tests\unit\Commands\ToggleDebitCreditCommandTest.php" line="244" assertions="8" time="0.000937"/>
        <testcase name="it_includes_toggled_transaction_ids_in_result" class="Tests\Unit\Commands\ToggleDebitCreditCommandTest" classname="Tests.Unit.Commands.ToggleDebitCreditCommandTest" file="C:\Users\prote\Documents\software-devel\ksf_bank_import\tests\unit\Commands\ToggleDebitCreditCommandTest.php" line="277" assertions="3" time="0.000941"/>
      </testsuite>
      <testsuite name="Tests\Unit\Commands\UnsetTransactionCommandTest" file="C:\Users\prote\Documents\software-devel\ksf_bank_import\tests\unit\Commands\UnsetTransactionCommandTest.php" tests="11" assertions="25" errors="0" warnings="0" failures="0" skipped="0" time="0.007366">
        <testcase name="it_unsets_a_single_transaction" class="Tests\Unit\Commands\UnsetTransactionCommandTest" classname="Tests.Unit.Commands.UnsetTransactionCommandTest" file="C:\Users\prote\Documents\software-devel\ksf_bank_import\tests\unit\Commands\UnsetTransactionCommandTest.php" line="28" assertions="3" time="0.000633"/>
        <testcase name="it_unsets_multiple_transactions" class="Tests\Unit\Commands\UnsetTransactionCommandTest" classname="Tests.Unit.Commands.UnsetTransactionCommandTest" file="C:\Users\prote\Documents\software-devel\ksf_bank_import\tests\unit\Commands\UnsetTransactionCommandTest.php" line="43" assertions="5" time="0.000700"/>
        <testcase name="it_returns_error_when_no_transactions_provided" class="Tests\Unit\Commands\UnsetTransactionCommandTest" classname="Tests.Unit.Commands.UnsetTransactionCommandTest" file="C:\Users\prote\Documents\software-devel\ksf_bank_import\tests\unit\Commands\UnsetTransactionCommandTest.php" line="66" assertions="2" time="0.000564"/>
        <testcase name="it_returns_error_when_unset_trans_is_empty" class="Tests\Unit\Commands\UnsetTransactionCommandTest" classname="Tests.Unit.Commands.UnsetTransactionCommandTest" file="C:\Users\prote\Documents\software-devel\ksf_bank_import\tests\unit\Commands\UnsetTransactionCommandTest.php" line="80" assertions="2" time="0.000872"/>
        <testcase name="it_includes_count_in_result_data" class="Tests\Unit\Commands\UnsetTransactionCommandTest" classname="Tests.Unit.Commands.UnsetTransactionCommandTest" file="C:\Users\prote\Documents\software-devel\ksf_bank_import\tests\unit\Commands\UnsetTransactionCommandTest.php" line="94" assertions="1" time="0.000615"/>
        <testcase name="it_includes_transaction_ids_in_result_data" class="Tests\Unit\Commands\UnsetTransactionCommandTest" classname="Tests.Unit.Commands.UnsetTransactionCommandTest" file="C:\Users\prote\Documents\software-devel\ksf_bank_import\tests\unit\Commands\UnsetTransactionCommandTest.php" line="112" assertions="3" time="0.000648"/>
        <testcase name="it_has_correct_command_name" class="Tests\Unit\Commands\UnsetTransactionCommandTest" classname="Tests.Unit.Commands.UnsetTransactionCommandTest" file="C:\Users\prote\Documents\software-devel\ksf_bank_import\tests\unit\Commands\UnsetTransactionCommandTest.php" line="133" assertions="1" time="0.000734"/>
        <testcase name="it_handles_repository_errors_gracefully" class="Tests\Unit\Commands\UnsetTransactionCommandTest" classname="Tests.Unit.Commands.UnsetTransactionCommandTest" file="C:\Users\prote\Documents\software-devel\ksf_bank_import\tests\unit\Commands\UnsetTransactionCommandTest.php" line="143" assertions="2" time="0.000650"/>
        <testcase name="it_resets_transactions_with_correct_parameters" class="Tests\Unit\Commands\UnsetTransactionCommandTest" classname="Tests.Unit.Commands.UnsetTransactionCommandTest" file="C:\Users\prote\Documents\software-devel\ksf_bank_import\tests\unit\Commands\UnsetTransactionCommandTest.php" line="158" assertions="2" time="0.000642"/>
        <testcase name="it_uses_plural_form_for_multiple_transactions" class="Tests\Unit\Commands\UnsetTransactionCommandTest" classname="Tests.Unit.Commands.UnsetTransactionCommandTest" file="C:\Users\prote\Documents\software-devel\ksf_bank_import\tests\unit\Commands\UnsetTransactionCommandTest.php" line="174" assertions="2" time="0.000641"/>
        <testcase name="it_uses_singular_form_for_single_transaction" class="Tests\Unit\Commands\UnsetTransactionCommandTest" classname="Tests.Unit.Commands.UnsetTransactionCommandTest" file="C:\Users\prote\Documents\software-devel\ksf_bank_import\tests\unit\Commands\UnsetTransactionCommandTest.php" line="193" assertions="2" time="0.000668"/>
      </testsuite>
      <testsuite name="Tests\Unit\Config\BankImportConfigIntegrationTest" file="C:\Users\prote\Documents\software-devel\ksf_bank_import\tests\unit\Config\BankImportConfigIntegrationTest.php" tests="10" assertions="10" errors="4" warnings="0" failures="0" skipped="0" time="0.954653">
        <testcase name="it_can_set_and_get_trans_ref_logging_enabled" class="Tests\Unit\Config\BankImportConfigIntegrationTest" classname="Tests.Unit.Config.BankImportConfigIntegrationTest" file="C:\Users\prote\Documents\software-devel\ksf_bank_import\tests\unit\Config\BankImportConfigIntegrationTest.php" line="43" assertions="1" time="0.945175"/>
        <testcase name="it_can_set_and_get_trans_ref_logging_disabled" class="Tests\Unit\Config\BankImportConfigIntegrationTest" classname="Tests.Unit.Config.BankImportConfigIntegrationTest" file="C:\Users\prote\Documents\software-devel\ksf_bank_import\tests\unit\Config\BankImportConfigIntegrationTest.php" line="53" assertions="1" time="0.000667"/>
        <testcase name="it_can_set_and_get_trans_ref_account" class="Tests\Unit\Config\BankImportConfigIntegrationTest" classname="Tests.Unit.Config.BankImportConfigIntegrationTest" file="C:\Users\prote\Documents\software-devel\ksf_bank_import\tests\unit\Config\BankImportConfigIntegrationTest.php" line="63" assertions="0" time="0.000964">
          <error type="InvalidArgumentException">Tests\Unit\Config\BankImportConfigIntegrationTest::it_can_set_and_get_trans_ref_account
InvalidArgumentException: GL account '1060' does not exist

C:\Users\prote\Documents\software-devel\ksf_bank_import\src\Ksfraser\FaBankImport\config\BankImportConfig.php:109
C:\Users\prote\Documents\software-devel\ksf_bank_import\tests\unit\Config\BankImportConfigIntegrationTest.php:65</error>
        </testcase>
        <testcase name="it_toggles_logging_correctly" class="Tests\Unit\Config\BankImportConfigIntegrationTest" classname="Tests.Unit.Config.BankImportConfigIntegrationTest" file="C:\Users\prote\Documents\software-devel\ksf_bank_import\tests\unit\Config\BankImportConfigIntegrationTest.php" line="73" assertions="3" time="0.000801"/>
        <testcase name="it_persists_multiple_settings" class="Tests\Unit\Config\BankImportConfigIntegrationTest" classname="Tests.Unit.Config.BankImportConfigIntegrationTest" file="C:\Users\prote\Documents\software-devel\ksf_bank_import\tests\unit\Config\BankImportConfigIntegrationTest.php" line="91" assertions="0" time="0.000862">
          <error type="InvalidArgumentException">Tests\Unit\Config\BankImportConfigIntegrationTest::it_persists_multiple_settings
InvalidArgumentException: GL account '2100' does not exist

C:\Users\prote\Documents\software-devel\ksf_bank_import\src\Ksfraser\FaBankImport\config\BankImportConfig.php:109
C:\Users\prote\Documents\software-devel\ksf_bank_import\tests\unit\Config\BankImportConfigIntegrationTest.php:94</error>
        </testcase>
        <testcase name="it_resets_to_defaults" class="Tests\Unit\Config\BankImportConfigIntegrationTest" classname="Tests.Unit.Config.BankImportConfigIntegrationTest" file="C:\Users\prote\Documents\software-devel\ksf_bank_import\tests\unit\Config\BankImportConfigIntegrationTest.php" line="103" assertions="0" time="0.001422">
          <error type="InvalidArgumentException">Tests\Unit\Config\BankImportConfigIntegrationTest::it_resets_to_defaults
InvalidArgumentException: GL account '9999' does not exist

C:\Users\prote\Documents\software-devel\ksf_bank_import\src\Ksfraser\FaBankImport\config\BankImportConfig.php:109
C:\Users\prote\Documents\software-devel\ksf_bank_import\tests\unit\Config\BankImportConfigIntegrationTest.php:107</error>
        </testcase>
        <testcase name="it_returns_all_settings_as_array" class="Tests\Unit\Config\BankImportConfigIntegrationTest" classname="Tests.Unit.Config.BankImportConfigIntegrationTest" file="C:\Users\prote\Documents\software-devel\ksf_bank_import\tests\unit\Config\BankImportConfigIntegrationTest.php" line="120" assertions="0" time="0.001402">
          <error type="InvalidArgumentException">Tests\Unit\Config\BankImportConfigIntegrationTest::it_returns_all_settings_as_array
InvalidArgumentException: GL account '1234' does not exist

C:\Users\prote\Documents\software-devel\ksf_bank_import\src\Ksfraser\FaBankImport\config\BankImportConfig.php:109
C:\Users\prote\Documents\software-devel\ksf_bank_import\tests\unit\Config\BankImportConfigIntegrationTest.php:123</error>
        </testcase>
        <testcase name="it_handles_string_to_boolean_conversion" class="Tests\Unit\Config\BankImportConfigIntegrationTest" classname="Tests.Unit.Config.BankImportConfigIntegrationTest" file="C:\Users\prote\Documents\software-devel\ksf_bank_import\tests\unit\Config\BankImportConfigIntegrationTest.php" line="135" assertions="2" time="0.000901"/>
        <testcase name="it_handles_empty_string_as_default" class="Tests\Unit\Config\BankImportConfigIntegrationTest" classname="Tests.Unit.Config.BankImportConfigIntegrationTest" file="C:\Users\prote\Documents\software-devel\ksf_bank_import\tests\unit\Config\BankImportConfigIntegrationTest.php" line="149" assertions="1" time="0.000883"/>
        <testcase name="it_handles_null_preference_as_default" class="Tests\Unit\Config\BankImportConfigIntegrationTest" classname="Tests.Unit.Config.BankImportConfigIntegrationTest" file="C:\Users\prote\Documents\software-devel\ksf_bank_import\tests\unit\Config\BankImportConfigIntegrationTest.php" line="161" assertions="2" time="0.001577"/>
      </testsuite>
      <testsuite name="Tests\Unit\Config\BankImportConfigTest" file="C:\Users\prote\Documents\software-devel\ksf_bank_import\tests\unit\Config\BankImportConfigTest.php" tests="10" assertions="19" errors="0" warnings="1" failures="0" skipped="0" time="0.008508">
        <testcase name="it_returns_true_for_default_trans_ref_logging" class="Tests\Unit\Config\BankImportConfigTest" classname="Tests.Unit.Config.BankImportConfigTest" file="C:\Users\prote\Documents\software-devel\ksf_bank_import\tests\unit\Config\BankImportConfigTest.php" line="42" assertions="1" time="0.000781"/>
        <testcase name="it_returns_default_account_0000" class="Tests\Unit\Config\BankImportConfigTest" classname="Tests.Unit.Config.BankImportConfigTest" file="C:\Users\prote\Documents\software-devel\ksf_bank_import\tests\unit\Config\BankImportConfigTest.php" line="53" assertions="1" time="0.000618"/>
        <testcase name="it_has_constant_for_default_account" class="Tests\Unit\Config\BankImportConfigTest" classname="Tests.Unit.Config.BankImportConfigTest" file="C:\Users\prote\Documents\software-devel\ksf_bank_import\tests\unit\Config\BankImportConfigTest.php" line="64" assertions="2" time="0.000723"/>
        <testcase name="it_returns_boolean_for_logging_enabled" class="Tests\Unit\Config\BankImportConfigTest" classname="Tests.Unit.Config.BankImportConfigTest" file="C:\Users\prote\Documents\software-devel\ksf_bank_import\tests\unit\Config\BankImportConfigTest.php" line="76" assertions="1" time="0.000535"/>
        <testcase name="it_returns_string_for_account" class="Tests\Unit\Config\BankImportConfigTest" classname="Tests.Unit.Config.BankImportConfigTest" file="C:\Users\prote\Documents\software-devel\ksf_bank_import\tests\unit\Config\BankImportConfigTest.php" line="86" assertions="1" time="0.000517"/>
        <testcase name="it_has_get_all_settings_method" class="Tests\Unit\Config\BankImportConfigTest" classname="Tests.Unit.Config.BankImportConfigTest" file="C:\Users\prote\Documents\software-devel\ksf_bank_import\tests\unit\Config\BankImportConfigTest.php" line="96" assertions="1" time="0.000558"/>
        <testcase name="it_returns_array_from_get_all_settings" class="Tests\Unit\Config\BankImportConfigTest" classname="Tests.Unit.Config.BankImportConfigTest" file="C:\Users\prote\Documents\software-devel\ksf_bank_import\tests\unit\Config\BankImportConfigTest.php" line="106" assertions="3" time="0.000640"/>
        <testcase name="it_has_reset_to_defaults_method" class="Tests\Unit\Config\BankImportConfigTest" classname="Tests.Unit.Config.BankImportConfigTest" file="C:\Users\prote\Documents\software-devel\ksf_bank_import\tests\unit\Config\BankImportConfigTest.php" line="118" assertions="1" time="0.002642"/>
        <testcase name="it_validates_account_code_format" class="Tests\Unit\Config\BankImportConfigTest" classname="Tests.Unit.Config.BankImportConfigTest" file="C:\Users\prote\Documents\software-devel\ksf_bank_import\tests\unit\Config\BankImportConfigTest.php" line="128" assertions="2" time="0.000786">
          <warning type="PHPUnit\Framework\Warning">Tests\Unit\Config\BankImportConfigTest::it_validates_account_code_format
assertRegExp() is deprecated and will be removed in PHPUnit 10. Refactor your code to use assertMatchesRegularExpression() instead.</warning>
        </testcase>
        <testcase name="it_has_static_methods_only" class="Tests\Unit\Config\BankImportConfigTest" classname="Tests.Unit.Config.BankImportConfigTest" file="C:\Users\prote\Documents\software-devel\ksf_bank_import\tests\unit\Config\BankImportConfigTest.php" line="140" assertions="6" time="0.000708"/>
      </testsuite>
      <testsuite name="ContactImportHelperTest" file="C:\Users\prote\Documents\software-devel\ksf_bank_import\tests\unit\ContactImportHelperTest.php" tests="1" assertions="1" errors="0" warnings="0" failures="0" skipped="0" time="0.192500">
        <testcase name="test_no_contact_returns_null" class="ContactImportHelperTest" classname="ContactImportHelperTest" file="C:\Users\prote\Documents\software-devel\ksf_bank_import\tests\unit\ContactImportHelperTest.php" line="6" assertions="1" time="0.192500"/>
      </testsuite>
      <testsuite name="Tests\Unit\ContainerTest" file="C:\Users\prote\Documents\software-devel\ksf_bank_import\tests\unit\ContainerTest.php" tests="5" assertions="5" errors="0" warnings="0" failures="0" skipped="0" time="0.759489">
        <testcase name="testGetTransactionService" class="Tests\Unit\ContainerTest" classname="Tests.Unit.ContainerTest" file="C:\Users\prote\Documents\software-devel\ksf_bank_import\tests\unit\ContainerTest.php" line="20" assertions="1" time="0.757387"/>
        <testcase name="testGetTransactionTypeFactory" class="Tests\Unit\ContainerTest" classname="Tests.Unit.ContainerTest" file="C:\Users\prote\Documents\software-devel\ksf_bank_import\tests\unit\ContainerTest.php" line="26" assertions="1" time="0.000568"/>
        <testcase name="testGetTransactionRepository" class="Tests\Unit\ContainerTest" classname="Tests.Unit.ContainerTest" file="C:\Users\prote\Documents\software-devel\ksf_bank_import\tests\unit\ContainerTest.php" line="32" assertions="1" time="0.000500"/>
        <testcase name="testSingletonBehavior" class="Tests\Unit\ContainerTest" classname="Tests.Unit.ContainerTest" file="C:\Users\prote\Documents\software-devel\ksf_bank_import\tests\unit\ContainerTest.php" line="38" assertions="1" time="0.000527"/>
        <testcase name="testServiceCaching" class="Tests\Unit\ContainerTest" classname="Tests.Unit.ContainerTest" file="C:\Users\prote\Documents\software-devel\ksf_bank_import\tests\unit\ContainerTest.php" line="46" assertions="1" time="0.000506"/>
      </testsuite>
      <testsuite name="Ksfraser\Tests\Unit\CustomerDataProviderTest" file="C:\Users\prote\Documents\software-devel\ksf_bank_import\tests\unit\CustomerDataProviderTest.php" tests="28" assertions="47" errors="0" warnings="0" failures="0" skipped="0" time="0.137814">
        <testcase name="testConstruction" class="Ksfraser\Tests\Unit\CustomerDataProviderTest" classname="Ksfraser.Tests.Unit.CustomerDataProviderTest" file="C:\Users\prote\Documents\software-devel\ksf_bank_import\tests\unit\CustomerDataProviderTest.php" line="32" assertions="1" time="0.121728"/>
        <testcase name="testGetCustomersReturnsArray" class="Ksfraser\Tests\Unit\CustomerDataProviderTest" classname="Ksfraser.Tests.Unit.CustomerDataProviderTest" file="C:\Users\prote\Documents\software-devel\ksf_bank_import\tests\unit\CustomerDataProviderTest.php" line="40" assertions="1" time="0.000587"/>
        <testcase name="testGetCustomersWithMockData" class="Ksfraser\Tests\Unit\CustomerDataProviderTest" classname="Ksfraser.Tests.Unit.CustomerDataProviderTest" file="C:\Users\prote\Documents\software-devel\ksf_bank_import\tests\unit\CustomerDataProviderTest.php" line="48" assertions="3" time="0.000578"/>
        <testcase name="testStaticCachingPreventsDuplicateLoads" class="Ksfraser\Tests\Unit\CustomerDataProviderTest" classname="Ksfraser.Tests.Unit.CustomerDataProviderTest" file="C:\Users\prote\Documents\software-devel\ksf_bank_import\tests\unit\CustomerDataProviderTest.php" line="65" assertions="2" time="0.000544"/>
        <testcase name="testGetCustomerNameById" class="Ksfraser\Tests\Unit\CustomerDataProviderTest" classname="Ksfraser.Tests.Unit.CustomerDataProviderTest" file="C:\Users\prote\Documents\software-devel\ksf_bank_import\tests\unit\CustomerDataProviderTest.php" line="85" assertions="1" time="0.000489"/>
        <testcase name="testGetCustomerNameByIdReturnsNullForUnknown" class="Ksfraser\Tests\Unit\CustomerDataProviderTest" classname="Ksfraser.Tests.Unit.CustomerDataProviderTest" file="C:\Users\prote\Documents\software-devel\ksf_bank_import\tests\unit\CustomerDataProviderTest.php" line="100" assertions="1" time="0.000492"/>
        <testcase name="testGetCustomerCount" class="Ksfraser\Tests\Unit\CustomerDataProviderTest" classname="Ksfraser.Tests.Unit.CustomerDataProviderTest" file="C:\Users\prote\Documents\software-devel\ksf_bank_import\tests\unit\CustomerDataProviderTest.php" line="114" assertions="1" time="0.000489"/>
        <testcase name="testGetBranchesReturnsArray" class="Ksfraser\Tests\Unit\CustomerDataProviderTest" classname="Ksfraser.Tests.Unit.CustomerDataProviderTest" file="C:\Users\prote\Documents\software-devel\ksf_bank_import\tests\unit\CustomerDataProviderTest.php" line="132" assertions="1" time="0.000509"/>
        <testcase name="testGetBranchesWithMockData" class="Ksfraser\Tests\Unit\CustomerDataProviderTest" classname="Ksfraser.Tests.Unit.CustomerDataProviderTest" file="C:\Users\prote\Documents\software-devel\ksf_bank_import\tests\unit\CustomerDataProviderTest.php" line="140" assertions="3" time="0.000633"/>
        <testcase name="testGetBranchesForUnknownCustomerReturnsEmptyArray" class="Ksfraser\Tests\Unit\CustomerDataProviderTest" classname="Ksfraser.Tests.Unit.CustomerDataProviderTest" file="C:\Users\prote\Documents\software-devel\ksf_bank_import\tests\unit\CustomerDataProviderTest.php" line="162" assertions="2" time="0.000865"/>
        <testcase name="testGetBranchNameById" class="Ksfraser\Tests\Unit\CustomerDataProviderTest" classname="Ksfraser.Tests.Unit.CustomerDataProviderTest" file="C:\Users\prote\Documents\software-devel\ksf_bank_import\tests\unit\CustomerDataProviderTest.php" line="179" assertions="1" time="0.000494"/>
        <testcase name="testGetBranchNameByIdReturnsNullForUnknownCustomer" class="Ksfraser\Tests\Unit\CustomerDataProviderTest" classname="Ksfraser.Tests.Unit.CustomerDataProviderTest" file="C:\Users\prote\Documents\software-devel\ksf_bank_import\tests\unit\CustomerDataProviderTest.php" line="196" assertions="1" time="0.000489"/>
        <testcase name="testGetBranchNameByIdReturnsNullForUnknownBranch" class="Ksfraser\Tests\Unit\CustomerDataProviderTest" classname="Ksfraser.Tests.Unit.CustomerDataProviderTest" file="C:\Users\prote\Documents\software-devel\ksf_bank_import\tests\unit\CustomerDataProviderTest.php" line="212" assertions="1" time="0.000489"/>
        <testcase name="testGetBranchCount" class="Ksfraser\Tests\Unit\CustomerDataProviderTest" classname="Ksfraser.Tests.Unit.CustomerDataProviderTest" file="C:\Users\prote\Documents\software-devel\ksf_bank_import\tests\unit\CustomerDataProviderTest.php" line="228" assertions="1" time="0.000503"/>
        <testcase name="testGenerateCustomerSelectHtmlReturnsString" class="Ksfraser\Tests\Unit\CustomerDataProviderTest" classname="Ksfraser.Tests.Unit.CustomerDataProviderTest" file="C:\Users\prote\Documents\software-devel\ksf_bank_import\tests\unit\CustomerDataProviderTest.php" line="250" assertions="2" time="0.000766"/>
        <testcase name="testGenerateCustomerSelectHtmlContainsFieldName" class="Ksfraser\Tests\Unit\CustomerDataProviderTest" classname="Ksfraser.Tests.Unit.CustomerDataProviderTest" file="C:\Users\prote\Documents\software-devel\ksf_bank_import\tests\unit\CustomerDataProviderTest.php" line="265" assertions="1" time="0.000634"/>
        <testcase name="testGenerateCustomerSelectHtmlContainsCustomerNames" class="Ksfraser\Tests\Unit\CustomerDataProviderTest" classname="Ksfraser.Tests.Unit.CustomerDataProviderTest" file="C:\Users\prote\Documents\software-devel\ksf_bank_import\tests\unit\CustomerDataProviderTest.php" line="279" assertions="2" time="0.000764"/>
        <testcase name="testGenerateBranchSelectHtmlReturnsString" class="Ksfraser\Tests\Unit\CustomerDataProviderTest" classname="Ksfraser.Tests.Unit.CustomerDataProviderTest" file="C:\Users\prote\Documents\software-devel\ksf_bank_import\tests\unit\CustomerDataProviderTest.php" line="295" assertions="2" time="0.000806"/>
        <testcase name="testGenerateBranchSelectHtmlContainsFieldName" class="Ksfraser\Tests\Unit\CustomerDataProviderTest" classname="Ksfraser.Tests.Unit.CustomerDataProviderTest" file="C:\Users\prote\Documents\software-devel\ksf_bank_import\tests\unit\CustomerDataProviderTest.php" line="312" assertions="1" time="0.000671"/>
        <testcase name="testGenerateBranchSelectHtmlContainsBranchNames" class="Ksfraser\Tests\Unit\CustomerDataProviderTest" classname="Ksfraser.Tests.Unit.CustomerDataProviderTest" file="C:\Users\prote\Documents\software-devel\ksf_bank_import\tests\unit\CustomerDataProviderTest.php" line="328" assertions="2" time="0.000740"/>
        <testcase name="testResetCacheClearsBothCaches" class="Ksfraser\Tests\Unit\CustomerDataProviderTest" classname="Ksfraser.Tests.Unit.CustomerDataProviderTest" file="C:\Users\prote\Documents\software-devel\ksf_bank_import\tests\unit\CustomerDataProviderTest.php" line="348" assertions="2" time="0.000566"/>
        <testcase name="testIsLoadedReturnsFalseInitially" class="Ksfraser\Tests\Unit\CustomerDataProviderTest" classname="Ksfraser.Tests.Unit.CustomerDataProviderTest" file="C:\Users\prote\Documents\software-devel\ksf_bank_import\tests\unit\CustomerDataProviderTest.php" line="376" assertions="1" time="0.000493"/>
        <testcase name="testIsLoadedReturnsTrueAfterLoadingCustomers" class="Ksfraser\Tests\Unit\CustomerDataProviderTest" classname="Ksfraser.Tests.Unit.CustomerDataProviderTest" file="C:\Users\prote\Documents\software-devel\ksf_bank_import\tests\unit\CustomerDataProviderTest.php" line="386" assertions="1" time="0.000506"/>
        <testcase name="testMultipleInstancesShareCache" class="Ksfraser\Tests\Unit\CustomerDataProviderTest" classname="Ksfraser.Tests.Unit.CustomerDataProviderTest" file="C:\Users\prote\Documents\software-devel\ksf_bank_import\tests\unit\CustomerDataProviderTest.php" line="401" assertions="3" time="0.000596"/>
        <testcase name="testGetCustomerById" class="Ksfraser\Tests\Unit\CustomerDataProviderTest" classname="Ksfraser.Tests.Unit.CustomerDataProviderTest" file="C:\Users\prote\Documents\software-devel\ksf_bank_import\tests\unit\CustomerDataProviderTest.php" line="425" assertions="4" time="0.000718"/>
        <testcase name="testGetCustomerByIdReturnsNullForUnknown" class="Ksfraser\Tests\Unit\CustomerDataProviderTest" classname="Ksfraser.Tests.Unit.CustomerDataProviderTest" file="C:\Users\prote\Documents\software-devel\ksf_bank_import\tests\unit\CustomerDataProviderTest.php" line="443" assertions="1" time="0.000528"/>
        <testcase name="testGetBranchById" class="Ksfraser\Tests\Unit\CustomerDataProviderTest" classname="Ksfraser.Tests.Unit.CustomerDataProviderTest" file="C:\Users\prote\Documents\software-devel\ksf_bank_import\tests\unit\CustomerDataProviderTest.php" line="457" assertions="4" time="0.000620"/>
        <testcase name="testGetBranchByIdReturnsNullForUnknown" class="Ksfraser\Tests\Unit\CustomerDataProviderTest" classname="Ksfraser.Tests.Unit.CustomerDataProviderTest" file="C:\Users\prote\Documents\software-devel\ksf_bank_import\tests\unit\CustomerDataProviderTest.php" line="477" assertions="1" time="0.000518"/>
      </testsuite>
      <testsuite name="BankingStatementTest" file="C:\Users\prote\Documents\software-devel\ksf_bank_import\tests\unit\DTO\BankingStatementTest.php" tests="1" assertions="1" errors="0" warnings="0" failures="0" skipped="0" time="0.176604">
        <testcase name="test_addTransaction_and_dump" class="BankingStatementTest" classname="BankingStatementTest" file="C:\Users\prote\Documents\software-devel\ksf_bank_import\tests\unit\DTO\BankingStatementTest.php" line="7" assertions="1" time="0.176604"/>
      </testsuite>
      <testsuite name="BankingTransactionTest" file="C:\Users\prote\Documents\software-devel\ksf_bank_import\tests\unit\DTO\BankingTransactionTest.php" tests="2" assertions="2" errors="1" warnings="0" failures="0" skipped="0" time="0.202726">
        <testcase name="test_getTransactionTitle_and_accountName" class="BankingTransactionTest" classname="BankingTransactionTest" file="C:\Users\prote\Documents\software-devel\ksf_bank_import\tests\unit\DTO\BankingTransactionTest.php" line="7" assertions="2" time="0.202079"/>
        <testcase name="test_validate" class="BankingTransactionTest" classname="BankingTransactionTest" file="C:\Users\prote\Documents\software-devel\ksf_bank_import\tests\unit\DTO\BankingTransactionTest.php" line="19" assertions="0" time="0.000647">
          <error type="Error">BankingTransactionTest::test_validate
Error: Call to undefined method Ksfraser\FaBankImport\Shared\DTOs\BankingTransaction::validate()

C:\Users\prote\Documents\software-devel\ksf_bank_import\tests\unit\DTO\BankingTransactionTest.php:22</error>
        </testcase>
      </testsuite>
      <testsuite name="Tests\Unit\DTO\BiTransactionDtoTest" file="C:\Users\prote\Documents\software-devel\ksf_bank_import\tests\unit\DTO\BiTransactionDtoTest.php" tests="4" assertions="0" errors="4" warnings="0" failures="0" skipped="0" time="0.173817">
        <testcase name="testFromArrayNormalizesTitleAndKeepsOnlySchemaFields" class="Tests\Unit\DTO\BiTransactionDtoTest" classname="Tests.Unit.DTO.BiTransactionDtoTest" file="C:\Users\prote\Documents\software-devel\ksf_bank_import\tests\unit\DTO\BiTransactionDtoTest.php" line="19" assertions="0" time="0.169442">
          <error type="Error">Tests\Unit\DTO\BiTransactionDtoTest::testFromArrayNormalizesTitleAndKeepsOnlySchemaFields
Error: Class "Ksfraser\FaBankImport\Shared\DTOs\AbstractArrayDto" not found

C:\Users\prote\Documents\software-devel\ksf_bank_import\src\Ksfraser\FaBankImport\Shared\DTOs\BiTransactionDto.php:21
C:\Users\prote\Documents\software-devel\ksf_bank_import\tests\unit\DTO\BiTransactionDtoTest.php:21</error>
        </testcase>
        <testcase name="testGettersReturnDefaultsWhenDataMissing" class="Tests\Unit\DTO\BiTransactionDtoTest" classname="Tests.Unit.DTO.BiTransactionDtoTest" file="C:\Users\prote\Documents\software-devel\ksf_bank_import\tests\unit\DTO\BiTransactionDtoTest.php" line="38" assertions="0" time="0.001640">
          <error type="Error">Tests\Unit\DTO\BiTransactionDtoTest::testGettersReturnDefaultsWhenDataMissing
Error: Class "Ksfraser\FaBankImport\Shared\DTOs\AbstractArrayDto" not found

C:\Users\prote\Documents\software-devel\ksf_bank_import\src\Ksfraser\FaBankImport\Shared\DTOs\BiTransactionDto.php:21
C:\Users\prote\Documents\software-devel\ksf_bank_import\tests\unit\DTO\BiTransactionDtoTest.php:40</error>
        </testcase>
        <testcase name="testGetTransactionDCUsesConfiguredDefault" class="Tests\Unit\DTO\BiTransactionDtoTest" classname="Tests.Unit.DTO.BiTransactionDtoTest" file="C:\Users\prote\Documents\software-devel\ksf_bank_import\tests\unit\DTO\BiTransactionDtoTest.php" line="47" assertions="0" time="0.001361">
          <error type="Error">Tests\Unit\DTO\BiTransactionDtoTest::testGetTransactionDCUsesConfiguredDefault
Error: Class "Ksfraser\FaBankImport\Shared\DTOs\AbstractArrayDto" not found

C:\Users\prote\Documents\software-devel\ksf_bank_import\src\Ksfraser\FaBankImport\Shared\DTOs\BiTransactionDto.php:21
C:\Users\prote\Documents\software-devel\ksf_bank_import\tests\unit\DTO\BiTransactionDtoTest.php:52</error>
        </testcase>
        <testcase name="testGetTransactionDCFallsBackToDForInvalidConfiguredDefault" class="Tests\Unit\DTO\BiTransactionDtoTest" classname="Tests.Unit.DTO.BiTransactionDtoTest" file="C:\Users\prote\Documents\software-devel\ksf_bank_import\tests\unit\DTO\BiTransactionDtoTest.php" line="57" assertions="0" time="0.001375">
          <error type="Error">Tests\Unit\DTO\BiTransactionDtoTest::testGetTransactionDCFallsBackToDForInvalidConfiguredDefault
Error: Class "Ksfraser\FaBankImport\Shared\DTOs\AbstractArrayDto" not found

C:\Users\prote\Documents\software-devel\ksf_bank_import\src\Ksfraser\FaBankImport\Shared\DTOs\BiTransactionDto.php:21
C:\Users\prote\Documents\software-devel\ksf_bank_import\tests\unit\DTO\BiTransactionDtoTest.php:62</error>
        </testcase>
      </testsuite>
      <testsuite name="Tests\Unit\Domain\ValueObjects\KeywordMatchTest" file="C:\Users\prote\Documents\software-devel\ksf_bank_import\tests\unit\Domain\ValueObjects\KeywordMatchTest.php" tests="13" assertions="47" errors="0" warnings="0" failures="0" skipped="0" time="1.275584">
        <testcase name="testConstructorCreatesValidObject" class="Tests\Unit\Domain\ValueObjects\KeywordMatchTest" classname="Tests.Unit.Domain.ValueObjects.KeywordMatchTest" file="C:\Users\prote\Documents\software-devel\ksf_bank_import\tests\unit\Domain\ValueObjects\KeywordMatchTest.php" line="38" assertions="7" time="0.724411"/>
        <testcase name="testConstructorThrowsOnInvalidPartnerId" class="Tests\Unit\Domain\ValueObjects\KeywordMatchTest" classname="Tests.Unit.Domain.ValueObjects.KeywordMatchTest" file="C:\Users\prote\Documents\software-devel\ksf_bank_import\tests\unit\Domain\ValueObjects\KeywordMatchTest.php" line="51" assertions="2" time="0.000689"/>
        <testcase name="testConstructorThrowsOnEmptyPartnerName" class="Tests\Unit\Domain\ValueObjects\KeywordMatchTest" classname="Tests.Unit.Domain.ValueObjects.KeywordMatchTest" file="C:\Users\prote\Documents\software-devel\ksf_bank_import\tests\unit\Domain\ValueObjects\KeywordMatchTest.php" line="68" assertions="2" time="0.000644"/>
        <testcase name="testConstructorThrowsOnEmptyKeywords" class="Tests\Unit\Domain\ValueObjects\KeywordMatchTest" classname="Tests.Unit.Domain.ValueObjects.KeywordMatchTest" file="C:\Users\prote\Documents\software-devel\ksf_bank_import\tests\unit\Domain\ValueObjects\KeywordMatchTest.php" line="85" assertions="2" time="0.000555"/>
        <testcase name="testConstructorThrowsOnNegativeRawScore" class="Tests\Unit\Domain\ValueObjects\KeywordMatchTest" classname="Tests.Unit.Domain.ValueObjects.KeywordMatchTest" file="C:\Users\prote\Documents\software-devel\ksf_bank_import\tests\unit\Domain\ValueObjects\KeywordMatchTest.php" line="102" assertions="2" time="0.000627"/>
        <testcase name="testConstructorThrowsOnNegativeFinalScore" class="Tests\Unit\Domain\ValueObjects\KeywordMatchTest" classname="Tests.Unit.Domain.ValueObjects.KeywordMatchTest" file="C:\Users\prote\Documents\software-devel\ksf_bank_import\tests\unit\Domain\ValueObjects\KeywordMatchTest.php" line="119" assertions="2" time="0.000607"/>
        <testcase name="testConstructorThrowsWhenFinalScoreLessThanRawScore" class="Tests\Unit\Domain\ValueObjects\KeywordMatchTest" classname="Tests.Unit.Domain.ValueObjects.KeywordMatchTest" file="C:\Users\prote\Documents\software-devel\ksf_bank_import\tests\unit\Domain\ValueObjects\KeywordMatchTest.php" line="136" assertions="2" time="0.000771"/>
        <testcase name="testGetConfidencePercentage" class="Tests\Unit\Domain\ValueObjects\KeywordMatchTest" classname="Tests.Unit.Domain.ValueObjects.KeywordMatchTest" file="C:\Users\prote\Documents\software-devel\ksf_bank_import\tests\unit\Domain\ValueObjects\KeywordMatchTest.php" line="153" assertions="1" time="0.000637"/>
        <testcase name="testMeetsConfidenceThreshold" class="Tests\Unit\Domain\ValueObjects\KeywordMatchTest" classname="Tests.Unit.Domain.ValueObjects.KeywordMatchTest" file="C:\Users\prote\Documents\software-devel\ksf_bank_import\tests\unit\Domain\ValueObjects\KeywordMatchTest.php" line="161" assertions="3" time="0.000729"/>
        <testcase name="testGetClusteringBonus" class="Tests\Unit\Domain\ValueObjects\KeywordMatchTest" classname="Tests.Unit.Domain.ValueObjects.KeywordMatchTest" file="C:\Users\prote\Documents\software-devel\ksf_bank_import\tests\unit\Domain\ValueObjects\KeywordMatchTest.php" line="170" assertions="1" time="0.543166"/>
        <testcase name="testGetClusteringBonusWithZeroRawScore" class="Tests\Unit\Domain\ValueObjects\KeywordMatchTest" classname="Tests.Unit.Domain.ValueObjects.KeywordMatchTest" file="C:\Users\prote\Documents\software-devel\ksf_bank_import\tests\unit\Domain\ValueObjects\KeywordMatchTest.php" line="178" assertions="1" time="0.000649"/>
        <testcase name="testToArrayReturnsCorrectStructure" class="Tests\Unit\Domain\ValueObjects\KeywordMatchTest" classname="Tests.Unit.Domain.ValueObjects.KeywordMatchTest" file="C:\Users\prote\Documents\software-devel\ksf_bank_import\tests\unit\Domain\ValueObjects\KeywordMatchTest.php" line="194" assertions="17" time="0.001265"/>
        <testcase name="testToStringReturnsReadableFormat" class="Tests\Unit\Domain\ValueObjects\KeywordMatchTest" classname="Tests.Unit.Domain.ValueObjects.KeywordMatchTest" file="C:\Users\prote\Documents\software-devel\ksf_bank_import\tests\unit\Domain\ValueObjects\KeywordMatchTest.php" line="219" assertions="5" time="0.000834"/>
      </testsuite>
      <testsuite name="Tests\Unit\Domain\ValueObjects\KeywordTest" file="C:\Users\prote\Documents\software-devel\ksf_bank_import\tests\unit\Domain\ValueObjects\KeywordTest.php" tests="13" assertions="18" errors="0" warnings="0" failures="0" skipped="0" time="0.006955">
        <testcase name="testConstructorCreatesValidKeyword" class="Tests\Unit\Domain\ValueObjects\KeywordTest" classname="Tests.Unit.Domain.ValueObjects.KeywordTest" file="C:\Users\prote\Documents\software-devel\ksf_bank_import\tests\unit\Domain\ValueObjects\KeywordTest.php" line="14" assertions="3" time="0.000610"/>
        <testcase name="testConstructorNormalizesKeyword" class="Tests\Unit\Domain\ValueObjects\KeywordTest" classname="Tests.Unit.Domain.ValueObjects.KeywordTest" file="C:\Users\prote\Documents\software-devel\ksf_bank_import\tests\unit\Domain\ValueObjects\KeywordTest.php" line="23" assertions="1" time="0.000481"/>
        <testcase name="testConstructorRemovesSpecialCharacters" class="Tests\Unit\Domain\ValueObjects\KeywordTest" classname="Tests.Unit.Domain.ValueObjects.KeywordTest" file="C:\Users\prote\Documents\software-devel\ksf_bank_import\tests\unit\Domain\ValueObjects\KeywordTest.php" line="30" assertions="1" time="0.000478"/>
        <testcase name="testConstructorThrowsOnEmptyKeyword" class="Tests\Unit\Domain\ValueObjects\KeywordTest" classname="Tests.Unit.Domain.ValueObjects.KeywordTest" file="C:\Users\prote\Documents\software-devel\ksf_bank_import\tests\unit\Domain\ValueObjects\KeywordTest.php" line="37" assertions="2" time="0.000669"/>
        <testcase name="testConstructorThrowsOnTooShortKeyword" class="Tests\Unit\Domain\ValueObjects\KeywordTest" classname="Tests.Unit.Domain.ValueObjects.KeywordTest" file="C:\Users\prote\Documents\software-devel\ksf_bank_import\tests\unit\Domain\ValueObjects\KeywordTest.php" line="45" assertions="2" time="0.000566"/>
        <testcase name="testConstructorThrowsOnPurelyNumeric" class="Tests\Unit\Domain\ValueObjects\KeywordTest" classname="Tests.Unit.Domain.ValueObjects.KeywordTest" file="C:\Users\prote\Documents\software-devel\ksf_bank_import\tests\unit\Domain\ValueObjects\KeywordTest.php" line="53" assertions="2" time="0.000536"/>
        <testcase name="testContainsReturnsTrueWhenKeywordContainsAnother" class="Tests\Unit\Domain\ValueObjects\KeywordTest" classname="Tests.Unit.Domain.ValueObjects.KeywordTest" file="C:\Users\prote\Documents\software-devel\ksf_bank_import\tests\unit\Domain\ValueObjects\KeywordTest.php" line="61" assertions="1" time="0.000527"/>
        <testcase name="testContainsReturnsFalseWhenKeywordDoesNotContainAnother" class="Tests\Unit\Domain\ValueObjects\KeywordTest" classname="Tests.Unit.Domain.ValueObjects.KeywordTest" file="C:\Users\prote\Documents\software-devel\ksf_bank_import\tests\unit\Domain\ValueObjects\KeywordTest.php" line="69" assertions="1" time="0.000551"/>
        <testcase name="testEqualsReturnsTrueForSameKeyword" class="Tests\Unit\Domain\ValueObjects\KeywordTest" classname="Tests.Unit.Domain.ValueObjects.KeywordTest" file="C:\Users\prote\Documents\software-devel\ksf_bank_import\tests\unit\Domain\ValueObjects\KeywordTest.php" line="77" assertions="1" time="0.000595"/>
        <testcase name="testEqualsReturnsFalseForDifferentKeyword" class="Tests\Unit\Domain\ValueObjects\KeywordTest" classname="Tests.Unit.Domain.ValueObjects.KeywordTest" file="C:\Users\prote\Documents\software-devel\ksf_bank_import\tests\unit\Domain\ValueObjects\KeywordTest.php" line="85" assertions="1" time="0.000518"/>
        <testcase name="testIsStopwordReturnsTrueForStopword" class="Tests\Unit\Domain\ValueObjects\KeywordTest" classname="Tests.Unit.Domain.ValueObjects.KeywordTest" file="C:\Users\prote\Documents\software-devel\ksf_bank_import\tests\unit\Domain\ValueObjects\KeywordTest.php" line="93" assertions="1" time="0.000477"/>
        <testcase name="testIsStopwordReturnsFalseForNonStopword" class="Tests\Unit\Domain\ValueObjects\KeywordTest" classname="Tests.Unit.Domain.ValueObjects.KeywordTest" file="C:\Users\prote\Documents\software-devel\ksf_bank_import\tests\unit\Domain\ValueObjects\KeywordTest.php" line="101" assertions="1" time="0.000478"/>
        <testcase name="testToStringReturnsText" class="Tests\Unit\Domain\ValueObjects\KeywordTest" classname="Tests.Unit.Domain.ValueObjects.KeywordTest" file="C:\Users\prote\Documents\software-devel\ksf_bank_import\tests\unit\Domain\ValueObjects\KeywordTest.php" line="109" assertions="1" time="0.000467"/>
      </testsuite>
      <testsuite name="Tests\Unit\Domain\ValueObjects\MatchConfidenceTest" file="C:\Users\prote\Documents\software-devel\ksf_bank_import\tests\unit\Domain\ValueObjects\MatchConfidenceTest.php" tests="18" assertions="46" errors="0" warnings="0" failures="0" skipped="0" time="0.011160">
        <testcase name="testConstructorCreatesValidObject" class="Tests\Unit\Domain\ValueObjects\MatchConfidenceTest" classname="Tests.Unit.Domain.ValueObjects.MatchConfidenceTest" file="C:\Users\prote\Documents\software-devel\ksf_bank_import\tests\unit\Domain\ValueObjects\MatchConfidenceTest.php" line="14" assertions="3" time="0.000584"/>
        <testcase name="testConstructorCalculatesConfidenceCorrectly" class="Tests\Unit\Domain\ValueObjects\MatchConfidenceTest" classname="Tests.Unit.Domain.ValueObjects.MatchConfidenceTest" file="C:\Users\prote\Documents\software-devel\ksf_bank_import\tests\unit\Domain\ValueObjects\MatchConfidenceTest.php" line="24" assertions="3" time="0.000645"/>
        <testcase name="testConstructorThrowsOnInvalidKeywordCoverage" class="Tests\Unit\Domain\ValueObjects\MatchConfidenceTest" classname="Tests.Unit.Domain.ValueObjects.MatchConfidenceTest" file="C:\Users\prote\Documents\software-devel\ksf_bank_import\tests\unit\Domain\ValueObjects\MatchConfidenceTest.php" line="39" assertions="2" time="0.000646"/>
        <testcase name="testConstructorThrowsOnNegativeKeywordCoverage" class="Tests\Unit\Domain\ValueObjects\MatchConfidenceTest" classname="Tests.Unit.Domain.ValueObjects.MatchConfidenceTest" file="C:\Users\prote\Documents\software-devel\ksf_bank_import\tests\unit\Domain\ValueObjects\MatchConfidenceTest.php" line="47" assertions="2" time="0.000553"/>
        <testcase name="testConstructorThrowsOnInvalidScoreStrength" class="Tests\Unit\Domain\ValueObjects\MatchConfidenceTest" classname="Tests.Unit.Domain.ValueObjects.MatchConfidenceTest" file="C:\Users\prote\Documents\software-devel\ksf_bank_import\tests\unit\Domain\ValueObjects\MatchConfidenceTest.php" line="55" assertions="2" time="0.000553"/>
        <testcase name="testMeetsThresholdReturnsTrueWhenAboveThreshold" class="Tests\Unit\Domain\ValueObjects\MatchConfidenceTest" classname="Tests.Unit.Domain.ValueObjects.MatchConfidenceTest" file="C:\Users\prote\Documents\software-devel\ksf_bank_import\tests\unit\Domain\ValueObjects\MatchConfidenceTest.php" line="63" assertions="2" time="0.000521"/>
        <testcase name="testMeetsThresholdReturnsFalseWhenBelowThreshold" class="Tests\Unit\Domain\ValueObjects\MatchConfidenceTest" classname="Tests.Unit.Domain.ValueObjects.MatchConfidenceTest" file="C:\Users\prote\Documents\software-devel\ksf_bank_import\tests\unit\Domain\ValueObjects\MatchConfidenceTest.php" line="71" assertions="1" time="0.000480"/>
        <testcase name="testIsHighConfidence" class="Tests\Unit\Domain\ValueObjects\MatchConfidenceTest" classname="Tests.Unit.Domain.ValueObjects.MatchConfidenceTest" file="C:\Users\prote\Documents\software-devel\ksf_bank_import\tests\unit\Domain\ValueObjects\MatchConfidenceTest.php" line="78" assertions="3" time="0.000625"/>
        <testcase name="testIsMediumConfidence" class="Tests\Unit\Domain\ValueObjects\MatchConfidenceTest" classname="Tests.Unit.Domain.ValueObjects.MatchConfidenceTest" file="C:\Users\prote\Documents\software-devel\ksf_bank_import\tests\unit\Domain\ValueObjects\MatchConfidenceTest.php" line="89" assertions="3" time="0.000609"/>
        <testcase name="testIsLowConfidence" class="Tests\Unit\Domain\ValueObjects\MatchConfidenceTest" classname="Tests.Unit.Domain.ValueObjects.MatchConfidenceTest" file="C:\Users\prote\Documents\software-devel\ksf_bank_import\tests\unit\Domain\ValueObjects\MatchConfidenceTest.php" line="100" assertions="3" time="0.000643"/>
        <testcase name="testGetLevel" class="Tests\Unit\Domain\ValueObjects\MatchConfidenceTest" classname="Tests.Unit.Domain.ValueObjects.MatchConfidenceTest" file="C:\Users\prote\Documents\software-devel\ksf_bank_import\tests\unit\Domain\ValueObjects\MatchConfidenceTest.php" line="111" assertions="3" time="0.000703"/>
        <testcase name="testFromMatchStatisticsCreatesValidObject" class="Tests\Unit\Domain\ValueObjects\MatchConfidenceTest" classname="Tests.Unit.Domain.ValueObjects.MatchConfidenceTest" file="C:\Users\prote\Documents\software-devel\ksf_bank_import\tests\unit\Domain\ValueObjects\MatchConfidenceTest.php" line="122" assertions="2" time="0.000760"/>
        <testcase name="testFromMatchStatisticsHandlesZeroTopScore" class="Tests\Unit\Domain\ValueObjects\MatchConfidenceTest" classname="Tests.Unit.Domain.ValueObjects.MatchConfidenceTest" file="C:\Users\prote\Documents\software-devel\ksf_bank_import\tests\unit\Domain\ValueObjects\MatchConfidenceTest.php" line="132" assertions="2" time="0.000594"/>
        <testcase name="testFromMatchStatisticsThrowsOnInvalidTotalKeywords" class="Tests\Unit\Domain\ValueObjects\MatchConfidenceTest" classname="Tests.Unit.Domain.ValueObjects.MatchConfidenceTest" file="C:\Users\prote\Documents\software-devel\ksf_bank_import\tests\unit\Domain\ValueObjects\MatchConfidenceTest.php" line="140" assertions="2" time="0.000523"/>
        <testcase name="testFromMatchStatisticsThrowsOnTooManyMatchedKeywords" class="Tests\Unit\Domain\ValueObjects\MatchConfidenceTest" classname="Tests.Unit.Domain.ValueObjects.MatchConfidenceTest" file="C:\Users\prote\Documents\software-devel\ksf_bank_import\tests\unit\Domain\ValueObjects\MatchConfidenceTest.php" line="148" assertions="2" time="0.000524"/>
        <testcase name="testFromMatchStatisticsThrowsOnNegativeScores" class="Tests\Unit\Domain\ValueObjects\MatchConfidenceTest" classname="Tests.Unit.Domain.ValueObjects.MatchConfidenceTest" file="C:\Users\prote\Documents\software-devel\ksf_bank_import\tests\unit\Domain\ValueObjects\MatchConfidenceTest.php" line="156" assertions="2" time="0.000801"/>
        <testcase name="testToArrayReturnsCorrectStructure" class="Tests\Unit\Domain\ValueObjects\MatchConfidenceTest" classname="Tests.Unit.Domain.ValueObjects.MatchConfidenceTest" file="C:\Users\prote\Documents\software-devel\ksf_bank_import\tests\unit\Domain\ValueObjects\MatchConfidenceTest.php" line="164" assertions="5" time="0.000687"/>
        <testcase name="testToStringReturnsReadableFormat" class="Tests\Unit\Domain\ValueObjects\MatchConfidenceTest" classname="Tests.Unit.Domain.ValueObjects.MatchConfidenceTest" file="C:\Users\prote\Documents\software-devel\ksf_bank_import\tests\unit\Domain\ValueObjects\MatchConfidenceTest.php" line="177" assertions="4" time="0.000709"/>
      </testsuite>
      <testsuite name="Tests\Unit\Domain\ValueObjects\PartnerDataTest" file="C:\Users\prote\Documents\software-devel\ksf_bank_import\tests\unit\Domain\ValueObjects\PartnerDataTest.php" tests="28" assertions="61" errors="0" warnings="0" failures="0" skipped="0" time="0.312574">
        <testcase name="testConstructorCreatesValidObject" class="Tests\Unit\Domain\ValueObjects\PartnerDataTest" classname="Tests.Unit.Domain.ValueObjects.PartnerDataTest" file="C:\Users\prote\Documents\software-devel\ksf_bank_import\tests\unit\Domain\ValueObjects\PartnerDataTest.php" line="14" assertions="5" time="0.295632"/>
        <testcase name="testConstructorWithDefaultOccurrenceCount" class="Tests\Unit\Domain\ValueObjects\PartnerDataTest" classname="Tests.Unit.Domain.ValueObjects.PartnerDataTest" file="C:\Users\prote\Documents\software-devel\ksf_bank_import\tests\unit\Domain\ValueObjects\PartnerDataTest.php" line="25" assertions="1" time="0.000694"/>
        <testcase name="testConstructorTrimsWhitespace" class="Tests\Unit\Domain\ValueObjects\PartnerDataTest" classname="Tests.Unit.Domain.ValueObjects.PartnerDataTest" file="C:\Users\prote\Documents\software-devel\ksf_bank_import\tests\unit\Domain\ValueObjects\PartnerDataTest.php" line="32" assertions="1" time="0.000489"/>
        <testcase name="testConstructorThrowsOnInvalidPartnerId" class="Tests\Unit\Domain\ValueObjects\PartnerDataTest" classname="Tests.Unit.Domain.ValueObjects.PartnerDataTest" file="C:\Users\prote\Documents\software-devel\ksf_bank_import\tests\unit\Domain\ValueObjects\PartnerDataTest.php" line="39" assertions="2" time="0.000536"/>
        <testcase name="testConstructorThrowsOnNegativePartnerId" class="Tests\Unit\Domain\ValueObjects\PartnerDataTest" classname="Tests.Unit.Domain.ValueObjects.PartnerDataTest" file="C:\Users\prote\Documents\software-devel\ksf_bank_import\tests\unit\Domain\ValueObjects\PartnerDataTest.php" line="47" assertions="2" time="0.000515"/>
        <testcase name="testConstructorThrowsOnNegativeDetailId" class="Tests\Unit\Domain\ValueObjects\PartnerDataTest" classname="Tests.Unit.Domain.ValueObjects.PartnerDataTest" file="C:\Users\prote\Documents\software-devel\ksf_bank_import\tests\unit\Domain\ValueObjects\PartnerDataTest.php" line="55" assertions="2" time="0.000524"/>
        <testcase name="testConstructorThrowsOnEmptyData" class="Tests\Unit\Domain\ValueObjects\PartnerDataTest" classname="Tests.Unit.Domain.ValueObjects.PartnerDataTest" file="C:\Users\prote\Documents\software-devel\ksf_bank_import\tests\unit\Domain\ValueObjects\PartnerDataTest.php" line="63" assertions="2" time="0.000668"/>
        <testcase name="testConstructorThrowsOnWhitespaceOnlyData" class="Tests\Unit\Domain\ValueObjects\PartnerDataTest" classname="Tests.Unit.Domain.ValueObjects.PartnerDataTest" file="C:\Users\prote\Documents\software-devel\ksf_bank_import\tests\unit\Domain\ValueObjects\PartnerDataTest.php" line="71" assertions="2" time="0.000593"/>
        <testcase name="testConstructorThrowsOnTooLongData" class="Tests\Unit\Domain\ValueObjects\PartnerDataTest" classname="Tests.Unit.Domain.ValueObjects.PartnerDataTest" file="C:\Users\prote\Documents\software-devel\ksf_bank_import\tests\unit\Domain\ValueObjects\PartnerDataTest.php" line="79" assertions="2" time="0.000677"/>
        <testcase name="testConstructorThrowsOnNegativeOccurrenceCount" class="Tests\Unit\Domain\ValueObjects\PartnerDataTest" classname="Tests.Unit.Domain.ValueObjects.PartnerDataTest" file="C:\Users\prote\Documents\software-devel\ksf_bank_import\tests\unit\Domain\ValueObjects\PartnerDataTest.php" line="87" assertions="2" time="0.000597"/>
        <testcase name="testWithIncrementedCountCreatesNewInstance" class="Tests\Unit\Domain\ValueObjects\PartnerDataTest" classname="Tests.Unit.Domain.ValueObjects.PartnerDataTest" file="C:\Users\prote\Documents\software-devel\ksf_bank_import\tests\unit\Domain\ValueObjects\PartnerDataTest.php" line="95" assertions="4" time="0.000710"/>
        <testcase name="testWithIncrementedCountDefaultIncrement" class="Tests\Unit\Domain\ValueObjects\PartnerDataTest" classname="Tests.Unit.Domain.ValueObjects.PartnerDataTest" file="C:\Users\prote\Documents\software-devel\ksf_bank_import\tests\unit\Domain\ValueObjects\PartnerDataTest.php" line="112" assertions="1" time="0.000590"/>
        <testcase name="testWithIncrementedCountThrowsOnNegativeIncrement" class="Tests\Unit\Domain\ValueObjects\PartnerDataTest" classname="Tests.Unit.Domain.ValueObjects.PartnerDataTest" file="C:\Users\prote\Documents\software-devel\ksf_bank_import\tests\unit\Domain\ValueObjects\PartnerDataTest.php" line="121" assertions="2" time="0.000637"/>
        <testcase name="testEqualsReturnsTrueForMatchingObjects" class="Tests\Unit\Domain\ValueObjects\PartnerDataTest" classname="Tests.Unit.Domain.ValueObjects.PartnerDataTest" file="C:\Users\prote\Documents\software-devel\ksf_bank_import\tests\unit\Domain\ValueObjects\PartnerDataTest.php" line="131" assertions="1" time="0.000630"/>
        <testcase name="testEqualsReturnsFalseForDifferentPartnerId" class="Tests\Unit\Domain\ValueObjects\PartnerDataTest" classname="Tests.Unit.Domain.ValueObjects.PartnerDataTest" file="C:\Users\prote\Documents\software-devel\ksf_bank_import\tests\unit\Domain\ValueObjects\PartnerDataTest.php" line="139" assertions="1" time="0.000575"/>
        <testcase name="testEqualsReturnsFalseForDifferentPartnerType" class="Tests\Unit\Domain\ValueObjects\PartnerDataTest" classname="Tests.Unit.Domain.ValueObjects.PartnerDataTest" file="C:\Users\prote\Documents\software-devel\ksf_bank_import\tests\unit\Domain\ValueObjects\PartnerDataTest.php" line="147" assertions="1" time="0.000571"/>
        <testcase name="testEqualsReturnsFalseForDifferentDetailId" class="Tests\Unit\Domain\ValueObjects\PartnerDataTest" classname="Tests.Unit.Domain.ValueObjects.PartnerDataTest" file="C:\Users\prote\Documents\software-devel\ksf_bank_import\tests\unit\Domain\ValueObjects\PartnerDataTest.php" line="155" assertions="1" time="0.000627"/>
        <testcase name="testEqualsReturnsFalseForDifferentData" class="Tests\Unit\Domain\ValueObjects\PartnerDataTest" classname="Tests.Unit.Domain.ValueObjects.PartnerDataTest" file="C:\Users\prote\Documents\software-devel\ksf_bank_import\tests\unit\Domain\ValueObjects\PartnerDataTest.php" line="163" assertions="1" time="0.000574"/>
        <testcase name="testGetUniqueKeyReturnsConsistentValue" class="Tests\Unit\Domain\ValueObjects\PartnerDataTest" classname="Tests.Unit.Domain.ValueObjects.PartnerDataTest" file="C:\Users\prote\Documents\software-devel\ksf_bank_import\tests\unit\Domain\ValueObjects\PartnerDataTest.php" line="171" assertions="2" time="0.000613"/>
        <testcase name="testGetUniqueKeyDiffersForDifferentObjects" class="Tests\Unit\Domain\ValueObjects\PartnerDataTest" classname="Tests.Unit.Domain.ValueObjects.PartnerDataTest" file="C:\Users\prote\Documents\software-devel\ksf_bank_import\tests\unit\Domain\ValueObjects\PartnerDataTest.php" line="182" assertions="1" time="0.000589"/>
        <testcase name="testToArrayReturnsCorrectStructure" class="Tests\Unit\Domain\ValueObjects\PartnerDataTest" classname="Tests.Unit.Domain.ValueObjects.PartnerDataTest" file="C:\Users\prote\Documents\software-devel\ksf_bank_import\tests\unit\Domain\ValueObjects\PartnerDataTest.php" line="190" assertions="6" time="0.001012"/>
        <testcase name="testFromArrayCreatesValidObject" class="Tests\Unit\Domain\ValueObjects\PartnerDataTest" classname="Tests.Unit.Domain.ValueObjects.PartnerDataTest" file="C:\Users\prote\Documents\software-devel\ksf_bank_import\tests\unit\Domain\ValueObjects\PartnerDataTest.php" line="204" assertions="5" time="0.000812"/>
        <testcase name="testFromArrayWithDefaultOccurrenceCount" class="Tests\Unit\Domain\ValueObjects\PartnerDataTest" classname="Tests.Unit.Domain.ValueObjects.PartnerDataTest" file="C:\Users\prote\Documents\software-devel\ksf_bank_import\tests\unit\Domain\ValueObjects\PartnerDataTest.php" line="223" assertions="1" time="0.000522"/>
        <testcase name="testFromArrayThrowsOnMissingPartnerId" class="Tests\Unit\Domain\ValueObjects\PartnerDataTest" classname="Tests.Unit.Domain.ValueObjects.PartnerDataTest" file="C:\Users\prote\Documents\software-devel\ksf_bank_import\tests\unit\Domain\ValueObjects\PartnerDataTest.php" line="237" assertions="2" time="0.000583"/>
        <testcase name="testFromArrayThrowsOnMissingPartnerType" class="Tests\Unit\Domain\ValueObjects\PartnerDataTest" classname="Tests.Unit.Domain.ValueObjects.PartnerDataTest" file="C:\Users\prote\Documents\software-devel\ksf_bank_import\tests\unit\Domain\ValueObjects\PartnerDataTest.php" line="249" assertions="2" time="0.000611"/>
        <testcase name="testFromArrayThrowsOnMissingPartnerDetailId" class="Tests\Unit\Domain\ValueObjects\PartnerDataTest" classname="Tests.Unit.Domain.ValueObjects.PartnerDataTest" file="C:\Users\prote\Documents\software-devel\ksf_bank_import\tests\unit\Domain\ValueObjects\PartnerDataTest.php" line="261" assertions="2" time="0.000551"/>
        <testcase name="testFromArrayThrowsOnMissingData" class="Tests\Unit\Domain\ValueObjects\PartnerDataTest" classname="Tests.Unit.Domain.ValueObjects.PartnerDataTest" file="C:\Users\prote\Documents\software-devel\ksf_bank_import\tests\unit\Domain\ValueObjects\PartnerDataTest.php" line="273" assertions="2" time="0.000536"/>
        <testcase name="testToStringReturnsReadableFormat" class="Tests\Unit\Domain\ValueObjects\PartnerDataTest" classname="Tests.Unit.Domain.ValueObjects.PartnerDataTest" file="C:\Users\prote\Documents\software-devel\ksf_bank_import\tests\unit\Domain\ValueObjects\PartnerDataTest.php" line="285" assertions="5" time="0.000906"/>
      </testsuite>
      <testsuite name="Tests\Unit\Exceptions\HandlerDiscoveryExceptionTest" file="C:\Users\prote\Documents\software-devel\ksf_bank_import\tests\unit\Exceptions\HandlerDiscoveryExceptionTest.php" tests="7" assertions="15" errors="0" warnings="0" failures="0" skipped="0" time="0.548956">
        <testcase name="it_creates_cannot_instantiate_exception" class="Tests\Unit\Exceptions\HandlerDiscoveryExceptionTest" classname="Tests.Unit.Exceptions.HandlerDiscoveryExceptionTest" file="C:\Users\prote\Documents\software-devel\ksf_bank_import\tests\unit\Exceptions\HandlerDiscoveryExceptionTest.php" line="28" assertions="3" time="0.545450"/>
        <testcase name="it_creates_invalid_constructor_exception" class="Tests\Unit\Exceptions\HandlerDiscoveryExceptionTest" classname="Tests.Unit.Exceptions.HandlerDiscoveryExceptionTest" file="C:\Users\prote\Documents\software-devel\ksf_bank_import\tests\unit\Exceptions\HandlerDiscoveryExceptionTest.php" line="40" assertions="4" time="0.000688"/>
        <testcase name="it_creates_missing_dependency_exception" class="Tests\Unit\Exceptions\HandlerDiscoveryExceptionTest" classname="Tests.Unit.Exceptions.HandlerDiscoveryExceptionTest" file="C:\Users\prote\Documents\software-devel\ksf_bank_import\tests\unit\Exceptions\HandlerDiscoveryExceptionTest.php" line="56" assertions="4" time="0.000602"/>
        <testcase name="it_chains_previous_exception" class="Tests\Unit\Exceptions\HandlerDiscoveryExceptionTest" classname="Tests.Unit.Exceptions.HandlerDiscoveryExceptionTest" file="C:\Users\prote\Documents\software-devel\ksf_bank_import\tests\unit\Exceptions\HandlerDiscoveryExceptionTest.php" line="72" assertions="1" time="0.000552"/>
        <testcase name="it_extends_exception" class="Tests\Unit\Exceptions\HandlerDiscoveryExceptionTest" classname="Tests.Unit.Exceptions.HandlerDiscoveryExceptionTest" file="C:\Users\prote\Documents\software-devel\ksf_bank_import\tests\unit\Exceptions\HandlerDiscoveryExceptionTest.php" line="87" assertions="1" time="0.000505"/>
        <testcase name="it_has_default_code_zero" class="Tests\Unit\Exceptions\HandlerDiscoveryExceptionTest" classname="Tests.Unit.Exceptions.HandlerDiscoveryExceptionTest" file="C:\Users\prote\Documents\software-devel\ksf_bank_import\tests\unit\Exceptions\HandlerDiscoveryExceptionTest.php" line="97" assertions="1" time="0.000542"/>
        <testcase name="it_uses_default_reason_for_invalid_constructor" class="Tests\Unit\Exceptions\HandlerDiscoveryExceptionTest" classname="Tests.Unit.Exceptions.HandlerDiscoveryExceptionTest" file="C:\Users\prote\Documents\software-devel\ksf_bank_import\tests\unit\Exceptions\HandlerDiscoveryExceptionTest.php" line="107" assertions="1" time="0.000618"/>
      </testsuite>
      <testsuite name="Ksfraser\Tests\Unit\FormFieldNameGeneratorTest" file="C:\Users\prote\Documents\software-devel\ksf_bank_import\tests\unit\FormFieldNameGeneratorTest.php" tests="16" assertions="17" errors="0" warnings="0" failures="0" skipped="0" time="0.008460">
        <testcase name="testBasicFieldNameWithoutId" class="Ksfraser\Tests\Unit\FormFieldNameGeneratorTest" classname="Ksfraser.Tests.Unit.FormFieldNameGeneratorTest" file="C:\Users\prote\Documents\software-devel\ksf_bank_import\tests\unit\FormFieldNameGeneratorTest.php" line="35" assertions="1" time="0.000559"/>
        <testcase name="testFieldNameWithIdSuffix" class="Ksfraser\Tests\Unit\FormFieldNameGeneratorTest" classname="Ksfraser.Tests.Unit.FormFieldNameGeneratorTest" file="C:\Users\prote\Documents\software-devel\ksf_bank_import\tests\unit\FormFieldNameGeneratorTest.php" line="51" assertions="1" time="0.000498"/>
        <testcase name="testFieldNameWithIdPrefix" class="Ksfraser\Tests\Unit\FormFieldNameGeneratorTest" classname="Ksfraser.Tests.Unit.FormFieldNameGeneratorTest" file="C:\Users\prote\Documents\software-devel\ksf_bank_import\tests\unit\FormFieldNameGeneratorTest.php" line="67" assertions="1" time="0.000495"/>
        <testcase name="testPartnerIdFieldName" class="Ksfraser\Tests\Unit\FormFieldNameGeneratorTest" classname="Ksfraser.Tests.Unit.FormFieldNameGeneratorTest" file="C:\Users\prote\Documents\software-devel\ksf_bank_import\tests\unit\FormFieldNameGeneratorTest.php" line="83" assertions="1" time="0.000496"/>
        <testcase name="testPartnerDetailIdFieldName" class="Ksfraser\Tests\Unit\FormFieldNameGeneratorTest" classname="Ksfraser.Tests.Unit.FormFieldNameGeneratorTest" file="C:\Users\prote\Documents\software-devel\ksf_bank_import\tests\unit\FormFieldNameGeneratorTest.php" line="99" assertions="1" time="0.000498"/>
        <testcase name="testPartnerTypeFieldName" class="Ksfraser\Tests\Unit\FormFieldNameGeneratorTest" classname="Ksfraser.Tests.Unit.FormFieldNameGeneratorTest" file="C:\Users\prote\Documents\software-devel\ksf_bank_import\tests\unit\FormFieldNameGeneratorTest.php" line="115" assertions="1" time="0.000542"/>
        <testcase name="testVendorShortFieldName" class="Ksfraser\Tests\Unit\FormFieldNameGeneratorTest" classname="Ksfraser.Tests.Unit.FormFieldNameGeneratorTest" file="C:\Users\prote\Documents\software-devel\ksf_bank_import\tests\unit\FormFieldNameGeneratorTest.php" line="131" assertions="1" time="0.000549"/>
        <testcase name="testVendorLongFieldName" class="Ksfraser\Tests\Unit\FormFieldNameGeneratorTest" classname="Ksfraser.Tests.Unit.FormFieldNameGeneratorTest" file="C:\Users\prote\Documents\software-devel\ksf_bank_import\tests\unit\FormFieldNameGeneratorTest.php" line="147" assertions="1" time="0.000549"/>
        <testcase name="testTransactionNumberFieldName" class="Ksfraser\Tests\Unit\FormFieldNameGeneratorTest" classname="Ksfraser.Tests.Unit.FormFieldNameGeneratorTest" file="C:\Users\prote\Documents\software-devel\ksf_bank_import\tests\unit\FormFieldNameGeneratorTest.php" line="163" assertions="1" time="0.000500"/>
        <testcase name="testTransactionTypeFieldName" class="Ksfraser\Tests\Unit\FormFieldNameGeneratorTest" classname="Ksfraser.Tests.Unit.FormFieldNameGeneratorTest" file="C:\Users\prote\Documents\software-devel\ksf_bank_import\tests\unit\FormFieldNameGeneratorTest.php" line="179" assertions="1" time="0.000495"/>
        <testcase name="testZeroIdIsHandledCorrectly" class="Ksfraser\Tests\Unit\FormFieldNameGeneratorTest" classname="Ksfraser.Tests.Unit.FormFieldNameGeneratorTest" file="C:\Users\prote\Documents\software-devel\ksf_bank_import\tests\unit\FormFieldNameGeneratorTest.php" line="195" assertions="1" time="0.000554"/>
        <testcase name="testNegativeIdIsHandledCorrectly" class="Ksfraser\Tests\Unit\FormFieldNameGeneratorTest" classname="Ksfraser.Tests.Unit.FormFieldNameGeneratorTest" file="C:\Users\prote\Documents\software-devel\ksf_bank_import\tests\unit\FormFieldNameGeneratorTest.php" line="211" assertions="1" time="0.000495"/>
        <testcase name="testFieldNameSanitization" class="Ksfraser\Tests\Unit\FormFieldNameGeneratorTest" classname="Ksfraser.Tests.Unit.FormFieldNameGeneratorTest" file="C:\Users\prote\Documents\software-devel\ksf_bank_import\tests\unit\FormFieldNameGeneratorTest.php" line="227" assertions="2" time="0.000533"/>
        <testcase name="testGenerateMultipleFields" class="Ksfraser\Tests\Unit\FormFieldNameGeneratorTest" classname="Ksfraser.Tests.Unit.FormFieldNameGeneratorTest" file="C:\Users\prote\Documents\software-devel\ksf_bank_import\tests\unit\FormFieldNameGeneratorTest.php" line="251" assertions="1" time="0.000539"/>
        <testcase name="testCustomSeparator" class="Ksfraser\Tests\Unit\FormFieldNameGeneratorTest" classname="Ksfraser.Tests.Unit.FormFieldNameGeneratorTest" file="C:\Users\prote\Documents\software-devel\ksf_bank_import\tests\unit\FormFieldNameGeneratorTest.php" line="271" assertions="1" time="0.000597"/>
        <testcase name="testDefaultSeparatorIsUnderscore" class="Ksfraser\Tests\Unit\FormFieldNameGeneratorTest" classname="Ksfraser.Tests.Unit.FormFieldNameGeneratorTest" file="C:\Users\prote\Documents\software-devel\ksf_bank_import\tests\unit\FormFieldNameGeneratorTest.php" line="287" assertions="1" time="0.000562"/>
      </testsuite>
      <testsuite name="FormSubmissionTest" file="C:\Users\prote\Documents\software-devel\ksf_bank_import\tests\unit\FormSubmissionTest.php" tests="7" assertions="7" errors="0" warnings="0" failures="0" skipped="0" time="0.154355">
        <testcase name="testHasUploadReturnsTrueWhenUploadPresent" class="FormSubmissionTest" classname="FormSubmissionTest" file="C:\Users\prote\Documents\software-devel\ksf_bank_import\tests\unit\FormSubmissionTest.php" line="8" assertions="1" time="0.037124"/>
        <testcase name="testHasUploadReturnsFalseWhenUploadNotPresent" class="FormSubmissionTest" classname="FormSubmissionTest" file="C:\Users\prote\Documents\software-devel\ksf_bank_import\tests\unit\FormSubmissionTest.php" line="19" assertions="1" time="0.112103"/>
        <testcase name="testHasImportReturnsTrueWhenImportPresent" class="FormSubmissionTest" classname="FormSubmissionTest" file="C:\Users\prote\Documents\software-devel\ksf_bank_import\tests\unit\FormSubmissionTest.php" line="28" assertions="1" time="0.001073"/>
        <testcase name="testHasImportReturnsFalseWhenImportNotPresent" class="FormSubmissionTest" classname="FormSubmissionTest" file="C:\Users\prote\Documents\software-devel\ksf_bank_import\tests\unit\FormSubmissionTest.php" line="39" assertions="1" time="0.001082"/>
        <testcase name="testGetStateReturnsStateValue" class="FormSubmissionTest" classname="FormSubmissionTest" file="C:\Users\prote\Documents\software-devel\ksf_bank_import\tests\unit\FormSubmissionTest.php" line="48" assertions="1" time="0.000983"/>
        <testcase name="testGetParserReturnsParserValue" class="FormSubmissionTest" classname="FormSubmissionTest" file="C:\Users\prote\Documents\software-devel\ksf_bank_import\tests\unit\FormSubmissionTest.php" line="59" assertions="1" time="0.000975"/>
        <testcase name="testGetBankAccountReturnsBankAccountValue" class="FormSubmissionTest" classname="FormSubmissionTest" file="C:\Users\prote\Documents\software-devel\ksf_bank_import\tests\unit\FormSubmissionTest.php" line="70" assertions="1" time="0.001015"/>
      </testsuite>
      <testsuite name="GenericFaInterfaceTraitTest" file="C:\Users\prote\Documents\software-devel\ksf_bank_import\tests\unit\GenericFaInterfaceTraitTest.php" tests="4" assertions="6" errors="0" warnings="0" failures="0" skipped="0" time="0.002308">
        <testcase name="testSetAndGet" class="GenericFaInterfaceTraitTest" classname="GenericFaInterfaceTraitTest" file="C:\Users\prote\Documents\software-devel\ksf_bank_import\tests\unit\GenericFaInterfaceTraitTest.php" line="26" assertions="1" time="0.000606"/>
        <testcase name="testSetValidationPasses" class="GenericFaInterfaceTraitTest" classname="GenericFaInterfaceTraitTest" file="C:\Users\prote\Documents\software-devel\ksf_bank_import\tests\unit\GenericFaInterfaceTraitTest.php" line="33" assertions="2" time="0.000592"/>
        <testcase name="testSetValidationFails" class="GenericFaInterfaceTraitTest" classname="GenericFaInterfaceTraitTest" file="C:\Users\prote\Documents\software-devel\ksf_bank_import\tests\unit\GenericFaInterfaceTraitTest.php" line="41" assertions="1" time="0.000562"/>
        <testcase name="testInsertDataAndArr2Obj" class="GenericFaInterfaceTraitTest" classname="GenericFaInterfaceTraitTest" file="C:\Users\prote\Documents\software-devel\ksf_bank_import\tests\unit\GenericFaInterfaceTraitTest.php" line="48" assertions="2" time="0.000549"/>
      </testsuite>
      <testsuite name="Tests\Unit\HTML\FaUiFunctionsTest" file="C:\Users\prote\Documents\software-devel\ksf_bank_import\tests\unit\HTML\FaUiFunctionsTest.php" tests="4" assertions="8" errors="0" warnings="0" failures="2" skipped="0" time="0.289379">
        <testcase name="testLabelRowFallback" class="Tests\Unit\HTML\FaUiFunctionsTest" classname="Tests.Unit.HTML.FaUiFunctionsTest" file="C:\Users\prote\Documents\software-devel\ksf_bank_import\tests\unit\HTML\FaUiFunctionsTest.php" line="10" assertions="4" time="0.287157"/>
        <testcase name="testStartTableFallback" class="Tests\Unit\HTML\FaUiFunctionsTest" classname="Tests.Unit.HTML.FaUiFunctionsTest" file="C:\Users\prote\Documents\software-devel\ksf_bank_import\tests\unit\HTML\FaUiFunctionsTest.php" line="22" assertions="2" time="0.000856">
          <failure type="PHPUnit\Framework\ExpectationFailedException">Tests\Unit\HTML\FaUiFunctionsTest::testStartTableFallback
Failed asserting that '&lt;table class="2"&gt;' contains "class='tablestyle2'".

C:\Users\prote\Documents\software-devel\ksf_bank_import\tests\unit\HTML\FaUiFunctionsTest.php:29</failure>
        </testcase>
        <testcase name="testEndTableFallback" class="Tests\Unit\HTML\FaUiFunctionsTest" classname="Tests.Unit.HTML.FaUiFunctionsTest" file="C:\Users\prote\Documents\software-devel\ksf_bank_import\tests\unit\HTML\FaUiFunctionsTest.php" line="33" assertions="1" time="0.000797">
          <failure type="PHPUnit\Framework\ExpectationFailedException">Tests\Unit\HTML\FaUiFunctionsTest::testEndTableFallback
Failed asserting that two strings are equal.
--- Expected
+++ Actual
@@ @@
-'&lt;/table&gt;\n
-'
+'&lt;/table&gt;'

C:\Users\prote\Documents\software-devel\ksf_bank_import\tests\unit\HTML\FaUiFunctionsTest.php:39</failure>
        </testcase>
        <testcase name="testTableStyle2Constant" class="Tests\Unit\HTML\FaUiFunctionsTest" classname="Tests.Unit.HTML.FaUiFunctionsTest" file="C:\Users\prote\Documents\software-devel\ksf_bank_import\tests\unit\HTML\FaUiFunctionsTest.php" line="42" assertions="1" time="0.000570"/>
      </testsuite>
      <testsuite name="Tests\Unit\HTML\HTML_ROW_LABELDecoratorTest" file="C:\Users\prote\Documents\software-devel\ksf_bank_import\tests\unit\HTML\HTML_ROW_LABELDecoratorTest.php" tests="3" assertions="0" errors="3" warnings="0" failures="0" skipped="0" time="0.048478">
        <testcase name="testGetHtmlDelegatesCorrectly" class="Tests\Unit\HTML\HTML_ROW_LABELDecoratorTest" classname="Tests.Unit.HTML.HTML_ROW_LABELDecoratorTest" file="C:\Users\prote\Documents\software-devel\ksf_bank_import\tests\unit\HTML\HTML_ROW_LABELDecoratorTest.php" line="17" assertions="0" time="0.047190">
          <error type="Error">Tests\Unit\HTML\HTML_ROW_LABELDecoratorTest::testGetHtmlDelegatesCorrectly
Error: Class "Ksfraser\HTML\HTML_ROW_LABEL" not found

C:\Users\prote\Documents\software-devel\ksf_bank_import\src\Ksfraser\HTML\Composites\HTML_ROW_LABELDecorator.php:15
C:\Users\prote\Documents\software-devel\ksf_bank_import\tests\unit\HTML\HTML_ROW_LABELDecoratorTest.php:14</error>
        </testcase>
        <testcase name="testToHtmlDelegatesCorrectly" class="Tests\Unit\HTML\HTML_ROW_LABELDecoratorTest" classname="Tests.Unit.HTML.HTML_ROW_LABELDecoratorTest" file="C:\Users\prote\Documents\software-devel\ksf_bank_import\tests\unit\HTML\HTML_ROW_LABELDecoratorTest.php" line="26" assertions="0" time="0.000684">
          <error type="Error">Tests\Unit\HTML\HTML_ROW_LABELDecoratorTest::testToHtmlDelegatesCorrectly
Error: Class "Ksfraser\HTML\HTML_ROW_LABEL" not found

C:\Users\prote\Documents\software-devel\ksf_bank_import\src\Ksfraser\HTML\Composites\HTML_ROW_LABELDecorator.php:15
C:\Users\prote\Documents\software-devel\ksf_bank_import\tests\unit\HTML\HTML_ROW_LABELDecoratorTest.php:14</error>
        </testcase>
        <testcase name="testCustomAttributesArePassed" class="Tests\Unit\HTML\HTML_ROW_LABELDecoratorTest" classname="Tests.Unit.HTML.HTML_ROW_LABELDecoratorTest" file="C:\Users\prote\Documents\software-devel\ksf_bank_import\tests\unit\HTML\HTML_ROW_LABELDecoratorTest.php" line="36" assertions="0" time="0.000604">
          <error type="Error">Tests\Unit\HTML\HTML_ROW_LABELDecoratorTest::testCustomAttributesArePassed
Error: Class "Ksfraser\HTML\HTML_ROW_LABEL" not found

C:\Users\prote\Documents\software-devel\ksf_bank_import\src\Ksfraser\HTML\Composites\HTML_ROW_LABELDecorator.php:15
C:\Users\prote\Documents\software-devel\ksf_bank_import\tests\unit\HTML\HTML_ROW_LABELDecoratorTest.php:14</error>
        </testcase>
      </testsuite>
      <testsuite name="Tests\Unit\HTML\HTML_ROW_LABELTest" file="C:\Users\prote\Documents\software-devel\ksf_bank_import\tests\unit\HTML\HTML_ROW_LABELTest.php" tests="3" assertions="10" errors="0" warnings="0" failures="0" skipped="0" time="0.003282">
        <testcase name="testConstructorSetsAttributes" class="Tests\Unit\HTML\HTML_ROW_LABELTest" classname="Tests.Unit.HTML.HTML_ROW_LABELTest" file="C:\Users\prote\Documents\software-devel\ksf_bank_import\tests\unit\HTML\HTML_ROW_LABELTest.php" line="18" assertions="4" time="0.001261"/>
        <testcase name="testGetHtmlContainsLabelAndData" class="Tests\Unit\HTML\HTML_ROW_LABELTest" classname="Tests.Unit.HTML.HTML_ROW_LABELTest" file="C:\Users\prote\Documents\software-devel\ksf_bank_import\tests\unit\HTML\HTML_ROW_LABELTest.php" line="30" assertions="2" time="0.001056"/>
        <testcase name="testToHtmlOutputsCorrectly" class="Tests\Unit\HTML\HTML_ROW_LABELTest" classname="Tests.Unit.HTML.HTML_ROW_LABELTest" file="C:\Users\prote\Documents\software-devel\ksf_bank_import\tests\unit\HTML\HTML_ROW_LABELTest.php" line="39" assertions="4" time="0.000966"/>
      </testsuite>
      <testsuite name="Tests\Unit\HTML\HTML_TABLETest" file="C:\Users\prote\Documents\software-devel\ksf_bank_import\tests\unit\HTML\HTML_TABLETest.php" tests="8" assertions="16" errors="0" warnings="0" failures="2" skipped="0" time="0.067884">
        <testcase name="testConstructorSetsDefaults" class="Tests\Unit\HTML\HTML_TABLETest" classname="Tests.Unit.HTML.HTML_TABLETest" file="C:\Users\prote\Documents\software-devel\ksf_bank_import\tests\unit\HTML\HTML_TABLETest.php" line="20" assertions="3" time="0.062566">
          <failure type="PHPUnit\Framework\ExpectationFailedException">Tests\Unit\HTML\HTML_TABLETest::testConstructorSetsDefaults
Failed asserting that '&lt;table class="2"&gt;&lt;/table&gt;' contains "tablestyle2".

C:\Users\prote\Documents\software-devel\ksf_bank_import\tests\unit\HTML\HTML_TABLETest.php:30</failure>
        </testcase>
        <testcase name="testConstructorSetsCustomValues" class="Tests\Unit\HTML\HTML_TABLETest" classname="Tests.Unit.HTML.HTML_TABLETest" file="C:\Users\prote\Documents\software-devel\ksf_bank_import\tests\unit\HTML\HTML_TABLETest.php" line="37" assertions="1" time="0.000743">
          <failure type="PHPUnit\Framework\ExpectationFailedException">Tests\Unit\HTML\HTML_TABLETest::testConstructorSetsCustomValues
Failed asserting that '&lt;table class="1"&gt;&lt;/table&gt;' contains "tablestyle1".

C:\Users\prote\Documents\software-devel\ksf_bank_import\tests\unit\HTML\HTML_TABLETest.php:42</failure>
        </testcase>
        <testcase name="testAppendRowObject" class="Tests\Unit\HTML\HTML_TABLETest" classname="Tests.Unit.HTML.HTML_TABLETest" file="C:\Users\prote\Documents\software-devel\ksf_bank_import\tests\unit\HTML\HTML_TABLETest.php" line="49" assertions="1" time="0.000971"/>
        <testcase name="testAppendRowString" class="Tests\Unit\HTML\HTML_TABLETest" classname="Tests.Unit.HTML.HTML_TABLETest" file="C:\Users\prote\Documents\software-devel\ksf_bank_import\tests\unit\HTML\HTML_TABLETest.php" line="63" assertions="1" time="0.000741"/>
        <testcase name="testAppendMultipleRows" class="Tests\Unit\HTML\HTML_TABLETest" classname="Tests.Unit.HTML.HTML_TABLETest" file="C:\Users\prote\Documents\software-devel\ksf_bank_import\tests\unit\HTML\HTML_TABLETest.php" line="76" assertions="3" time="0.001033"/>
        <testcase name="testAppendRowInvalidTypeThrowsException" class="Tests\Unit\HTML\HTML_TABLETest" classname="Tests.Unit.HTML.HTML_TABLETest" file="C:\Users\prote\Documents\software-devel\ksf_bank_import\tests\unit\HTML\HTML_TABLETest.php" line="93" assertions="2" time="0.000564"/>
        <testcase name="testAppendRowInvalidObjectThrowsException" class="Tests\Unit\HTML\HTML_TABLETest" classname="Tests.Unit.HTML.HTML_TABLETest" file="C:\Users\prote\Documents\software-devel\ksf_bank_import\tests\unit\HTML\HTML_TABLETest.php" line="106" assertions="2" time="0.000553"/>
        <testcase name="testToHtmlOutputsDirectly" class="Tests\Unit\HTML\HTML_TABLETest" classname="Tests.Unit.HTML.HTML_TABLETest" file="C:\Users\prote\Documents\software-devel\ksf_bank_import\tests\unit\HTML\HTML_TABLETest.php" line="120" assertions="3" time="0.000713"/>
      </testsuite>
      <testsuite name="Tests\Unit\HTML\HtmlATest" file="C:\Users\prote\Documents\software-devel\ksf_bank_import\tests\unit\HTML\HtmlATest.php" tests="5" assertions="13" errors="0" warnings="0" failures="0" skipped="0" time="0.003337">
        <testcase name="testConstructorWithUrlAndStringContent" class="Tests\Unit\HTML\HtmlATest" classname="Tests.Unit.HTML.HtmlATest" file="C:\Users\prote\Documents\software-devel\ksf_bank_import\tests\unit\HTML\HtmlATest.php" line="13" assertions="3" time="0.000779"/>
        <testcase name="testConstructorWithUrlOnly" class="Tests\Unit\HTML\HtmlATest" classname="Tests.Unit.HTML.HtmlATest" file="C:\Users\prote\Documents\software-devel\ksf_bank_import\tests\unit\HTML\HtmlATest.php" line="23" assertions="3" time="0.000708"/>
        <testcase name="testConstructorWithHtmlStringContent" class="Tests\Unit\HTML\HtmlATest" classname="Tests.Unit.HTML.HtmlATest" file="C:\Users\prote\Documents\software-devel\ksf_bank_import\tests\unit\HTML\HtmlATest.php" line="33" assertions="3" time="0.000692"/>
        <testcase name="testConstructorThrowsExceptionForNestedLink" class="Tests\Unit\HTML\HtmlATest" classname="Tests.Unit.HTML.HtmlATest" file="C:\Users\prote\Documents\software-devel\ksf_bank_import\tests\unit\HTML\HtmlATest.php" line="44" assertions="2" time="0.000639"/>
        <testcase name="testConstructorThrowsExceptionForInvalidContentType" class="Tests\Unit\HTML\HtmlATest" classname="Tests.Unit.HTML.HtmlATest" file="C:\Users\prote\Documents\software-devel\ksf_bank_import\tests\unit\HTML\HtmlATest.php" line="54" assertions="2" time="0.000518"/>
      </testsuite>
      <testsuite name="Tests\Unit\HTML\HtmlAttributeTest" file="C:\Users\prote\Documents\software-devel\ksf_bank_import\tests\unit\HTML\HtmlAttributeTest.php" tests="3" assertions="0" errors="3" warnings="0" failures="0" skipped="0" time="0.002239">
        <testcase name="testGetName" class="Tests\Unit\HTML\HtmlAttributeTest" classname="Tests.Unit.HTML.HtmlAttributeTest" file="C:\Users\prote\Documents\software-devel\ksf_bank_import\tests\unit\HTML\HtmlAttributeTest.php" line="17" assertions="0" time="0.001072">
          <error type="Error">Tests\Unit\HTML\HtmlAttributeTest::testGetName
Error: Class "Ksfraser\HTML\Elements\HtmlAttribute" not found

C:\Users\prote\Documents\software-devel\ksf_bank_import\tests\unit\HTML\HtmlAttributeTest.php:14</error>
        </testcase>
        <testcase name="testGetValue" class="Tests\Unit\HTML\HtmlAttributeTest" classname="Tests.Unit.HTML.HtmlAttributeTest" file="C:\Users\prote\Documents\software-devel\ksf_bank_import\tests\unit\HTML\HtmlAttributeTest.php" line="22" assertions="0" time="0.000543">
          <error type="Error">Tests\Unit\HTML\HtmlAttributeTest::testGetValue
Error: Class "Ksfraser\HTML\Elements\HtmlAttribute" not found

C:\Users\prote\Documents\software-devel\ksf_bank_import\tests\unit\HTML\HtmlAttributeTest.php:14</error>
        </testcase>
        <testcase name="testConstructorWithSpecialCharacters" class="Tests\Unit\HTML\HtmlAttributeTest" classname="Tests.Unit.HTML.HtmlAttributeTest" file="C:\Users\prote\Documents\software-devel\ksf_bank_import\tests\unit\HTML\HtmlAttributeTest.php" line="27" assertions="0" time="0.000624">
          <error type="Error">Tests\Unit\HTML\HtmlAttributeTest::testConstructorWithSpecialCharacters
Error: Class "Ksfraser\HTML\Elements\HtmlAttribute" not found

C:\Users\prote\Documents\software-devel\ksf_bank_import\tests\unit\HTML\HtmlAttributeTest.php:14</error>
        </testcase>
      </testsuite>
      <testsuite name="Ksfraser\Tests\Unit\HTML\HtmlCommentTest" file="C:\Users\prote\Documents\software-devel\ksf_bank_import\tests\unit\HTML\HtmlCommentTest.php" tests="13" assertions="20" errors="0" warnings="0" failures="0" skipped="0" time="0.083988">
        <testcase name="testConstruction" class="Ksfraser\Tests\Unit\HTML\HtmlCommentTest" classname="Ksfraser.Tests.Unit.HTML.HtmlCommentTest" file="C:\Users\prote\Documents\software-devel\ksf_bank_import\tests\unit\HTML\HtmlCommentTest.php" line="21" assertions="1" time="0.077377"/>
        <testcase name="testGetHtmlReturnsComment" class="Ksfraser\Tests\Unit\HTML\HtmlCommentTest" classname="Ksfraser.Tests.Unit.HTML.HtmlCommentTest" file="C:\Users\prote\Documents\software-devel\ksf_bank_import\tests\unit\HTML\HtmlCommentTest.php" line="27" assertions="1" time="0.000512"/>
        <testcase name="testGetHtmlWithEmptyString" class="Ksfraser\Tests\Unit\HTML\HtmlCommentTest" classname="Ksfraser.Tests.Unit.HTML.HtmlCommentTest" file="C:\Users\prote\Documents\software-devel\ksf_bank_import\tests\unit\HTML\HtmlCommentTest.php" line="35" assertions="1" time="0.000517"/>
        <testcase name="testGetHtmlWithSpecialCharacters" class="Ksfraser\Tests\Unit\HTML\HtmlCommentTest" classname="Ksfraser.Tests.Unit.HTML.HtmlCommentTest" file="C:\Users\prote\Documents\software-devel\ksf_bank_import\tests\unit\HTML\HtmlCommentTest.php" line="43" assertions="1" time="0.000445"/>
        <testcase name="testGetHtmlWithMultipleLines" class="Ksfraser\Tests\Unit\HTML\HtmlCommentTest" classname="Ksfraser.Tests.Unit.HTML.HtmlCommentTest" file="C:\Users\prote\Documents\software-devel\ksf_bank_import\tests\unit\HTML\HtmlCommentTest.php" line="52" assertions="1" time="0.000446"/>
        <testcase name="testGetTextReturnsOriginalText" class="Ksfraser\Tests\Unit\HTML\HtmlCommentTest" classname="Ksfraser.Tests.Unit.HTML.HtmlCommentTest" file="C:\Users\prote\Documents\software-devel\ksf_bank_import\tests\unit\HTML\HtmlCommentTest.php" line="61" assertions="1" time="0.000466"/>
        <testcase name="testSetTextUpdatesText" class="Ksfraser\Tests\Unit\HTML\HtmlCommentTest" classname="Ksfraser.Tests.Unit.HTML.HtmlCommentTest" file="C:\Users\prote\Documents\software-devel\ksf_bank_import\tests\unit\HTML\HtmlCommentTest.php" line="69" assertions="2" time="0.000655"/>
        <testcase name="testSetTextFluentInterface" class="Ksfraser\Tests\Unit\HTML\HtmlCommentTest" classname="Ksfraser.Tests.Unit.HTML.HtmlCommentTest" file="C:\Users\prote\Documents\software-devel\ksf_bank_import\tests\unit\HTML\HtmlCommentTest.php" line="78" assertions="1" time="0.000552"/>
        <testcase name="testToHtmlOutputsComment" class="Ksfraser\Tests\Unit\HTML\HtmlCommentTest" classname="Ksfraser.Tests.Unit.HTML.HtmlCommentTest" file="C:\Users\prote\Documents\software-devel\ksf_bank_import\tests\unit\HTML\HtmlCommentTest.php" line="86" assertions="1" time="0.000517"/>
        <testcase name="testFaFunctionPlaceholder" class="Ksfraser\Tests\Unit\HTML\HtmlCommentTest" classname="Ksfraser.Tests.Unit.HTML.HtmlCommentTest" file="C:\Users\prote\Documents\software-devel\ksf_bank_import\tests\unit\HTML\HtmlCommentTest.php" line="97" assertions="2" time="0.000505"/>
        <testcase name="testMultiLineComment" class="Ksfraser\Tests\Unit\HTML\HtmlCommentTest" classname="Ksfraser.Tests.Unit.HTML.HtmlCommentTest" file="C:\Users\prote\Documents\software-devel\ksf_bank_import\tests\unit\HTML\HtmlCommentTest.php" line="106" assertions="4" time="0.000644"/>
        <testcase name="testCanBeReused" class="Ksfraser\Tests\Unit\HTML\HtmlCommentTest" classname="Ksfraser.Tests.Unit.HTML.HtmlCommentTest" file="C:\Users\prote\Documents\software-devel\ksf_bank_import\tests\unit\HTML\HtmlCommentTest.php" line="118" assertions="1" time="0.000627"/>
        <testcase name="testCanBeModified" class="Ksfraser\Tests\Unit\HTML\HtmlCommentTest" classname="Ksfraser.Tests.Unit.HTML.HtmlCommentTest" file="C:\Users\prote\Documents\software-devel\ksf_bank_import\tests\unit\HTML\HtmlCommentTest.php" line="128" assertions="3" time="0.000724"/>
      </testsuite>
      <testsuite name="Tests\Unit\HTML\HtmlHiddenTest" file="C:\Users\prote\Documents\software-devel\ksf_bank_import\tests\unit\HTML\HtmlHiddenTest.php" tests="8" assertions="20" errors="0" warnings="0" failures="0" skipped="0" time="0.006518">
        <testcase name="testBasicHiddenField" class="Tests\Unit\HTML\HtmlHiddenTest" classname="Tests.Unit.HTML.HtmlHiddenTest" file="C:\Users\prote\Documents\software-devel\ksf_bank_import\tests\unit\HTML\HtmlHiddenTest.php" line="21" assertions="3" time="0.000906"/>
        <testcase name="testHiddenFieldWithNameOnly" class="Tests\Unit\HTML\HtmlHiddenTest" classname="Tests.Unit.HTML.HtmlHiddenTest" file="C:\Users\prote\Documents\software-devel\ksf_bank_import\tests\unit\HTML\HtmlHiddenTest.php" line="37" assertions="2" time="0.000932"/>
        <testcase name="testHiddenFieldWithFluentInterface" class="Tests\Unit\HTML\HtmlHiddenTest" classname="Tests.Unit.HTML.HtmlHiddenTest" file="C:\Users\prote\Documents\software-devel\ksf_bank_import\tests\unit\HTML\HtmlHiddenTest.php" line="51" assertions="3" time="0.000816"/>
        <testcase name="testHiddenFieldEscapesSpecialCharacters" class="Tests\Unit\HTML\HtmlHiddenTest" classname="Tests.Unit.HTML.HtmlHiddenTest" file="C:\Users\prote\Documents\software-devel\ksf_bank_import\tests\unit\HTML\HtmlHiddenTest.php" line="69" assertions="2" time="0.000795"/>
        <testcase name="testHiddenFieldWithEmptyValue" class="Tests\Unit\HTML\HtmlHiddenTest" classname="Tests.Unit.HTML.HtmlHiddenTest" file="C:\Users\prote\Documents\software-devel\ksf_bank_import\tests\unit\HTML\HtmlHiddenTest.php" line="85" assertions="3" time="0.000790"/>
        <testcase name="testToHtmlOutputsCorrectly" class="Tests\Unit\HTML\HtmlHiddenTest" classname="Tests.Unit.HTML.HtmlHiddenTest" file="C:\Users\prote\Documents\software-devel\ksf_bank_import\tests\unit\HTML\HtmlHiddenTest.php" line="100" assertions="3" time="0.000792"/>
        <testcase name="testHiddenFieldIsSelfClosing" class="Tests\Unit\HTML\HtmlHiddenTest" classname="Tests.Unit.HTML.HtmlHiddenTest" file="C:\Users\prote\Documents\software-devel\ksf_bank_import\tests\unit\HTML\HtmlHiddenTest.php" line="118" assertions="2" time="0.000764"/>
        <testcase name="testConstructorWithNullValues" class="Tests\Unit\HTML\HtmlHiddenTest" classname="Tests.Unit.HTML.HtmlHiddenTest" file="C:\Users\prote\Documents\software-devel\ksf_bank_import\tests\unit\HTML\HtmlHiddenTest.php" line="133" assertions="2" time="0.000722"/>
      </testsuite>
      <testsuite name="Ksfraser\Tests\Unit\HTML\HtmlOptionTest" file="C:\Users\prote\Documents\software-devel\ksf_bank_import\tests\unit\HTML\HtmlOptionTest.php" tests="19" assertions="28" errors="0" warnings="0" failures="0" skipped="0" time="0.011290">
        <testcase name="testConstruction" class="Ksfraser\Tests\Unit\HTML\HtmlOptionTest" classname="Ksfraser.Tests.Unit.HTML.HtmlOptionTest" file="C:\Users\prote\Documents\software-devel\ksf_bank_import\tests\unit\HTML\HtmlOptionTest.php" line="22" assertions="1" time="0.000512"/>
        <testcase name="testGetHtmlBasic" class="Ksfraser\Tests\Unit\HTML\HtmlOptionTest" classname="Ksfraser.Tests.Unit.HTML.HtmlOptionTest" file="C:\Users\prote\Documents\software-devel\ksf_bank_import\tests\unit\HTML\HtmlOptionTest.php" line="28" assertions="4" time="0.000685"/>
        <testcase name="testGetHtmlWithSelected" class="Ksfraser\Tests\Unit\HTML\HtmlOptionTest" classname="Ksfraser.Tests.Unit.HTML.HtmlOptionTest" file="C:\Users\prote\Documents\software-devel\ksf_bank_import\tests\unit\HTML\HtmlOptionTest.php" line="39" assertions="1" time="0.000508"/>
        <testcase name="testGetHtmlWithoutSelected" class="Ksfraser\Tests\Unit\HTML\HtmlOptionTest" classname="Ksfraser.Tests.Unit.HTML.HtmlOptionTest" file="C:\Users\prote\Documents\software-devel\ksf_bank_import\tests\unit\HTML\HtmlOptionTest.php" line="47" assertions="1" time="0.000562"/>
        <testcase name="testSetSelected" class="Ksfraser\Tests\Unit\HTML\HtmlOptionTest" classname="Ksfraser.Tests.Unit.HTML.HtmlOptionTest" file="C:\Users\prote\Documents\software-devel\ksf_bank_import\tests\unit\HTML\HtmlOptionTest.php" line="55" assertions="1" time="0.000535"/>
        <testcase name="testSetSelectedFluentInterface" class="Ksfraser\Tests\Unit\HTML\HtmlOptionTest" classname="Ksfraser.Tests.Unit.HTML.HtmlOptionTest" file="C:\Users\prote\Documents\software-devel\ksf_bank_import\tests\unit\HTML\HtmlOptionTest.php" line="64" assertions="1" time="0.000470"/>
        <testcase name="testGetValue" class="Ksfraser\Tests\Unit\HTML\HtmlOptionTest" classname="Ksfraser.Tests.Unit.HTML.HtmlOptionTest" file="C:\Users\prote\Documents\software-devel\ksf_bank_import\tests\unit\HTML\HtmlOptionTest.php" line="72" assertions="1" time="0.000469"/>
        <testcase name="testGetLabel" class="Ksfraser\Tests\Unit\HTML\HtmlOptionTest" classname="Ksfraser.Tests.Unit.HTML.HtmlOptionTest" file="C:\Users\prote\Documents\software-devel\ksf_bank_import\tests\unit\HTML\HtmlOptionTest.php" line="78" assertions="1" time="0.000747"/>
        <testcase name="testIsSelected" class="Ksfraser\Tests\Unit\HTML\HtmlOptionTest" classname="Ksfraser.Tests.Unit.HTML.HtmlOptionTest" file="C:\Users\prote\Documents\software-devel\ksf_bank_import\tests\unit\HTML\HtmlOptionTest.php" line="84" assertions="2" time="0.000616"/>
        <testcase name="testLabelIsHtmlEscaped" class="Ksfraser\Tests\Unit\HTML\HtmlOptionTest" classname="Ksfraser.Tests.Unit.HTML.HtmlOptionTest" file="C:\Users\prote\Documents\software-devel\ksf_bank_import\tests\unit\HTML\HtmlOptionTest.php" line="93" assertions="2" time="0.000621"/>
        <testcase name="testValueIsHtmlEscaped" class="Ksfraser\Tests\Unit\HTML\HtmlOptionTest" classname="Ksfraser.Tests.Unit.HTML.HtmlOptionTest" file="C:\Users\prote\Documents\software-devel\ksf_bank_import\tests\unit\HTML\HtmlOptionTest.php" line="102" assertions="2" time="0.000577"/>
        <testcase name="testWithHtmlStringLabel" class="Ksfraser\Tests\Unit\HTML\HtmlOptionTest" classname="Ksfraser.Tests.Unit.HTML.HtmlOptionTest" file="C:\Users\prote\Documents\software-devel\ksf_bank_import\tests\unit\HTML\HtmlOptionTest.php" line="111" assertions="1" time="0.000549"/>
        <testcase name="testToHtmlOutputsOption" class="Ksfraser\Tests\Unit\HTML\HtmlOptionTest" classname="Ksfraser.Tests.Unit.HTML.HtmlOptionTest" file="C:\Users\prote\Documents\software-devel\ksf_bank_import\tests\unit\HTML\HtmlOptionTest.php" line="122" assertions="2" time="0.000567"/>
        <testcase name="testNumericValue" class="Ksfraser\Tests\Unit\HTML\HtmlOptionTest" classname="Ksfraser.Tests.Unit.HTML.HtmlOptionTest" file="C:\Users\prote\Documents\software-devel\ksf_bank_import\tests\unit\HTML\HtmlOptionTest.php" line="134" assertions="1" time="0.000504"/>
        <testcase name="testEmptyValue" class="Ksfraser\Tests\Unit\HTML\HtmlOptionTest" classname="Ksfraser.Tests.Unit.HTML.HtmlOptionTest" file="C:\Users\prote\Documents\software-devel\ksf_bank_import\tests\unit\HTML\HtmlOptionTest.php" line="142" assertions="2" time="0.000584"/>
        <testcase name="testZeroValue" class="Ksfraser\Tests\Unit\HTML\HtmlOptionTest" classname="Ksfraser.Tests.Unit.HTML.HtmlOptionTest" file="C:\Users\prote\Documents\software-devel\ksf_bank_import\tests\unit\HTML\HtmlOptionTest.php" line="151" assertions="1" time="0.000505"/>
        <testcase name="testWithDisabledAttribute" class="Ksfraser\Tests\Unit\HTML\HtmlOptionTest" classname="Ksfraser.Tests.Unit.HTML.HtmlOptionTest" file="C:\Users\prote\Documents\software-devel\ksf_bank_import\tests\unit\HTML\HtmlOptionTest.php" line="159" assertions="1" time="0.001010"/>
        <testcase name="testCanBeReused" class="Ksfraser\Tests\Unit\HTML\HtmlOptionTest" classname="Ksfraser.Tests.Unit.HTML.HtmlOptionTest" file="C:\Users\prote\Documents\software-devel\ksf_bank_import\tests\unit\HTML\HtmlOptionTest.php" line="168" assertions="1" time="0.000634"/>
        <testcase name="testCanToggleSelected" class="Ksfraser\Tests\Unit\HTML\HtmlOptionTest" classname="Ksfraser.Tests.Unit.HTML.HtmlOptionTest" file="C:\Users\prote\Documents\software-devel\ksf_bank_import\tests\unit\HTML\HtmlOptionTest.php" line="178" assertions="2" time="0.000635"/>
      </testsuite>
      <testsuite name="Ksfraser\Tests\Unit\HTML\HtmlSelectTest" file="C:\Users\prote\Documents\software-devel\ksf_bank_import\tests\unit\HTML\HtmlSelectTest.php" tests="22" assertions="46" errors="0" warnings="1" failures="0" skipped="0" time="0.022598">
        <testcase name="testConstruction" class="Ksfraser\Tests\Unit\HTML\HtmlSelectTest" classname="Ksfraser.Tests.Unit.HTML.HtmlSelectTest" file="C:\Users\prote\Documents\software-devel\ksf_bank_import\tests\unit\HTML\HtmlSelectTest.php" line="22" assertions="1" time="0.000495"/>
        <testcase name="testGetHtmlBasic" class="Ksfraser\Tests\Unit\HTML\HtmlSelectTest" classname="Ksfraser.Tests.Unit.HTML.HtmlSelectTest" file="C:\Users\prote\Documents\software-devel\ksf_bank_import\tests\unit\HTML\HtmlSelectTest.php" line="28" assertions="3" time="0.000755"/>
        <testcase name="testAddOption" class="Ksfraser\Tests\Unit\HTML\HtmlSelectTest" classname="Ksfraser.Tests.Unit.HTML.HtmlSelectTest" file="C:\Users\prote\Documents\software-devel\ksf_bank_import\tests\unit\HTML\HtmlSelectTest.php" line="38" assertions="3" time="0.000761"/>
        <testcase name="testAddOptionFluentInterface" class="Ksfraser\Tests\Unit\HTML\HtmlSelectTest" classname="Ksfraser.Tests.Unit.HTML.HtmlSelectTest" file="C:\Users\prote\Documents\software-devel\ksf_bank_import\tests\unit\HTML\HtmlSelectTest.php" line="50" assertions="1" time="0.000563"/>
        <testcase name="testAddMultipleOptions" class="Ksfraser\Tests\Unit\HTML\HtmlSelectTest" classname="Ksfraser.Tests.Unit.HTML.HtmlSelectTest" file="C:\Users\prote\Documents\software-devel\ksf_bank_import\tests\unit\HTML\HtmlSelectTest.php" line="59" assertions="6" time="0.001012"/>
        <testcase name="testAddOptionsFromArray" class="Ksfraser\Tests\Unit\HTML\HtmlSelectTest" classname="Ksfraser.Tests.Unit.HTML.HtmlSelectTest" file="C:\Users\prote\Documents\software-devel\ksf_bank_import\tests\unit\HTML\HtmlSelectTest.php" line="75" assertions="3" time="0.000886"/>
        <testcase name="testAddOptionsFromArrayWithSelectedValue" class="Ksfraser\Tests\Unit\HTML\HtmlSelectTest" classname="Ksfraser.Tests.Unit.HTML.HtmlSelectTest" file="C:\Users\prote\Documents\software-devel\ksf_bank_import\tests\unit\HTML\HtmlSelectTest.php" line="91" assertions="2" time="0.000968">
          <warning type="PHPUnit\Framework\Warning">Ksfraser\Tests\Unit\HTML\HtmlSelectTest::testAddOptionsFromArrayWithSelectedValue
assertRegExp() is deprecated and will be removed in PHPUnit 10. Refactor your code to use assertMatchesRegularExpression() instead.</warning>
        </testcase>
        <testcase name="testGetName" class="Ksfraser\Tests\Unit\HTML\HtmlSelectTest" classname="Ksfraser.Tests.Unit.HTML.HtmlSelectTest" file="C:\Users\prote\Documents\software-devel\ksf_bank_import\tests\unit\HTML\HtmlSelectTest.php" line="107" assertions="1" time="0.000509"/>
        <testcase name="testSetId" class="Ksfraser\Tests\Unit\HTML\HtmlSelectTest" classname="Ksfraser.Tests.Unit.HTML.HtmlSelectTest" file="C:\Users\prote\Documents\software-devel\ksf_bank_import\tests\unit\HTML\HtmlSelectTest.php" line="113" assertions="1" time="0.000605"/>
        <testcase name="testSetIdFluentInterface" class="Ksfraser\Tests\Unit\HTML\HtmlSelectTest" classname="Ksfraser.Tests.Unit.HTML.HtmlSelectTest" file="C:\Users\prote\Documents\software-devel\ksf_bank_import\tests\unit\HTML\HtmlSelectTest.php" line="122" assertions="1" time="0.000811"/>
        <testcase name="testSetClass" class="Ksfraser\Tests\Unit\HTML\HtmlSelectTest" classname="Ksfraser.Tests.Unit.HTML.HtmlSelectTest" file="C:\Users\prote\Documents\software-devel\ksf_bank_import\tests\unit\HTML\HtmlSelectTest.php" line="130" assertions="1" time="0.000903"/>
        <testcase name="testSetMultiple" class="Ksfraser\Tests\Unit\HTML\HtmlSelectTest" classname="Ksfraser.Tests.Unit.HTML.HtmlSelectTest" file="C:\Users\prote\Documents\software-devel\ksf_bank_import\tests\unit\HTML\HtmlSelectTest.php" line="139" assertions="1" time="0.000684"/>
        <testcase name="testSetSize" class="Ksfraser\Tests\Unit\HTML\HtmlSelectTest" classname="Ksfraser.Tests.Unit.HTML.HtmlSelectTest" file="C:\Users\prote\Documents\software-devel\ksf_bank_import\tests\unit\HTML\HtmlSelectTest.php" line="148" assertions="1" time="0.000681"/>
        <testcase name="testSetDisabled" class="Ksfraser\Tests\Unit\HTML\HtmlSelectTest" classname="Ksfraser.Tests.Unit.HTML.HtmlSelectTest" file="C:\Users\prote\Documents\software-devel\ksf_bank_import\tests\unit\HTML\HtmlSelectTest.php" line="157" assertions="1" time="0.000696"/>
        <testcase name="testSetRequired" class="Ksfraser\Tests\Unit\HTML\HtmlSelectTest" classname="Ksfraser.Tests.Unit.HTML.HtmlSelectTest" file="C:\Users\prote\Documents\software-devel\ksf_bank_import\tests\unit\HTML\HtmlSelectTest.php" line="166" assertions="1" time="0.000937"/>
        <testcase name="testSetAttribute" class="Ksfraser\Tests\Unit\HTML\HtmlSelectTest" classname="Ksfraser.Tests.Unit.HTML.HtmlSelectTest" file="C:\Users\prote\Documents\software-devel\ksf_bank_import\tests\unit\HTML\HtmlSelectTest.php" line="175" assertions="1" time="0.001118"/>
        <testcase name="testToHtmlOutputsSelect" class="Ksfraser\Tests\Unit\HTML\HtmlSelectTest" classname="Ksfraser.Tests.Unit.HTML.HtmlSelectTest" file="C:\Users\prote\Documents\software-devel\ksf_bank_import\tests\unit\HTML\HtmlSelectTest.php" line="184" assertions="2" time="0.000994"/>
        <testcase name="testEmptySelect" class="Ksfraser\Tests\Unit\HTML\HtmlSelectTest" classname="Ksfraser.Tests.Unit.HTML.HtmlSelectTest" file="C:\Users\prote\Documents\software-devel\ksf_bank_import\tests\unit\HTML\HtmlSelectTest.php" line="197" assertions="3" time="0.004308"/>
        <testcase name="testChainedFluentInterface" class="Ksfraser\Tests\Unit\HTML\HtmlSelectTest" classname="Ksfraser.Tests.Unit.HTML.HtmlSelectTest" file="C:\Users\prote\Documents\software-devel\ksf_bank_import\tests\unit\HTML\HtmlSelectTest.php" line="207" assertions="5" time="0.001085"/>
        <testcase name="testGetOptions" class="Ksfraser\Tests\Unit\HTML\HtmlSelectTest" classname="Ksfraser.Tests.Unit.HTML.HtmlSelectTest" file="C:\Users\prote\Documents\software-devel\ksf_bank_import\tests\unit\HTML\HtmlSelectTest.php" line="224" assertions="3" time="0.001899"/>
        <testcase name="testGetOptionCount" class="Ksfraser\Tests\Unit\HTML\HtmlSelectTest" classname="Ksfraser.Tests.Unit.HTML.HtmlSelectTest" file="C:\Users\prote\Documents\software-devel\ksf_bank_import\tests\unit\HTML\HtmlSelectTest.php" line="239" assertions="3" time="0.000996"/>
        <testcase name="testNameIsEscaped" class="Ksfraser\Tests\Unit\HTML\HtmlSelectTest" classname="Ksfraser.Tests.Unit.HTML.HtmlSelectTest" file="C:\Users\prote\Documents\software-devel\ksf_bank_import\tests\unit\HTML\HtmlSelectTest.php" line="251" assertions="2" time="0.000929"/>
      </testsuite>
      <testsuite name="Tests\Unit\HTML\HtmlStringTest" file="C:\Users\prote\Documents\software-devel\ksf_bank_import\tests\unit\HTML\HtmlStringTest.php" tests="2" assertions="2" errors="0" warnings="0" failures="0" skipped="0" time="0.001151">
        <testcase name="testGetHtmlReturnsEscapedString" class="Tests\Unit\HTML\HtmlStringTest" classname="Tests.Unit.HTML.HtmlStringTest" file="C:\Users\prote\Documents\software-devel\ksf_bank_import\tests\unit\HTML\HtmlStringTest.php" line="17" assertions="1" time="0.000572"/>
        <testcase name="testToHtmlOutputsEscapedString" class="Tests\Unit\HTML\HtmlStringTest" classname="Tests.Unit.HTML.HtmlStringTest" file="C:\Users\prote\Documents\software-devel\ksf_bank_import\tests\unit\HTML\HtmlStringTest.php" line="23" assertions="1" time="0.000579"/>
      </testsuite>
      <testsuite name="Tests\Unit\HTML\HtmlTableRowTest" file="C:\Users\prote\Documents\software-devel\ksf_bank_import\tests\unit\HTML\HtmlTableRowTest.php" tests="4" assertions="6" errors="2" warnings="0" failures="0" skipped="0" time="0.003694">
        <testcase name="testGetHtml" class="Tests\Unit\HTML\HtmlTableRowTest" classname="Tests.Unit.HTML.HtmlTableRowTest" file="C:\Users\prote\Documents\software-devel\ksf_bank_import\tests\unit\HTML\HtmlTableRowTest.php" line="22" assertions="3" time="0.000761"/>
        <testcase name="testToHtml" class="Tests\Unit\HTML\HtmlTableRowTest" classname="Tests.Unit.HTML.HtmlTableRowTest" file="C:\Users\prote\Documents\software-devel\ksf_bank_import\tests\unit\HTML\HtmlTableRowTest.php" line="30" assertions="3" time="0.000830"/>
        <testcase name="testAddAttribute" class="Tests\Unit\HTML\HtmlTableRowTest" classname="Tests.Unit.HTML.HtmlTableRowTest" file="C:\Users\prote\Documents\software-devel\ksf_bank_import\tests\unit\HTML\HtmlTableRowTest.php" line="41" assertions="0" time="0.000740">
          <error type="Error">Tests\Unit\HTML\HtmlTableRowTest::testAddAttribute
Error: Class "Ksfraser\HTML\Elements\HtmlAttribute" not found

C:\Users\prote\Documents\software-devel\ksf_bank_import\tests\unit\HTML\HtmlTableRowTest.php:43</error>
        </testcase>
        <testcase name="testMultipleAttributes" class="Tests\Unit\HTML\HtmlTableRowTest" classname="Tests.Unit.HTML.HtmlTableRowTest" file="C:\Users\prote\Documents\software-devel\ksf_bank_import\tests\unit\HTML\HtmlTableRowTest.php" line="49" assertions="0" time="0.001362">
          <error type="Error">Tests\Unit\HTML\HtmlTableRowTest::testMultipleAttributes
Error: Class "Ksfraser\HTML\Elements\HtmlAttribute" not found

C:\Users\prote\Documents\software-devel\ksf_bank_import\tests\unit\HTML\HtmlTableRowTest.php:51</error>
        </testcase>
      </testsuite>
      <testsuite name="Tests\Unit\HTML\LabelRowBaseTest" file="C:\Users\prote\Documents\software-devel\ksf_bank_import\tests\unit\HTML\LabelRowBaseTest.php" tests="5" assertions="9" errors="0" warnings="0" failures="0" skipped="0" time="0.003803">
        <testcase name="testCannotBeInstantiatedDirectly" class="Tests\Unit\HTML\LabelRowBaseTest" classname="Tests.Unit.HTML.LabelRowBaseTest" file="C:\Users\prote\Documents\software-devel\ksf_bank_import\tests\unit\HTML\LabelRowBaseTest.php" line="20" assertions="1" time="0.000536"/>
        <testcase name="testThrowsExceptionWhenDataNotSet" class="Tests\Unit\HTML\LabelRowBaseTest" classname="Tests.Unit.HTML.LabelRowBaseTest" file="C:\Users\prote\Documents\software-devel\ksf_bank_import\tests\unit\HTML\LabelRowBaseTest.php" line="31" assertions="2" time="0.000752"/>
        <testcase name="testThrowsExceptionWhenLabelNotSet" class="Tests\Unit\HTML\LabelRowBaseTest" classname="Tests.Unit.HTML.LabelRowBaseTest" file="C:\Users\prote\Documents\software-devel\ksf_bank_import\tests\unit\HTML\LabelRowBaseTest.php" line="49" assertions="2" time="0.000708"/>
        <testcase name="testThrowsExceptionWhenNeitherPropertySet" class="Tests\Unit\HTML\LabelRowBaseTest" classname="Tests.Unit.HTML.LabelRowBaseTest" file="C:\Users\prote\Documents\software-devel\ksf_bank_import\tests\unit\HTML\LabelRowBaseTest.php" line="67" assertions="2" time="0.000734"/>
        <testcase name="testWorksWhenBothPropertiesSet" class="Tests\Unit\HTML\LabelRowBaseTest" classname="Tests.Unit.HTML.LabelRowBaseTest" file="C:\Users\prote\Documents\software-devel\ksf_bank_import\tests\unit\HTML\LabelRowBaseTest.php" line="84" assertions="2" time="0.001073"/>
      </testsuite>
      <testsuite name="Tests\Unit\Handlers\AbstractTransactionHandlerRefactoredTest" file="C:\Users\prote\Documents\software-devel\ksf_bank_import\tests\unit\Handlers\AbstractTransactionHandlerRefactoredTest.php" tests="12" assertions="26" errors="0" warnings="0" failures="0" skipped="0" time="0.042507">
        <testcase name="it_returns_partner_type_code" class="Tests\Unit\Handlers\AbstractTransactionHandlerRefactoredTest" classname="Tests.Unit.Handlers.AbstractTransactionHandlerRefactoredTest" file="C:\Users\prote\Documents\software-devel\ksf_bank_import\tests\unit\Handlers\AbstractTransactionHandlerRefactoredTest.php" line="44" assertions="1" time="0.033779"/>
        <testcase name="it_can_process_matching_partner_type" class="Tests\Unit\Handlers\AbstractTransactionHandlerRefactoredTest" classname="Tests.Unit.Handlers.AbstractTransactionHandlerRefactoredTest" file="C:\Users\prote\Documents\software-devel\ksf_bank_import\tests\unit\Handlers\AbstractTransactionHandlerRefactoredTest.php" line="56" assertions="1" time="0.000643"/>
        <testcase name="it_cannot_process_non_matching_partner_type" class="Tests\Unit\Handlers\AbstractTransactionHandlerRefactoredTest" classname="Tests.Unit.Handlers.AbstractTransactionHandlerRefactoredTest" file="C:\Users\prote\Documents\software-devel\ksf_bank_import\tests\unit\Handlers\AbstractTransactionHandlerRefactoredTest.php" line="68" assertions="3" time="0.000868"/>
        <testcase name="it_initializes_partner_type_in_constructor" class="Tests\Unit\Handlers\AbstractTransactionHandlerRefactoredTest" classname="Tests.Unit.Handlers.AbstractTransactionHandlerRefactoredTest" file="C:\Users\prote\Documents\software-devel\ksf_bank_import\tests\unit\Handlers\AbstractTransactionHandlerRefactoredTest.php" line="82" assertions="2" time="0.000659"/>
        <testcase name="it_validates_required_transaction_fields" class="Tests\Unit\Handlers\AbstractTransactionHandlerRefactoredTest" classname="Tests.Unit.Handlers.AbstractTransactionHandlerRefactoredTest" file="C:\Users\prote\Documents\software-devel\ksf_bank_import\tests\unit\Handlers\AbstractTransactionHandlerRefactoredTest.php" line="98" assertions="2" time="0.000690"/>
        <testcase name="it_passes_validation_with_complete_transaction" class="Tests\Unit\Handlers\AbstractTransactionHandlerRefactoredTest" classname="Tests.Unit.Handlers.AbstractTransactionHandlerRefactoredTest" file="C:\Users\prote\Documents\software-devel\ksf_bank_import\tests\unit\Handlers\AbstractTransactionHandlerRefactoredTest.php" line="115" assertions="1" time="0.000602"/>
        <testcase name="it_extracts_partner_id_from_transaction_post_data" class="Tests\Unit\Handlers\AbstractTransactionHandlerRefactoredTest" classname="Tests.Unit.Handlers.AbstractTransactionHandlerRefactoredTest" file="C:\Users\prote\Documents\software-devel\ksf_bank_import\tests\unit\Handlers\AbstractTransactionHandlerRefactoredTest.php" line="136" assertions="1" time="0.001140"/>
        <testcase name="it_throws_exception_when_partner_id_missing" class="Tests\Unit\Handlers\AbstractTransactionHandlerRefactoredTest" classname="Tests.Unit.Handlers.AbstractTransactionHandlerRefactoredTest" file="C:\Users\prote\Documents\software-devel\ksf_bank_import\tests\unit\Handlers\AbstractTransactionHandlerRefactoredTest.php" line="153" assertions="2" time="0.000907"/>
        <testcase name="it_throws_exception_for_invalid_partner_id" class="Tests\Unit\Handlers\AbstractTransactionHandlerRefactoredTest" classname="Tests.Unit.Handlers.AbstractTransactionHandlerRefactoredTest" file="C:\Users\prote\Documents\software-devel\ksf_bank_import\tests\unit\Handlers\AbstractTransactionHandlerRefactoredTest.php" line="173" assertions="2" time="0.000810"/>
        <testcase name="it_creates_standard_error_result" class="Tests\Unit\Handlers\AbstractTransactionHandlerRefactoredTest" classname="Tests.Unit.Handlers.AbstractTransactionHandlerRefactoredTest" file="C:\Users\prote\Documents\software-devel\ksf_bank_import\tests\unit\Handlers\AbstractTransactionHandlerRefactoredTest.php" line="192" assertions="4" time="0.000839"/>
        <testcase name="it_creates_standard_success_result" class="Tests\Unit\Handlers\AbstractTransactionHandlerRefactoredTest" classname="Tests.Unit.Handlers.AbstractTransactionHandlerRefactoredTest" file="C:\Users\prote\Documents\software-devel\ksf_bank_import\tests\unit\Handlers\AbstractTransactionHandlerRefactoredTest.php" line="209" assertions="4" time="0.000818"/>
        <testcase name="it_merges_additional_data_in_success_result" class="Tests\Unit\Handlers\AbstractTransactionHandlerRefactoredTest" classname="Tests.Unit.Handlers.AbstractTransactionHandlerRefactoredTest" file="C:\Users\prote\Documents\software-devel\ksf_bank_import\tests\unit\Handlers\AbstractTransactionHandlerRefactoredTest.php" line="226" assertions="3" time="0.000753"/>
      </testsuite>
      <testsuite name="Tests\Unit\Handlers\AbstractTransactionHandlerTest" file="C:\Users\prote\Documents\software-devel\ksf_bank_import\tests\unit\Handlers\AbstractTransactionHandlerTest.php" tests="13" assertions="27" errors="0" warnings="0" failures="0" skipped="0" time="0.009795">
        <testcase name="it_returns_partner_type_from_constant" class="Tests\Unit\Handlers\AbstractTransactionHandlerTest" classname="Tests.Unit.Handlers.AbstractTransactionHandlerTest" file="C:\Users\prote\Documents\software-devel\ksf_bank_import\tests\unit\Handlers\AbstractTransactionHandlerTest.php" line="50" assertions="1" time="0.000618"/>
        <testcase name="it_checks_partner_type_in_can_process" class="Tests\Unit\Handlers\AbstractTransactionHandlerTest" classname="Tests.Unit.Handlers.AbstractTransactionHandlerTest" file="C:\Users\prote\Documents\software-devel\ksf_bank_import\tests\unit\Handlers\AbstractTransactionHandlerTest.php" line="62" assertions="3" time="0.000872"/>
        <testcase name="it_validates_partner_type_in_constructor" class="Tests\Unit\Handlers\AbstractTransactionHandlerTest" classname="Tests.Unit.Handlers.AbstractTransactionHandlerTest" file="C:\Users\prote\Documents\software-devel\ksf_bank_import\tests\unit\Handlers\AbstractTransactionHandlerTest.php" line="81" assertions="1" time="0.000612"/>
        <testcase name="it_throws_exception_for_invalid_constant" class="Tests\Unit\Handlers\AbstractTransactionHandlerTest" classname="Tests.Unit.Handlers.AbstractTransactionHandlerTest" file="C:\Users\prote\Documents\software-devel\ksf_bank_import\tests\unit\Handlers\AbstractTransactionHandlerTest.php" line="93" assertions="2" time="0.000668"/>
        <testcase name="it_validates_required_transaction_fields" class="Tests\Unit\Handlers\AbstractTransactionHandlerTest" classname="Tests.Unit.Handlers.AbstractTransactionHandlerTest" file="C:\Users\prote\Documents\software-devel\ksf_bank_import\tests\unit\Handlers\AbstractTransactionHandlerTest.php" line="106" assertions="2" time="0.000682"/>
        <testcase name="it_passes_validation_with_complete_transaction" class="Tests\Unit\Handlers\AbstractTransactionHandlerTest" classname="Tests.Unit.Handlers.AbstractTransactionHandlerTest" file="C:\Users\prote\Documents\software-devel\ksf_bank_import\tests\unit\Handlers\AbstractTransactionHandlerTest.php" line="123" assertions="1" time="0.000598"/>
        <testcase name="it_extracts_partner_id_from_post_data" class="Tests\Unit\Handlers\AbstractTransactionHandlerTest" classname="Tests.Unit.Handlers.AbstractTransactionHandlerTest" file="C:\Users\prote\Documents\software-devel\ksf_bank_import\tests\unit\Handlers\AbstractTransactionHandlerTest.php" line="145" assertions="1" time="0.000559"/>
        <testcase name="it_throws_exception_when_partner_id_not_found" class="Tests\Unit\Handlers\AbstractTransactionHandlerTest" classname="Tests.Unit.Handlers.AbstractTransactionHandlerTest" file="C:\Users\prote\Documents\software-devel\ksf_bank_import\tests\unit\Handlers\AbstractTransactionHandlerTest.php" line="159" assertions="2" time="0.000639"/>
        <testcase name="it_creates_standard_error_result" class="Tests\Unit\Handlers\AbstractTransactionHandlerTest" classname="Tests.Unit.Handlers.AbstractTransactionHandlerTest" file="C:\Users\prote\Documents\software-devel\ksf_bank_import\tests\unit\Handlers\AbstractTransactionHandlerTest.php" line="176" assertions="4" time="0.001106"/>
        <testcase name="it_creates_standard_success_result" class="Tests\Unit\Handlers\AbstractTransactionHandlerTest" classname="Tests.Unit.Handlers.AbstractTransactionHandlerTest" file="C:\Users\prote\Documents\software-devel\ksf_bank_import\tests\unit\Handlers\AbstractTransactionHandlerTest.php" line="193" assertions="4" time="0.000787"/>
        <testcase name="it_merges_additional_data_in_success_result" class="Tests\Unit\Handlers\AbstractTransactionHandlerTest" classname="Tests.Unit.Handlers.AbstractTransactionHandlerTest" file="C:\Users\prote\Documents\software-devel\ksf_bank_import\tests\unit\Handlers\AbstractTransactionHandlerTest.php" line="210" assertions="3" time="0.001197"/>
        <testcase name="it_returns_partner_type_label" class="Tests\Unit\Handlers\AbstractTransactionHandlerTest" classname="Tests.Unit.Handlers.AbstractTransactionHandlerTest" file="C:\Users\prote\Documents\software-devel\ksf_bank_import\tests\unit\Handlers\AbstractTransactionHandlerTest.php" line="231" assertions="1" time="0.000686"/>
        <testcase name="it_caches_partner_type_object" class="Tests\Unit\Handlers\AbstractTransactionHandlerTest" classname="Tests.Unit.Handlers.AbstractTransactionHandlerTest" file="C:\Users\prote\Documents\software-devel\ksf_bank_import\tests\unit\Handlers\AbstractTransactionHandlerTest.php" line="243" assertions="2" time="0.000770"/>
      </testsuite>
      <testsuite name="Ksfraser\FaBankImport\Tests\Handlers\BankTransferTransactionHandlerTest" file="C:\Users\prote\Documents\software-devel\ksf_bank_import\tests\unit\Handlers\BankTransferTransactionHandlerTest.php" tests="12" assertions="22" errors="1" warnings="0" failures="0" skipped="0" time="0.145614">
        <testcase name="it_implements_transaction_handler_interface" class="Ksfraser\FaBankImport\Tests\Handlers\BankTransferTransactionHandlerTest" classname="Ksfraser.FaBankImport.Tests.Handlers.BankTransferTransactionHandlerTest" file="C:\Users\prote\Documents\software-devel\ksf_bank_import\tests\unit\Handlers\BankTransferTransactionHandlerTest.php" line="31" assertions="1" time="0.026790"/>
        <testcase name="it_returns_bank_transfer_partner_type" class="Ksfraser\FaBankImport\Tests\Handlers\BankTransferTransactionHandlerTest" classname="Ksfraser.FaBankImport.Tests.Handlers.BankTransferTransactionHandlerTest" file="C:\Users\prote\Documents\software-devel\ksf_bank_import\tests\unit\Handlers\BankTransferTransactionHandlerTest.php" line="39" assertions="1" time="0.001185"/>
        <testcase name="it_returns_bank_transfer_partner_type_object" class="Ksfraser\FaBankImport\Tests\Handlers\BankTransferTransactionHandlerTest" classname="Ksfraser.FaBankImport.Tests.Handlers.BankTransferTransactionHandlerTest" file="C:\Users\prote\Documents\software-devel\ksf_bank_import\tests\unit\Handlers\BankTransferTransactionHandlerTest.php" line="47" assertions="3" time="0.000821"/>
        <testcase name="it_can_process_bank_transfer_transactions" class="Ksfraser\FaBankImport\Tests\Handlers\BankTransferTransactionHandlerTest" classname="Ksfraser.FaBankImport.Tests.Handlers.BankTransferTransactionHandlerTest" file="C:\Users\prote\Documents\software-devel\ksf_bank_import\tests\unit\Handlers\BankTransferTransactionHandlerTest.php" line="58" assertions="1" time="0.000639"/>
        <testcase name="it_cannot_process_other_transaction_types" class="Ksfraser\FaBankImport\Tests\Handlers\BankTransferTransactionHandlerTest" classname="Ksfraser.FaBankImport.Tests.Handlers.BankTransferTransactionHandlerTest" file="C:\Users\prote\Documents\software-devel\ksf_bank_import\tests\unit\Handlers\BankTransferTransactionHandlerTest.php" line="66" assertions="5" time="0.000785"/>
        <testcase name="it_requires_transaction_amount" class="Ksfraser\FaBankImport\Tests\Handlers\BankTransferTransactionHandlerTest" classname="Ksfraser.FaBankImport.Tests.Handlers.BankTransferTransactionHandlerTest" file="C:\Users\prote\Documents\software-devel\ksf_bank_import\tests\unit\Handlers\BankTransferTransactionHandlerTest.php" line="78" assertions="2" time="0.000685"/>
        <testcase name="it_requires_transaction_dc" class="Ksfraser\FaBankImport\Tests\Handlers\BankTransferTransactionHandlerTest" classname="Ksfraser.FaBankImport.Tests.Handlers.BankTransferTransactionHandlerTest" file="C:\Users\prote\Documents\software-devel\ksf_bank_import\tests\unit\Handlers\BankTransferTransactionHandlerTest.php" line="107" assertions="2" time="0.001326"/>
        <testcase name="it_requires_partner_bank_account_id" class="Ksfraser\FaBankImport\Tests\Handlers\BankTransferTransactionHandlerTest" classname="Ksfraser.FaBankImport.Tests.Handlers.BankTransferTransactionHandlerTest" file="C:\Users\prote\Documents\software-devel\ksf_bank_import\tests\unit\Handlers\BankTransferTransactionHandlerTest.php" line="136" assertions="2" time="0.000732"/>
        <testcase name="it_handles_credit_transactions_as_incoming_transfers" class="Ksfraser\FaBankImport\Tests\Handlers\BankTransferTransactionHandlerTest" classname="Ksfraser.FaBankImport.Tests.Handlers.BankTransferTransactionHandlerTest" file="C:\Users\prote\Documents\software-devel\ksf_bank_import\tests\unit\Handlers\BankTransferTransactionHandlerTest.php" line="166" assertions="1" time="0.000612"/>
        <testcase name="it_handles_debit_transactions_as_outgoing_transfers" class="Ksfraser\FaBankImport\Tests\Handlers\BankTransferTransactionHandlerTest" classname="Ksfraser.FaBankImport.Tests.Handlers.BankTransferTransactionHandlerTest" file="C:\Users\prote\Documents\software-devel\ksf_bank_import\tests\unit\Handlers\BankTransferTransactionHandlerTest.php" line="178" assertions="1" time="0.000625"/>
        <testcase name="it_validates_required_fields_before_processing" class="Ksfraser\FaBankImport\Tests\Handlers\BankTransferTransactionHandlerTest" classname="Ksfraser.FaBankImport.Tests.Handlers.BankTransferTransactionHandlerTest" file="C:\Users\prote\Documents\software-devel\ksf_bank_import\tests\unit\Handlers\BankTransferTransactionHandlerTest.php" line="190" assertions="3" time="0.000829"/>
        <testcase name="it_processes_bank_transfer_successfully_with_mock_fa_class" class="Ksfraser\FaBankImport\Tests\Handlers\BankTransferTransactionHandlerTest" classname="Ksfraser.FaBankImport.Tests.Handlers.BankTransferTransactionHandlerTest" file="C:\Users\prote\Documents\software-devel\ksf_bank_import\tests\unit\Handlers\BankTransferTransactionHandlerTest.php" line="226" assertions="0" time="0.110587">
          <error type="Error">Ksfraser\FaBankImport\Tests\Handlers\BankTransferTransactionHandlerTest::it_processes_bank_transfer_successfully_with_mock_fa_class
Error: Call to undefined function Ksfraser\FaBankImport\Handlers\begin_transaction()

C:\Users\prote\Documents\software-devel\ksf_bank_import\src\Ksfraser\FaBankImport\handlers\BankTransferTransactionHandler.php:244
C:\Users\prote\Documents\software-devel\ksf_bank_import\src\Ksfraser\FaBankImport\handlers\BankTransferTransactionHandler.php:118
C:\Users\prote\Documents\software-devel\ksf_bank_import\tests\unit\Handlers\BankTransferTransactionHandlerTest.php:267</error>
        </testcase>
      </testsuite>
      <testsuite name="Tests\Unit\Handlers\CustomerTransactionHandlerTest" file="C:\Users\prote\Documents\software-devel\ksf_bank_import\tests\unit\Handlers\CustomerTransactionHandlerTest.php" tests="10" assertions="17" errors="0" warnings="0" failures="0" skipped="0" time="0.080461">
        <testcase name="it_implements_transaction_handler_interface" class="Tests\Unit\Handlers\CustomerTransactionHandlerTest" classname="Tests.Unit.Handlers.CustomerTransactionHandlerTest" file="C:\Users\prote\Documents\software-devel\ksf_bank_import\tests\unit\Handlers\CustomerTransactionHandlerTest.php" line="41" assertions="1" time="0.073561"/>
        <testcase name="it_returns_customer_partner_type" class="Tests\Unit\Handlers\CustomerTransactionHandlerTest" classname="Tests.Unit.Handlers.CustomerTransactionHandlerTest" file="C:\Users\prote\Documents\software-devel\ksf_bank_import\tests\unit\Handlers\CustomerTransactionHandlerTest.php" line="53" assertions="1" time="0.000656"/>
        <testcase name="it_can_process_customer_transactions" class="Tests\Unit\Handlers\CustomerTransactionHandlerTest" classname="Tests.Unit.Handlers.CustomerTransactionHandlerTest" file="C:\Users\prote\Documents\software-devel\ksf_bank_import\tests\unit\Handlers\CustomerTransactionHandlerTest.php" line="65" assertions="1" time="0.000622"/>
        <testcase name="it_cannot_process_non_customer_transactions" class="Tests\Unit\Handlers\CustomerTransactionHandlerTest" classname="Tests.Unit.Handlers.CustomerTransactionHandlerTest" file="C:\Users\prote\Documents\software-devel\ksf_bank_import\tests\unit\Handlers\CustomerTransactionHandlerTest.php" line="77" assertions="2" time="0.000699"/>
        <testcase name="it_validates_required_transaction_fields" class="Tests\Unit\Handlers\CustomerTransactionHandlerTest" classname="Tests.Unit.Handlers.CustomerTransactionHandlerTest" file="C:\Users\prote\Documents\software-devel\ksf_bank_import\tests\unit\Handlers\CustomerTransactionHandlerTest.php" line="90" assertions="2" time="0.000765"/>
        <testcase name="it_requires_partner_id" class="Tests\Unit\Handlers\CustomerTransactionHandlerTest" classname="Tests.Unit.Handlers.CustomerTransactionHandlerTest" file="C:\Users\prote\Documents\software-devel\ksf_bank_import\tests\unit\Handlers\CustomerTransactionHandlerTest.php" line="120" assertions="2" time="0.000757"/>
        <testcase name="it_rejects_debit_transactions" class="Tests\Unit\Handlers\CustomerTransactionHandlerTest" classname="Tests.Unit.Handlers.CustomerTransactionHandlerTest" file="C:\Users\prote\Documents\software-devel\ksf_bank_import\tests\unit\Handlers\CustomerTransactionHandlerTest.php" line="154" assertions="2" time="0.000740"/>
        <testcase name="it_does_not_require_controller_dependency" class="Tests\Unit\Handlers\CustomerTransactionHandlerTest" classname="Tests.Unit.Handlers.CustomerTransactionHandlerTest" file="C:\Users\prote\Documents\software-devel\ksf_bank_import\tests\unit\Handlers\CustomerTransactionHandlerTest.php" line="188" assertions="1" time="0.001160"/>
        <testcase name="it_only_checks_customer_partner_type" class="Tests\Unit\Handlers\CustomerTransactionHandlerTest" classname="Tests.Unit.Handlers.CustomerTransactionHandlerTest" file="C:\Users\prote\Documents\software-devel\ksf_bank_import\tests\unit\Handlers\CustomerTransactionHandlerTest.php" line="201" assertions="3" time="0.000729"/>
        <testcase name="it_only_accepts_credit_transactions" class="Tests\Unit\Handlers\CustomerTransactionHandlerTest" classname="Tests.Unit.Handlers.CustomerTransactionHandlerTest" file="C:\Users\prote\Documents\software-devel\ksf_bank_import\tests\unit\Handlers\CustomerTransactionHandlerTest.php" line="220" assertions="2" time="0.000771"/>
      </testsuite>
      <testsuite name="Ksfraser\FaBankImport\Tests\Handlers\ManualSettlementHandlerTest" file="C:\Users\prote\Documents\software-devel\ksf_bank_import\tests\unit\Handlers\ManualSettlementHandlerTest.php" tests="13" assertions="26" errors="0" warnings="0" failures="0" skipped="0" time="0.029728">
        <testcase name="it_implements_transaction_handler_interface" class="Ksfraser\FaBankImport\Tests\Handlers\ManualSettlementHandlerTest" classname="Ksfraser.FaBankImport.Tests.Handlers.ManualSettlementHandlerTest" file="C:\Users\prote\Documents\software-devel\ksf_bank_import\tests\unit\Handlers\ManualSettlementHandlerTest.php" line="32" assertions="1" time="0.019784"/>
        <testcase name="it_returns_manual_settlement_partner_type" class="Ksfraser\FaBankImport\Tests\Handlers\ManualSettlementHandlerTest" classname="Ksfraser.FaBankImport.Tests.Handlers.ManualSettlementHandlerTest" file="C:\Users\prote\Documents\software-devel\ksf_bank_import\tests\unit\Handlers\ManualSettlementHandlerTest.php" line="40" assertions="1" time="0.000908"/>
        <testcase name="it_returns_manual_settlement_partner_type_object" class="Ksfraser\FaBankImport\Tests\Handlers\ManualSettlementHandlerTest" classname="Ksfraser.FaBankImport.Tests.Handlers.ManualSettlementHandlerTest" file="C:\Users\prote\Documents\software-devel\ksf_bank_import\tests\unit\Handlers\ManualSettlementHandlerTest.php" line="48" assertions="3" time="0.001060"/>
        <testcase name="it_can_process_manual_settlement_transactions" class="Ksfraser\FaBankImport\Tests\Handlers\ManualSettlementHandlerTest" classname="Ksfraser.FaBankImport.Tests.Handlers.ManualSettlementHandlerTest" file="C:\Users\prote\Documents\software-devel\ksf_bank_import\tests\unit\Handlers\ManualSettlementHandlerTest.php" line="59" assertions="1" time="0.001355"/>
        <testcase name="it_cannot_process_other_transaction_types" class="Ksfraser\FaBankImport\Tests\Handlers\ManualSettlementHandlerTest" classname="Ksfraser.FaBankImport.Tests.Handlers.ManualSettlementHandlerTest" file="C:\Users\prote\Documents\software-devel\ksf_bank_import\tests\unit\Handlers\ManualSettlementHandlerTest.php" line="67" assertions="5" time="0.000813"/>
        <testcase name="it_requires_existing_entry_number" class="Ksfraser\FaBankImport\Tests\Handlers\ManualSettlementHandlerTest" classname="Ksfraser.FaBankImport.Tests.Handlers.ManualSettlementHandlerTest" file="C:\Users\prote\Documents\software-devel\ksf_bank_import\tests\unit\Handlers\ManualSettlementHandlerTest.php" line="79" assertions="2" time="0.000749"/>
        <testcase name="it_requires_existing_entry_type" class="Ksfraser\FaBankImport\Tests\Handlers\ManualSettlementHandlerTest" classname="Ksfraser.FaBankImport.Tests.Handlers.ManualSettlementHandlerTest" file="C:\Users\prote\Documents\software-devel\ksf_bank_import\tests\unit\Handlers\ManualSettlementHandlerTest.php" line="110" assertions="2" time="0.000722"/>
        <testcase name="it_rejects_invalid_existing_entry_number" class="Ksfraser\FaBankImport\Tests\Handlers\ManualSettlementHandlerTest" classname="Ksfraser.FaBankImport.Tests.Handlers.ManualSettlementHandlerTest" file="C:\Users\prote\Documents\software-devel\ksf_bank_import\tests\unit\Handlers\ManualSettlementHandlerTest.php" line="141" assertions="2" time="0.000810"/>
        <testcase name="it_rejects_invalid_existing_entry_type" class="Ksfraser\FaBankImport\Tests\Handlers\ManualSettlementHandlerTest" classname="Ksfraser.FaBankImport.Tests.Handlers.ManualSettlementHandlerTest" file="C:\Users\prote\Documents\software-devel\ksf_bank_import\tests\unit\Handlers\ManualSettlementHandlerTest.php" line="172" assertions="2" time="0.000672"/>
        <testcase name="it_links_transaction_to_existing_fa_entry" class="Ksfraser\FaBankImport\Tests\Handlers\ManualSettlementHandlerTest" classname="Ksfraser.FaBankImport.Tests.Handlers.ManualSettlementHandlerTest" file="C:\Users\prote\Documents\software-devel\ksf_bank_import\tests\unit\Handlers\ManualSettlementHandlerTest.php" line="203" assertions="1" time="0.000562"/>
        <testcase name="it_provides_view_gl_link_in_result" class="Ksfraser\FaBankImport\Tests\Handlers\ManualSettlementHandlerTest" classname="Ksfraser.FaBankImport.Tests.Handlers.ManualSettlementHandlerTest" file="C:\Users\prote\Documents\software-devel\ksf_bank_import\tests\unit\Handlers\ManualSettlementHandlerTest.php" line="214" assertions="1" time="0.000647"/>
        <testcase name="it_provides_receipt_link_for_customer_payments" class="Ksfraser\FaBankImport\Tests\Handlers\ManualSettlementHandlerTest" classname="Ksfraser.FaBankImport.Tests.Handlers.ManualSettlementHandlerTest" file="C:\Users\prote\Documents\software-devel\ksf_bank_import\tests\unit\Handlers\ManualSettlementHandlerTest.php" line="224" assertions="1" time="0.000766"/>
        <testcase name="it_validates_required_fields_before_processing" class="Ksfraser\FaBankImport\Tests\Handlers\ManualSettlementHandlerTest" classname="Ksfraser.FaBankImport.Tests.Handlers.ManualSettlementHandlerTest" file="C:\Users\prote\Documents\software-devel\ksf_bank_import\tests\unit\Handlers\ManualSettlementHandlerTest.php" line="235" assertions="4" time="0.000881"/>
      </testsuite>
      <testsuite name="Ksfraser\FaBankImport\Tests\Handlers\MatchedTransactionHandlerTest" file="C:\Users\prote\Documents\software-devel\ksf_bank_import\tests\unit\Handlers\MatchedTransactionHandlerTest.php" tests="15" assertions="28" errors="0" warnings="0" failures="0" skipped="0" time="0.034753">
        <testcase name="it_implements_transaction_handler_interface" class="Ksfraser\FaBankImport\Tests\Handlers\MatchedTransactionHandlerTest" classname="Ksfraser.FaBankImport.Tests.Handlers.MatchedTransactionHandlerTest" file="C:\Users\prote\Documents\software-devel\ksf_bank_import\tests\unit\Handlers\MatchedTransactionHandlerTest.php" line="31" assertions="1" time="0.023845"/>
        <testcase name="it_returns_matched_partner_type" class="Ksfraser\FaBankImport\Tests\Handlers\MatchedTransactionHandlerTest" classname="Ksfraser.FaBankImport.Tests.Handlers.MatchedTransactionHandlerTest" file="C:\Users\prote\Documents\software-devel\ksf_bank_import\tests\unit\Handlers\MatchedTransactionHandlerTest.php" line="39" assertions="1" time="0.000641"/>
        <testcase name="it_returns_matched_partner_type_object" class="Ksfraser\FaBankImport\Tests\Handlers\MatchedTransactionHandlerTest" classname="Ksfraser.FaBankImport.Tests.Handlers.MatchedTransactionHandlerTest" file="C:\Users\prote\Documents\software-devel\ksf_bank_import\tests\unit\Handlers\MatchedTransactionHandlerTest.php" line="47" assertions="3" time="0.000682"/>
        <testcase name="it_can_process_matched_transactions" class="Ksfraser\FaBankImport\Tests\Handlers\MatchedTransactionHandlerTest" classname="Ksfraser.FaBankImport.Tests.Handlers.MatchedTransactionHandlerTest" file="C:\Users\prote\Documents\software-devel\ksf_bank_import\tests\unit\Handlers\MatchedTransactionHandlerTest.php" line="58" assertions="1" time="0.000593"/>
        <testcase name="it_cannot_process_other_transaction_types" class="Ksfraser\FaBankImport\Tests\Handlers\MatchedTransactionHandlerTest" classname="Ksfraser.FaBankImport.Tests.Handlers.MatchedTransactionHandlerTest" file="C:\Users\prote\Documents\software-devel\ksf_bank_import\tests\unit\Handlers\MatchedTransactionHandlerTest.php" line="66" assertions="5" time="0.000772"/>
        <testcase name="it_requires_matched_transaction_number" class="Ksfraser\FaBankImport\Tests\Handlers\MatchedTransactionHandlerTest" classname="Ksfraser.FaBankImport.Tests.Handlers.MatchedTransactionHandlerTest" file="C:\Users\prote\Documents\software-devel\ksf_bank_import\tests\unit\Handlers\MatchedTransactionHandlerTest.php" line="78" assertions="2" time="0.000705"/>
        <testcase name="it_requires_matched_transaction_type" class="Ksfraser\FaBankImport\Tests\Handlers\MatchedTransactionHandlerTest" classname="Ksfraser.FaBankImport.Tests.Handlers.MatchedTransactionHandlerTest" file="C:\Users\prote\Documents\software-devel\ksf_bank_import\tests\unit\Handlers\MatchedTransactionHandlerTest.php" line="109" assertions="2" time="0.000715"/>
        <testcase name="it_rejects_invalid_matched_transaction_number" class="Ksfraser\FaBankImport\Tests\Handlers\MatchedTransactionHandlerTest" classname="Ksfraser.FaBankImport.Tests.Handlers.MatchedTransactionHandlerTest" file="C:\Users\prote\Documents\software-devel\ksf_bank_import\tests\unit\Handlers\MatchedTransactionHandlerTest.php" line="140" assertions="2" time="0.001164"/>
        <testcase name="it_rejects_invalid_matched_transaction_type" class="Ksfraser\FaBankImport\Tests\Handlers\MatchedTransactionHandlerTest" classname="Ksfraser.FaBankImport.Tests.Handlers.MatchedTransactionHandlerTest" file="C:\Users\prote\Documents\software-devel\ksf_bank_import\tests\unit\Handlers\MatchedTransactionHandlerTest.php" line="171" assertions="2" time="0.001356"/>
        <testcase name="it_allows_optional_partner_id" class="Ksfraser\FaBankImport\Tests\Handlers\MatchedTransactionHandlerTest" classname="Ksfraser.FaBankImport.Tests.Handlers.MatchedTransactionHandlerTest" file="C:\Users\prote\Documents\software-devel\ksf_bank_import\tests\unit\Handlers\MatchedTransactionHandlerTest.php" line="202" assertions="1" time="0.000935"/>
        <testcase name="it_confirms_match_to_existing_fa_entry" class="Ksfraser\FaBankImport\Tests\Handlers\MatchedTransactionHandlerTest" classname="Ksfraser.FaBankImport.Tests.Handlers.MatchedTransactionHandlerTest" file="C:\Users\prote\Documents\software-devel\ksf_bank_import\tests\unit\Handlers\MatchedTransactionHandlerTest.php" line="212" assertions="1" time="0.000646"/>
        <testcase name="it_extracts_person_info_from_counterparty" class="Ksfraser\FaBankImport\Tests\Handlers\MatchedTransactionHandlerTest" classname="Ksfraser.FaBankImport.Tests.Handlers.MatchedTransactionHandlerTest" file="C:\Users\prote\Documents\software-devel\ksf_bank_import\tests\unit\Handlers\MatchedTransactionHandlerTest.php" line="223" assertions="1" time="0.000673"/>
        <testcase name="it_provides_view_gl_link_in_result" class="Ksfraser\FaBankImport\Tests\Handlers\MatchedTransactionHandlerTest" classname="Ksfraser.FaBankImport.Tests.Handlers.MatchedTransactionHandlerTest" file="C:\Users\prote\Documents\software-devel\ksf_bank_import\tests\unit\Handlers\MatchedTransactionHandlerTest.php" line="233" assertions="1" time="0.000620"/>
        <testcase name="it_provides_receipt_link_for_customer_payments" class="Ksfraser\FaBankImport\Tests\Handlers\MatchedTransactionHandlerTest" classname="Ksfraser.FaBankImport.Tests.Handlers.MatchedTransactionHandlerTest" file="C:\Users\prote\Documents\software-devel\ksf_bank_import\tests\unit\Handlers\MatchedTransactionHandlerTest.php" line="243" assertions="1" time="0.000568"/>
        <testcase name="it_validates_required_fields_before_processing" class="Ksfraser\FaBankImport\Tests\Handlers\MatchedTransactionHandlerTest" classname="Ksfraser.FaBankImport.Tests.Handlers.MatchedTransactionHandlerTest" file="C:\Users\prote\Documents\software-devel\ksf_bank_import\tests\unit\Handlers\MatchedTransactionHandlerTest.php" line="254" assertions="4" time="0.000838"/>
      </testsuite>
      <testsuite name="Ksfraser\FaBankImport\Tests\Handlers\QuickEntryTransactionHandlerTest" file="C:\Users\prote\Documents\software-devel\ksf_bank_import\tests\unit\Handlers\QuickEntryTransactionHandlerTest.php" tests="11" assertions="23" errors="0" warnings="0" failures="0" skipped="0" time="0.035970">
        <testcase name="it_implements_transaction_handler_interface" class="Ksfraser\FaBankImport\Tests\Handlers\QuickEntryTransactionHandlerTest" classname="Ksfraser.FaBankImport.Tests.Handlers.QuickEntryTransactionHandlerTest" file="C:\Users\prote\Documents\software-devel\ksf_bank_import\tests\unit\Handlers\QuickEntryTransactionHandlerTest.php" line="31" assertions="1" time="0.029020"/>
        <testcase name="it_returns_quick_entry_partner_type" class="Ksfraser\FaBankImport\Tests\Handlers\QuickEntryTransactionHandlerTest" classname="Ksfraser.FaBankImport.Tests.Handlers.QuickEntryTransactionHandlerTest" file="C:\Users\prote\Documents\software-devel\ksf_bank_import\tests\unit\Handlers\QuickEntryTransactionHandlerTest.php" line="39" assertions="1" time="0.000642"/>
        <testcase name="it_returns_quick_entry_partner_type_object" class="Ksfraser\FaBankImport\Tests\Handlers\QuickEntryTransactionHandlerTest" classname="Ksfraser.FaBankImport.Tests.Handlers.QuickEntryTransactionHandlerTest" file="C:\Users\prote\Documents\software-devel\ksf_bank_import\tests\unit\Handlers\QuickEntryTransactionHandlerTest.php" line="47" assertions="3" time="0.000681"/>
        <testcase name="it_can_process_quick_entry_transactions" class="Ksfraser\FaBankImport\Tests\Handlers\QuickEntryTransactionHandlerTest" classname="Ksfraser.FaBankImport.Tests.Handlers.QuickEntryTransactionHandlerTest" file="C:\Users\prote\Documents\software-devel\ksf_bank_import\tests\unit\Handlers\QuickEntryTransactionHandlerTest.php" line="58" assertions="1" time="0.000628"/>
        <testcase name="it_cannot_process_other_transaction_types" class="Ksfraser\FaBankImport\Tests\Handlers\QuickEntryTransactionHandlerTest" classname="Ksfraser.FaBankImport.Tests.Handlers.QuickEntryTransactionHandlerTest" file="C:\Users\prote\Documents\software-devel\ksf_bank_import\tests\unit\Handlers\QuickEntryTransactionHandlerTest.php" line="66" assertions="5" time="0.000742"/>
        <testcase name="it_requires_transaction_amount" class="Ksfraser\FaBankImport\Tests\Handlers\QuickEntryTransactionHandlerTest" classname="Ksfraser.FaBankImport.Tests.Handlers.QuickEntryTransactionHandlerTest" file="C:\Users\prote\Documents\software-devel\ksf_bank_import\tests\unit\Handlers\QuickEntryTransactionHandlerTest.php" line="78" assertions="2" time="0.000648"/>
        <testcase name="it_requires_transaction_dc" class="Ksfraser\FaBankImport\Tests\Handlers\QuickEntryTransactionHandlerTest" classname="Ksfraser.FaBankImport.Tests.Handlers.QuickEntryTransactionHandlerTest" file="C:\Users\prote\Documents\software-devel\ksf_bank_import\tests\unit\Handlers\QuickEntryTransactionHandlerTest.php" line="107" assertions="2" time="0.000630"/>
        <testcase name="it_requires_partner_id_quick_entry_template" class="Ksfraser\FaBankImport\Tests\Handlers\QuickEntryTransactionHandlerTest" classname="Ksfraser.FaBankImport.Tests.Handlers.QuickEntryTransactionHandlerTest" file="C:\Users\prote\Documents\software-devel\ksf_bank_import\tests\unit\Handlers\QuickEntryTransactionHandlerTest.php" line="136" assertions="3" time="0.000819"/>
        <testcase name="it_handles_debit_transactions_as_bank_payments" class="Ksfraser\FaBankImport\Tests\Handlers\QuickEntryTransactionHandlerTest" classname="Ksfraser.FaBankImport.Tests.Handlers.QuickEntryTransactionHandlerTest" file="C:\Users\prote\Documents\software-devel\ksf_bank_import\tests\unit\Handlers\QuickEntryTransactionHandlerTest.php" line="167" assertions="1" time="0.000793"/>
        <testcase name="it_handles_credit_transactions_as_bank_deposits" class="Ksfraser\FaBankImport\Tests\Handlers\QuickEntryTransactionHandlerTest" classname="Ksfraser.FaBankImport.Tests.Handlers.QuickEntryTransactionHandlerTest" file="C:\Users\prote\Documents\software-devel\ksf_bank_import\tests\unit\Handlers\QuickEntryTransactionHandlerTest.php" line="178" assertions="1" time="0.000619"/>
        <testcase name="it_validates_required_fields_before_processing" class="Ksfraser\FaBankImport\Tests\Handlers\QuickEntryTransactionHandlerTest" classname="Ksfraser.FaBankImport.Tests.Handlers.QuickEntryTransactionHandlerTest" file="C:\Users\prote\Documents\software-devel\ksf_bank_import\tests\unit\Handlers\QuickEntryTransactionHandlerTest.php" line="189" assertions="3" time="0.000746"/>
      </testsuite>
      <testsuite name="Tests\Unit\Handlers\SupplierTransactionHandlerTest" file="C:\Users\prote\Documents\software-devel\ksf_bank_import\tests\unit\Handlers\SupplierTransactionHandlerTest.php" tests="9" assertions="14" errors="0" warnings="0" failures="0" skipped="0" time="0.167690">
        <testcase name="it_implements_transaction_handler_interface" class="Tests\Unit\Handlers\SupplierTransactionHandlerTest" classname="Tests.Unit.Handlers.SupplierTransactionHandlerTest" file="C:\Users\prote\Documents\software-devel\ksf_bank_import\tests\unit\Handlers\SupplierTransactionHandlerTest.php" line="42" assertions="1" time="0.161963"/>
        <testcase name="it_returns_supplier_partner_type" class="Tests\Unit\Handlers\SupplierTransactionHandlerTest" classname="Tests.Unit.Handlers.SupplierTransactionHandlerTest" file="C:\Users\prote\Documents\software-devel\ksf_bank_import\tests\unit\Handlers\SupplierTransactionHandlerTest.php" line="54" assertions="1" time="0.000671"/>
        <testcase name="it_can_process_supplier_transactions" class="Tests\Unit\Handlers\SupplierTransactionHandlerTest" classname="Tests.Unit.Handlers.SupplierTransactionHandlerTest" file="C:\Users\prote\Documents\software-devel\ksf_bank_import\tests\unit\Handlers\SupplierTransactionHandlerTest.php" line="66" assertions="1" time="0.000659"/>
        <testcase name="it_cannot_process_non_supplier_transactions" class="Tests\Unit\Handlers\SupplierTransactionHandlerTest" classname="Tests.Unit.Handlers.SupplierTransactionHandlerTest" file="C:\Users\prote\Documents\software-devel\ksf_bank_import\tests\unit\Handlers\SupplierTransactionHandlerTest.php" line="78" assertions="1" time="0.000608"/>
        <testcase name="it_validates_required_transaction_fields" class="Tests\Unit\Handlers\SupplierTransactionHandlerTest" classname="Tests.Unit.Handlers.SupplierTransactionHandlerTest" file="C:\Users\prote\Documents\software-devel\ksf_bank_import\tests\unit\Handlers\SupplierTransactionHandlerTest.php" line="90" assertions="2" time="0.000687"/>
        <testcase name="it_requires_partner_id" class="Tests\Unit\Handlers\SupplierTransactionHandlerTest" classname="Tests.Unit.Handlers.SupplierTransactionHandlerTest" file="C:\Users\prote\Documents\software-devel\ksf_bank_import\tests\unit\Handlers\SupplierTransactionHandlerTest.php" line="120" assertions="2" time="0.000699"/>
        <testcase name="it_rejects_invalid_transaction_dc_type" class="Tests\Unit\Handlers\SupplierTransactionHandlerTest" classname="Tests.Unit.Handlers.SupplierTransactionHandlerTest" file="C:\Users\prote\Documents\software-devel\ksf_bank_import\tests\unit\Handlers\SupplierTransactionHandlerTest.php" line="154" assertions="2" time="0.000699"/>
        <testcase name="it_does_not_require_controller_dependency" class="Tests\Unit\Handlers\SupplierTransactionHandlerTest" classname="Tests.Unit.Handlers.SupplierTransactionHandlerTest" file="C:\Users\prote\Documents\software-devel\ksf_bank_import\tests\unit\Handlers\SupplierTransactionHandlerTest.php" line="188" assertions="1" time="0.000803"/>
        <testcase name="it_only_checks_specific_transaction_in_batch" class="Tests\Unit\Handlers\SupplierTransactionHandlerTest" classname="Tests.Unit.Handlers.SupplierTransactionHandlerTest" file="C:\Users\prote\Documents\software-devel\ksf_bank_import\tests\unit\Handlers\SupplierTransactionHandlerTest.php" line="204" assertions="3" time="0.000903"/>
      </testsuite>
      <testsuite name="Tests\Unit\HtmlEmailAndATest" file="C:\Users\prote\Documents\software-devel\ksf_bank_import\tests\unit\HtmlEmailAndATest.php" tests="14" assertions="32" errors="0" warnings="0" failures="0" skipped="0" time="0.031762">
        <testcase name="testHtmlEmailCreatesMailtoLink" class="Tests\Unit\HtmlEmailAndATest" classname="Tests.Unit.HtmlEmailAndATest" file="C:\Users\prote\Documents\software-devel\ksf_bank_import\tests\unit\HtmlEmailAndATest.php" line="24" assertions="4" time="0.021213"/>
        <testcase name="testHtmlEmailWithStringContent" class="Tests\Unit\HtmlEmailAndATest" classname="Tests.Unit.HtmlEmailAndATest" file="C:\Users\prote\Documents\software-devel\ksf_bank_import\tests\unit\HtmlEmailAndATest.php" line="35" assertions="2" time="0.000797"/>
        <testcase name="testHtmlEmailWithNullContentUsesEmailAddress" class="Tests\Unit\HtmlEmailAndATest" classname="Tests.Unit.HtmlEmailAndATest" file="C:\Users\prote\Documents\software-devel\ksf_bank_import\tests\unit\HtmlEmailAndATest.php" line="45" assertions="2" time="0.000874"/>
        <testcase name="testHtmlEmailValidatesEmailAddress" class="Tests\Unit\HtmlEmailAndATest" classname="Tests.Unit.HtmlEmailAndATest" file="C:\Users\prote\Documents\software-devel\ksf_bank_import\tests\unit\HtmlEmailAndATest.php" line="55" assertions="2" time="0.000674"/>
        <testcase name="testHtmlEmailCanSkipValidation" class="Tests\Unit\HtmlEmailAndATest" classname="Tests.Unit.HtmlEmailAndATest" file="C:\Users\prote\Documents\software-devel\ksf_bank_import\tests\unit\HtmlEmailAndATest.php" line="63" assertions="1" time="0.000704"/>
        <testcase name="testHtmlEmailRejectsInvalidContentType" class="Tests\Unit\HtmlEmailAndATest" classname="Tests.Unit.HtmlEmailAndATest" file="C:\Users\prote\Documents\software-devel\ksf_bank_import\tests\unit\HtmlEmailAndATest.php" line="72" assertions="2" time="0.000620"/>
        <testcase name="testHtmlACreatesStandardLink" class="Tests\Unit\HtmlEmailAndATest" classname="Tests.Unit.HtmlEmailAndATest" file="C:\Users\prote\Documents\software-devel\ksf_bank_import\tests\unit\HtmlEmailAndATest.php" line="80" assertions="4" time="0.000836"/>
        <testcase name="testHtmlAWithStringContent" class="Tests\Unit\HtmlEmailAndATest" classname="Tests.Unit.HtmlEmailAndATest" file="C:\Users\prote\Documents\software-devel\ksf_bank_import\tests\unit\HtmlEmailAndATest.php" line="91" assertions="2" time="0.000735"/>
        <testcase name="testHtmlAWithNullContentUsesUrl" class="Tests\Unit\HtmlEmailAndATest" classname="Tests.Unit.HtmlEmailAndATest" file="C:\Users\prote\Documents\software-devel\ksf_bank_import\tests\unit\HtmlEmailAndATest.php" line="101" assertions="2" time="0.001032"/>
        <testcase name="testHtmlAWithRawHtmlContent" class="Tests\Unit\HtmlEmailAndATest" classname="Tests.Unit.HtmlEmailAndATest" file="C:\Users\prote\Documents\software-devel\ksf_bank_import\tests\unit\HtmlEmailAndATest.php" line="111" assertions="2" time="0.000884"/>
        <testcase name="testHtmlARejectsInvalidContentType" class="Tests\Unit\HtmlEmailAndATest" classname="Tests.Unit.HtmlEmailAndATest" file="C:\Users\prote\Documents\software-devel\ksf_bank_import\tests\unit\HtmlEmailAndATest.php" line="120" assertions="2" time="0.000666"/>
        <testcase name="testHtmlAInheritsParamMethods" class="Tests\Unit\HtmlEmailAndATest" classname="Tests.Unit.HtmlEmailAndATest" file="C:\Users\prote\Documents\software-devel\ksf_bank_import\tests\unit\HtmlEmailAndATest.php" line="128" assertions="3" time="0.000957"/>
        <testcase name="testHtmlEmailInheritsParamMethods" class="Tests\Unit\HtmlEmailAndATest" classname="Tests.Unit.HtmlEmailAndATest" file="C:\Users\prote\Documents\software-devel\ksf_bank_import\tests\unit\HtmlEmailAndATest.php" line="142" assertions="3" time="0.000918"/>
        <testcase name="testHtmlACanSetTarget" class="Tests\Unit\HtmlEmailAndATest" classname="Tests.Unit.HtmlEmailAndATest" file="C:\Users\prote\Documents\software-devel\ksf_bank_import\tests\unit\HtmlEmailAndATest.php" line="156" assertions="1" time="0.000851"/>
      </testsuite>
      <testsuite name="Tests\Unit\HtmlOBTest" file="C:\Users\prote\Documents\software-devel\ksf_bank_import\tests\unit\HtmlOBTest.php" tests="12" assertions="17" errors="0" warnings="0" failures="0" skipped="0" time="0.046016">
        <testcase name="testCaptureSimpleEcho" class="Tests\Unit\HtmlOBTest" classname="Tests.Unit.HtmlOBTest" file="C:\Users\prote\Documents\software-devel\ksf_bank_import\tests\unit\HtmlOBTest.php" line="22" assertions="1" time="0.037301"/>
        <testcase name="testCaptureMultipleEchoes" class="Tests\Unit\HtmlOBTest" classname="Tests.Unit.HtmlOBTest" file="C:\Users\prote\Documents\software-devel\ksf_bank_import\tests\unit\HtmlOBTest.php" line="34" assertions="1" time="0.000865"/>
        <testcase name="testDoesNotEscapeHtml" class="Tests\Unit\HtmlOBTest" classname="Tests.Unit.HtmlOBTest" file="C:\Users\prote\Documents\software-devel\ksf_bank_import\tests\unit\HtmlOBTest.php" line="50" assertions="3" time="0.000768"/>
        <testcase name="testManualStartEnd" class="Tests\Unit\HtmlOBTest" classname="Tests.Unit.HtmlOBTest" file="C:\Users\prote\Documents\software-devel\ksf_bank_import\tests\unit\HtmlOBTest.php" line="65" assertions="2" time="0.000598"/>
        <testcase name="testToHtmlEchoes" class="Tests\Unit\HtmlOBTest" classname="Tests.Unit.HtmlOBTest" file="C:\Users\prote\Documents\software-devel\ksf_bank_import\tests\unit\HtmlOBTest.php" line="79" assertions="1" time="0.001733"/>
        <testcase name="testCaptureObjectMethod" class="Tests\Unit\HtmlOBTest" classname="Tests.Unit.HtmlOBTest" file="C:\Users\prote\Documents\software-devel\ksf_bank_import\tests\unit\HtmlOBTest.php" line="95" assertions="1" time="0.000788"/>
        <testcase name="testEmptyCapture" class="Tests\Unit\HtmlOBTest" classname="Tests.Unit.HtmlOBTest" file="C:\Users\prote\Documents\software-devel\ksf_bank_import\tests\unit\HtmlOBTest.php" line="116" assertions="1" time="0.000629"/>
        <testcase name="testImplementsHtmlElementInterface" class="Tests\Unit\HtmlOBTest" classname="Tests.Unit.HtmlOBTest" file="C:\Users\prote\Documents\software-devel\ksf_bank_import\tests\unit\HtmlOBTest.php" line="128" assertions="1" time="0.000627"/>
        <testcase name="testConstructorWithCallable" class="Tests\Unit\HtmlOBTest" classname="Tests.Unit.HtmlOBTest" file="C:\Users\prote\Documents\software-devel\ksf_bank_import\tests\unit\HtmlOBTest.php" line="140" assertions="1" time="0.000609"/>
        <testcase name="testConstructorWithString" class="Tests\Unit\HtmlOBTest" classname="Tests.Unit.HtmlOBTest" file="C:\Users\prote\Documents\software-devel\ksf_bank_import\tests\unit\HtmlOBTest.php" line="152" assertions="1" time="0.000544"/>
        <testcase name="testConstructorWithNull" class="Tests\Unit\HtmlOBTest" classname="Tests.Unit.HtmlOBTest" file="C:\Users\prote\Documents\software-devel\ksf_bank_import\tests\unit\HtmlOBTest.php" line="162" assertions="2" time="0.000583"/>
        <testcase name="testCaptureEquivalentToConstructor" class="Tests\Unit\HtmlOBTest" classname="Tests.Unit.HtmlOBTest" file="C:\Users\prote\Documents\software-devel\ksf_bank_import\tests\unit\HtmlOBTest.php" line="178" assertions="2" time="0.000969"/>
      </testsuite>
      <testsuite name="Tests\Unit\Import\Exceptions\ImportExceptionTest" file="C:\Users\prote\Documents\software-devel\ksf_bank_import\tests\unit\Import\Exceptions\ImportExceptionTest.php" tests="5" assertions="11" errors="0" warnings="0" failures="0" skipped="0" time="0.016668">
        <testcase name="testBasicExceptionCreation" class="Tests\Unit\Import\Exceptions\ImportExceptionTest" classname="Tests.Unit.Import.Exceptions.ImportExceptionTest" file="C:\Users\prote\Documents\software-devel\ksf_bank_import\tests\unit\Import\Exceptions\ImportExceptionTest.php" line="15" assertions="3" time="0.014129"/>
        <testcase name="testRecoverableFlag" class="Tests\Unit\Import\Exceptions\ImportExceptionTest" classname="Tests.Unit.Import.Exceptions.ImportExceptionTest" file="C:\Users\prote\Documents\software-devel\ksf_bank_import\tests\unit\Import\Exceptions\ImportExceptionTest.php" line="29" assertions="2" time="0.000691"/>
        <testcase name="testContextData" class="Tests\Unit\Import\Exceptions\ImportExceptionTest" classname="Tests.Unit.Import.Exceptions.ImportExceptionTest" file="C:\Users\prote\Documents\software-devel\ksf_bank_import\tests\unit\Import\Exceptions\ImportExceptionTest.php" line="43" assertions="2" time="0.000608"/>
        <testcase name="testAddContext" class="Tests\Unit\Import\Exceptions\ImportExceptionTest" classname="Tests.Unit.Import.Exceptions.ImportExceptionTest" file="C:\Users\prote\Documents\software-devel\ksf_bank_import\tests\unit\Import\Exceptions\ImportExceptionTest.php" line="57" assertions="3" time="0.000672"/>
        <testcase name="testExceptionChaining" class="Tests\Unit\Import\Exceptions\ImportExceptionTest" classname="Tests.Unit.Import.Exceptions.ImportExceptionTest" file="C:\Users\prote\Documents\software-devel\ksf_bank_import\tests\unit\Import\Exceptions\ImportExceptionTest.php" line="74" assertions="1" time="0.000567"/>
      </testsuite>
      <testsuite name="Tests\Unit\Import\Exceptions\StatementValidationExceptionTest" file="C:\Users\prote\Documents\software-devel\ksf_bank_import\tests\unit\Import\Exceptions\StatementValidationExceptionTest.php" tests="4" assertions="12" errors="0" warnings="0" failures="1" skipped="0" time="0.149162">
        <testcase name="testNoTransactionsException" class="Tests\Unit\Import\Exceptions\StatementValidationExceptionTest" classname="Tests.Unit.Import.Exceptions.StatementValidationExceptionTest" file="C:\Users\prote\Documents\software-devel\ksf_bank_import\tests\unit\Import\Exceptions\StatementValidationExceptionTest.php" line="15" assertions="3" time="0.147136">
          <failure type="PHPUnit\Framework\ExpectationFailedException">Tests\Unit\Import\Exceptions\StatementValidationExceptionTest::testNoTransactionsException
Failed asserting that false is true.

C:\Users\prote\Documents\software-devel\ksf_bank_import\tests\unit\Import\Exceptions\StatementValidationExceptionTest.php:21</failure>
        </testcase>
        <testcase name="testInvalidDateRangeException" class="Tests\Unit\Import\Exceptions\StatementValidationExceptionTest" classname="Tests.Unit.Import.Exceptions.StatementValidationExceptionTest" file="C:\Users\prote\Documents\software-devel\ksf_bank_import\tests\unit\Import\Exceptions\StatementValidationExceptionTest.php" line="29" assertions="3" time="0.000721"/>
        <testcase name="testDuplicateStatementException" class="Tests\Unit\Import\Exceptions\StatementValidationExceptionTest" classname="Tests.Unit.Import.Exceptions.StatementValidationExceptionTest" file="C:\Users\prote\Documents\software-devel\ksf_bank_import\tests\unit\Import\Exceptions\StatementValidationExceptionTest.php" line="43" assertions="3" time="0.000665"/>
        <testcase name="testMissingFieldsException" class="Tests\Unit\Import\Exceptions\StatementValidationExceptionTest" classname="Tests.Unit.Import.Exceptions.StatementValidationExceptionTest" file="C:\Users\prote\Documents\software-devel\ksf_bank_import\tests\unit\Import\Exceptions\StatementValidationExceptionTest.php" line="57" assertions="3" time="0.000640"/>
      </testsuite>
      <testsuite name="Tests\Unit\Import\Exceptions\TransactionValidationExceptionTest" file="C:\Users\prote\Documents\software-devel\ksf_bank_import\tests\unit\Import\Exceptions\TransactionValidationExceptionTest.php" tests="5" assertions="19" errors="0" warnings="0" failures="2" skipped="0" time="0.027105">
        <testcase name="testInvalidAmountException" class="Tests\Unit\Import\Exceptions\TransactionValidationExceptionTest" classname="Tests.Unit.Import.Exceptions.TransactionValidationExceptionTest" file="C:\Users\prote\Documents\software-devel\ksf_bank_import\tests\unit\Import\Exceptions\TransactionValidationExceptionTest.php" line="15" assertions="4" time="0.021240">
          <failure type="PHPUnit\Framework\ExpectationFailedException">Tests\Unit\Import\Exceptions\TransactionValidationExceptionTest::testInvalidAmountException
Failed asserting that false is true.

C:\Users\prote\Documents\software-devel\ksf_bank_import\tests\unit\Import\Exceptions\TransactionValidationExceptionTest.php:22</failure>
        </testcase>
        <testcase name="testMissingCounterpartyException" class="Tests\Unit\Import\Exceptions\TransactionValidationExceptionTest" classname="Tests.Unit.Import.Exceptions.TransactionValidationExceptionTest" file="C:\Users\prote\Documents\software-devel\ksf_bank_import\tests\unit\Import\Exceptions\TransactionValidationExceptionTest.php" line="30" assertions="3" time="0.000841"/>
        <testcase name="testSameAccountTransferException" class="Tests\Unit\Import\Exceptions\TransactionValidationExceptionTest" classname="Tests.Unit.Import.Exceptions.TransactionValidationExceptionTest" file="C:\Users\prote\Documents\software-devel\ksf_bank_import\tests\unit\Import\Exceptions\TransactionValidationExceptionTest.php" line="44" assertions="5" time="0.003246"/>
        <testcase name="testInvalidDateException" class="Tests\Unit\Import\Exceptions\TransactionValidationExceptionTest" classname="Tests.Unit.Import.Exceptions.TransactionValidationExceptionTest" file="C:\Users\prote\Documents\software-devel\ksf_bank_import\tests\unit\Import\Exceptions\TransactionValidationExceptionTest.php" line="60" assertions="3" time="0.001011">
          <failure type="PHPUnit\Framework\ExpectationFailedException">Tests\Unit\Import\Exceptions\TransactionValidationExceptionTest::testInvalidDateException
Failed asserting that false is true.

C:\Users\prote\Documents\software-devel\ksf_bank_import\tests\unit\Import\Exceptions\TransactionValidationExceptionTest.php:66</failure>
        </testcase>
        <testcase name="testDuplicateTransactionException" class="Tests\Unit\Import\Exceptions\TransactionValidationExceptionTest" classname="Tests.Unit.Import.Exceptions.TransactionValidationExceptionTest" file="C:\Users\prote\Documents\software-devel\ksf_bank_import\tests\unit\Import\Exceptions\TransactionValidationExceptionTest.php" line="74" assertions="4" time="0.000767"/>
      </testsuite>
      <testsuite name="Tests\Unit\Import\Queries\QueryClassesTest" file="C:\Users\prote\Documents\software-devel\ksf_bank_import\tests\unit\Import\Queries\QueryClassesTest.php" tests="12" assertions="0" errors="12" warnings="0" failures="0" skipped="0" time="0.071276">
        <testcase name="testMarkFileProcessedWithValidData" class="Tests\Unit\Import\Queries\QueryClassesTest" classname="Tests.Unit.Import.Queries.QueryClassesTest" file="C:\Users\prote\Documents\software-devel\ksf_bank_import\tests\unit\Import\Queries\QueryClassesTest.php" line="31" assertions="0" time="0.052563">
          <error type="PHPUnit\Framework\MockObject\IncompatibleReturnValueException">Tests\Unit\Import\Queries\QueryClassesTest::testMarkFileProcessedWithValidData
PHPUnit\Framework\MockObject\IncompatibleReturnValueException: Method createSavepoint may not return value of type NULL, its declared return type is "string"

C:\Users\prote\Documents\software-devel\ksf_bank_import\tests\unit\Import\Queries\QueryClassesTest.php:22</error>
        </testcase>
        <testcase name="testMarkFileProcessedWithInvalidFileId" class="Tests\Unit\Import\Queries\QueryClassesTest" classname="Tests.Unit.Import.Queries.QueryClassesTest" file="C:\Users\prote\Documents\software-devel\ksf_bank_import\tests\unit\Import\Queries\QueryClassesTest.php" line="50" assertions="0" time="0.001656">
          <error type="PHPUnit\Framework\MockObject\IncompatibleReturnValueException">Tests\Unit\Import\Queries\QueryClassesTest::testMarkFileProcessedWithInvalidFileId
PHPUnit\Framework\MockObject\IncompatibleReturnValueException: Method createSavepoint may not return value of type NULL, its declared return type is "string"

C:\Users\prote\Documents\software-devel\ksf_bank_import\tests\unit\Import\Queries\QueryClassesTest.php:22</error>
        </testcase>
        <testcase name="testUpdateTransactionStatusValidTransition" class="Tests\Unit\Import\Queries\QueryClassesTest" classname="Tests.Unit.Import.Queries.QueryClassesTest" file="C:\Users\prote\Documents\software-devel\ksf_bank_import\tests\unit\Import\Queries\QueryClassesTest.php" line="63" assertions="0" time="0.002131">
          <error type="PHPUnit\Framework\MockObject\IncompatibleReturnValueException">Tests\Unit\Import\Queries\QueryClassesTest::testUpdateTransactionStatusValidTransition
PHPUnit\Framework\MockObject\IncompatibleReturnValueException: Method createSavepoint may not return value of type NULL, its declared return type is "string"

C:\Users\prote\Documents\software-devel\ksf_bank_import\tests\unit\Import\Queries\QueryClassesTest.php:22</error>
        </testcase>
        <testcase name="testUpdateTransactionStatusTransitionMap" class="Tests\Unit\Import\Queries\QueryClassesTest" classname="Tests.Unit.Import.Queries.QueryClassesTest" file="C:\Users\prote\Documents\software-devel\ksf_bank_import\tests\unit\Import\Queries\QueryClassesTest.php" line="78" assertions="0" time="0.001587">
          <error type="PHPUnit\Framework\MockObject\IncompatibleReturnValueException">Tests\Unit\Import\Queries\QueryClassesTest::testUpdateTransactionStatusTransitionMap
PHPUnit\Framework\MockObject\IncompatibleReturnValueException: Method createSavepoint may not return value of type NULL, its declared return type is "string"

C:\Users\prote\Documents\software-devel\ksf_bank_import\tests\unit\Import\Queries\QueryClassesTest.php:22</error>
        </testcase>
        <testcase name="testInsertBiTransactionDetectsSameAccountTransfer" class="Tests\Unit\Import\Queries\QueryClassesTest" classname="Tests.Unit.Import.Queries.QueryClassesTest" file="C:\Users\prote\Documents\software-devel\ksf_bank_import\tests\unit\Import\Queries\QueryClassesTest.php" line="94" assertions="0" time="0.001595">
          <error type="PHPUnit\Framework\MockObject\IncompatibleReturnValueException">Tests\Unit\Import\Queries\QueryClassesTest::testInsertBiTransactionDetectsSameAccountTransfer
PHPUnit\Framework\MockObject\IncompatibleReturnValueException: Method createSavepoint may not return value of type NULL, its declared return type is "string"

C:\Users\prote\Documents\software-devel\ksf_bank_import\tests\unit\Import\Queries\QueryClassesTest.php:22</error>
        </testcase>
        <testcase name="testInsertBiTransactionAllowsDifferentAccountTransfer" class="Tests\Unit\Import\Queries\QueryClassesTest" classname="Tests.Unit.Import.Queries.QueryClassesTest" file="C:\Users\prote\Documents\software-devel\ksf_bank_import\tests\unit\Import\Queries\QueryClassesTest.php" line="117" assertions="0" time="0.001709">
          <error type="PHPUnit\Framework\MockObject\IncompatibleReturnValueException">Tests\Unit\Import\Queries\QueryClassesTest::testInsertBiTransactionAllowsDifferentAccountTransfer
PHPUnit\Framework\MockObject\IncompatibleReturnValueException: Method createSavepoint may not return value of type NULL, its declared return type is "string"

C:\Users\prote\Documents\software-devel\ksf_bank_import\tests\unit\Import\Queries\QueryClassesTest.php:22</error>
        </testcase>
        <testcase name="testInsertBiTransactionMissingRequiredField" class="Tests\Unit\Import\Queries\QueryClassesTest" classname="Tests.Unit.Import.Queries.QueryClassesTest" file="C:\Users\prote\Documents\software-devel\ksf_bank_import\tests\unit\Import\Queries\QueryClassesTest.php" line="150" assertions="0" time="0.001580">
          <error type="PHPUnit\Framework\MockObject\IncompatibleReturnValueException">Tests\Unit\Import\Queries\QueryClassesTest::testInsertBiTransactionMissingRequiredField
PHPUnit\Framework\MockObject\IncompatibleReturnValueException: Method createSavepoint may not return value of type NULL, its declared return type is "string"

C:\Users\prote\Documents\software-devel\ksf_bank_import\tests\unit\Import\Queries\QueryClassesTest.php:22</error>
        </testcase>
        <testcase name="testInsertBiTransactionZeroAmount" class="Tests\Unit\Import\Queries\QueryClassesTest" classname="Tests.Unit.Import.Queries.QueryClassesTest" file="C:\Users\prote\Documents\software-devel\ksf_bank_import\tests\unit\Import\Queries\QueryClassesTest.php" line="170" assertions="0" time="0.001558">
          <error type="PHPUnit\Framework\MockObject\IncompatibleReturnValueException">Tests\Unit\Import\Queries\QueryClassesTest::testInsertBiTransactionZeroAmount
PHPUnit\Framework\MockObject\IncompatibleReturnValueException: Method createSavepoint may not return value of type NULL, its declared return type is "string"

C:\Users\prote\Documents\software-devel\ksf_bank_import\tests\unit\Import\Queries\QueryClassesTest.php:22</error>
        </testcase>
        <testcase name="testInsertBiTransactionAmountExceedsMax" class="Tests\Unit\Import\Queries\QueryClassesTest" classname="Tests.Unit.Import.Queries.QueryClassesTest" file="C:\Users\prote\Documents\software-devel\ksf_bank_import\tests\unit\Import\Queries\QueryClassesTest.php" line="190" assertions="0" time="0.001643">
          <error type="PHPUnit\Framework\MockObject\IncompatibleReturnValueException">Tests\Unit\Import\Queries\QueryClassesTest::testInsertBiTransactionAmountExceedsMax
PHPUnit\Framework\MockObject\IncompatibleReturnValueException: Method createSavepoint may not return value of type NULL, its declared return type is "string"

C:\Users\prote\Documents\software-devel\ksf_bank_import\tests\unit\Import\Queries\QueryClassesTest.php:22</error>
        </testcase>
        <testcase name="testInsertBiTransactionInvalidDateFormat" class="Tests\Unit\Import\Queries\QueryClassesTest" classname="Tests.Unit.Import.Queries.QueryClassesTest" file="C:\Users\prote\Documents\software-devel\ksf_bank_import\tests\unit\Import\Queries\QueryClassesTest.php" line="210" assertions="0" time="0.001563">
          <error type="PHPUnit\Framework\MockObject\IncompatibleReturnValueException">Tests\Unit\Import\Queries\QueryClassesTest::testInsertBiTransactionInvalidDateFormat
PHPUnit\Framework\MockObject\IncompatibleReturnValueException: Method createSavepoint may not return value of type NULL, its declared return type is "string"

C:\Users\prote\Documents\software-devel\ksf_bank_import\tests\unit\Import\Queries\QueryClassesTest.php:22</error>
        </testcase>
        <testcase name="testInsertBiTransactionNonNumericAmount" class="Tests\Unit\Import\Queries\QueryClassesTest" classname="Tests.Unit.Import.Queries.QueryClassesTest" file="C:\Users\prote\Documents\software-devel\ksf_bank_import\tests\unit\Import\Queries\QueryClassesTest.php" line="230" assertions="0" time="0.001621">
          <error type="PHPUnit\Framework\MockObject\IncompatibleReturnValueException">Tests\Unit\Import\Queries\QueryClassesTest::testInsertBiTransactionNonNumericAmount
PHPUnit\Framework\MockObject\IncompatibleReturnValueException: Method createSavepoint may not return value of type NULL, its declared return type is "string"

C:\Users\prote\Documents\software-devel\ksf_bank_import\tests\unit\Import\Queries\QueryClassesTest.php:22</error>
        </testcase>
        <testcase name="testNonTransferIgnoresSameAccountCheck" class="Tests\Unit\Import\Queries\QueryClassesTest" classname="Tests.Unit.Import.Queries.QueryClassesTest" file="C:\Users\prote\Documents\software-devel\ksf_bank_import\tests\unit\Import\Queries\QueryClassesTest.php" line="250" assertions="0" time="0.002070">
          <error type="PHPUnit\Framework\MockObject\IncompatibleReturnValueException">Tests\Unit\Import\Queries\QueryClassesTest::testNonTransferIgnoresSameAccountCheck
PHPUnit\Framework\MockObject\IncompatibleReturnValueException: Method createSavepoint may not return value of type NULL, its declared return type is "string"

C:\Users\prote\Documents\software-devel\ksf_bank_import\tests\unit\Import\Queries\QueryClassesTest.php:22</error>
        </testcase>
      </testsuite>
      <testsuite name="Tests\Unit\Import\Results\ContactResolutionResultTest" file="C:\Users\prote\Documents\software-devel\ksf_bank_import\tests\unit\Import\Results\ContactResolutionResultTest.php" tests="5" assertions="2" errors="4" warnings="0" failures="0" skipped="0" time="0.097850">
        <testcase name="testResolvedContactAuto" class="Tests\Unit\Import\Results\ContactResolutionResultTest" classname="Tests.Unit.Import.Results.ContactResolutionResultTest" file="C:\Users\prote\Documents\software-devel\ksf_bank_import\tests\unit\Import\Results\ContactResolutionResultTest.php" line="15" assertions="0" time="0.092516">
          <error type="Error">Tests\Unit\Import\Results\ContactResolutionResultTest::testResolvedContactAuto
Error: Typed property Ksfraser\FaBankImport\Import\Results\OperationResult::$success must not be accessed before initialization

C:\Users\prote\Documents\software-devel\ksf_bank_import\src\Ksfraser\FaBankImport\Import\Results\OperationResult.php:79
C:\Users\prote\Documents\software-devel\ksf_bank_import\tests\unit\Import\Results\ContactResolutionResultTest.php:19</error>
          <system-out>
Deprecated: Ksfraser\FaBankImport\Import\Results\OperationResult::getContext(): Implicitly marking parameter $key as nullable is deprecated, the explicit nullable type must be used instead in C:\Users\prote\Documents\software-devel\ksf_bank_import\src\Ksfraser\FaBankImport\Import\Results\OperationResult.php on line 178

Deprecated: Creation of dynamic property Ksfraser\FaBankImport\Import\Results\ContactResolutionResult::$success is deprecated in C:\Users\prote\Documents\software-devel\ksf_bank_import\src\Ksfraser\FaBankImport\Import\Results\ContactResolutionResult.php on line 43
</system-out>
        </testcase>
        <testcase name="testResolvedContactManual" class="Tests\Unit\Import\Results\ContactResolutionResultTest" classname="Tests.Unit.Import.Results.ContactResolutionResultTest" file="C:\Users\prote\Documents\software-devel\ksf_bank_import\tests\unit\Import\Results\ContactResolutionResultTest.php" line="32" assertions="0" time="0.000760">
          <error type="Error">Tests\Unit\Import\Results\ContactResolutionResultTest::testResolvedContactManual
Error: Typed property Ksfraser\FaBankImport\Import\Results\OperationResult::$success must not be accessed before initialization

C:\Users\prote\Documents\software-devel\ksf_bank_import\src\Ksfraser\FaBankImport\Import\Results\OperationResult.php:79
C:\Users\prote\Documents\software-devel\ksf_bank_import\tests\unit\Import\Results\ContactResolutionResultTest.php:36</error>
          <system-out>
Deprecated: Creation of dynamic property Ksfraser\FaBankImport\Import\Results\ContactResolutionResult::$success is deprecated in C:\Users\prote\Documents\software-devel\ksf_bank_import\src\Ksfraser\FaBankImport\Import\Results\ContactResolutionResult.php on line 43
</system-out>
        </testcase>
        <testcase name="testResolvedContactCreated" class="Tests\Unit\Import\Results\ContactResolutionResultTest" classname="Tests.Unit.Import.Results.ContactResolutionResultTest" file="C:\Users\prote\Documents\software-devel\ksf_bank_import\tests\unit\Import\Results\ContactResolutionResultTest.php" line="47" assertions="0" time="0.000861">
          <error type="Error">Tests\Unit\Import\Results\ContactResolutionResultTest::testResolvedContactCreated
Error: Typed property Ksfraser\FaBankImport\Import\Results\OperationResult::$success must not be accessed before initialization

C:\Users\prote\Documents\software-devel\ksf_bank_import\src\Ksfraser\FaBankImport\Import\Results\OperationResult.php:79
C:\Users\prote\Documents\software-devel\ksf_bank_import\tests\unit\Import\Results\ContactResolutionResultTest.php:51</error>
          <system-out>
Deprecated: Creation of dynamic property Ksfraser\FaBankImport\Import\Results\ContactResolutionResult::$success is deprecated in C:\Users\prote\Documents\software-devel\ksf_bank_import\src\Ksfraser\FaBankImport\Import\Results\ContactResolutionResult.php on line 43
</system-out>
        </testcase>
        <testcase name="testSkippedContact" class="Tests\Unit\Import\Results\ContactResolutionResultTest" classname="Tests.Unit.Import.Results.ContactResolutionResultTest" file="C:\Users\prote\Documents\software-devel\ksf_bank_import\tests\unit\Import\Results\ContactResolutionResultTest.php" line="60" assertions="0" time="0.001052">
          <error type="Error">Tests\Unit\Import\Results\ContactResolutionResultTest::testSkippedContact
Error: Typed property Ksfraser\FaBankImport\Import\Results\OperationResult::$success must not be accessed before initialization

C:\Users\prote\Documents\software-devel\ksf_bank_import\src\Ksfraser\FaBankImport\Import\Results\OperationResult.php:79
C:\Users\prote\Documents\software-devel\ksf_bank_import\tests\unit\Import\Results\ContactResolutionResultTest.php:64</error>
          <system-out>
Deprecated: Creation of dynamic property Ksfraser\FaBankImport\Import\Results\ContactResolutionResult::$success is deprecated in C:\Users\prote\Documents\software-devel\ksf_bank_import\src\Ksfraser\FaBankImport\Import\Results\ContactResolutionResult.php on line 60

Deprecated: Creation of dynamic property Ksfraser\FaBankImport\Import\Results\ContactResolutionResult::$errors is deprecated in C:\Users\prote\Documents\software-devel\ksf_bank_import\src\Ksfraser\FaBankImport\Import\Results\ContactResolutionResult.php on line 62
</system-out>
        </testcase>
        <testcase name="testUnresolvedReturnsNull" class="Tests\Unit\Import\Results\ContactResolutionResultTest" classname="Tests.Unit.Import.Results.ContactResolutionResultTest" file="C:\Users\prote\Documents\software-devel\ksf_bank_import\tests\unit\Import\Results\ContactResolutionResultTest.php" line="77" assertions="2" time="0.002661">
          <system-out>
Deprecated: Creation of dynamic property Ksfraser\FaBankImport\Import\Results\ContactResolutionResult::$success is deprecated in C:\Users\prote\Documents\software-devel\ksf_bank_import\src\Ksfraser\FaBankImport\Import\Results\ContactResolutionResult.php on line 60

Deprecated: Creation of dynamic property Ksfraser\FaBankImport\Import\Results\ContactResolutionResult::$errors is deprecated in C:\Users\prote\Documents\software-devel\ksf_bank_import\src\Ksfraser\FaBankImport\Import\Results\ContactResolutionResult.php on line 62
</system-out>
        </testcase>
      </testsuite>
      <testsuite name="Tests\Unit\Import\Results\OperationResultTest" file="C:\Users\prote\Documents\software-devel\ksf_bank_import\tests\unit\Import\Results\OperationResultTest.php" tests="6" assertions="15" errors="0" warnings="0" failures="0" skipped="0" time="0.004521">
        <testcase name="testSuccessfulResult" class="Tests\Unit\Import\Results\OperationResultTest" classname="Tests.Unit.Import.Results.OperationResultTest" file="C:\Users\prote\Documents\software-devel\ksf_bank_import\tests\unit\Import\Results\OperationResultTest.php" line="15" assertions="3" time="0.000652"/>
        <testcase name="testFailureResult" class="Tests\Unit\Import\Results\OperationResultTest" classname="Tests.Unit.Import.Results.OperationResultTest" file="C:\Users\prote\Documents\software-devel\ksf_bank_import\tests\unit\Import\Results\OperationResultTest.php" line="29" assertions="3" time="0.000617"/>
        <testcase name="testMultipleErrors" class="Tests\Unit\Import\Results\OperationResultTest" classname="Tests.Unit.Import.Results.OperationResultTest" file="C:\Users\prote\Documents\software-devel\ksf_bank_import\tests\unit\Import\Results\OperationResultTest.php" line="43" assertions="3" time="0.000638"/>
        <testcase name="testWarnings" class="Tests\Unit\Import\Results\OperationResultTest" classname="Tests.Unit.Import.Results.OperationResultTest" file="C:\Users\prote\Documents\software-devel\ksf_bank_import\tests\unit\Import\Results\OperationResultTest.php" line="59" assertions="1" time="0.001216"/>
        <testcase name="testContext" class="Tests\Unit\Import\Results\OperationResultTest" classname="Tests.Unit.Import.Results.OperationResultTest" file="C:\Users\prote\Documents\software-devel\ksf_bank_import\tests\unit\Import\Results\OperationResultTest.php" line="73" assertions="3" time="0.000737"/>
        <testcase name="testChaining" class="Tests\Unit\Import\Results\OperationResultTest" classname="Tests.Unit.Import.Results.OperationResultTest" file="C:\Users\prote\Documents\software-devel\ksf_bank_import\tests\unit\Import\Results\OperationResultTest.php" line="88" assertions="2" time="0.000660"/>
      </testsuite>
      <testsuite name="Tests\Unit\Import\Results\StatementImportResultTest" file="C:\Users\prote\Documents\software-devel\ksf_bank_import\tests\unit\Import\Results\StatementImportResultTest.php" tests="5" assertions="7" errors="2" warnings="0" failures="0" skipped="0" time="0.204153">
        <testcase name="testSuccessfulImportResult" class="Tests\Unit\Import\Results\StatementImportResultTest" classname="Tests.Unit.Import.Results.StatementImportResultTest" file="C:\Users\prote\Documents\software-devel\ksf_bank_import\tests\unit\Import\Results\StatementImportResultTest.php" line="15" assertions="0" time="0.201097">
          <error type="Error">Tests\Unit\Import\Results\StatementImportResultTest::testSuccessfulImportResult
Error: Typed property Ksfraser\FaBankImport\Import\Results\OperationResult::$success must not be accessed before initialization

C:\Users\prote\Documents\software-devel\ksf_bank_import\src\Ksfraser\FaBankImport\Import\Results\OperationResult.php:79
C:\Users\prote\Documents\software-devel\ksf_bank_import\tests\unit\Import\Results\StatementImportResultTest.php:24</error>
          <system-out>
Deprecated: Creation of dynamic property Ksfraser\FaBankImport\Import\Results\StatementImportResult::$success is deprecated in C:\Users\prote\Documents\software-devel\ksf_bank_import\src\Ksfraser\FaBankImport\Import\Results\StatementImportResult.php on line 58
</system-out>
        </testcase>
        <testcase name="testFailedImportResult" class="Tests\Unit\Import\Results\StatementImportResultTest" classname="Tests.Unit.Import.Results.StatementImportResultTest" file="C:\Users\prote\Documents\software-devel\ksf_bank_import\tests\unit\Import\Results\StatementImportResultTest.php" line="36" assertions="0" time="0.000803">
          <error type="Error">Tests\Unit\Import\Results\StatementImportResultTest::testFailedImportResult
Error: Typed property Ksfraser\FaBankImport\Import\Results\OperationResult::$success must not be accessed before initialization

C:\Users\prote\Documents\software-devel\ksf_bank_import\src\Ksfraser\FaBankImport\Import\Results\OperationResult.php:79
C:\Users\prote\Documents\software-devel\ksf_bank_import\tests\unit\Import\Results\StatementImportResultTest.php:40</error>
          <system-out>
Deprecated: Creation of dynamic property Ksfraser\FaBankImport\Import\Results\StatementImportResult::$success is deprecated in C:\Users\prote\Documents\software-devel\ksf_bank_import\src\Ksfraser\FaBankImport\Import\Results\StatementImportResult.php on line 80

Deprecated: Creation of dynamic property Ksfraser\FaBankImport\Import\Results\StatementImportResult::$errors is deprecated in C:\Users\prote\Documents\software-devel\ksf_bank_import\src\Ksfraser\FaBankImport\Import\Results\StatementImportResult.php on line 81
</system-out>
        </testcase>
        <testcase name="testRecordImportedTransactions" class="Tests\Unit\Import\Results\StatementImportResultTest" classname="Tests.Unit.Import.Results.StatementImportResultTest" file="C:\Users\prote\Documents\software-devel\ksf_bank_import\tests\unit\Import\Results\StatementImportResultTest.php" line="50" assertions="2" time="0.000754">
          <system-out>
Deprecated: Creation of dynamic property Ksfraser\FaBankImport\Import\Results\StatementImportResult::$success is deprecated in C:\Users\prote\Documents\software-devel\ksf_bank_import\src\Ksfraser\FaBankImport\Import\Results\StatementImportResult.php on line 58
</system-out>
        </testcase>
        <testcase name="testRecordSkippedTransactions" class="Tests\Unit\Import\Results\StatementImportResultTest" classname="Tests.Unit.Import.Results.StatementImportResultTest" file="C:\Users\prote\Documents\software-devel\ksf_bank_import\tests\unit\Import\Results\StatementImportResultTest.php" line="67" assertions="3" time="0.000740">
          <system-out>
Deprecated: Creation of dynamic property Ksfraser\FaBankImport\Import\Results\StatementImportResult::$success is deprecated in C:\Users\prote\Documents\software-devel\ksf_bank_import\src\Ksfraser\FaBankImport\Import\Results\StatementImportResult.php on line 58
</system-out>
        </testcase>
        <testcase name="testRecordFailedTransactions" class="Tests\Unit\Import\Results\StatementImportResultTest" classname="Tests.Unit.Import.Results.StatementImportResultTest" file="C:\Users\prote\Documents\software-devel\ksf_bank_import\tests\unit\Import\Results\StatementImportResultTest.php" line="85" assertions="2" time="0.000760">
          <system-out>
Deprecated: Creation of dynamic property Ksfraser\FaBankImport\Import\Results\StatementImportResult::$success is deprecated in C:\Users\prote\Documents\software-devel\ksf_bank_import\src\Ksfraser\FaBankImport\Import\Results\StatementImportResult.php on line 58
</system-out>
        </testcase>
      </testsuite>
      <testsuite name="Tests\Unit\Import\Results\TransactionProcessResultTest" file="C:\Users\prote\Documents\software-devel\ksf_bank_import\tests\unit\Import\Results\TransactionProcessResultTest.php" tests="5" assertions="9" errors="2" warnings="0" failures="0" skipped="0" time="0.202524">
        <testcase name="testSuccessfulResult" class="Tests\Unit\Import\Results\TransactionProcessResultTest" classname="Tests.Unit.Import.Results.TransactionProcessResultTest" file="C:\Users\prote\Documents\software-devel\ksf_bank_import\tests\unit\Import\Results\TransactionProcessResultTest.php" line="15" assertions="0" time="0.196715">
          <error type="Error">Tests\Unit\Import\Results\TransactionProcessResultTest::testSuccessfulResult
Error: Typed property Ksfraser\FaBankImport\Import\Results\OperationResult::$success must not be accessed before initialization

C:\Users\prote\Documents\software-devel\ksf_bank_import\src\Ksfraser\FaBankImport\Import\Results\OperationResult.php:79
C:\Users\prote\Documents\software-devel\ksf_bank_import\tests\unit\Import\Results\TransactionProcessResultTest.php:19</error>
          <system-out>
Deprecated: Creation of dynamic property Ksfraser\FaBankImport\Import\Results\TransactionProcessResult::$success is deprecated in C:\Users\prote\Documents\software-devel\ksf_bank_import\src\Ksfraser\FaBankImport\Import\Results\TransactionProcessResult.php on line 46
</system-out>
        </testcase>
        <testcase name="testFailedResult" class="Tests\Unit\Import\Results\TransactionProcessResultTest" classname="Tests.Unit.Import.Results.TransactionProcessResultTest" file="C:\Users\prote\Documents\software-devel\ksf_bank_import\tests\unit\Import\Results\TransactionProcessResultTest.php" line="29" assertions="0" time="0.001046">
          <error type="Error">Tests\Unit\Import\Results\TransactionProcessResultTest::testFailedResult
Error: Typed property Ksfraser\FaBankImport\Import\Results\OperationResult::$success must not be accessed before initialization

C:\Users\prote\Documents\software-devel\ksf_bank_import\src\Ksfraser\FaBankImport\Import\Results\OperationResult.php:79
C:\Users\prote\Documents\software-devel\ksf_bank_import\tests\unit\Import\Results\TransactionProcessResultTest.php:33</error>
          <system-out>
Deprecated: Creation of dynamic property Ksfraser\FaBankImport\Import\Results\TransactionProcessResult::$success is deprecated in C:\Users\prote\Documents\software-devel\ksf_bank_import\src\Ksfraser\FaBankImport\Import\Results\TransactionProcessResult.php on line 61

Deprecated: Creation of dynamic property Ksfraser\FaBankImport\Import\Results\TransactionProcessResult::$errors is deprecated in C:\Users\prote\Documents\software-devel\ksf_bank_import\src\Ksfraser\FaBankImport\Import\Results\TransactionProcessResult.php on line 63
</system-out>
        </testcase>
        <testcase name="testRecordGlEntries" class="Tests\Unit\Import\Results\TransactionProcessResultTest" classname="Tests.Unit.Import.Results.TransactionProcessResultTest" file="C:\Users\prote\Documents\software-devel\ksf_bank_import\tests\unit\Import\Results\TransactionProcessResultTest.php" line="43" assertions="4" time="0.003100">
          <system-out>
Deprecated: Creation of dynamic property Ksfraser\FaBankImport\Import\Results\TransactionProcessResult::$success is deprecated in C:\Users\prote\Documents\software-devel\ksf_bank_import\src\Ksfraser\FaBankImport\Import\Results\TransactionProcessResult.php on line 46
</system-out>
        </testcase>
        <testcase name="testContactInfo" class="Tests\Unit\Import\Results\TransactionProcessResultTest" classname="Tests.Unit.Import.Results.TransactionProcessResultTest" file="C:\Users\prote\Documents\software-devel\ksf_bank_import\tests\unit\Import\Results\TransactionProcessResultTest.php" line="62" assertions="2" time="0.000728">
          <system-out>
Deprecated: Creation of dynamic property Ksfraser\FaBankImport\Import\Results\TransactionProcessResult::$success is deprecated in C:\Users\prote\Documents\software-devel\ksf_bank_import\src\Ksfraser\FaBankImport\Import\Results\TransactionProcessResult.php on line 46
</system-out>
        </testcase>
        <testcase name="testChaining" class="Tests\Unit\Import\Results\TransactionProcessResultTest" classname="Tests.Unit.Import.Results.TransactionProcessResultTest" file="C:\Users\prote\Documents\software-devel\ksf_bank_import\tests\unit\Import\Results\TransactionProcessResultTest.php" line="77" assertions="3" time="0.000934">
          <system-out>
Deprecated: Creation of dynamic property Ksfraser\FaBankImport\Import\Results\TransactionProcessResult::$success is deprecated in C:\Users\prote\Documents\software-devel\ksf_bank_import\src\Ksfraser\FaBankImport\Import\Results\TransactionProcessResult.php on line 46
</system-out>
        </testcase>
      </testsuite>
      <testsuite name="Tests\Unit\Import\Results\ValidationResultTest" file="C:\Users\prote\Documents\software-devel\ksf_bank_import\tests\unit\Import\Results\ValidationResultTest.php" tests="5" assertions="7" errors="2" warnings="0" failures="2" skipped="0" time="0.278279">
        <testcase name="testPassingValidation" class="Tests\Unit\Import\Results\ValidationResultTest" classname="Tests.Unit.Import.Results.ValidationResultTest" file="C:\Users\prote\Documents\software-devel\ksf_bank_import\tests\unit\Import\Results\ValidationResultTest.php" line="15" assertions="1" time="0.273047">
          <error type="Error">Tests\Unit\Import\Results\ValidationResultTest::testPassingValidation
Error: Typed property Ksfraser\FaBankImport\Import\Results\OperationResult::$success must not be accessed before initialization

C:\Users\prote\Documents\software-devel\ksf_bank_import\src\Ksfraser\FaBankImport\Import\Results\OperationResult.php:79
C:\Users\prote\Documents\software-devel\ksf_bank_import\tests\unit\Import\Results\ValidationResultTest.php:20</error>
        </testcase>
        <testcase name="testFailingValidation" class="Tests\Unit\Import\Results\ValidationResultTest" classname="Tests.Unit.Import.Results.ValidationResultTest" file="C:\Users\prote\Documents\software-devel\ksf_bank_import\tests\unit\Import\Results\ValidationResultTest.php" line="29" assertions="1" time="0.001041">
          <error type="Error">Tests\Unit\Import\Results\ValidationResultTest::testFailingValidation
Error: Typed property Ksfraser\FaBankImport\Import\Results\OperationResult::$success must not be accessed before initialization

C:\Users\prote\Documents\software-devel\ksf_bank_import\src\Ksfraser\FaBankImport\Import\Results\OperationResult.php:79
C:\Users\prote\Documents\software-devel\ksf_bank_import\tests\unit\Import\Results\ValidationResultTest.php:34</error>
        </testcase>
        <testcase name="testFieldLevelErrors" class="Tests\Unit\Import\Results\ValidationResultTest" classname="Tests.Unit.Import.Results.ValidationResultTest" file="C:\Users\prote\Documents\software-devel\ksf_bank_import\tests\unit\Import\Results\ValidationResultTest.php" line="43" assertions="1" time="0.000902">
          <failure type="PHPUnit\Framework\ExpectationFailedException">Tests\Unit\Import\Results\ValidationResultTest::testFieldLevelErrors
Failed asserting that true is false.

C:\Users\prote\Documents\software-devel\ksf_bank_import\tests\unit\Import\Results\ValidationResultTest.php:51</failure>
        </testcase>
        <testcase name="testRuleChecks" class="Tests\Unit\Import\Results\ValidationResultTest" classname="Tests.Unit.Import.Results.ValidationResultTest" file="C:\Users\prote\Documents\software-devel\ksf_bank_import\tests\unit\Import\Results\ValidationResultTest.php" line="62" assertions="3" time="0.000753"/>
        <testcase name="testViolationCount" class="Tests\Unit\Import\Results\ValidationResultTest" classname="Tests.Unit.Import.Results.ValidationResultTest" file="C:\Users\prote\Documents\software-devel\ksf_bank_import\tests\unit\Import\Results\ValidationResultTest.php" line="80" assertions="1" time="0.002536">
          <failure type="PHPUnit\Framework\ExpectationFailedException">Tests\Unit\Import\Results\ValidationResultTest::testViolationCount
Failed asserting that 3 matches expected 4.

C:\Users\prote\Documents\software-devel\ksf_bank_import\tests\unit\Import\Results\ValidationResultTest.php:88</failure>
        </testcase>
      </testsuite>
      <testsuite name="Tests\Unit\Import\Services\BankAccountResolverTest" file="C:\Users\prote\Documents\software-devel\ksf_bank_import\tests\unit\Import\Services\BankAccountResolverTest.php" tests="8" assertions="7" errors="1" warnings="0" failures="0" skipped="0" time="0.271304">
        <testcase name="testEmptyAccountNumberThrowsException" class="Tests\Unit\Import\Services\BankAccountResolverTest" classname="Tests.Unit.Import.Services.BankAccountResolverTest" file="C:\Users\prote\Documents\software-devel\ksf_bank_import\tests\unit\Import\Services\BankAccountResolverTest.php" line="23" assertions="1" time="0.266930"/>
        <testcase name="testInvalidAccountIdThrowsException" class="Tests\Unit\Import\Services\BankAccountResolverTest" classname="Tests.Unit.Import.Services.BankAccountResolverTest" file="C:\Users\prote\Documents\software-devel\ksf_bank_import\tests\unit\Import\Services\BankAccountResolverTest.php" line="35" assertions="1" time="0.000745"/>
        <testcase name="testValidateWithValidAccount" class="Tests\Unit\Import\Services\BankAccountResolverTest" classname="Tests.Unit.Import.Services.BankAccountResolverTest" file="C:\Users\prote\Documents\software-devel\ksf_bank_import\tests\unit\Import\Services\BankAccountResolverTest.php" line="47" assertions="1" time="0.000662"/>
        <testcase name="testValidateWithEmptyData" class="Tests\Unit\Import\Services\BankAccountResolverTest" classname="Tests.Unit.Import.Services.BankAccountResolverTest" file="C:\Users\prote\Documents\software-devel\ksf_bank_import\tests\unit\Import\Services\BankAccountResolverTest.php" line="61" assertions="1" time="0.000578"/>
        <testcase name="testValidateWithInactiveAccount" class="Tests\Unit\Import\Services\BankAccountResolverTest" classname="Tests.Unit.Import.Services.BankAccountResolverTest" file="C:\Users\prote\Documents\software-devel\ksf_bank_import\tests\unit\Import\Services\BankAccountResolverTest.php" line="73" assertions="1" time="0.000571"/>
        <testcase name="testCompareSameAccounts" class="Tests\Unit\Import\Services\BankAccountResolverTest" classname="Tests.Unit.Import.Services.BankAccountResolverTest" file="C:\Users\prote\Documents\software-devel\ksf_bank_import\tests\unit\Import\Services\BankAccountResolverTest.php" line="87" assertions="1" time="0.000529"/>
        <testcase name="testCompareDifferentAccounts" class="Tests\Unit\Import\Services\BankAccountResolverTest" classname="Tests.Unit.Import.Services.BankAccountResolverTest" file="C:\Users\prote\Documents\software-devel\ksf_bank_import\tests\unit\Import\Services\BankAccountResolverTest.php" line="101" assertions="1" time="0.000524"/>
        <testcase name="testCompareWithNullValues" class="Tests\Unit\Import\Services\BankAccountResolverTest" classname="Tests.Unit.Import.Services.BankAccountResolverTest" file="C:\Users\prote\Documents\software-devel\ksf_bank_import\tests\unit\Import\Services\BankAccountResolverTest.php" line="113" assertions="0" time="0.000765">
          <error type="TypeError">Tests\Unit\Import\Services\BankAccountResolverTest::testCompareWithNullValues
TypeError: Ksfraser\FaBankImport\Import\Services\BankAccountResolver::areSame(): Argument #2 ($account2) must be of type array|int, null given, called in C:\Users\prote\Documents\software-devel\ksf_bank_import\tests\unit\Import\Services\BankAccountResolverTest.php on line 117

C:\Users\prote\Documents\software-devel\ksf_bank_import\src\Ksfraser\FaBankImport\Import\Services\BankAccountResolver.php:122
C:\Users\prote\Documents\software-devel\ksf_bank_import\tests\unit\Import\Services\BankAccountResolverTest.php:117</error>
        </testcase>
      </testsuite>
      <testsuite name="Tests\Unit\Import\Services\ChargeCalculatorTest" file="C:\Users\prote\Documents\software-devel\ksf_bank_import\tests\unit\Import\Services\ChargeCalculatorTest.php" tests="6" assertions="6" errors="0" warnings="0" failures="0" skipped="0" time="0.229916">
        <testcase name="testEmptyCollectionIdsReturnsZero" class="Tests\Unit\Import\Services\ChargeCalculatorTest" classname="Tests.Unit.Import.Services.ChargeCalculatorTest" file="C:\Users\prote\Documents\software-devel\ksf_bank_import\tests\unit\Import\Services\ChargeCalculatorTest.php" line="23" assertions="1" time="0.127948"/>
        <testcase name="testWhitespaceOnlyReturnsZero" class="Tests\Unit\Import\Services\ChargeCalculatorTest" classname="Tests.Unit.Import.Services.ChargeCalculatorTest" file="C:\Users\prote\Documents\software-devel\ksf_bank_import\tests\unit\Import\Services\ChargeCalculatorTest.php" line="35" assertions="1" time="0.000652"/>
        <testcase name="testAmountValidationWithinTolerance" class="Tests\Unit\Import\Services\ChargeCalculatorTest" classname="Tests.Unit.Import.Services.ChargeCalculatorTest" file="C:\Users\prote\Documents\software-devel\ksf_bank_import\tests\unit\Import\Services\ChargeCalculatorTest.php" line="47" assertions="1" time="0.000531"/>
        <testcase name="testAmountValidationOutsideTolerance" class="Tests\Unit\Import\Services\ChargeCalculatorTest" classname="Tests.Unit.Import.Services.ChargeCalculatorTest" file="C:\Users\prote\Documents\software-devel\ksf_bank_import\tests\unit\Import\Services\ChargeCalculatorTest.php" line="59" assertions="1" time="0.099187"/>
        <testcase name="testInvalidIdFormatInCsv" class="Tests\Unit\Import\Services\ChargeCalculatorTest" classname="Tests.Unit.Import.Services.ChargeCalculatorTest" file="C:\Users\prote\Documents\software-devel\ksf_bank_import\tests\unit\Import\Services\ChargeCalculatorTest.php" line="71" assertions="1" time="0.000835"/>
        <testcase name="testNegativeIdsAreSkipped" class="Tests\Unit\Import\Services\ChargeCalculatorTest" classname="Tests.Unit.Import.Services.ChargeCalculatorTest" file="C:\Users\prote\Documents\software-devel\ksf_bank_import\tests\unit\Import\Services\ChargeCalculatorTest.php" line="84" assertions="1" time="0.000763"/>
      </testsuite>
      <testsuite name="Ksfraser\FaBankImport\tests\unit\Import\Services\DuplicateDetection\DuplicateDetectionServiceTest" file="C:\Users\prote\Documents\software-devel\ksf_bank_import\tests\unit\Import\Services\DuplicateDetection\DuplicateDetectionServiceTest.php" tests="10" assertions="34" errors="0" warnings="0" failures="1" skipped="0" time="0.349570">
        <testcase name="test_exactMatch_creates_skip_result" class="Ksfraser\FaBankImport\tests\unit\Import\Services\DuplicateDetection\DuplicateDetectionServiceTest" classname="Ksfraser.FaBankImport.tests.unit.Import.Services.DuplicateDetection.DuplicateDetectionServiceTest" file="C:\Users\prote\Documents\software-devel\ksf_bank_import\tests\unit\Import\Services\DuplicateDetection\DuplicateDetectionServiceTest.php" line="31" assertions="5" time="0.312297">
          <system-out>
Deprecated: Ksfraser\FaBankImport\Import\Services\DuplicateDetection\DuplicateDetectionService::__construct(): Implicitly marking parameter $directMatcher as nullable is deprecated, the explicit nullable type must be used instead in C:\Users\prote\Documents\software-devel\ksf_bank_import\src\Ksfraser\FaBankImport\Import\Services\DuplicateDetection\DuplicateDetectionService.php on line 33

Deprecated: Ksfraser\FaBankImport\Import\Services\DuplicateDetection\DuplicateDetectionService::__construct(): Implicitly marking parameter $fuzzyMatcher as nullable is deprecated, the explicit nullable type must be used instead in C:\Users\prote\Documents\software-devel\ksf_bank_import\src\Ksfraser\FaBankImport\Import\Services\DuplicateDetection\DuplicateDetectionService.php on line 33

Deprecated: Ksfraser\FaBankImport\Import\Services\DuplicateDetection\DuplicateDetectionService::__construct(): Implicitly marking parameter $rulesProvider as nullable is deprecated, the explicit nullable type must be used instead in C:\Users\prote\Documents\software-devel\ksf_bank_import\src\Ksfraser\FaBankImport\Import\Services\DuplicateDetection\DuplicateDetectionService.php on line 33
</system-out>
        </testcase>
        <testcase name="test_notDuplicate_creates_import_result" class="Ksfraser\FaBankImport\tests\unit\Import\Services\DuplicateDetection\DuplicateDetectionServiceTest" classname="Ksfraser.FaBankImport.tests.unit.Import.Services.DuplicateDetection.DuplicateDetectionServiceTest" file="C:\Users\prote\Documents\software-devel\ksf_bank_import\tests\unit\Import\Services\DuplicateDetection\DuplicateDetectionServiceTest.php" line="46" assertions="5" time="0.001003"/>
        <testcase name="test_fuzzyMatchAllowed_with_rule" class="Ksfraser\FaBankImport\tests\unit\Import\Services\DuplicateDetection\DuplicateDetectionServiceTest" classname="Ksfraser.FaBankImport.tests.unit.Import.Services.DuplicateDetection.DuplicateDetectionServiceTest" file="C:\Users\prote\Documents\software-devel\ksf_bank_import\tests\unit\Import\Services\DuplicateDetection\DuplicateDetectionServiceTest.php" line="60" assertions="5" time="0.000921"/>
        <testcase name="test_fuzzyMatchNeedsReview" class="Ksfraser\FaBankImport\tests\unit\Import\Services\DuplicateDetection\DuplicateDetectionServiceTest" classname="Ksfraser.FaBankImport.tests.unit.Import.Services.DuplicateDetection.DuplicateDetectionServiceTest" file="C:\Users\prote\Documents\software-devel\ksf_bank_import\tests\unit\Import\Services\DuplicateDetection\DuplicateDetectionServiceTest.php" line="77" assertions="6" time="0.000847"/>
        <testcase name="test_level1_exact_code_match_returns_skip" class="Ksfraser\FaBankImport\tests\unit\Import\Services\DuplicateDetection\DuplicateDetectionServiceTest" classname="Ksfraser.FaBankImport.tests.unit.Import.Services.DuplicateDetection.DuplicateDetectionServiceTest" file="C:\Users\prote\Documents\software-devel\ksf_bank_import\tests\unit\Import\Services\DuplicateDetection\DuplicateDetectionServiceTest.php" line="95" assertions="1" time="0.002921">
          <failure type="PHPUnit\Framework\ExpectationFailedException">Ksfraser\FaBankImport\tests\unit\Import\Services\DuplicateDetection\DuplicateDetectionServiceTest::test_level1_exact_code_match_returns_skip
Failed asserting that false is true.

C:\Users\prote\Documents\software-devel\ksf_bank_import\tests\unit\Import\Services\DuplicateDetection\DuplicateDetectionServiceTest.php:112</failure>
        </testcase>
        <testcase name="test_level2_no_fuzzy_match_returns_import" class="Ksfraser\FaBankImport\tests\unit\Import\Services\DuplicateDetection\DuplicateDetectionServiceTest" classname="Ksfraser.FaBankImport.tests.unit.Import.Services.DuplicateDetection.DuplicateDetectionServiceTest" file="C:\Users\prote\Documents\software-devel\ksf_bank_import\tests\unit\Import\Services\DuplicateDetection\DuplicateDetectionServiceTest.php" line="119" assertions="2" time="0.006406"/>
        <testcase name="test_level2_fuzzy_match_whitelisted_returns_import" class="Ksfraser\FaBankImport\tests\unit\Import\Services\DuplicateDetection\DuplicateDetectionServiceTest" classname="Ksfraser.FaBankImport.tests.unit.Import.Services.DuplicateDetection.DuplicateDetectionServiceTest" file="C:\Users\prote\Documents\software-devel\ksf_bank_import\tests\unit\Import\Services\DuplicateDetection\DuplicateDetectionServiceTest.php" line="143" assertions="3" time="0.012118"/>
        <testcase name="test_level2_fuzzy_match_not_whitelisted_shows_review" class="Ksfraser\FaBankImport\tests\unit\Import\Services\DuplicateDetection\DuplicateDetectionServiceTest" classname="Ksfraser.FaBankImport.tests.unit.Import.Services.DuplicateDetection.DuplicateDetectionServiceTest" file="C:\Users\prote\Documents\software-devel\ksf_bank_import\tests\unit\Import\Services\DuplicateDetection\DuplicateDetectionServiceTest.php" line="173" assertions="3" time="0.002654"/>
        <testcase name="test_rbc_redownload_scenario" class="Ksfraser\FaBankImport\tests\unit\Import\Services\DuplicateDetection\DuplicateDetectionServiceTest" classname="Ksfraser.FaBankImport.tests.unit.Import.Services.DuplicateDetection.DuplicateDetectionServiceTest" file="C:\Users\prote\Documents\software-devel\ksf_bank_import\tests\unit\Import\Services\DuplicateDetection\DuplicateDetectionServiceTest.php" line="204" assertions="2" time="0.002877"/>
        <testcase name="test_shoppers_repeat_scenario" class="Ksfraser\FaBankImport\tests\unit\Import\Services\DuplicateDetection\DuplicateDetectionServiceTest" classname="Ksfraser.FaBankImport.tests.unit.Import.Services.DuplicateDetection.DuplicateDetectionServiceTest" file="C:\Users\prote\Documents\software-devel\ksf_bank_import\tests\unit\Import\Services\DuplicateDetection\DuplicateDetectionServiceTest.php" line="242" assertions="2" time="0.007527"/>
      </testsuite>
      <testsuite name="Tests\Unit\Import\Services\ProcessTransactionValidatorTest" file="C:\Users\prote\Documents\software-devel\ksf_bank_import\tests\unit\Import\Services\ProcessTransactionValidatorTest.php" tests="9" assertions="8" errors="1" warnings="0" failures="3" skipped="0" time="0.058983">
        <testcase name="testValidPostData" class="Tests\Unit\Import\Services\ProcessTransactionValidatorTest" classname="Tests.Unit.Import.Services.ProcessTransactionValidatorTest" file="C:\Users\prote\Documents\software-devel\ksf_bank_import\tests\unit\Import\Services\ProcessTransactionValidatorTest.php" line="23" assertions="1" time="0.052244"/>
        <testcase name="testMissingProcessTransactionAction" class="Tests\Unit\Import\Services\ProcessTransactionValidatorTest" classname="Tests.Unit.Import.Services.ProcessTransactionValidatorTest" file="C:\Users\prote\Documents\software-devel\ksf_bank_import\tests\unit\Import\Services\ProcessTransactionValidatorTest.php" line="42" assertions="1" time="0.000674"/>
        <testcase name="testMissingPartnerType" class="Tests\Unit\Import\Services\ProcessTransactionValidatorTest" classname="Tests.Unit.Import.Services.ProcessTransactionValidatorTest" file="C:\Users\prote\Documents\software-devel\ksf_bank_import\tests\unit\Import\Services\ProcessTransactionValidatorTest.php" line="56" assertions="0" time="0.000922">
          <error type="Error">Tests\Unit\Import\Services\ProcessTransactionValidatorTest::testMissingPartnerType
Error: Undefined constant "Ksfraser\FaBankImport\Import\Services\result"

C:\Users\prote\Documents\software-devel\ksf_bank_import\src\Ksfraser\FaBankImport\Import\Services\ProcessTransactionValidator.php:34
C:\Users\prote\Documents\software-devel\ksf_bank_import\tests\unit\Import\Services\ProcessTransactionValidatorTest.php:63</error>
        </testcase>
        <testcase name="testMissingPartnerId" class="Tests\Unit\Import\Services\ProcessTransactionValidatorTest" classname="Tests.Unit.Import.Services.ProcessTransactionValidatorTest" file="C:\Users\prote\Documents\software-devel\ksf_bank_import\tests\unit\Import\Services\ProcessTransactionValidatorTest.php" line="74" assertions="1" time="0.000832">
          <failure type="PHPUnit\Framework\ExpectationFailedException">Tests\Unit\Import\Services\ProcessTransactionValidatorTest::testMissingPartnerId
Failed asserting that true is false.

C:\Users\prote\Documents\software-devel\ksf_bank_import\tests\unit\Import\Services\ProcessTransactionValidatorTest.php:83</failure>
        </testcase>
        <testcase name="testValidPartnerType" class="Tests\Unit\Import\Services\ProcessTransactionValidatorTest" classname="Tests.Unit.Import.Services.ProcessTransactionValidatorTest" file="C:\Users\prote\Documents\software-devel\ksf_bank_import\tests\unit\Import\Services\ProcessTransactionValidatorTest.php" line="92" assertions="1" time="0.000646"/>
        <testcase name="testInvalidPartnerType" class="Tests\Unit\Import\Services\ProcessTransactionValidatorTest" classname="Tests.Unit.Import.Services.ProcessTransactionValidatorTest" file="C:\Users\prote\Documents\software-devel\ksf_bank_import\tests\unit\Import\Services\ProcessTransactionValidatorTest.php" line="104" assertions="1" time="0.000713">
          <failure type="PHPUnit\Framework\ExpectationFailedException">Tests\Unit\Import\Services\ProcessTransactionValidatorTest::testInvalidPartnerType
Failed asserting that true is false.

C:\Users\prote\Documents\software-devel\ksf_bank_import\tests\unit\Import\Services\ProcessTransactionValidatorTest.php:108</failure>
        </testcase>
        <testcase name="testValidCollectionIds" class="Tests\Unit\Import\Services\ProcessTransactionValidatorTest" classname="Tests.Unit.Import.Services.ProcessTransactionValidatorTest" file="C:\Users\prote\Documents\software-devel\ksf_bank_import\tests\unit\Import\Services\ProcessTransactionValidatorTest.php" line="117" assertions="1" time="0.000695"/>
        <testcase name="testInvalidCollectionIds" class="Tests\Unit\Import\Services\ProcessTransactionValidatorTest" classname="Tests.Unit.Import.Services.ProcessTransactionValidatorTest" file="C:\Users\prote\Documents\software-devel\ksf_bank_import\tests\unit\Import\Services\ProcessTransactionValidatorTest.php" line="129" assertions="1" time="0.000875">
          <failure type="PHPUnit\Framework\ExpectationFailedException">Tests\Unit\Import\Services\ProcessTransactionValidatorTest::testInvalidCollectionIds
Failed asserting that true is false.

C:\Users\prote\Documents\software-devel\ksf_bank_import\tests\unit\Import\Services\ProcessTransactionValidatorTest.php:133</failure>
        </testcase>
        <testcase name="testEmptyCollectionIdsIsValid" class="Tests\Unit\Import\Services\ProcessTransactionValidatorTest" classname="Tests.Unit.Import.Services.ProcessTransactionValidatorTest" file="C:\Users\prote\Documents\software-devel\ksf_bank_import\tests\unit\Import\Services\ProcessTransactionValidatorTest.php" line="142" assertions="1" time="0.001383"/>
      </testsuite>
      <testsuite name="Tests\Unit\Import\Services\TransactionDatabaseManagerTest" file="C:\Users\prote\Documents\software-devel\ksf_bank_import\tests\unit\Import\Services\TransactionDatabaseManagerTest.php" tests="10" assertions="16" errors="0" warnings="0" failures="0" skipped="0" time="0.399366">
        <testcase name="testStartTransaction" class="Tests\Unit\Import\Services\TransactionDatabaseManagerTest" classname="Tests.Unit.Import.Services.TransactionDatabaseManagerTest" file="C:\Users\prote\Documents\software-devel\ksf_bank_import\tests\unit\Import\Services\TransactionDatabaseManagerTest.php" line="23" assertions="2" time="0.000639"/>
        <testcase name="testCannotCreateSavepointWithoutTransaction" class="Tests\Unit\Import\Services\TransactionDatabaseManagerTest" classname="Tests.Unit.Import.Services.TransactionDatabaseManagerTest" file="C:\Users\prote\Documents\software-devel\ksf_bank_import\tests\unit\Import\Services\TransactionDatabaseManagerTest.php" line="37" assertions="1" time="0.392746"/>
        <testcase name="testCreateSavepointDuringTransaction" class="Tests\Unit\Import\Services\TransactionDatabaseManagerTest" classname="Tests.Unit.Import.Services.TransactionDatabaseManagerTest" file="C:\Users\prote\Documents\software-devel\ksf_bank_import\tests\unit\Import\Services\TransactionDatabaseManagerTest.php" line="49" assertions="2" time="0.000873"/>
        <testcase name="testMultipleSavepoints" class="Tests\Unit\Import\Services\TransactionDatabaseManagerTest" classname="Tests.Unit.Import.Services.TransactionDatabaseManagerTest" file="C:\Users\prote\Documents\software-devel\ksf_bank_import\tests\unit\Import\Services\TransactionDatabaseManagerTest.php" line="64" assertions="1" time="0.000647"/>
        <testcase name="testNamedSavepoint" class="Tests\Unit\Import\Services\TransactionDatabaseManagerTest" classname="Tests.Unit.Import.Services.TransactionDatabaseManagerTest" file="C:\Users\prote\Documents\software-devel\ksf_bank_import\tests\unit\Import\Services\TransactionDatabaseManagerTest.php" line="80" assertions="1" time="0.000661"/>
        <testcase name="testCommit" class="Tests\Unit\Import\Services\TransactionDatabaseManagerTest" classname="Tests.Unit.Import.Services.TransactionDatabaseManagerTest" file="C:\Users\prote\Documents\software-devel\ksf_bank_import\tests\unit\Import\Services\TransactionDatabaseManagerTest.php" line="94" assertions="3" time="0.000777"/>
        <testcase name="testRollback" class="Tests\Unit\Import\Services\TransactionDatabaseManagerTest" classname="Tests.Unit.Import.Services.TransactionDatabaseManagerTest" file="C:\Users\prote\Documents\software-devel\ksf_bank_import\tests\unit\Import\Services\TransactionDatabaseManagerTest.php" line="112" assertions="3" time="0.000699"/>
        <testcase name="testRollbackWithException" class="Tests\Unit\Import\Services\TransactionDatabaseManagerTest" classname="Tests.Unit.Import.Services.TransactionDatabaseManagerTest" file="C:\Users\prote\Documents\software-devel\ksf_bank_import\tests\unit\Import\Services\TransactionDatabaseManagerTest.php" line="130" assertions="1" time="0.000605"/>
        <testcase name="testCommitWithoutTransactionIsSafe" class="Tests\Unit\Import\Services\TransactionDatabaseManagerTest" classname="Tests.Unit.Import.Services.TransactionDatabaseManagerTest" file="C:\Users\prote\Documents\software-devel\ksf_bank_import\tests\unit\Import\Services\TransactionDatabaseManagerTest.php" line="145" assertions="1" time="0.000982"/>
        <testcase name="testRollbackWithoutTransactionIsSafe" class="Tests\Unit\Import\Services\TransactionDatabaseManagerTest" classname="Tests.Unit.Import.Services.TransactionDatabaseManagerTest" file="C:\Users\prote\Documents\software-devel\ksf_bank_import\tests\unit\Import\Services\TransactionDatabaseManagerTest.php" line="156" assertions="1" time="0.000737"/>
      </testsuite>
      <testsuite name="Tests\Unit\Import\Services\TransactionDisplayRendererTest" file="C:\Users\prote\Documents\software-devel\ksf_bank_import\tests\unit\Import\Services\TransactionDisplayRendererTest.php" tests="8" assertions="18" errors="0" warnings="0" failures="0" skipped="0" time="0.124116">
        <testcase name="testRenderingEmptyTransactions" class="Tests\Unit\Import\Services\TransactionDisplayRendererTest" classname="Tests.Unit.Import.Services.TransactionDisplayRendererTest" file="C:\Users\prote\Documents\software-devel\ksf_bank_import\tests\unit\Import\Services\TransactionDisplayRendererTest.php" line="22" assertions="3" time="0.118881"/>
        <testcase name="testRenderingSingleTransaction" class="Tests\Unit\Import\Services\TransactionDisplayRendererTest" classname="Tests.Unit.Import.Services.TransactionDisplayRendererTest" file="C:\Users\prote\Documents\software-devel\ksf_bank_import\tests\unit\Import\Services\TransactionDisplayRendererTest.php" line="36" assertions="2" time="0.000727"/>
        <testcase name="testRenderingMultipleTransactions" class="Tests\Unit\Import\Services\TransactionDisplayRendererTest" classname="Tests.Unit.Import.Services.TransactionDisplayRendererTest" file="C:\Users\prote\Documents\software-devel\ksf_bank_import\tests\unit\Import\Services\TransactionDisplayRendererTest.php" line="53" assertions="3" time="0.000766"/>
        <testcase name="testJsonRendering" class="Tests\Unit\Import\Services\TransactionDisplayRendererTest" classname="Tests.Unit.Import.Services.TransactionDisplayRendererTest" file="C:\Users\prote\Documents\software-devel\ksf_bank_import\tests\unit\Import\Services\TransactionDisplayRendererTest.php" line="74" assertions="2" time="0.000805"/>
        <testcase name="testHtmlEscaping" class="Tests\Unit\Import\Services\TransactionDisplayRendererTest" classname="Tests.Unit.Import.Services.TransactionDisplayRendererTest" file="C:\Users\prote\Documents\software-devel\ksf_bank_import\tests\unit\Import\Services\TransactionDisplayRendererTest.php" line="92" assertions="2" time="0.000777"/>
        <testcase name="testRenderingDetail" class="Tests\Unit\Import\Services\TransactionDisplayRendererTest" classname="Tests.Unit.Import.Services.TransactionDisplayRendererTest" file="C:\Users\prote\Documents\software-devel\ksf_bank_import\tests\unit\Import\Services\TransactionDisplayRendererTest.php" line="109" assertions="3" time="0.000786"/>
        <testcase name="testRenderingDetailWithCssClass" class="Tests\Unit\Import\Services\TransactionDisplayRendererTest" classname="Tests.Unit.Import.Services.TransactionDisplayRendererTest" file="C:\Users\prote\Documents\software-devel\ksf_bank_import\tests\unit\Import\Services\TransactionDisplayRendererTest.php" line="125" assertions="1" time="0.000682"/>
        <testcase name="testRenderingWithCustomColumns" class="Tests\Unit\Import\Services\TransactionDisplayRendererTest" classname="Tests.Unit.Import.Services.TransactionDisplayRendererTest" file="C:\Users\prote\Documents\software-devel\ksf_bank_import\tests\unit\Import\Services\TransactionDisplayRendererTest.php" line="139" assertions="2" time="0.000691"/>
      </testsuite>
      <testsuite name="Tests\Unit\Import\Services\TransactionProcessorFactoryTest" file="C:\Users\prote\Documents\software-devel\ksf_bank_import\tests\unit\Import\Services\TransactionProcessorFactoryTest.php" tests="5" assertions="10" errors="0" warnings="0" failures="0" skipped="0" time="0.106937">
        <testcase name="testGetSupportedTypes" class="Tests\Unit\Import\Services\TransactionProcessorFactoryTest" classname="Tests.Unit.Import.Services.TransactionProcessorFactoryTest" file="C:\Users\prote\Documents\software-devel\ksf_bank_import\tests\unit\Import\Services\TransactionProcessorFactoryTest.php" line="23" assertions="3" time="0.064326"/>
        <testcase name="testIsSupported" class="Tests\Unit\Import\Services\TransactionProcessorFactoryTest" classname="Tests.Unit.Import.Services.TransactionProcessorFactoryTest" file="C:\Users\prote\Documents\software-devel\ksf_bank_import\tests\unit\Import\Services\TransactionProcessorFactoryTest.php" line="37" assertions="3" time="0.000671"/>
        <testcase name="testUnknownPartnerTypeThrowsException" class="Tests\Unit\Import\Services\TransactionProcessorFactoryTest" classname="Tests.Unit.Import.Services.TransactionProcessorFactoryTest" file="C:\Users\prote\Documents\software-devel\ksf_bank_import\tests\unit\Import\Services\TransactionProcessorFactoryTest.php" line="49" assertions="1" time="0.040662"/>
        <testcase name="testEmptyPartnerTypeThrowsException" class="Tests\Unit\Import\Services\TransactionProcessorFactoryTest" classname="Tests.Unit.Import.Services.TransactionProcessorFactoryTest" file="C:\Users\prote\Documents\software-devel\ksf_bank_import\tests\unit\Import\Services\TransactionProcessorFactoryTest.php" line="61" assertions="1" time="0.000682"/>
        <testcase name="testRegisteringCustomProcessor" class="Tests\Unit\Import\Services\TransactionProcessorFactoryTest" classname="Tests.Unit.Import.Services.TransactionProcessorFactoryTest" file="C:\Users\prote\Documents\software-devel\ksf_bank_import\tests\unit\Import\Services\TransactionProcessorFactoryTest.php" line="73" assertions="2" time="0.000595"/>
      </testsuite>
      <testsuite name="Tests\Unit\Import\Validators\ImportStatementValidatorTest" file="C:\Users\prote\Documents\software-devel\ksf_bank_import\tests\unit\Import\Validators\ImportStatementValidatorTest.php" tests="10" assertions="13" errors="0" warnings="0" failures="4" skipped="0" time="0.065074">
        <testcase name="testValidatingCompleteValidStatement" class="Tests\Unit\Import\Validators\ImportStatementValidatorTest" classname="Tests.Unit.Import.Validators.ImportStatementValidatorTest" file="C:\Users\prote\Documents\software-devel\ksf_bank_import\tests\unit\Import\Validators\ImportStatementValidatorTest.php" line="23" assertions="4" time="0.057572"/>
        <testcase name="testEmptyStatementThrowsException" class="Tests\Unit\Import\Validators\ImportStatementValidatorTest" classname="Tests.Unit.Import.Validators.ImportStatementValidatorTest" file="C:\Users\prote\Documents\software-devel\ksf_bank_import\tests\unit\Import\Validators\ImportStatementValidatorTest.php" line="49" assertions="1" time="0.000686"/>
        <testcase name="testMissingRequiredFieldFails" class="Tests\Unit\Import\Validators\ImportStatementValidatorTest" classname="Tests.Unit.Import.Validators.ImportStatementValidatorTest" file="C:\Users\prote\Documents\software-devel\ksf_bank_import\tests\unit\Import\Validators\ImportStatementValidatorTest.php" line="61" assertions="1" time="0.000686">
          <failure type="PHPUnit\Framework\ExpectationFailedException">Tests\Unit\Import\Validators\ImportStatementValidatorTest::testMissingRequiredFieldFails
Failed asserting that true is false.

C:\Users\prote\Documents\software-devel\ksf_bank_import\tests\unit\Import\Validators\ImportStatementValidatorTest.php:71</failure>
        </testcase>
        <testcase name="testStatementWithNoTransactionsThrowsException" class="Tests\Unit\Import\Validators\ImportStatementValidatorTest" classname="Tests.Unit.Import.Validators.ImportStatementValidatorTest" file="C:\Users\prote\Documents\software-devel\ksf_bank_import\tests\unit\Import\Validators\ImportStatementValidatorTest.php" line="80" assertions="1" time="0.000812"/>
        <testcase name="testInvalidDateRangeFails" class="Tests\Unit\Import\Validators\ImportStatementValidatorTest" classname="Tests.Unit.Import.Validators.ImportStatementValidatorTest" file="C:\Users\prote\Documents\software-devel\ksf_bank_import\tests\unit\Import\Validators\ImportStatementValidatorTest.php" line="98" assertions="1" time="0.001034">
          <failure type="PHPUnit\Framework\ExpectationFailedException">Tests\Unit\Import\Validators\ImportStatementValidatorTest::testInvalidDateRangeFails
Failed asserting that true is false.

C:\Users\prote\Documents\software-devel\ksf_bank_import\tests\unit\Import\Validators\ImportStatementValidatorTest.php:109</failure>
        </testcase>
        <testcase name="testTransactionCountValidation" class="Tests\Unit\Import\Validators\ImportStatementValidatorTest" classname="Tests.Unit.Import.Validators.ImportStatementValidatorTest" file="C:\Users\prote\Documents\software-devel\ksf_bank_import\tests\unit\Import\Validators\ImportStatementValidatorTest.php" line="118" assertions="1" time="0.000702"/>
        <testcase name="testTransactionCountTooLowFails" class="Tests\Unit\Import\Validators\ImportStatementValidatorTest" classname="Tests.Unit.Import.Validators.ImportStatementValidatorTest" file="C:\Users\prote\Documents\software-devel\ksf_bank_import\tests\unit\Import\Validators\ImportStatementValidatorTest.php" line="135" assertions="1" time="0.000744">
          <failure type="PHPUnit\Framework\ExpectationFailedException">Tests\Unit\Import\Validators\ImportStatementValidatorTest::testTransactionCountTooLowFails
Failed asserting that true is false.

C:\Users\prote\Documents\software-devel\ksf_bank_import\tests\unit\Import\Validators\ImportStatementValidatorTest.php:144</failure>
        </testcase>
        <testcase name="testAmountReconciliationMatches" class="Tests\Unit\Import\Validators\ImportStatementValidatorTest" classname="Tests.Unit.Import.Validators.ImportStatementValidatorTest" file="C:\Users\prote\Documents\software-devel\ksf_bank_import\tests\unit\Import\Validators\ImportStatementValidatorTest.php" line="152" assertions="1" time="0.001146"/>
        <testcase name="testAmountReconciliationWithTolerance" class="Tests\Unit\Import\Validators\ImportStatementValidatorTest" classname="Tests.Unit.Import.Validators.ImportStatementValidatorTest" file="C:\Users\prote\Documents\software-devel\ksf_bank_import\tests\unit\Import\Validators\ImportStatementValidatorTest.php" line="172" assertions="1" time="0.000851"/>
        <testcase name="testAmountReconciliationMismatchFails" class="Tests\Unit\Import\Validators\ImportStatementValidatorTest" classname="Tests.Unit.Import.Validators.ImportStatementValidatorTest" file="C:\Users\prote\Documents\software-devel\ksf_bank_import\tests\unit\Import\Validators\ImportStatementValidatorTest.php" line="191" assertions="1" time="0.000841">
          <failure type="PHPUnit\Framework\ExpectationFailedException">Tests\Unit\Import\Validators\ImportStatementValidatorTest::testAmountReconciliationMismatchFails
Failed asserting that true is false.

C:\Users\prote\Documents\software-devel\ksf_bank_import\tests\unit\Import\Validators\ImportStatementValidatorTest.php:202</failure>
        </testcase>
      </testsuite>
      <testsuite name="Tests\Unit\Import\Validators\TransactionValidatorTest" file="C:\Users\prote\Documents\software-devel\ksf_bank_import\tests\unit\Import\Validators\TransactionValidatorTest.php" tests="17" assertions="24" errors="0" warnings="0" failures="3" skipped="0" time="0.089988">
        <testcase name="testValidatingCompleteValidTransaction" class="Tests\Unit\Import\Validators\TransactionValidatorTest" classname="Tests.Unit.Import.Validators.TransactionValidatorTest" file="C:\Users\prote\Documents\software-devel\ksf_bank_import\tests\unit\Import\Validators\TransactionValidatorTest.php" line="24" assertions="3" time="0.041954">
          <system-out>
Deprecated: Ksfraser\FaBankImport\Import\Validators\TransactionValidator::__construct(): Implicitly marking parameter $duplicateDetectionService as nullable is deprecated, the explicit nullable type must be used instead in C:\Users\prote\Documents\software-devel\ksf_bank_import\src\Ksfraser\FaBankImport\Import\Validators\TransactionValidator.php on line 27

Deprecated: Ksfraser\FaBankImport\Import\Validators\TransactionValidator::__construct(): Implicitly marking parameter $duplicateReviewHandler as nullable is deprecated, the explicit nullable type must be used instead in C:\Users\prote\Documents\software-devel\ksf_bank_import\src\Ksfraser\FaBankImport\Import\Validators\TransactionValidator.php on line 27
</system-out>
        </testcase>
        <testcase name="testMissingRequiredFieldThrowsException" class="Tests\Unit\Import\Validators\TransactionValidatorTest" classname="Tests.Unit.Import.Validators.TransactionValidatorTest" file="C:\Users\prote\Documents\software-devel\ksf_bank_import\tests\unit\Import\Validators\TransactionValidatorTest.php" line="46" assertions="1" time="0.000851">
          <failure type="PHPUnit\Framework\ExpectationFailedException">Tests\Unit\Import\Validators\TransactionValidatorTest::testMissingRequiredFieldThrowsException
Failed asserting that true is false.

C:\Users\prote\Documents\software-devel\ksf_bank_import\tests\unit\Import\Validators\TransactionValidatorTest.php:57</failure>
        </testcase>
        <testcase name="testZeroAmountThrowsException" class="Tests\Unit\Import\Validators\TransactionValidatorTest" classname="Tests.Unit.Import.Validators.TransactionValidatorTest" file="C:\Users\prote\Documents\software-devel\ksf_bank_import\tests\unit\Import\Validators\TransactionValidatorTest.php" line="65" assertions="1" time="0.000794"/>
        <testcase name="testNonNumericAmountThrowsException" class="Tests\Unit\Import\Validators\TransactionValidatorTest" classname="Tests.Unit.Import.Validators.TransactionValidatorTest" file="C:\Users\prote\Documents\software-devel\ksf_bank_import\tests\unit\Import\Validators\TransactionValidatorTest.php" line="84" assertions="1" time="0.000654"/>
        <testcase name="testInvalidDateThrowsException" class="Tests\Unit\Import\Validators\TransactionValidatorTest" classname="Tests.Unit.Import.Validators.TransactionValidatorTest" file="C:\Users\prote\Documents\software-devel\ksf_bank_import\tests\unit\Import\Validators\TransactionValidatorTest.php" line="103" assertions="1" time="0.000679"/>
        <testcase name="testFutureDateThrowsException" class="Tests\Unit\Import\Validators\TransactionValidatorTest" classname="Tests.Unit.Import.Validators.TransactionValidatorTest" file="C:\Users\prote\Documents\software-devel\ksf_bank_import\tests\unit\Import\Validators\TransactionValidatorTest.php" line="122" assertions="1" time="0.000668"/>
        <testcase name="testSameAccountTransferThrowsException" class="Tests\Unit\Import\Validators\TransactionValidatorTest" classname="Tests.Unit.Import.Validators.TransactionValidatorTest" file="C:\Users\prote\Documents\software-devel\ksf_bank_import\tests\unit\Import\Validators\TransactionValidatorTest.php" line="141" assertions="1" time="0.036916"/>
        <testcase name="testDifferentAccountTransferIsValid" class="Tests\Unit\Import\Validators\TransactionValidatorTest" classname="Tests.Unit.Import.Validators.TransactionValidatorTest" file="C:\Users\prote\Documents\software-devel\ksf_bank_import\tests\unit\Import\Validators\TransactionValidatorTest.php" line="163" assertions="2" time="0.000863"/>
        <testcase name="testNonTransferIgnoresAccountCheck" class="Tests\Unit\Import\Validators\TransactionValidatorTest" classname="Tests.Unit.Import.Validators.TransactionValidatorTest" file="C:\Users\prote\Documents\software-devel\ksf_bank_import\tests\unit\Import\Validators\TransactionValidatorTest.php" line="187" assertions="1" time="0.000839"/>
        <testcase name="testNoCounterpartyIssuesWarning" class="Tests\Unit\Import\Validators\TransactionValidatorTest" classname="Tests.Unit.Import.Validators.TransactionValidatorTest" file="C:\Users\prote\Documents\software-devel\ksf_bank_import\tests\unit\Import\Validators\TransactionValidatorTest.php" line="210" assertions="3" time="0.000905"/>
        <testcase name="testDateRangeValidationWithinBounds" class="Tests\Unit\Import\Validators\TransactionValidatorTest" classname="Tests.Unit.Import.Validators.TransactionValidatorTest" file="C:\Users\prote\Documents\software-devel\ksf_bank_import\tests\unit\Import\Validators\TransactionValidatorTest.php" line="232" assertions="1" time="0.000599"/>
        <testcase name="testDateRangeValidationOutsideBoundsFails" class="Tests\Unit\Import\Validators\TransactionValidatorTest" classname="Tests.Unit.Import.Validators.TransactionValidatorTest" file="C:\Users\prote\Documents\software-devel\ksf_bank_import\tests\unit\Import\Validators\TransactionValidatorTest.php" line="249" assertions="1" time="0.000700">
          <failure type="PHPUnit\Framework\ExpectationFailedException">Tests\Unit\Import\Validators\TransactionValidatorTest::testDateRangeValidationOutsideBoundsFails
Failed asserting that true is false.

C:\Users\prote\Documents\software-devel\ksf_bank_import\tests\unit\Import\Validators\TransactionValidatorTest.php:258</failure>
        </testcase>
        <testcase name="testBankTransferValidationDifferentAccounts" class="Tests\Unit\Import\Validators\TransactionValidatorTest" classname="Tests.Unit.Import.Validators.TransactionValidatorTest" file="C:\Users\prote\Documents\software-devel\ksf_bank_import\tests\unit\Import\Validators\TransactionValidatorTest.php" line="267" assertions="2" time="0.000821"/>
        <testcase name="testBankTransferValidationSameAccountsFails" class="Tests\Unit\Import\Validators\TransactionValidatorTest" classname="Tests.Unit.Import.Validators.TransactionValidatorTest" file="C:\Users\prote\Documents\software-devel\ksf_bank_import\tests\unit\Import\Validators\TransactionValidatorTest.php" line="286" assertions="1" time="0.000629"/>
        <testcase name="testCollectionValidationWithValidIds" class="Tests\Unit\Import\Validators\TransactionValidatorTest" classname="Tests.Unit.Import.Validators.TransactionValidatorTest" file="C:\Users\prote\Documents\software-devel\ksf_bank_import\tests\unit\Import\Validators\TransactionValidatorTest.php" line="304" assertions="2" time="0.000629"/>
        <testcase name="testCollectionValidationWithInvalidIdFails" class="Tests\Unit\Import\Validators\TransactionValidatorTest" classname="Tests.Unit.Import.Validators.TransactionValidatorTest" file="C:\Users\prote\Documents\software-devel\ksf_bank_import\tests\unit\Import\Validators\TransactionValidatorTest.php" line="317" assertions="1" time="0.000693">
          <failure type="PHPUnit\Framework\ExpectationFailedException">Tests\Unit\Import\Validators\TransactionValidatorTest::testCollectionValidationWithInvalidIdFails
Failed asserting that true is false.

C:\Users\prote\Documents\software-devel\ksf_bank_import\tests\unit\Import\Validators\TransactionValidatorTest.php:321</failure>
        </testcase>
        <testcase name="testCollectionValidationWithEmptyIds" class="Tests\Unit\Import\Validators\TransactionValidatorTest" classname="Tests.Unit.Import.Validators.TransactionValidatorTest" file="C:\Users\prote\Documents\software-devel\ksf_bank_import\tests\unit\Import\Validators\TransactionValidatorTest.php" line="329" assertions="1" time="0.000794"/>
      </testsuite>
      <testsuite name="LegacyBankAccountsMigratorTest" file="C:\Users\prote\Documents\software-devel\ksf_bank_import\tests\unit\LegacyBankAccountsMigratorTest.php" tests="3" assertions="0" errors="3" warnings="0" failures="0" skipped="0" time="0.002250">
        <testcase name="testSkipsWhenTablesMissing" class="LegacyBankAccountsMigratorTest" classname="LegacyBankAccountsMigratorTest" file="C:\Users\prote\Documents\software-devel\ksf_bank_import\tests\unit\LegacyBankAccountsMigratorTest.php" line="8" assertions="0" time="0.000874">
          <error type="Error">LegacyBankAccountsMigratorTest::testSkipsWhenTablesMissing
Error: Class "Ksfraser\FaBankImport\Service\LegacyBankAccountsMigrator" not found

C:\Users\prote\Documents\software-devel\ksf_bank_import\tests\unit\LegacyBankAccountsMigratorTest.php:31</error>
        </testcase>
        <testcase name="testSkipsWhenRequiredLegacyColumnMissing" class="LegacyBankAccountsMigratorTest" classname="LegacyBankAccountsMigratorTest" file="C:\Users\prote\Documents\software-devel\ksf_bank_import\tests\unit\LegacyBankAccountsMigratorTest.php" line="38" assertions="0" time="0.000714">
          <error type="Error">LegacyBankAccountsMigratorTest::testSkipsWhenRequiredLegacyColumnMissing
Error: Class "Ksfraser\FaBankImport\Service\LegacyBankAccountsMigrator" not found

C:\Users\prote\Documents\software-devel\ksf_bank_import\tests\unit\LegacyBankAccountsMigratorTest.php:68</error>
        </testcase>
        <testcase name="testRunsInsertWhenTablesAndColumnsExist" class="LegacyBankAccountsMigratorTest" classname="LegacyBankAccountsMigratorTest" file="C:\Users\prote\Documents\software-devel\ksf_bank_import\tests\unit\LegacyBankAccountsMigratorTest.php" line="79" assertions="0" time="0.000662">
          <error type="Error">LegacyBankAccountsMigratorTest::testRunsInsertWhenTablesAndColumnsExist
Error: Class "Ksfraser\FaBankImport\Service\LegacyBankAccountsMigrator" not found

C:\Users\prote\Documents\software-devel\ksf_bank_import\tests\unit\LegacyBankAccountsMigratorTest.php:104</error>
        </testcase>
      </testsuite>
      <testsuite name="LegacyInlineActionsTest" file="C:\Users\prote\Documents\software-devel\ksf_bank_import\tests\unit\LegacyInlineActionsTest.php" tests="4" assertions="4" errors="4" warnings="0" failures="0" skipped="0" time="0.003064">
        <testcase name="testUnsetActionSupportsAndExecutes" class="LegacyInlineActionsTest" classname="LegacyInlineActionsTest" file="C:\Users\prote\Documents\software-devel\ksf_bank_import\tests\unit\LegacyInlineActionsTest.php" line="18" assertions="1" time="0.000687">
          <error type="Error">LegacyInlineActionsTest::testUnsetActionSupportsAndExecutes
Error: Call to undefined method Ksfraser\FaBankImport\Actions\UnsetTransactionAction::execute()

C:\Users\prote\Documents\software-devel\ksf_bank_import\tests\unit\LegacyInlineActionsTest.php:27</error>
        </testcase>
        <testcase name="testAddCustomerActionSupportsAndExecutes" class="LegacyInlineActionsTest" classname="LegacyInlineActionsTest" file="C:\Users\prote\Documents\software-devel\ksf_bank_import\tests\unit\LegacyInlineActionsTest.php" line="31" assertions="1" time="0.000651">
          <error type="Error">LegacyInlineActionsTest::testAddCustomerActionSupportsAndExecutes
Error: Call to undefined method Ksfraser\FaBankImport\Actions\AddCustomerAction::execute()

C:\Users\prote\Documents\software-devel\ksf_bank_import\tests\unit\LegacyInlineActionsTest.php:40</error>
        </testcase>
        <testcase name="testAddVendorActionSupportsAndExecutes" class="LegacyInlineActionsTest" classname="LegacyInlineActionsTest" file="C:\Users\prote\Documents\software-devel\ksf_bank_import\tests\unit\LegacyInlineActionsTest.php" line="44" assertions="1" time="0.001110">
          <error type="Error">LegacyInlineActionsTest::testAddVendorActionSupportsAndExecutes
Error: Call to undefined method Ksfraser\FaBankImport\Actions\AddVendorAction::execute()

C:\Users\prote\Documents\software-devel\ksf_bank_import\tests\unit\LegacyInlineActionsTest.php:53</error>
        </testcase>
        <testcase name="testToggleActionSupportsAndExecutes" class="LegacyInlineActionsTest" classname="LegacyInlineActionsTest" file="C:\Users\prote\Documents\software-devel\ksf_bank_import\tests\unit\LegacyInlineActionsTest.php" line="57" assertions="1" time="0.000616">
          <error type="Error">LegacyInlineActionsTest::testToggleActionSupportsAndExecutes
Error: Call to undefined method Ksfraser\FaBankImport\Actions\ToggleTransactionAction::execute()

C:\Users\prote\Documents\software-devel\ksf_bank_import\tests\unit\LegacyInlineActionsTest.php:66</error>
        </testcase>
      </testsuite>
      <testsuite name="Tests\Unit\LegacyModelsTest" file="C:\Users\prote\Documents\software-devel\ksf_bank_import\tests\unit\LegacyModelsTest.php" tests="9" assertions="17" errors="1" warnings="0" failures="0" skipped="0" time="0.004922">
        <testsuite name="Tests\Unit\LegacyModelsTest::testLegacyModelInstantiation" tests="9" assertions="17" errors="1" warnings="0" failures="0" skipped="0" time="0.004922">
          <testcase name="testLegacyModelInstantiation with data set #0" class="Tests\Unit\LegacyModelsTest" classname="Tests.Unit.LegacyModelsTest" file="C:\Users\prote\Documents\software-devel\ksf_bank_import\tests\unit\LegacyModelsTest.php" line="17" assertions="2" time="0.000577"/>
          <testcase name="testLegacyModelInstantiation with data set #1" class="Tests\Unit\LegacyModelsTest" classname="Tests.Unit.LegacyModelsTest" file="C:\Users\prote\Documents\software-devel\ksf_bank_import\tests\unit\LegacyModelsTest.php" line="17" assertions="2" time="0.000428"/>
          <testcase name="testLegacyModelInstantiation with data set #2" class="Tests\Unit\LegacyModelsTest" classname="Tests.Unit.LegacyModelsTest" file="C:\Users\prote\Documents\software-devel\ksf_bank_import\tests\unit\LegacyModelsTest.php" line="17" assertions="1" time="0.000807">
            <error type="Error">Tests\Unit\LegacyModelsTest::testLegacyModelInstantiation with data set #2 ('bi_lineitem')
Error: Class "TransactionTypeLabel" not found

C:\Users\prote\Documents\software-devel\ksf_bank_import\class.bi_lineitem.php:268
C:\Users\prote\Documents\software-devel\ksf_bank_import\class.bi_lineitem.php:196
C:\Users\prote\Documents\software-devel\ksf_bank_import\tests\unit\LegacyModelsTest.php:20</error>
          </testcase>
          <testcase name="testLegacyModelInstantiation with data set #3" class="Tests\Unit\LegacyModelsTest" classname="Tests.Unit.LegacyModelsTest" file="C:\Users\prote\Documents\software-devel\ksf_bank_import\tests\unit\LegacyModelsTest.php" line="17" assertions="2" time="0.000502"/>
          <testcase name="testLegacyModelInstantiation with data set #4" class="Tests\Unit\LegacyModelsTest" classname="Tests.Unit.LegacyModelsTest" file="C:\Users\prote\Documents\software-devel\ksf_bank_import\tests\unit\LegacyModelsTest.php" line="17" assertions="2" time="0.000498"/>
          <testcase name="testLegacyModelInstantiation with data set #5" class="Tests\Unit\LegacyModelsTest" classname="Tests.Unit.LegacyModelsTest" file="C:\Users\prote\Documents\software-devel\ksf_bank_import\tests\unit\LegacyModelsTest.php" line="17" assertions="2" time="0.000520"/>
          <testcase name="testLegacyModelInstantiation with data set #6" class="Tests\Unit\LegacyModelsTest" classname="Tests.Unit.LegacyModelsTest" file="C:\Users\prote\Documents\software-devel\ksf_bank_import\tests\unit\LegacyModelsTest.php" line="17" assertions="2" time="0.000430"/>
          <testcase name="testLegacyModelInstantiation with data set #7" class="Tests\Unit\LegacyModelsTest" classname="Tests.Unit.LegacyModelsTest" file="C:\Users\prote\Documents\software-devel\ksf_bank_import\tests\unit\LegacyModelsTest.php" line="17" assertions="2" time="0.000662"/>
          <testcase name="testLegacyModelInstantiation with data set #8" class="Tests\Unit\LegacyModelsTest" classname="Tests.Unit.LegacyModelsTest" file="C:\Users\prote\Documents\software-devel\ksf_bank_import\tests\unit\LegacyModelsTest.php" line="17" assertions="2" time="0.000497"/>
        </testsuite>
      </testsuite>
      <testsuite name="Tests\Unit\Links\AttachmentLinkUrlBuilderTest" file="C:\Users\prote\Documents\software-devel\ksf_bank_import\tests\unit\Links\AttachmentLinkUrlBuilderTest.php" tests="2" assertions="2" errors="0" warnings="0" failures="0" skipped="0" time="0.037648">
        <testcase name="testBuildMessageUsesExpectedFormat" class="Tests\Unit\Links\AttachmentLinkUrlBuilderTest" classname="Tests.Unit.Links.AttachmentLinkUrlBuilderTest" file="C:\Users\prote\Documents\software-devel\ksf_bank_import\tests\unit\Links\AttachmentLinkUrlBuilderTest.php" line="12" assertions="1" time="0.037102"/>
        <testcase name="testAppRelativePathBuildsExpectedAttachmentUrl" class="Tests\Unit\Links\AttachmentLinkUrlBuilderTest" classname="Tests.Unit.Links.AttachmentLinkUrlBuilderTest" file="C:\Users\prote\Documents\software-devel\ksf_bank_import\tests\unit\Links\AttachmentLinkUrlBuilderTest.php" line="19" assertions="1" time="0.000546"/>
      </testsuite>
      <testsuite name="Tests\Unit\Links\GlTransViewLinkHtmlBuilderTest" file="C:\Users\prote\Documents\software-devel\ksf_bank_import\tests\unit\Links\GlTransViewLinkHtmlBuilderTest.php" tests="3" assertions="15" errors="0" warnings="0" failures="0" skipped="0" time="0.181432">
        <testcase name="testBuildRendersAnchorWithCanonicalGlUrl" class="Tests\Unit\Links\GlTransViewLinkHtmlBuilderTest" classname="Tests.Unit.Links.GlTransViewLinkHtmlBuilderTest" file="C:\Users\prote\Documents\software-devel\ksf_bank_import\tests\unit\Links\GlTransViewLinkHtmlBuilderTest.php" line="12" assertions="3" time="0.178260"/>
        <testcase name="testBuildAcceptsOptionalAttributes" class="Tests\Unit\Links\GlTransViewLinkHtmlBuilderTest" classname="Tests.Unit.Links.GlTransViewLinkHtmlBuilderTest" file="C:\Users\prote\Documents\software-devel\ksf_bank_import\tests\unit\Links\GlTransViewLinkHtmlBuilderTest.php" line="21" assertions="8" time="0.002219"/>
        <testcase name="testBuildSupportsExtraQueryParams" class="Tests\Unit\Links\GlTransViewLinkHtmlBuilderTest" classname="Tests.Unit.Links.GlTransViewLinkHtmlBuilderTest" file="C:\Users\prote\Documents\software-devel\ksf_bank_import\tests\unit\Links\GlTransViewLinkHtmlBuilderTest.php" line="47" assertions="4" time="0.000953"/>
      </testsuite>
      <testsuite name="Tests\Unit\Links\MatchedSettlementNotificationBuilderTest" file="C:\Users\prote\Documents\software-devel\ksf_bank_import\tests\unit\Links\MatchedSettlementNotificationBuilderTest.php" tests="2" assertions="4" errors="0" warnings="0" failures="0" skipped="0" time="0.095495">
        <testcase name="testBuildMessageUsesCanonicalFormat" class="Tests\Unit\Links\MatchedSettlementNotificationBuilderTest" classname="Tests.Unit.Links.MatchedSettlementNotificationBuilderTest" file="C:\Users\prote\Documents\software-devel\ksf_bank_import\tests\unit\Links\MatchedSettlementNotificationBuilderTest.php" line="12" assertions="1" time="0.094843"/>
        <testcase name="testBuildReturnsMessageLinkDataAndContext" class="Tests\Unit\Links\MatchedSettlementNotificationBuilderTest" classname="Tests.Unit.Links.MatchedSettlementNotificationBuilderTest" file="C:\Users\prote\Documents\software-devel\ksf_bank_import\tests\unit\Links\MatchedSettlementNotificationBuilderTest.php" line="19" assertions="3" time="0.000652"/>
      </testsuite>
      <testsuite name="Tests\Unit\Links\SupplierAllocateLinkUrlBuilderTest" file="C:\Users\prote\Documents\software-devel\ksf_bank_import\tests\unit\Links\SupplierAllocateLinkUrlBuilderTest.php" tests="2" assertions="2" errors="0" warnings="0" failures="0" skipped="0" time="0.052710">
        <testcase name="testBuildMessageUsesExpectedFormat" class="Tests\Unit\Links\SupplierAllocateLinkUrlBuilderTest" classname="Tests.Unit.Links.SupplierAllocateLinkUrlBuilderTest" file="C:\Users\prote\Documents\software-devel\ksf_bank_import\tests\unit\Links\SupplierAllocateLinkUrlBuilderTest.php" line="12" assertions="1" time="0.052168"/>
        <testcase name="testAppRelativePathBuildsExpectedSupplierAllocateUrl" class="Tests\Unit\Links\SupplierAllocateLinkUrlBuilderTest" classname="Tests.Unit.Links.SupplierAllocateLinkUrlBuilderTest" file="C:\Users\prote\Documents\software-devel\ksf_bank_import\tests\unit\Links\SupplierAllocateLinkUrlBuilderTest.php" line="19" assertions="1" time="0.000541"/>
      </testsuite>
      <testsuite name="Tests\Unit\Links\TransactionLinkBuilderTest" file="C:\Users\prote\Documents\software-devel\ksf_bank_import\tests\unit\Links\TransactionLinkBuilderTest.php" tests="6" assertions="16" errors="0" warnings="0" failures="2" skipped="0" time="0.219568">
        <testcase name="testBuild_UsesExplicitAliasKeys" class="Tests\Unit\Links\TransactionLinkBuilderTest" classname="Tests.Unit.Links.TransactionLinkBuilderTest" file="C:\Users\prote\Documents\software-devel\ksf_bank_import\tests\unit\Links\TransactionLinkBuilderTest.php" line="13" assertions="4" time="0.206290"/>
        <testcase name="testBuild_UsesStructuredLinksArray" class="Tests\Unit\Links\TransactionLinkBuilderTest" classname="Tests.Unit.Links.TransactionLinkBuilderTest" file="C:\Users\prote\Documents\software-devel\ksf_bank_import\tests\unit\Links\TransactionLinkBuilderTest.php" line="31" assertions="4" time="0.001577"/>
        <testcase name="testBuild_DoesNotDeriveLinksByDefault" class="Tests\Unit\Links\TransactionLinkBuilderTest" classname="Tests.Unit.Links.TransactionLinkBuilderTest" file="C:\Users\prote\Documents\software-devel\ksf_bank_import\tests\unit\Links\TransactionLinkBuilderTest.php" line="56" assertions="1" time="0.000910"/>
        <testcase name="testBuild_CanDeriveNativeAndGlLinksWhenEnabled" class="Tests\Unit\Links\TransactionLinkBuilderTest" classname="Tests.Unit.Links.TransactionLinkBuilderTest" file="C:\Users\prote\Documents\software-devel\ksf_bank_import\tests\unit\Links\TransactionLinkBuilderTest.php" line="68" assertions="2" time="0.005067">
          <failure type="PHPUnit\Framework\ExpectationFailedException">Tests\Unit\Links\TransactionLinkBuilderTest::testBuild_CanDeriveNativeAndGlLinksWhenEnabled
Failed asserting that an array contains '../../sales/view/view_receipt.php?type_id=12&amp;trans_no=500'.

C:\Users\prote\Documents\software-devel\ksf_bank_import\tests\unit\Links\TransactionLinkBuilderTest.php:80</failure>
        </testcase>
        <testcase name="testBuild_PrioritizesByContextPolicy" class="Tests\Unit\Links\TransactionLinkBuilderTest" classname="Tests.Unit.Links.TransactionLinkBuilderTest" file="C:\Users\prote\Documents\software-devel\ksf_bank_import\tests\unit\Links\TransactionLinkBuilderTest.php" line="83" assertions="3" time="0.002405"/>
        <testcase name="testBuild_DerivedPrimaryLinkUsesComprehensiveTypeLabels" class="Tests\Unit\Links\TransactionLinkBuilderTest" classname="Tests.Unit.Links.TransactionLinkBuilderTest" file="C:\Users\prote\Documents\software-devel\ksf_bank_import\tests\unit\Links\TransactionLinkBuilderTest.php" line="105" assertions="2" time="0.003320">
          <failure type="PHPUnit\Framework\ExpectationFailedException">Tests\Unit\Links\TransactionLinkBuilderTest::testBuild_DerivedPrimaryLinkUsesComprehensiveTypeLabels
Failed asserting that two strings are identical.
--- Expected
+++ Actual
@@ @@
-'View Sales Invoice'
+'View Journal Entry'

C:\Users\prote\Documents\software-devel\ksf_bank_import\tests\unit\Links\TransactionLinkBuilderTest.php:137</failure>
        </testcase>
      </testsuite>
      <testsuite name="Tests\Unit\Links\TransactionLinkUrlBuilderTest" file="C:\Users\prote\Documents\software-devel\ksf_bank_import\tests\unit\Links\TransactionLinkUrlBuilderTest.php" tests="3" assertions="4" errors="0" warnings="0" failures="0" skipped="0" time="0.001884">
        <testcase name="testGlTransViewBuildsCanonicalGlViewUrl" class="Tests\Unit\Links\TransactionLinkUrlBuilderTest" classname="Tests.Unit.Links.TransactionLinkUrlBuilderTest" file="C:\Users\prote\Documents\software-devel\ksf_bank_import\tests\unit\Links\TransactionLinkUrlBuilderTest.php" line="12" assertions="1" time="0.000539"/>
        <testcase name="testGlTransViewSupportsExtraQueryParams" class="Tests\Unit\Links\TransactionLinkUrlBuilderTest" classname="Tests.Unit.Links.TransactionLinkUrlBuilderTest" file="C:\Users\prote\Documents\software-devel\ksf_bank_import\tests\unit\Links\TransactionLinkUrlBuilderTest.php" line="19" assertions="1" time="0.000504"/>
        <testcase name="testGlTransViewLinkDataWrapsUrlWithExpectedKey" class="Tests\Unit\Links\TransactionLinkUrlBuilderTest" classname="Tests.Unit.Links.TransactionLinkUrlBuilderTest" file="C:\Users\prote\Documents\software-devel\ksf_bank_import\tests\unit\Links\TransactionLinkUrlBuilderTest.php" line="26" assertions="2" time="0.000841"/>
      </testsuite>
      <testsuite name="Tests\Unit\Links\TransactionResultLinkPresenterTest" file="C:\Users\prote\Documents\software-devel\ksf_bank_import\tests\unit\Links\TransactionResultLinkPresenterTest.php" tests="3" assertions="4" errors="0" warnings="0" failures="0" skipped="0" time="0.012702">
        <testcase name="testDisplayFromResult_ReturnsEmptyWhenNoLinkData" class="Tests\Unit\Links\TransactionResultLinkPresenterTest" classname="Tests.Unit.Links.TransactionResultLinkPresenterTest" file="C:\Users\prote\Documents\software-devel\ksf_bank_import\tests\unit\Links\TransactionResultLinkPresenterTest.php" line="12" assertions="1" time="0.009542"/>
        <testcase name="testDisplayFromResult_RendersHtmlModeForArrayResult" class="Tests\Unit\Links\TransactionResultLinkPresenterTest" classname="Tests.Unit.Links.TransactionResultLinkPresenterTest" file="C:\Users\prote\Documents\software-devel\ksf_bank_import\tests\unit\Links\TransactionResultLinkPresenterTest.php" line="21" assertions="2" time="0.001920"/>
        <testcase name="testDisplayFromResult_RendersHtmlModeForObjectResult" class="Tests\Unit\Links\TransactionResultLinkPresenterTest" classname="Tests.Unit.Links.TransactionResultLinkPresenterTest" file="C:\Users\prote\Documents\software-devel\ksf_bank_import\tests\unit\Links\TransactionResultLinkPresenterTest.php" line="41" assertions="1" time="0.001239"/>
      </testsuite>
      <testsuite name="Ksfraser\Tests\Unit\MatchingTransactionsListTest" file="C:\Users\prote\Documents\software-devel\ksf_bank_import\tests\unit\MatchingTransactionsListTest.php" tests="17" assertions="6" errors="11" warnings="0" failures="0" skipped="0" time="0.067237">
        <testcase name="testConstruction" class="Ksfraser\Tests\Unit\MatchingTransactionsListTest" classname="Ksfraser.Tests.Unit.MatchingTransactionsListTest" file="C:\Users\prote\Documents\software-devel\ksf_bank_import\tests\unit\MatchingTransactionsListTest.php" line="85" assertions="1" time="0.040892"/>
        <testcase name="testAcceptsMatchingTransactionsArray" class="Ksfraser\Tests\Unit\MatchingTransactionsListTest" classname="Ksfraser.Tests.Unit.MatchingTransactionsListTest" file="C:\Users\prote\Documents\software-devel\ksf_bank_import\tests\unit\MatchingTransactionsListTest.php" line="98" assertions="1" time="0.000749"/>
        <testcase name="testAcceptsBankTransactionData" class="Ksfraser\Tests\Unit\MatchingTransactionsListTest" classname="Ksfraser.Tests.Unit.MatchingTransactionsListTest" file="C:\Users\prote\Documents\software-devel\ksf_bank_import\tests\unit\MatchingTransactionsListTest.php" line="111" assertions="1" time="0.000630"/>
        <testcase name="testRendersWithMatchingTransactions" class="Ksfraser\Tests\Unit\MatchingTransactionsListTest" classname="Ksfraser.Tests.Unit.MatchingTransactionsListTest" file="C:\Users\prote\Documents\software-devel\ksf_bank_import\tests\unit\MatchingTransactionsListTest.php" line="124" assertions="0" time="0.001185">
          <error type="Error">Ksfraser\Tests\Unit\MatchingTransactionsListTest::testRendersWithMatchingTransactions
Error: Class "Ksfraser\HTML\Elements\HtmlLabelRow" not found

C:\Users\prote\Documents\software-devel\ksf_bank_import\src\Ksfraser\MatchingTransactionsList.php:184
C:\Users\prote\Documents\software-devel\ksf_bank_import\src\Ksfraser\MatchingTransactionsList.php:156
C:\Users\prote\Documents\software-devel\ksf_bank_import\tests\unit\MatchingTransactionsListTest.php:130</error>
        </testcase>
        <testcase name="testRendersEmptyStateWhenNoMatches" class="Ksfraser\Tests\Unit\MatchingTransactionsListTest" classname="Ksfraser.Tests.Unit.MatchingTransactionsListTest" file="C:\Users\prote\Documents\software-devel\ksf_bank_import\tests\unit\MatchingTransactionsListTest.php" line="140" assertions="0" time="0.000711">
          <error type="Error">Ksfraser\Tests\Unit\MatchingTransactionsListTest::testRendersEmptyStateWhenNoMatches
Error: Class "Ksfraser\HTML\Elements\HtmlLabelRow" not found

C:\Users\prote\Documents\software-devel\ksf_bank_import\src\Ksfraser\MatchingTransactionsList.php:167
C:\Users\prote\Documents\software-devel\ksf_bank_import\src\Ksfraser\MatchingTransactionsList.php:140
C:\Users\prote\Documents\software-devel\ksf_bank_import\tests\unit\MatchingTransactionsListTest.php:143</error>
        </testcase>
        <testcase name="testRendersTransactionNumbers" class="Ksfraser\Tests\Unit\MatchingTransactionsListTest" classname="Ksfraser.Tests.Unit.MatchingTransactionsListTest" file="C:\Users\prote\Documents\software-devel\ksf_bank_import\tests\unit\MatchingTransactionsListTest.php" line="151" assertions="0" time="0.000899">
          <error type="Error">Ksfraser\Tests\Unit\MatchingTransactionsListTest::testRendersTransactionNumbers
Error: Class "Ksfraser\HTML\Elements\HtmlLabelRow" not found

C:\Users\prote\Documents\software-devel\ksf_bank_import\src\Ksfraser\MatchingTransactionsList.php:184
C:\Users\prote\Documents\software-devel\ksf_bank_import\src\Ksfraser\MatchingTransactionsList.php:156
C:\Users\prote\Documents\software-devel\ksf_bank_import\tests\unit\MatchingTransactionsListTest.php:157</error>
        </testcase>
        <testcase name="testRendersTransactionScores" class="Ksfraser\Tests\Unit\MatchingTransactionsListTest" classname="Ksfraser.Tests.Unit.MatchingTransactionsListTest" file="C:\Users\prote\Documents\software-devel\ksf_bank_import\tests\unit\MatchingTransactionsListTest.php" line="166" assertions="0" time="0.000881">
          <error type="Error">Ksfraser\Tests\Unit\MatchingTransactionsListTest::testRendersTransactionScores
Error: Class "Ksfraser\HTML\Elements\HtmlLabelRow" not found

C:\Users\prote\Documents\software-devel\ksf_bank_import\src\Ksfraser\MatchingTransactionsList.php:184
C:\Users\prote\Documents\software-devel\ksf_bank_import\src\Ksfraser\MatchingTransactionsList.php:156
C:\Users\prote\Documents\software-devel\ksf_bank_import\tests\unit\MatchingTransactionsListTest.php:172</error>
        </testcase>
        <testcase name="testRendersAccountNames" class="Ksfraser\Tests\Unit\MatchingTransactionsListTest" classname="Ksfraser.Tests.Unit.MatchingTransactionsListTest" file="C:\Users\prote\Documents\software-devel\ksf_bank_import\tests\unit\MatchingTransactionsListTest.php" line="182" assertions="0" time="0.000858">
          <error type="Error">Ksfraser\Tests\Unit\MatchingTransactionsListTest::testRendersAccountNames
Error: Class "Ksfraser\HTML\Elements\HtmlLabelRow" not found

C:\Users\prote\Documents\software-devel\ksf_bank_import\src\Ksfraser\MatchingTransactionsList.php:184
C:\Users\prote\Documents\software-devel\ksf_bank_import\src\Ksfraser\MatchingTransactionsList.php:156
C:\Users\prote\Documents\software-devel\ksf_bank_import\tests\unit\MatchingTransactionsListTest.php:188</error>
        </testcase>
        <testcase name="testRendersAmounts" class="Ksfraser\Tests\Unit\MatchingTransactionsListTest" classname="Ksfraser.Tests.Unit.MatchingTransactionsListTest" file="C:\Users\prote\Documents\software-devel\ksf_bank_import\tests\unit\MatchingTransactionsListTest.php" line="197" assertions="0" time="0.001144">
          <error type="Error">Ksfraser\Tests\Unit\MatchingTransactionsListTest::testRendersAmounts
Error: Class "Ksfraser\HTML\Elements\HtmlLabelRow" not found

C:\Users\prote\Documents\software-devel\ksf_bank_import\src\Ksfraser\MatchingTransactionsList.php:184
C:\Users\prote\Documents\software-devel\ksf_bank_import\src\Ksfraser\MatchingTransactionsList.php:156
C:\Users\prote\Documents\software-devel\ksf_bank_import\tests\unit\MatchingTransactionsListTest.php:203</error>
        </testcase>
        <testcase name="testHighlightsMatchingAmounts" class="Ksfraser\Tests\Unit\MatchingTransactionsListTest" classname="Ksfraser.Tests.Unit.MatchingTransactionsListTest" file="C:\Users\prote\Documents\software-devel\ksf_bank_import\tests\unit\MatchingTransactionsListTest.php" line="212" assertions="0" time="0.000788">
          <error type="Error">Ksfraser\Tests\Unit\MatchingTransactionsListTest::testHighlightsMatchingAmounts
Error: Class "Ksfraser\HTML\Elements\HtmlLabelRow" not found

C:\Users\prote\Documents\software-devel\ksf_bank_import\src\Ksfraser\MatchingTransactionsList.php:184
C:\Users\prote\Documents\software-devel\ksf_bank_import\src\Ksfraser\MatchingTransactionsList.php:156
C:\Users\prote\Documents\software-devel\ksf_bank_import\tests\unit\MatchingTransactionsListTest.php:232</error>
        </testcase>
        <testcase name="testNumbersEachMatchingTransaction" class="Ksfraser\Tests\Unit\MatchingTransactionsListTest" classname="Ksfraser.Tests.Unit.MatchingTransactionsListTest" file="C:\Users\prote\Documents\software-devel\ksf_bank_import\tests\unit\MatchingTransactionsListTest.php" line="241" assertions="0" time="0.000875">
          <error type="Error">Ksfraser\Tests\Unit\MatchingTransactionsListTest::testNumbersEachMatchingTransaction
Error: Class "Ksfraser\HTML\Elements\HtmlLabelRow" not found

C:\Users\prote\Documents\software-devel\ksf_bank_import\src\Ksfraser\MatchingTransactionsList.php:184
C:\Users\prote\Documents\software-devel\ksf_bank_import\src\Ksfraser\MatchingTransactionsList.php:156
C:\Users\prote\Documents\software-devel\ksf_bank_import\tests\unit\MatchingTransactionsListTest.php:247</error>
        </testcase>
        <testcase name="testSkipsTransactionsWithoutDate" class="Ksfraser\Tests\Unit\MatchingTransactionsListTest" classname="Ksfraser.Tests.Unit.MatchingTransactionsListTest" file="C:\Users\prote\Documents\software-devel\ksf_bank_import\tests\unit\MatchingTransactionsListTest.php" line="256" assertions="0" time="0.000803">
          <error type="Error">Ksfraser\Tests\Unit\MatchingTransactionsListTest::testSkipsTransactionsWithoutDate
Error: Class "Ksfraser\HTML\Elements\HtmlLabelRow" not found

C:\Users\prote\Documents\software-devel\ksf_bank_import\src\Ksfraser\MatchingTransactionsList.php:184
C:\Users\prote\Documents\software-devel\ksf_bank_import\src\Ksfraser\MatchingTransactionsList.php:156
C:\Users\prote\Documents\software-devel\ksf_bank_import\tests\unit\MatchingTransactionsListTest.php:281</error>
        </testcase>
        <testcase name="testCanUseUrlBuilder" class="Ksfraser\Tests\Unit\MatchingTransactionsListTest" classname="Ksfraser.Tests.Unit.MatchingTransactionsListTest" file="C:\Users\prote\Documents\software-devel\ksf_bank_import\tests\unit\MatchingTransactionsListTest.php" line="291" assertions="1" time="0.013900"/>
        <testcase name="testCanBeReusedForMultipleBankTransactions" class="Ksfraser\Tests\Unit\MatchingTransactionsListTest" classname="Ksfraser.Tests.Unit.MatchingTransactionsListTest" file="C:\Users\prote\Documents\software-devel\ksf_bank_import\tests\unit\MatchingTransactionsListTest.php" line="305" assertions="0" time="0.000830">
          <error type="Error">Ksfraser\Tests\Unit\MatchingTransactionsListTest::testCanBeReusedForMultipleBankTransactions
Error: Class "Ksfraser\HTML\Elements\HtmlLabelRow" not found

C:\Users\prote\Documents\software-devel\ksf_bank_import\src\Ksfraser\MatchingTransactionsList.php:184
C:\Users\prote\Documents\software-devel\ksf_bank_import\src\Ksfraser\MatchingTransactionsList.php:156
C:\Users\prote\Documents\software-devel\ksf_bank_import\tests\unit\MatchingTransactionsListTest.php:315</error>
        </testcase>
        <testcase name="testHandlesEmptyBankData" class="Ksfraser\Tests\Unit\MatchingTransactionsListTest" classname="Ksfraser.Tests.Unit.MatchingTransactionsListTest" file="C:\Users\prote\Documents\software-devel\ksf_bank_import\tests\unit\MatchingTransactionsListTest.php" line="330" assertions="0" time="0.000864">
          <error type="Error">Ksfraser\Tests\Unit\MatchingTransactionsListTest::testHandlesEmptyBankData
Error: Class "Ksfraser\HTML\Elements\HtmlLabelRow" not found

C:\Users\prote\Documents\software-devel\ksf_bank_import\src\Ksfraser\MatchingTransactionsList.php:184
C:\Users\prote\Documents\software-devel\ksf_bank_import\src\Ksfraser\MatchingTransactionsList.php:156
C:\Users\prote\Documents\software-devel\ksf_bank_import\tests\unit\MatchingTransactionsListTest.php:335</error>
        </testcase>
        <testcase name="testReturnsMatchCount" class="Ksfraser\Tests\Unit\MatchingTransactionsListTest" classname="Ksfraser.Tests.Unit.MatchingTransactionsListTest" file="C:\Users\prote\Documents\software-devel\ksf_bank_import\tests\unit\MatchingTransactionsListTest.php" line="343" assertions="1" time="0.000627"/>
        <testcase name="testReturnsZeroMatchCountForEmpty" class="Ksfraser\Tests\Unit\MatchingTransactionsListTest" classname="Ksfraser.Tests.Unit.MatchingTransactionsListTest" file="C:\Users\prote\Documents\software-devel\ksf_bank_import\tests\unit\MatchingTransactionsListTest.php" line="356" assertions="1" time="0.000601"/>
      </testsuite>
      <testsuite name="Tests\Unit\MetricsAggregatorTest" file="C:\Users\prote\Documents\software-devel\ksf_bank_import\tests\unit\MetricsAggregatorTest.php" tests="3" assertions="12" errors="0" warnings="0" failures="0" skipped="0" time="0.006739">
        <testcase name="testAggregateMetrics" class="Tests\Unit\MetricsAggregatorTest" classname="Tests.Unit.MetricsAggregatorTest" file="C:\Users\prote\Documents\software-devel\ksf_bank_import\tests\unit\MetricsAggregatorTest.php" line="37" assertions="6" time="0.002516"/>
        <testcase name="testGetHistoricalTrends" class="Tests\Unit\MetricsAggregatorTest" classname="Tests.Unit.MetricsAggregatorTest" file="C:\Users\prote\Documents\software-devel\ksf_bank_import\tests\unit\MetricsAggregatorTest.php" line="49" assertions="3" time="0.002723"/>
        <testcase name="testDetectPerformanceAnomalies" class="Tests\Unit\MetricsAggregatorTest" classname="Tests.Unit.MetricsAggregatorTest" file="C:\Users\prote\Documents\software-devel\ksf_bank_import\tests\unit\MetricsAggregatorTest.php" line="58" assertions="3" time="0.001499"/>
      </testsuite>
      <testsuite name="ModuleMenuViewTest" file="C:\Users\prote\Documents\software-devel\ksf_bank_import\tests\unit\ModuleMenuViewTest.php" tests="1" assertions="12" errors="0" warnings="0" failures="0" skipped="0" time="0.001802">
        <testcase name="testRenderMenuContainsAllExpectedLinksAndNoExtras" class="ModuleMenuViewTest" classname="ModuleMenuViewTest" file="C:\Users\prote\Documents\software-devel\ksf_bank_import\tests\unit\ModuleMenuViewTest.php" line="8" assertions="12" time="0.001802"/>
      </testsuite>
      <testsuite name="ModuleSchemaDescriptorsTest" file="C:\Users\prote\Documents\software-devel\ksf_bank_import\tests\unit\ModuleSchemaDescriptorsTest.php" tests="24" assertions="104" errors="0" warnings="0" failures="0" skipped="0" time="0.205243">
        <testsuite name="ModuleSchemaDescriptorsTest::testDescriptorShapeAndMemoization" tests="8" assertions="80" errors="0" warnings="0" failures="0" skipped="0" time="0.196704">
          <testcase name="testDescriptorShapeAndMemoization with data set #0" class="ModuleSchemaDescriptorsTest" classname="ModuleSchemaDescriptorsTest" file="C:\Users\prote\Documents\software-devel\ksf_bank_import\tests\unit\ModuleSchemaDescriptorsTest.php" line="36" assertions="10" time="0.032157"/>
          <testcase name="testDescriptorShapeAndMemoization with data set #1" class="ModuleSchemaDescriptorsTest" classname="ModuleSchemaDescriptorsTest" file="C:\Users\prote\Documents\software-devel\ksf_bank_import\tests\unit\ModuleSchemaDescriptorsTest.php" line="36" assertions="10" time="0.001085"/>
          <testcase name="testDescriptorShapeAndMemoization with data set #2" class="ModuleSchemaDescriptorsTest" classname="ModuleSchemaDescriptorsTest" file="C:\Users\prote\Documents\software-devel\ksf_bank_import\tests\unit\ModuleSchemaDescriptorsTest.php" line="36" assertions="10" time="0.033413"/>
          <testcase name="testDescriptorShapeAndMemoization with data set #3" class="ModuleSchemaDescriptorsTest" classname="ModuleSchemaDescriptorsTest" file="C:\Users\prote\Documents\software-devel\ksf_bank_import\tests\unit\ModuleSchemaDescriptorsTest.php" line="36" assertions="10" time="0.061706"/>
          <testcase name="testDescriptorShapeAndMemoization with data set #4" class="ModuleSchemaDescriptorsTest" classname="ModuleSchemaDescriptorsTest" file="C:\Users\prote\Documents\software-devel\ksf_bank_import\tests\unit\ModuleSchemaDescriptorsTest.php" line="36" assertions="10" time="0.031033"/>
          <testcase name="testDescriptorShapeAndMemoization with data set #5" class="ModuleSchemaDescriptorsTest" classname="ModuleSchemaDescriptorsTest" file="C:\Users\prote\Documents\software-devel\ksf_bank_import\tests\unit\ModuleSchemaDescriptorsTest.php" line="36" assertions="10" time="0.012647"/>
          <testcase name="testDescriptorShapeAndMemoization with data set #6" class="ModuleSchemaDescriptorsTest" classname="ModuleSchemaDescriptorsTest" file="C:\Users\prote\Documents\software-devel\ksf_bank_import\tests\unit\ModuleSchemaDescriptorsTest.php" line="36" assertions="10" time="0.010073"/>
          <testcase name="testDescriptorShapeAndMemoization with data set #7" class="ModuleSchemaDescriptorsTest" classname="ModuleSchemaDescriptorsTest" file="C:\Users\prote\Documents\software-devel\ksf_bank_import\tests\unit\ModuleSchemaDescriptorsTest.php" line="36" assertions="10" time="0.014590"/>
        </testsuite>
        <testsuite name="ModuleSchemaDescriptorsTest::testTableNameUsesTbPref" tests="8" assertions="16" errors="0" warnings="0" failures="0" skipped="0" time="0.004264">
          <testcase name="testTableNameUsesTbPref with data set #0" class="ModuleSchemaDescriptorsTest" classname="ModuleSchemaDescriptorsTest" file="C:\Users\prote\Documents\software-devel\ksf_bank_import\tests\unit\ModuleSchemaDescriptorsTest.php" line="60" assertions="2" time="0.000698"/>
          <testcase name="testTableNameUsesTbPref with data set #1" class="ModuleSchemaDescriptorsTest" classname="ModuleSchemaDescriptorsTest" file="C:\Users\prote\Documents\software-devel\ksf_bank_import\tests\unit\ModuleSchemaDescriptorsTest.php" line="60" assertions="2" time="0.000483"/>
          <testcase name="testTableNameUsesTbPref with data set #2" class="ModuleSchemaDescriptorsTest" classname="ModuleSchemaDescriptorsTest" file="C:\Users\prote\Documents\software-devel\ksf_bank_import\tests\unit\ModuleSchemaDescriptorsTest.php" line="60" assertions="2" time="0.000514"/>
          <testcase name="testTableNameUsesTbPref with data set #3" class="ModuleSchemaDescriptorsTest" classname="ModuleSchemaDescriptorsTest" file="C:\Users\prote\Documents\software-devel\ksf_bank_import\tests\unit\ModuleSchemaDescriptorsTest.php" line="60" assertions="2" time="0.000490"/>
          <testcase name="testTableNameUsesTbPref with data set #4" class="ModuleSchemaDescriptorsTest" classname="ModuleSchemaDescriptorsTest" file="C:\Users\prote\Documents\software-devel\ksf_bank_import\tests\unit\ModuleSchemaDescriptorsTest.php" line="60" assertions="2" time="0.000549"/>
          <testcase name="testTableNameUsesTbPref with data set #5" class="ModuleSchemaDescriptorsTest" classname="ModuleSchemaDescriptorsTest" file="C:\Users\prote\Documents\software-devel\ksf_bank_import\tests\unit\ModuleSchemaDescriptorsTest.php" line="60" assertions="2" time="0.000517"/>
          <testcase name="testTableNameUsesTbPref with data set #6" class="ModuleSchemaDescriptorsTest" classname="ModuleSchemaDescriptorsTest" file="C:\Users\prote\Documents\software-devel\ksf_bank_import\tests\unit\ModuleSchemaDescriptorsTest.php" line="60" assertions="2" time="0.000520"/>
          <testcase name="testTableNameUsesTbPref with data set #7" class="ModuleSchemaDescriptorsTest" classname="ModuleSchemaDescriptorsTest" file="C:\Users\prote\Documents\software-devel\ksf_bank_import\tests\unit\ModuleSchemaDescriptorsTest.php" line="60" assertions="2" time="0.000492"/>
        </testsuite>
        <testsuite name="ModuleSchemaDescriptorsTest::testFieldNamesMatchesDescriptorKeys" tests="8" assertions="8" errors="0" warnings="0" failures="0" skipped="0" time="0.004275">
          <testcase name="testFieldNamesMatchesDescriptorKeys with data set #0" class="ModuleSchemaDescriptorsTest" classname="ModuleSchemaDescriptorsTest" file="C:\Users\prote\Documents\software-devel\ksf_bank_import\tests\unit\ModuleSchemaDescriptorsTest.php" line="74" assertions="1" time="0.000653"/>
          <testcase name="testFieldNamesMatchesDescriptorKeys with data set #1" class="ModuleSchemaDescriptorsTest" classname="ModuleSchemaDescriptorsTest" file="C:\Users\prote\Documents\software-devel\ksf_bank_import\tests\unit\ModuleSchemaDescriptorsTest.php" line="74" assertions="1" time="0.000455"/>
          <testcase name="testFieldNamesMatchesDescriptorKeys with data set #2" class="ModuleSchemaDescriptorsTest" classname="ModuleSchemaDescriptorsTest" file="C:\Users\prote\Documents\software-devel\ksf_bank_import\tests\unit\ModuleSchemaDescriptorsTest.php" line="74" assertions="1" time="0.000692"/>
          <testcase name="testFieldNamesMatchesDescriptorKeys with data set #3" class="ModuleSchemaDescriptorsTest" classname="ModuleSchemaDescriptorsTest" file="C:\Users\prote\Documents\software-devel\ksf_bank_import\tests\unit\ModuleSchemaDescriptorsTest.php" line="74" assertions="1" time="0.000450"/>
          <testcase name="testFieldNamesMatchesDescriptorKeys with data set #4" class="ModuleSchemaDescriptorsTest" classname="ModuleSchemaDescriptorsTest" file="C:\Users\prote\Documents\software-devel\ksf_bank_import\tests\unit\ModuleSchemaDescriptorsTest.php" line="74" assertions="1" time="0.000430"/>
          <testcase name="testFieldNamesMatchesDescriptorKeys with data set #5" class="ModuleSchemaDescriptorsTest" classname="ModuleSchemaDescriptorsTest" file="C:\Users\prote\Documents\software-devel\ksf_bank_import\tests\unit\ModuleSchemaDescriptorsTest.php" line="74" assertions="1" time="0.000427"/>
          <testcase name="testFieldNamesMatchesDescriptorKeys with data set #6" class="ModuleSchemaDescriptorsTest" classname="ModuleSchemaDescriptorsTest" file="C:\Users\prote\Documents\software-devel\ksf_bank_import\tests\unit\ModuleSchemaDescriptorsTest.php" line="74" assertions="1" time="0.000418"/>
          <testcase name="testFieldNamesMatchesDescriptorKeys with data set #7" class="ModuleSchemaDescriptorsTest" classname="ModuleSchemaDescriptorsTest" file="C:\Users\prote\Documents\software-devel\ksf_bank_import\tests\unit\ModuleSchemaDescriptorsTest.php" line="74" assertions="1" time="0.000749"/>
        </testsuite>
      </testsuite>
      <testsuite name="PairedTransferDualSideActionTest" file="C:\Users\prote\Documents\software-devel\ksf_bank_import\tests\unit\PairedTransferDualSideActionTest.php" tests="9" assertions="14" errors="0" warnings="0" failures="0" skipped="0" time="0.005815">
        <testcase name="testSupportsReturnsTrueForValidPayload" class="PairedTransferDualSideActionTest" classname="PairedTransferDualSideActionTest" file="C:\Users\prote\Documents\software-devel\ksf_bank_import\tests\unit\PairedTransferDualSideActionTest.php" line="12" assertions="1" time="0.000699"/>
        <testcase name="testSupportsReturnsFalseWhenMissing" class="PairedTransferDualSideActionTest" classname="PairedTransferDualSideActionTest" file="C:\Users\prote\Documents\software-devel\ksf_bank_import\tests\unit\PairedTransferDualSideActionTest.php" line="23" assertions="1" time="0.000546"/>
        <testcase name="testExtractTransactionIdFromPayload" class="PairedTransferDualSideActionTest" classname="PairedTransferDualSideActionTest" file="C:\Users\prote\Documents\software-devel\ksf_bank_import\tests\unit\PairedTransferDualSideActionTest.php" line="30" assertions="1" time="0.000556"/>
        <testcase name="testExtractTransactionIdReturnsNullForEmptyPayload" class="PairedTransferDualSideActionTest" classname="PairedTransferDualSideActionTest" file="C:\Users\prote\Documents\software-devel\ksf_bank_import\tests\unit\PairedTransferDualSideActionTest.php" line="41" assertions="1" time="0.000571"/>
        <testcase name="testExtractActionValueReturnsNormalizedString" class="PairedTransferDualSideActionTest" classname="PairedTransferDualSideActionTest" file="C:\Users\prote\Documents\software-devel\ksf_bank_import\tests\unit\PairedTransferDualSideActionTest.php" line="52" assertions="1" time="0.000509"/>
        <testcase name="testExecuteReturnsErrorWhenActionMissing" class="PairedTransferDualSideActionTest" classname="PairedTransferDualSideActionTest" file="C:\Users\prote\Documents\software-devel\ksf_bank_import\tests\unit\PairedTransferDualSideActionTest.php" line="63" assertions="2" time="0.000602"/>
        <testcase name="testExecuteReturnsErrorWhenTransactionIdInvalid" class="PairedTransferDualSideActionTest" classname="PairedTransferDualSideActionTest" file="C:\Users\prote\Documents\software-devel\ksf_bank_import\tests\unit\PairedTransferDualSideActionTest.php" line="73" assertions="2" time="0.000558"/>
        <testcase name="testExecuteUsesInjectedProcessorAndReturnsSuccessPayload" class="PairedTransferDualSideActionTest" classname="PairedTransferDualSideActionTest" file="C:\Users\prote\Documents\software-devel\ksf_bank_import\tests\unit\PairedTransferDualSideActionTest.php" line="83" assertions="3" time="0.001097"/>
        <testcase name="testExecuteReturnsErrorWhenProcessorThrows" class="PairedTransferDualSideActionTest" classname="PairedTransferDualSideActionTest" file="C:\Users\prote\Documents\software-devel\ksf_bank_import\tests\unit\PairedTransferDualSideActionTest.php" line="108" assertions="2" time="0.000678"/>
      </testsuite>
      <testsuite name="ParameterProviderTest" file="C:\Users\prote\Documents\software-devel\ksf_bank_import\tests\unit\ParameterProviderTest.php" tests="4" assertions="4" errors="0" warnings="0" failures="0" skipped="0" time="0.003896">
        <testcase name="testPostParameterProviderGetsExistingValue" class="ParameterProviderTest" classname="ParameterProviderTest" file="C:\Users\prote\Documents\software-devel\ksf_bank_import\tests\unit\ParameterProviderTest.php" line="22" assertions="1" time="0.001434">
          <system-out>
Deprecated: Creation of dynamic property ParameterProviderTest::$originalPost is deprecated in C:\Users\prote\Documents\software-devel\ksf_bank_import\tests\unit\ParameterProviderTest.php on line 11

Deprecated: Creation of dynamic property ParameterProviderTest::$originalGet is deprecated in C:\Users\prote\Documents\software-devel\ksf_bank_import\tests\unit\ParameterProviderTest.php on line 12
</system-out>
        </testcase>
        <testcase name="testPostParameterProviderReturnsNullForNonExistingValue" class="ParameterProviderTest" classname="ParameterProviderTest" file="C:\Users\prote\Documents\software-devel\ksf_bank_import\tests\unit\ParameterProviderTest.php" line="29" assertions="1" time="0.000645">
          <system-out>
Deprecated: Creation of dynamic property ParameterProviderTest::$originalPost is deprecated in C:\Users\prote\Documents\software-devel\ksf_bank_import\tests\unit\ParameterProviderTest.php on line 11

Deprecated: Creation of dynamic property ParameterProviderTest::$originalGet is deprecated in C:\Users\prote\Documents\software-devel\ksf_bank_import\tests\unit\ParameterProviderTest.php on line 12
</system-out>
        </testcase>
        <testcase name="testGetParameterProviderGetsExistingValue" class="ParameterProviderTest" classname="ParameterProviderTest" file="C:\Users\prote\Documents\software-devel\ksf_bank_import\tests\unit\ParameterProviderTest.php" line="35" assertions="1" time="0.001185">
          <system-out>
Deprecated: Creation of dynamic property ParameterProviderTest::$originalPost is deprecated in C:\Users\prote\Documents\software-devel\ksf_bank_import\tests\unit\ParameterProviderTest.php on line 11

Deprecated: Creation of dynamic property ParameterProviderTest::$originalGet is deprecated in C:\Users\prote\Documents\software-devel\ksf_bank_import\tests\unit\ParameterProviderTest.php on line 12
</system-out>
        </testcase>
        <testcase name="testGetParameterProviderReturnsNullForNonExistingValue" class="ParameterProviderTest" classname="ParameterProviderTest" file="C:\Users\prote\Documents\software-devel\ksf_bank_import\tests\unit\ParameterProviderTest.php" line="42" assertions="1" time="0.000632">
          <system-out>
Deprecated: Creation of dynamic property ParameterProviderTest::$originalPost is deprecated in C:\Users\prote\Documents\software-devel\ksf_bank_import\tests\unit\ParameterProviderTest.php on line 11

Deprecated: Creation of dynamic property ParameterProviderTest::$originalGet is deprecated in C:\Users\prote\Documents\software-devel\ksf_bank_import\tests\unit\ParameterProviderTest.php on line 12
</system-out>
        </testcase>
      </testsuite>
      <testsuite name="ParserSelectorTest" file="C:\Users\prote\Documents\software-devel\ksf_bank_import\tests\unit\ParserSelectorTest.php" tests="3" assertions="0" errors="3" warnings="0" failures="0" skipped="0" time="0.002284">
        <testcase name="testGetSelectedParserReturnsParserFromParameterProvider" class="ParserSelectorTest" classname="ParserSelectorTest" file="C:\Users\prote\Documents\software-devel\ksf_bank_import\tests\unit\ParserSelectorTest.php" line="10" assertions="0" time="0.000946">
          <error type="PHPUnit\Framework\MockObject\UnknownTypeException">ParserSelectorTest::testGetSelectedParserReturnsParserFromParameterProvider
PHPUnit\Framework\MockObject\UnknownTypeException: Class or interface "Ksfraser\FaBankImport\Request\ParameterProvider" does not exist

C:\Users\prote\Documents\software-devel\ksf_bank_import\tests\unit\ParserSelectorTest.php:12</error>
        </testcase>
        <testcase name="testGetSelectedParserReturnsDefaultWhenNoParserSelected" class="ParserSelectorTest" classname="ParserSelectorTest" file="C:\Users\prote\Documents\software-devel\ksf_bank_import\tests\unit\ParserSelectorTest.php" line="24" assertions="0" time="0.000664">
          <error type="PHPUnit\Framework\MockObject\UnknownTypeException">ParserSelectorTest::testGetSelectedParserReturnsDefaultWhenNoParserSelected
PHPUnit\Framework\MockObject\UnknownTypeException: Class or interface "Ksfraser\FaBankImport\Request\ParameterProvider" does not exist

C:\Users\prote\Documents\software-devel\ksf_bank_import\tests\unit\ParserSelectorTest.php:26</error>
        </testcase>
        <testcase name="testGetSelectedParserReturnsFirstParserWhenQFXNotAvailable" class="ParserSelectorTest" classname="ParserSelectorTest" file="C:\Users\prote\Documents\software-devel\ksf_bank_import\tests\unit\ParserSelectorTest.php" line="40" assertions="0" time="0.000674">
          <error type="PHPUnit\Framework\MockObject\UnknownTypeException">ParserSelectorTest::testGetSelectedParserReturnsFirstParserWhenQFXNotAvailable
PHPUnit\Framework\MockObject\UnknownTypeException: Class or interface "Ksfraser\FaBankImport\Request\ParameterProvider" does not exist

C:\Users\prote\Documents\software-devel\ksf_bank_import\tests\unit\ParserSelectorTest.php:42</error>
        </testcase>
      </testsuite>
      <testsuite name="Tests\Unit\ParsersTest" file="C:\Users\prote\Documents\software-devel\ksf_bank_import\tests\unit\ParsersTest.php" tests="11" assertions="29" errors="7" warnings="0" failures="0" skipped="1" time="0.068090">
        <testcase name="testGetParsersReturnsArray" class="Tests\Unit\ParsersTest" classname="Tests.Unit.ParsersTest" file="C:\Users\prote\Documents\software-devel\ksf_bank_import\tests\unit\ParsersTest.php" line="35" assertions="0" time="0.000617">
          <error type="Error">Tests\Unit\ParsersTest::testGetParsersReturnsArray
Error: Call to undefined function Tests\Unit\getParsers()

C:\Users\prote\Documents\software-devel\ksf_bank_import\tests\unit\ParsersTest.php:37</error>
        </testcase>
        <testcase name="testGetParsersIncludesQfxParser" class="Tests\Unit\ParsersTest" classname="Tests.Unit.ParsersTest" file="C:\Users\prote\Documents\software-devel\ksf_bank_import\tests\unit\ParsersTest.php" line="44" assertions="0" time="0.000655">
          <error type="Error">Tests\Unit\ParsersTest::testGetParsersIncludesQfxParser
Error: Call to undefined function Tests\Unit\getParsers()

C:\Users\prote\Documents\software-devel\ksf_bank_import\tests\unit\ParsersTest.php:46</error>
        </testcase>
        <testcase name="testGetParsersWithNonExistentDirectory" class="Tests\Unit\ParsersTest" classname="Tests.Unit.ParsersTest" file="C:\Users\prote\Documents\software-devel\ksf_bank_import\tests\unit\ParsersTest.php" line="57" assertions="0" time="0.000629">
          <error type="Error">Tests\Unit\ParsersTest::testGetParsersWithNonExistentDirectory
Error: Call to undefined function Tests\Unit\getParsers()

C:\Users\prote\Documents\software-devel\ksf_bank_import\tests\unit\ParsersTest.php:60</error>
        </testcase>
        <testcase name="testGetParsersDiscoversConfigurations" class="Tests\Unit\ParsersTest" classname="Tests.Unit.ParsersTest" file="C:\Users\prote\Documents\software-devel\ksf_bank_import\tests\unit\ParsersTest.php" line="70" assertions="0" time="0.001307">
          <skipped/>
        </testcase>
        <testcase name="testParserConfigIntegration" class="Tests\Unit\ParsersTest" classname="Tests.Unit.ParsersTest" file="C:\Users\prote\Documents\software-devel\ksf_bank_import\tests\unit\ParsersTest.php" line="81" assertions="2" time="0.056957"/>
        <testcase name="testParserConfigurationStructure" class="Tests\Unit\ParsersTest" classname="Tests.Unit.ParsersTest" file="C:\Users\prote\Documents\software-devel\ksf_bank_import\tests\unit\ParsersTest.php" line="93" assertions="0" time="0.000639">
          <error type="Error">Tests\Unit\ParsersTest::testParserConfigurationStructure
Error: Call to undefined function Tests\Unit\getParsers()

C:\Users\prote\Documents\software-devel\ksf_bank_import\tests\unit\ParsersTest.php:95</error>
        </testcase>
        <testcase name="testQfxParserConfiguration" class="Tests\Unit\ParsersTest" classname="Tests.Unit.ParsersTest" file="C:\Users\prote\Documents\software-devel\ksf_bank_import\tests\unit\ParsersTest.php" line="114" assertions="0" time="0.000670">
          <error type="Error">Tests\Unit\ParsersTest::testQfxParserConfiguration
Error: Call to undefined function Tests\Unit\getParsers()

C:\Users\prote\Documents\software-devel\ksf_bank_import\tests\unit\ParsersTest.php:116</error>
        </testcase>
        <testcase name="testParserDirectoryScanning" class="Tests\Unit\ParsersTest" classname="Tests.Unit.ParsersTest" file="C:\Users\prote\Documents\software-devel\ksf_bank_import\tests\unit\ParsersTest.php" line="128" assertions="3" time="0.001206"/>
        <testcase name="testParserJsonParsing" class="Tests\Unit\ParsersTest" classname="Tests.Unit.ParsersTest" file="C:\Users\prote\Documents\software-devel\ksf_bank_import\tests\unit\ParsersTest.php" line="146" assertions="24" time="0.003862"/>
        <testcase name="testEnabledParserFiltering" class="Tests\Unit\ParsersTest" classname="Tests.Unit.ParsersTest" file="C:\Users\prote\Documents\software-devel\ksf_bank_import\tests\unit\ParsersTest.php" line="176" assertions="0" time="0.000873">
          <error type="Error">Tests\Unit\ParsersTest::testEnabledParserFiltering
Error: Call to undefined function Tests\Unit\getParsers()

C:\Users\prote\Documents\software-devel\ksf_bank_import\tests\unit\ParsersTest.php:179</error>
        </testcase>
        <testcase name="testParserConfigurationValidation" class="Tests\Unit\ParsersTest" classname="Tests.Unit.ParsersTest" file="C:\Users\prote\Documents\software-devel\ksf_bank_import\tests\unit\ParsersTest.php" line="193" assertions="0" time="0.000674">
          <error type="Error">Tests\Unit\ParsersTest::testParserConfigurationValidation
Error: Call to undefined function Tests\Unit\getParsers()

C:\Users\prote\Documents\software-devel\ksf_bank_import\tests\unit\ParsersTest.php:195</error>
        </testcase>
      </testsuite>
      <testsuite name="Ksfraser\Tests\Unit\PartnerFormDataTest" file="C:\Users\prote\Documents\software-devel\ksf_bank_import\tests\unit\PartnerFormDataTest.php" tests="17" assertions="21" errors="9" warnings="0" failures="0" skipped="0" time="0.015366">
        <testcase name="testConstructor" class="Ksfraser\Tests\Unit\PartnerFormDataTest" classname="Ksfraser.Tests.Unit.PartnerFormDataTest" file="C:\Users\prote\Documents\software-devel\ksf_bank_import\tests\unit\PartnerFormDataTest.php" line="47" assertions="2" time="0.000650"/>
        <testcase name="testConstructorWithCustomFieldGenerator" class="Ksfraser\Tests\Unit\PartnerFormDataTest" classname="Ksfraser.Tests.Unit.PartnerFormDataTest" file="C:\Users\prote\Documents\software-devel\ksf_bank_import\tests\unit\PartnerFormDataTest.php" line="60" assertions="2" time="0.000708"/>
        <testcase name="testSetAndGetPartnerId" class="Ksfraser\Tests\Unit\PartnerFormDataTest" classname="Ksfraser.Tests.Unit.PartnerFormDataTest" file="C:\Users\prote\Documents\software-devel\ksf_bank_import\tests\unit\PartnerFormDataTest.php" line="75" assertions="1" time="0.000881">
          <error type="Error">Ksfraser\Tests\Unit\PartnerFormDataTest::testSetAndGetPartnerId
Error: Undefined constant "Ksfraser\ANY_NUMERIC"

C:\Users\prote\Documents\software-devel\ksf_bank_import\src\Ksfraser\PartnerFormData.php:88
C:\Users\prote\Documents\software-devel\ksf_bank_import\tests\unit\PartnerFormDataTest.php:82</error>
        </testcase>
        <testcase name="testGetPartnerIdWhenNotSet" class="Ksfraser\Tests\Unit\PartnerFormDataTest" classname="Ksfraser.Tests.Unit.PartnerFormDataTest" file="C:\Users\prote\Documents\software-devel\ksf_bank_import\tests\unit\PartnerFormDataTest.php" line="90" assertions="1" time="0.000733"/>
        <testcase name="testSetPartnerIdToNull" class="Ksfraser\Tests\Unit\PartnerFormDataTest" classname="Ksfraser.Tests.Unit.PartnerFormDataTest" file="C:\Users\prote\Documents\software-devel\ksf_bank_import\tests\unit\PartnerFormDataTest.php" line="103" assertions="0" time="0.000796">
          <error type="Error">Ksfraser\Tests\Unit\PartnerFormDataTest::testSetPartnerIdToNull
Error: Undefined constant "Ksfraser\ANY_NUMERIC"

C:\Users\prote\Documents\software-devel\ksf_bank_import\src\Ksfraser\PartnerFormData.php:109
C:\Users\prote\Documents\software-devel\ksf_bank_import\tests\unit\PartnerFormDataTest.php:107</error>
        </testcase>
        <testcase name="testHasPartnerId" class="Ksfraser\Tests\Unit\PartnerFormDataTest" classname="Ksfraser.Tests.Unit.PartnerFormDataTest" file="C:\Users\prote\Documents\software-devel\ksf_bank_import\tests\unit\PartnerFormDataTest.php" line="118" assertions="1" time="0.001274">
          <error type="Error">Ksfraser\Tests\Unit\PartnerFormDataTest::testHasPartnerId
Error: Undefined constant "Ksfraser\ANY_NUMERIC"

C:\Users\prote\Documents\software-devel\ksf_bank_import\src\Ksfraser\PartnerFormData.php:128
C:\Users\prote\Documents\software-devel\ksf_bank_import\tests\unit\PartnerFormDataTest.php:126</error>
        </testcase>
        <testcase name="testHasPartnerIdWhenSetToAnyNumeric" class="Ksfraser\Tests\Unit\PartnerFormDataTest" classname="Ksfraser.Tests.Unit.PartnerFormDataTest" file="C:\Users\prote\Documents\software-devel\ksf_bank_import\tests\unit\PartnerFormDataTest.php" line="134" assertions="0" time="0.000830">
          <error type="Error">Ksfraser\Tests\Unit\PartnerFormDataTest::testHasPartnerIdWhenSetToAnyNumeric
Error: Undefined constant "Ksfraser\ANY_NUMERIC"

C:\Users\prote\Documents\software-devel\ksf_bank_import\src\Ksfraser\PartnerFormData.php:109
C:\Users\prote\Documents\software-devel\ksf_bank_import\tests\unit\PartnerFormDataTest.php:138</error>
        </testcase>
        <testcase name="testSetAndGetPartnerDetailId" class="Ksfraser\Tests\Unit\PartnerFormDataTest" classname="Ksfraser.Tests.Unit.PartnerFormDataTest" file="C:\Users\prote\Documents\software-devel\ksf_bank_import\tests\unit\PartnerFormDataTest.php" line="149" assertions="1" time="0.000900">
          <error type="Error">Ksfraser\Tests\Unit\PartnerFormDataTest::testSetAndGetPartnerDetailId
Error: Undefined constant "Ksfraser\ANY_NUMERIC"

C:\Users\prote\Documents\software-devel\ksf_bank_import\src\Ksfraser\PartnerFormData.php:149
C:\Users\prote\Documents\software-devel\ksf_bank_import\tests\unit\PartnerFormDataTest.php:156</error>
        </testcase>
        <testcase name="testGetPartnerDetailIdWhenNotSet" class="Ksfraser\Tests\Unit\PartnerFormDataTest" classname="Ksfraser.Tests.Unit.PartnerFormDataTest" file="C:\Users\prote\Documents\software-devel\ksf_bank_import\tests\unit\PartnerFormDataTest.php" line="164" assertions="1" time="0.000674"/>
        <testcase name="testHasPartnerDetailId" class="Ksfraser\Tests\Unit\PartnerFormDataTest" classname="Ksfraser.Tests.Unit.PartnerFormDataTest" file="C:\Users\prote\Documents\software-devel\ksf_bank_import\tests\unit\PartnerFormDataTest.php" line="176" assertions="1" time="0.000894">
          <error type="Error">Ksfraser\Tests\Unit\PartnerFormDataTest::testHasPartnerDetailId
Error: Undefined constant "Ksfraser\ANY_NUMERIC"

C:\Users\prote\Documents\software-devel\ksf_bank_import\src\Ksfraser\PartnerFormData.php:189
C:\Users\prote\Documents\software-devel\ksf_bank_import\tests\unit\PartnerFormDataTest.php:184</error>
        </testcase>
        <testcase name="testGetRawPartnerId" class="Ksfraser\Tests\Unit\PartnerFormDataTest" classname="Ksfraser.Tests.Unit.PartnerFormDataTest" file="C:\Users\prote\Documents\software-devel\ksf_bank_import\tests\unit\PartnerFormDataTest.php" line="192" assertions="0" time="0.000842">
          <error type="Error">Ksfraser\Tests\Unit\PartnerFormDataTest::testGetRawPartnerId
Error: Undefined constant "Ksfraser\Tests\Unit\ANY_NUMERIC"

C:\Users\prote\Documents\software-devel\ksf_bank_import\tests\unit\PartnerFormDataTest.php:196</error>
        </testcase>
        <testcase name="testGetRawPartnerDetailId" class="Ksfraser\Tests\Unit\PartnerFormDataTest" classname="Ksfraser.Tests.Unit.PartnerFormDataTest" file="C:\Users\prote\Documents\software-devel\ksf_bank_import\tests\unit\PartnerFormDataTest.php" line="206" assertions="0" time="0.000805">
          <error type="Error">Ksfraser\Tests\Unit\PartnerFormDataTest::testGetRawPartnerDetailId
Error: Undefined constant "Ksfraser\Tests\Unit\ANY_NUMERIC"

C:\Users\prote\Documents\software-devel\ksf_bank_import\tests\unit\PartnerFormDataTest.php:210</error>
        </testcase>
        <testcase name="testClearPartnerId" class="Ksfraser\Tests\Unit\PartnerFormDataTest" classname="Ksfraser.Tests.Unit.PartnerFormDataTest" file="C:\Users\prote\Documents\software-devel\ksf_bank_import\tests\unit\PartnerFormDataTest.php" line="220" assertions="4" time="0.001732"/>
        <testcase name="testClearPartnerDetailId" class="Ksfraser\Tests\Unit\PartnerFormDataTest" classname="Ksfraser.Tests.Unit.PartnerFormDataTest" file="C:\Users\prote\Documents\software-devel\ksf_bank_import\tests\unit\PartnerFormDataTest.php" line="239" assertions="4" time="0.001372"/>
        <testcase name="testMethodChaining" class="Ksfraser\Tests\Unit\PartnerFormDataTest" classname="Ksfraser.Tests.Unit.PartnerFormDataTest" file="C:\Users\prote\Documents\software-devel\ksf_bank_import\tests\unit\PartnerFormDataTest.php" line="259" assertions="1" time="0.000902">
          <error type="Error">Ksfraser\Tests\Unit\PartnerFormDataTest::testMethodChaining
Error: Undefined constant "Ksfraser\ANY_NUMERIC"

C:\Users\prote\Documents\software-devel\ksf_bank_import\src\Ksfraser\PartnerFormData.php:88
C:\Users\prote\Documents\software-devel\ksf_bank_import\tests\unit\PartnerFormDataTest.php:268</error>
        </testcase>
        <testcase name="testGetLineItemId" class="Ksfraser\Tests\Unit\PartnerFormDataTest" classname="Ksfraser.Tests.Unit.PartnerFormDataTest" file="C:\Users\prote\Documents\software-devel\ksf_bank_import\tests\unit\PartnerFormDataTest.php" line="277" assertions="1" time="0.000698"/>
        <testcase name="testGetFieldGenerator" class="Ksfraser\Tests\Unit\PartnerFormDataTest" classname="Ksfraser.Tests.Unit.PartnerFormDataTest" file="C:\Users\prote\Documents\software-devel\ksf_bank_import\tests\unit\PartnerFormDataTest.php" line="289" assertions="1" time="0.000677"/>
      </testsuite>
      <testsuite name="Ksfraser\Tests\Unit\PartnerFormFactoryTest" file="C:\Users\prote\Documents\software-devel\ksf_bank_import\tests\unit\PartnerFormFactoryTest.php" tests="17" assertions="37" errors="0" warnings="0" failures="0" skipped="0" time="0.179454">
        <testcase name="testConstruction" class="Ksfraser\Tests\Unit\PartnerFormFactoryTest" classname="Ksfraser.Tests.Unit.PartnerFormFactoryTest" file="C:\Users\prote\Documents\software-devel\ksf_bank_import\tests\unit\PartnerFormFactoryTest.php" line="145" assertions="1" time="0.147104"/>
        <testcase name="testUsesFieldNameGenerator" class="Ksfraser\Tests\Unit\PartnerFormFactoryTest" classname="Ksfraser.Tests.Unit.PartnerFormFactoryTest" file="C:\Users\prote\Documents\software-devel\ksf_bank_import\tests\unit\PartnerFormFactoryTest.php" line="157" assertions="1" time="0.000784"/>
        <testcase name="testAcceptsLineItemData" class="Ksfraser\Tests\Unit\PartnerFormFactoryTest" classname="Ksfraser.Tests.Unit.PartnerFormFactoryTest" file="C:\Users\prote\Documents\software-devel\ksf_bank_import\tests\unit\PartnerFormFactoryTest.php" line="170" assertions="1" time="0.000755"/>
        <testcase name="testRendersSupplierForm" class="Ksfraser\Tests\Unit\PartnerFormFactoryTest" classname="Ksfraser.Tests.Unit.PartnerFormFactoryTest" file="C:\Users\prote\Documents\software-devel\ksf_bank_import\tests\unit\PartnerFormFactoryTest.php" line="192" assertions="3" time="0.001930"/>
        <testcase name="testRendersCustomerForm" class="Ksfraser\Tests\Unit\PartnerFormFactoryTest" classname="Ksfraser.Tests.Unit.PartnerFormFactoryTest" file="C:\Users\prote\Documents\software-devel\ksf_bank_import\tests\unit\PartnerFormFactoryTest.php" line="211" assertions="3" time="0.001826"/>
        <testcase name="testRendersBankTransferForm" class="Ksfraser\Tests\Unit\PartnerFormFactoryTest" classname="Ksfraser.Tests.Unit.PartnerFormFactoryTest" file="C:\Users\prote\Documents\software-devel\ksf_bank_import\tests\unit\PartnerFormFactoryTest.php" line="231" assertions="2" time="0.001170"/>
        <testcase name="testRendersQuickEntryForm" class="Ksfraser\Tests\Unit\PartnerFormFactoryTest" classname="Ksfraser.Tests.Unit.PartnerFormFactoryTest" file="C:\Users\prote\Documents\software-devel\ksf_bank_import\tests\unit\PartnerFormFactoryTest.php" line="249" assertions="3" time="0.001181"/>
        <testcase name="testRendersMatchedForm" class="Ksfraser\Tests\Unit\PartnerFormFactoryTest" classname="Ksfraser.Tests.Unit.PartnerFormFactoryTest" file="C:\Users\prote\Documents\software-devel\ksf_bank_import\tests\unit\PartnerFormFactoryTest.php" line="267" assertions="3" time="0.000928"/>
        <testcase name="testRendersHiddenFieldsForUnknown" class="Ksfraser\Tests\Unit\PartnerFormFactoryTest" classname="Ksfraser.Tests.Unit.PartnerFormFactoryTest" file="C:\Users\prote\Documents\software-devel\ksf_bank_import\tests\unit\PartnerFormFactoryTest.php" line="283" assertions="2" time="0.000988"/>
        <testcase name="testValidatesPartnerType" class="Ksfraser\Tests\Unit\PartnerFormFactoryTest" classname="Ksfraser.Tests.Unit.PartnerFormFactoryTest" file="C:\Users\prote\Documents\software-devel\ksf_bank_import\tests\unit\PartnerFormFactoryTest.php" line="305" assertions="2" time="0.001235"/>
        <testcase name="testRendersCommentField" class="Ksfraser\Tests\Unit\PartnerFormFactoryTest" classname="Ksfraser.Tests.Unit.PartnerFormFactoryTest" file="C:\Users\prote\Documents\software-devel\ksf_bank_import\tests\unit\PartnerFormFactoryTest.php" line="319" assertions="3" time="0.001286"/>
        <testcase name="testRendersProcessButton" class="Ksfraser\Tests\Unit\PartnerFormFactoryTest" classname="Ksfraser.Tests.Unit.PartnerFormFactoryTest" file="C:\Users\prote\Documents\software-devel\ksf_bank_import\tests\unit\PartnerFormFactoryTest.php" line="336" assertions="3" time="0.000923"/>
        <testcase name="testRendersCompleteForm" class="Ksfraser\Tests\Unit\PartnerFormFactoryTest" classname="Ksfraser.Tests.Unit.PartnerFormFactoryTest" file="C:\Users\prote\Documents\software-devel\ksf_bank_import\tests\unit\PartnerFormFactoryTest.php" line="352" assertions="4" time="0.015181"/>
        <testcase name="testCanBeReusedForMultipleForms" class="Ksfraser\Tests\Unit\PartnerFormFactoryTest" classname="Ksfraser.Tests.Unit.PartnerFormFactoryTest" file="C:\Users\prote\Documents\software-devel\ksf_bank_import\tests\unit\PartnerFormFactoryTest.php" line="375" assertions="3" time="0.001812"/>
        <testcase name="testReturnsFieldNameGenerator" class="Ksfraser\Tests\Unit\PartnerFormFactoryTest" classname="Ksfraser.Tests.Unit.PartnerFormFactoryTest" file="C:\Users\prote\Documents\software-devel\ksf_bank_import\tests\unit\PartnerFormFactoryTest.php" line="392" assertions="1" time="0.000817"/>
        <testcase name="testGetsLineItemId" class="Ksfraser\Tests\Unit\PartnerFormFactoryTest" classname="Ksfraser.Tests.Unit.PartnerFormFactoryTest" file="C:\Users\prote\Documents\software-devel\ksf_bank_import\tests\unit\PartnerFormFactoryTest.php" line="407" assertions="1" time="0.000779"/>
        <testcase name="testFactoryWithZeroId" class="Ksfraser\Tests\Unit\PartnerFormFactoryTest" classname="Ksfraser.Tests.Unit.PartnerFormFactoryTest" file="C:\Users\prote\Documents\software-devel\ksf_bank_import\tests\unit\PartnerFormFactoryTest.php" line="419" assertions="1" time="0.000753"/>
      </testsuite>
      <testsuite name="Ksfraser\Tests\Unit\PartnerSelectionPanelTest" file="C:\Users\prote\Documents\software-devel\ksf_bank_import\tests\unit\PartnerSelectionPanelTest.php" tests="20" assertions="50" errors="0" warnings="0" failures="0" skipped="0" time="0.073871">
        <testcase name="testConstruction" class="Ksfraser\Tests\Unit\PartnerSelectionPanelTest" classname="Ksfraser.Tests.Unit.PartnerSelectionPanelTest" file="C:\Users\prote\Documents\software-devel\ksf_bank_import\tests\unit\PartnerSelectionPanelTest.php" line="31" assertions="1" time="0.054690"/>
        <testcase name="testUsesFieldNameGenerator" class="Ksfraser\Tests\Unit\PartnerSelectionPanelTest" classname="Ksfraser.Tests.Unit.PartnerSelectionPanelTest" file="C:\Users\prote\Documents\software-devel\ksf_bank_import\tests\unit\PartnerSelectionPanelTest.php" line="43" assertions="1" time="0.000693"/>
        <testcase name="testGeneratesCorrectFieldName" class="Ksfraser\Tests\Unit\PartnerSelectionPanelTest" classname="Ksfraser.Tests.Unit.PartnerSelectionPanelTest" file="C:\Users\prote\Documents\software-devel\ksf_bank_import\tests\unit\PartnerSelectionPanelTest.php" line="56" assertions="1" time="0.000708"/>
        <testcase name="testReturnsAllPartnerTypes" class="Ksfraser\Tests\Unit\PartnerSelectionPanelTest" classname="Ksfraser.Tests.Unit.PartnerSelectionPanelTest" file="C:\Users\prote\Documents\software-devel\ksf_bank_import\tests\unit\PartnerSelectionPanelTest.php" line="69" assertions="7" time="0.001164"/>
        <testcase name="testPartnerTypesAreSortedByPriority" class="Ksfraser\Tests\Unit\PartnerSelectionPanelTest" classname="Ksfraser.Tests.Unit.PartnerSelectionPanelTest" file="C:\Users\prote\Documents\software-devel\ksf_bank_import\tests\unit\PartnerSelectionPanelTest.php" line="89" assertions="6" time="0.000960"/>
        <testcase name="testReturnsSelectedPartnerType" class="Ksfraser\Tests\Unit\PartnerSelectionPanelTest" classname="Ksfraser.Tests.Unit.PartnerSelectionPanelTest" file="C:\Users\prote\Documents\software-devel\ksf_bank_import\tests\unit\PartnerSelectionPanelTest.php" line="110" assertions="1" time="0.000712"/>
        <testcase name="testCanChangeSelectedType" class="Ksfraser\Tests\Unit\PartnerSelectionPanelTest" classname="Ksfraser.Tests.Unit.PartnerSelectionPanelTest" file="C:\Users\prote\Documents\software-devel\ksf_bank_import\tests\unit\PartnerSelectionPanelTest.php" line="122" assertions="2" time="0.000723"/>
        <testcase name="testValidatesSelectedType" class="Ksfraser\Tests\Unit\PartnerSelectionPanelTest" classname="Ksfraser.Tests.Unit.PartnerSelectionPanelTest" file="C:\Users\prote\Documents\software-devel\ksf_bank_import\tests\unit\PartnerSelectionPanelTest.php" line="136" assertions="2" time="0.000719"/>
        <testcase name="testGeneratesHtmlForArraySelector" class="Ksfraser\Tests\Unit\PartnerSelectionPanelTest" classname="Ksfraser.Tests.Unit.PartnerSelectionPanelTest" file="C:\Users\prote\Documents\software-devel\ksf_bank_import\tests\unit\PartnerSelectionPanelTest.php" line="149" assertions="4" time="0.000969"/>
        <testcase name="testIncludesSelectSubmitOption" class="Ksfraser\Tests\Unit\PartnerSelectionPanelTest" classname="Ksfraser.Tests.Unit.PartnerSelectionPanelTest" file="C:\Users\prote\Documents\software-devel\ksf_bank_import\tests\unit\PartnerSelectionPanelTest.php" line="166" assertions="3" time="0.000786"/>
        <testcase name="testCanDisableSelectSubmit" class="Ksfraser\Tests\Unit\PartnerSelectionPanelTest" classname="Ksfraser.Tests.Unit.PartnerSelectionPanelTest" file="C:\Users\prote\Documents\software-devel\ksf_bank_import\tests\unit\PartnerSelectionPanelTest.php" line="182" assertions="1" time="0.000907"/>
        <testcase name="testGeneratesLabelRowOutput" class="Ksfraser\Tests\Unit\PartnerSelectionPanelTest" classname="Ksfraser.Tests.Unit.PartnerSelectionPanelTest" file="C:\Users\prote\Documents\software-devel\ksf_bank_import\tests\unit\PartnerSelectionPanelTest.php" line="197" assertions="4" time="0.000980"/>
        <testcase name="testCanCustomizeLabel" class="Ksfraser\Tests\Unit\PartnerSelectionPanelTest" classname="Ksfraser.Tests.Unit.PartnerSelectionPanelTest" file="C:\Users\prote\Documents\software-devel\ksf_bank_import\tests\unit\PartnerSelectionPanelTest.php" line="214" assertions="1" time="0.000843"/>
        <testcase name="testPanelWithZeroId" class="Ksfraser\Tests\Unit\PartnerSelectionPanelTest" classname="Ksfraser.Tests.Unit.PartnerSelectionPanelTest" file="C:\Users\prote\Documents\software-devel\ksf_bank_import\tests\unit\PartnerSelectionPanelTest.php" line="229" assertions="1" time="0.000693"/>
        <testcase name="testReturnsRegistryInstance" class="Ksfraser\Tests\Unit\PartnerSelectionPanelTest" classname="Ksfraser.Tests.Unit.PartnerSelectionPanelTest" file="C:\Users\prote\Documents\software-devel\ksf_bank_import\tests\unit\PartnerSelectionPanelTest.php" line="241" assertions="1" time="0.001134"/>
        <testcase name="testUsesCustomRegistry" class="Ksfraser\Tests\Unit\PartnerSelectionPanelTest" classname="Ksfraser.Tests.Unit.PartnerSelectionPanelTest" file="C:\Users\prote\Documents\software-devel\ksf_bank_import\tests\unit\PartnerSelectionPanelTest.php" line="255" assertions="1" time="0.000615"/>
        <testcase name="testStaticGetPartnerTypesArray" class="Ksfraser\Tests\Unit\PartnerSelectionPanelTest" classname="Ksfraser.Tests.Unit.PartnerSelectionPanelTest" file="C:\Users\prote\Documents\software-devel\ksf_bank_import\tests\unit\PartnerSelectionPanelTest.php" line="270" assertions="1" time="0.001385"/>
        <testcase name="testStaticMethodReturnsCachedArray" class="Ksfraser\Tests\Unit\PartnerSelectionPanelTest" classname="Ksfraser.Tests.Unit.PartnerSelectionPanelTest" file="C:\Users\prote\Documents\software-devel\ksf_bank_import\tests\unit\PartnerSelectionPanelTest.php" line="285" assertions="1" time="0.000611"/>
        <testcase name="testMultiplePanelsCanSharePartnerTypesArray" class="Ksfraser\Tests\Unit\PartnerSelectionPanelTest" classname="Ksfraser.Tests.Unit.PartnerSelectionPanelTest" file="C:\Users\prote\Documents\software-devel\ksf_bank_import\tests\unit\PartnerSelectionPanelTest.php" line="299" assertions="3" time="0.001019"/>
        <testcase name="testStaticMethodForPageLevelInit" class="Ksfraser\Tests\Unit\PartnerSelectionPanelTest" classname="Ksfraser.Tests.Unit.PartnerSelectionPanelTest" file="C:\Users\prote\Documents\software-devel\ksf_bank_import\tests\unit\PartnerSelectionPanelTest.php" line="320" assertions="8" time="0.003560"/>
      </testsuite>
      <testsuite name="Ksfraser\Tests\Unit\PartnerTypeConstantsTest" file="C:\Users\prote\Documents\software-devel\ksf_bank_import\tests\unit\PartnerTypeConstantsTest.php" tests="16" assertions="57" errors="0" warnings="0" failures="0" skipped="0" time="0.013246">
        <testcase name="testSupplierConstantIsDefined" class="Ksfraser\Tests\Unit\PartnerTypeConstantsTest" classname="Ksfraser.Tests.Unit.PartnerTypeConstantsTest" file="C:\Users\prote\Documents\software-devel\ksf_bank_import\tests\unit\PartnerTypeConstantsTest.php" line="35" assertions="1" time="0.000567"/>
        <testcase name="testCustomerConstantIsDefined" class="Ksfraser\Tests\Unit\PartnerTypeConstantsTest" classname="Ksfraser.Tests.Unit.PartnerTypeConstantsTest" file="C:\Users\prote\Documents\software-devel\ksf_bank_import\tests\unit\PartnerTypeConstantsTest.php" line="49" assertions="1" time="0.000739"/>
        <testcase name="testBankTransferConstantIsDefined" class="Ksfraser\Tests\Unit\PartnerTypeConstantsTest" classname="Ksfraser.Tests.Unit.PartnerTypeConstantsTest" file="C:\Users\prote\Documents\software-devel\ksf_bank_import\tests\unit\PartnerTypeConstantsTest.php" line="63" assertions="1" time="0.000602"/>
        <testcase name="testQuickEntryConstantIsDefined" class="Ksfraser\Tests\Unit\PartnerTypeConstantsTest" classname="Ksfraser.Tests.Unit.PartnerTypeConstantsTest" file="C:\Users\prote\Documents\software-devel\ksf_bank_import\tests\unit\PartnerTypeConstantsTest.php" line="77" assertions="1" time="0.000598"/>
        <testcase name="testMatchedConstantIsDefined" class="Ksfraser\Tests\Unit\PartnerTypeConstantsTest" classname="Ksfraser.Tests.Unit.PartnerTypeConstantsTest" file="C:\Users\prote\Documents\software-devel\ksf_bank_import\tests\unit\PartnerTypeConstantsTest.php" line="91" assertions="1" time="0.000681"/>
        <testcase name="testManualSettlementConstantIsDefined" class="Ksfraser\Tests\Unit\PartnerTypeConstantsTest" classname="Ksfraser.Tests.Unit.PartnerTypeConstantsTest" file="C:\Users\prote\Documents\software-devel\ksf_bank_import\tests\unit\PartnerTypeConstantsTest.php" line="105" assertions="1" time="0.000835"/>
        <testcase name="testAllConstantsAreUnique" class="Ksfraser\Tests\Unit\PartnerTypeConstantsTest" classname="Ksfraser.Tests.Unit.PartnerTypeConstantsTest" file="C:\Users\prote\Documents\software-devel\ksf_bank_import\tests\unit\PartnerTypeConstantsTest.php" line="119" assertions="1" time="0.000685"/>
        <testcase name="testAllConstantsAreTwoCharacters" class="Ksfraser\Tests\Unit\PartnerTypeConstantsTest" classname="Ksfraser.Tests.Unit.PartnerTypeConstantsTest" file="C:\Users\prote\Documents\software-devel\ksf_bank_import\tests\unit\PartnerTypeConstantsTest.php" line="144" assertions="6" time="0.000798"/>
        <testcase name="testAllConstantsAreUppercase" class="Ksfraser\Tests\Unit\PartnerTypeConstantsTest" classname="Ksfraser.Tests.Unit.PartnerTypeConstantsTest" file="C:\Users\prote\Documents\software-devel\ksf_bank_import\tests\unit\PartnerTypeConstantsTest.php" line="169" assertions="6" time="0.000799"/>
        <testcase name="testGetAllReturnsAllConstants" class="Ksfraser\Tests\Unit\PartnerTypeConstantsTest" classname="Ksfraser.Tests.Unit.PartnerTypeConstantsTest" file="C:\Users\prote\Documents\software-devel\ksf_bank_import\tests\unit\PartnerTypeConstantsTest.php" line="194" assertions="10" time="0.001040"/>
        <testcase name="testIsValidAcceptsValidConstants" class="Ksfraser\Tests\Unit\PartnerTypeConstantsTest" classname="Ksfraser.Tests.Unit.PartnerTypeConstantsTest" file="C:\Users\prote\Documents\software-devel\ksf_bank_import\tests\unit\PartnerTypeConstantsTest.php" line="216" assertions="6" time="0.000976"/>
        <testcase name="testIsValidRejectsInvalidConstants" class="Ksfraser\Tests\Unit\PartnerTypeConstantsTest" classname="Ksfraser.Tests.Unit.PartnerTypeConstantsTest" file="C:\Users\prote\Documents\software-devel\ksf_bank_import\tests\unit\PartnerTypeConstantsTest.php" line="233" assertions="6" time="0.000963"/>
        <testcase name="testGetLabelReturnsHumanReadableLabels" class="Ksfraser\Tests\Unit\PartnerTypeConstantsTest" classname="Ksfraser.Tests.Unit.PartnerTypeConstantsTest" file="C:\Users\prote\Documents\software-devel\ksf_bank_import\tests\unit\PartnerTypeConstantsTest.php" line="250" assertions="6" time="0.001499"/>
        <testcase name="testGetLabelReturnsUnknownForInvalidTypes" class="Ksfraser\Tests\Unit\PartnerTypeConstantsTest" classname="Ksfraser.Tests.Unit.PartnerTypeConstantsTest" file="C:\Users\prote\Documents\software-devel\ksf_bank_import\tests\unit\PartnerTypeConstantsTest.php" line="288" assertions="2" time="0.000743"/>
        <testcase name="testGetCodeByConstantReturnsCorrectCodes" class="Ksfraser\Tests\Unit\PartnerTypeConstantsTest" classname="Ksfraser.Tests.Unit.PartnerTypeConstantsTest" file="C:\Users\prote\Documents\software-devel\ksf_bank_import\tests\unit\PartnerTypeConstantsTest.php" line="306" assertions="6" time="0.000963"/>
        <testcase name="testGetCodeByConstantThrowsExceptionForInvalidConstant" class="Ksfraser\Tests\Unit\PartnerTypeConstantsTest" classname="Ksfraser.Tests.Unit.PartnerTypeConstantsTest" file="C:\Users\prote\Documents\software-devel\ksf_bank_import\tests\unit\PartnerTypeConstantsTest.php" line="344" assertions="2" time="0.000760"/>
      </testsuite>
      <testsuite name="Ksfraser\Tests\Unit\PartnerTypes\ConcretePartnerTypesTest" file="C:\Users\prote\Documents\software-devel\ksf_bank_import\tests\unit\PartnerTypes\ConcretePartnerTypesTest.php" tests="11" assertions="54" errors="0" warnings="0" failures="0" skipped="0" time="0.010511">
        <testcase name="testSupplierPartnerType" class="Ksfraser\Tests\Unit\PartnerTypes\ConcretePartnerTypesTest" classname="Ksfraser.Tests.Unit.PartnerTypes.ConcretePartnerTypesTest" file="C:\Users\prote\Documents\software-devel\ksf_bank_import\tests\unit\PartnerTypes\ConcretePartnerTypesTest.php" line="39" assertions="6" time="0.000842"/>
        <testcase name="testCustomerPartnerType" class="Ksfraser\Tests\Unit\PartnerTypes\ConcretePartnerTypesTest" classname="Ksfraser.Tests.Unit.PartnerTypes.ConcretePartnerTypesTest" file="C:\Users\prote\Documents\software-devel\ksf_bank_import\tests\unit\PartnerTypes\ConcretePartnerTypesTest.php" line="56" assertions="6" time="0.000848"/>
        <testcase name="testBankTransferPartnerType" class="Ksfraser\Tests\Unit\PartnerTypes\ConcretePartnerTypesTest" classname="Ksfraser.Tests.Unit.PartnerTypes.ConcretePartnerTypesTest" file="C:\Users\prote\Documents\software-devel\ksf_bank_import\tests\unit\PartnerTypes\ConcretePartnerTypesTest.php" line="73" assertions="5" time="0.000822"/>
        <testcase name="testQuickEntryPartnerType" class="Ksfraser\Tests\Unit\PartnerTypes\ConcretePartnerTypesTest" classname="Ksfraser.Tests.Unit.PartnerTypes.ConcretePartnerTypesTest" file="C:\Users\prote\Documents\software-devel\ksf_bank_import\tests\unit\PartnerTypes\ConcretePartnerTypesTest.php" line="89" assertions="5" time="0.000859"/>
        <testcase name="testMatchedPartnerType" class="Ksfraser\Tests\Unit\PartnerTypes\ConcretePartnerTypesTest" classname="Ksfraser.Tests.Unit.PartnerTypes.ConcretePartnerTypesTest" file="C:\Users\prote\Documents\software-devel\ksf_bank_import\tests\unit\PartnerTypes\ConcretePartnerTypesTest.php" line="105" assertions="5" time="0.000826"/>
        <testcase name="testManualSettlementPartnerType" class="Ksfraser\Tests\Unit\PartnerTypes\ConcretePartnerTypesTest" classname="Ksfraser.Tests.Unit.PartnerTypes.ConcretePartnerTypesTest" file="C:\Users\prote\Documents\software-devel\ksf_bank_import\tests\unit\PartnerTypes\ConcretePartnerTypesTest.php" line="121" assertions="5" time="0.002132"/>
        <testcase name="testUnknownPartnerType" class="Ksfraser\Tests\Unit\PartnerTypes\ConcretePartnerTypesTest" classname="Ksfraser.Tests.Unit.PartnerTypes.ConcretePartnerTypesTest" file="C:\Users\prote\Documents\software-devel\ksf_bank_import\tests\unit\PartnerTypes\ConcretePartnerTypesTest.php" line="137" assertions="5" time="0.000895"/>
        <testcase name="testToStringReturnsLabel" class="Ksfraser\Tests\Unit\PartnerTypes\ConcretePartnerTypesTest" classname="Ksfraser.Tests.Unit.PartnerTypes.ConcretePartnerTypesTest" file="C:\Users\prote\Documents\software-devel\ksf_bank_import\tests\unit\PartnerTypes\ConcretePartnerTypesTest.php" line="153" assertions="1" time="0.000712"/>
        <testcase name="testAllTypesHaveTwoCharacterCodes" class="Ksfraser\Tests\Unit\PartnerTypes\ConcretePartnerTypesTest" classname="Ksfraser.Tests.Unit.PartnerTypes.ConcretePartnerTypesTest" file="C:\Users\prote\Documents\software-devel\ksf_bank_import\tests\unit\PartnerTypes\ConcretePartnerTypesTest.php" line="165" assertions="7" time="0.000920"/>
        <testcase name="testAllTypesHaveUppercaseCodes" class="Ksfraser\Tests\Unit\PartnerTypes\ConcretePartnerTypesTest" classname="Ksfraser.Tests.Unit.PartnerTypes.ConcretePartnerTypesTest" file="C:\Users\prote\Documents\software-devel\ksf_bank_import\tests\unit\PartnerTypes\ConcretePartnerTypesTest.php" line="188" assertions="7" time="0.000928"/>
        <testcase name="testPrioritiesAreUniqueAndOrdered" class="Ksfraser\Tests\Unit\PartnerTypes\ConcretePartnerTypesTest" classname="Ksfraser.Tests.Unit.PartnerTypes.ConcretePartnerTypesTest" file="C:\Users\prote\Documents\software-devel\ksf_bank_import\tests\unit\PartnerTypes\ConcretePartnerTypesTest.php" line="211" assertions="2" time="0.000728"/>
      </testsuite>
      <testsuite name="Ksfraser\Tests\Unit\PartnerTypes\PartnerTypeRegistryTest" file="C:\Users\prote\Documents\software-devel\ksf_bank_import\tests\unit\PartnerTypes\PartnerTypeRegistryTest.php" tests="18" assertions="59" errors="0" warnings="0" failures="0" skipped="0" time="0.392541">
        <testcase name="testGetInstanceReturnsSameInstance" class="Ksfraser\Tests\Unit\PartnerTypes\PartnerTypeRegistryTest" classname="Ksfraser.Tests.Unit.PartnerTypes.PartnerTypeRegistryTest" file="C:\Users\prote\Documents\software-devel\ksf_bank_import\tests\unit\PartnerTypes\PartnerTypeRegistryTest.php" line="44" assertions="1" time="0.000632"/>
        <testcase name="testRegistryAutoDiscoversPartnerTypes" class="Ksfraser\Tests\Unit\PartnerTypes\PartnerTypeRegistryTest" classname="Ksfraser.Tests.Unit.PartnerTypes.PartnerTypeRegistryTest" file="C:\Users\prote\Documents\software-devel\ksf_bank_import\tests\unit\PartnerTypes\PartnerTypeRegistryTest.php" line="57" assertions="3" time="0.218496"/>
        <testcase name="testGetByCodeReturnsCorrectType" class="Ksfraser\Tests\Unit\PartnerTypes\PartnerTypeRegistryTest" classname="Ksfraser.Tests.Unit.PartnerTypes.PartnerTypeRegistryTest" file="C:\Users\prote\Documents\software-devel\ksf_bank_import\tests\unit\PartnerTypes\PartnerTypeRegistryTest.php" line="71" assertions="4" time="0.001883"/>
        <testcase name="testGetByCodeReturnsNullForInvalidCode" class="Ksfraser\Tests\Unit\PartnerTypes\PartnerTypeRegistryTest" classname="Ksfraser.Tests.Unit.PartnerTypes.PartnerTypeRegistryTest" file="C:\Users\prote\Documents\software-devel\ksf_bank_import\tests\unit\PartnerTypes\PartnerTypeRegistryTest.php" line="87" assertions="1" time="0.001821"/>
        <testcase name="testGetByConstantReturnsCorrectType" class="Ksfraser\Tests\Unit\PartnerTypes\PartnerTypeRegistryTest" classname="Ksfraser.Tests.Unit.PartnerTypes.PartnerTypeRegistryTest" file="C:\Users\prote\Documents\software-devel\ksf_bank_import\tests\unit\PartnerTypes\PartnerTypeRegistryTest.php" line="100" assertions="3" time="0.001898"/>
        <testcase name="testGetByConstantReturnsNullForInvalidConstant" class="Ksfraser\Tests\Unit\PartnerTypes\PartnerTypeRegistryTest" classname="Ksfraser.Tests.Unit.PartnerTypes.PartnerTypeRegistryTest" file="C:\Users\prote\Documents\software-devel\ksf_bank_import\tests\unit\PartnerTypes\PartnerTypeRegistryTest.php" line="115" assertions="1" time="0.003368"/>
        <testcase name="testIsValidValidatesCodes" class="Ksfraser\Tests\Unit\PartnerTypes\PartnerTypeRegistryTest" classname="Ksfraser.Tests.Unit.PartnerTypes.PartnerTypeRegistryTest" file="C:\Users\prote\Documents\software-devel\ksf_bank_import\tests\unit\PartnerTypes\PartnerTypeRegistryTest.php" line="128" assertions="8" time="0.002162"/>
        <testcase name="testGetLabelReturnsCorrectLabels" class="Ksfraser\Tests\Unit\PartnerTypes\PartnerTypeRegistryTest" classname="Ksfraser.Tests.Unit.PartnerTypes.PartnerTypeRegistryTest" file="C:\Users\prote\Documents\software-devel\ksf_bank_import\tests\unit\PartnerTypes\PartnerTypeRegistryTest.php" line="148" assertions="6" time="0.002068"/>
        <testcase name="testGetLabelReturnsUnknownForInvalidCode" class="Ksfraser\Tests\Unit\PartnerTypes\PartnerTypeRegistryTest" classname="Ksfraser.Tests.Unit.PartnerTypes.PartnerTypeRegistryTest" file="C:\Users\prote\Documents\software-devel\ksf_bank_import\tests\unit\PartnerTypes\PartnerTypeRegistryTest.php" line="165" assertions="1" time="0.001814"/>
        <testcase name="testGetCodesReturnsAllShortCodes" class="Ksfraser\Tests\Unit\PartnerTypes\PartnerTypeRegistryTest" classname="Ksfraser.Tests.Unit.PartnerTypes.PartnerTypeRegistryTest" file="C:\Users\prote\Documents\software-devel\ksf_bank_import\tests\unit\PartnerTypes\PartnerTypeRegistryTest.php" line="177" assertions="6" time="0.003880"/>
        <testcase name="testCountReturnsCorrectNumber" class="Ksfraser\Tests\Unit\PartnerTypes\PartnerTypeRegistryTest" classname="Ksfraser.Tests.Unit.PartnerTypes.PartnerTypeRegistryTest" file="C:\Users\prote\Documents\software-devel\ksf_bank_import\tests\unit\PartnerTypes\PartnerTypeRegistryTest.php" line="195" assertions="2" time="0.019233"/>
        <testcase name="testTypesAreSortedByPriority" class="Ksfraser\Tests\Unit\PartnerTypes\PartnerTypeRegistryTest" classname="Ksfraser.Tests.Unit.PartnerTypes.PartnerTypeRegistryTest" file="C:\Users\prote\Documents\software-devel\ksf_bank_import\tests\unit\PartnerTypes\PartnerTypeRegistryTest.php" line="207" assertions="1" time="0.048498"/>
        <testcase name="testManualRegistration" class="Ksfraser\Tests\Unit\PartnerTypes\PartnerTypeRegistryTest" classname="Ksfraser.Tests.Unit.PartnerTypes.PartnerTypeRegistryTest" file="C:\Users\prote\Documents\software-devel\ksf_bank_import\tests\unit\PartnerTypes\PartnerTypeRegistryTest.php" line="227" assertions="1" time="0.015725"/>
        <testcase name="testRegistrationThrowsExceptionForDuplicateCode" class="Ksfraser\Tests\Unit\PartnerTypes\PartnerTypeRegistryTest" classname="Ksfraser.Tests.Unit.PartnerTypes.PartnerTypeRegistryTest" file="C:\Users\prote\Documents\software-devel\ksf_bank_import\tests\unit\PartnerTypes\PartnerTypeRegistryTest.php" line="249" assertions="2" time="0.010968"/>
        <testcase name="testResetClearsSingleton" class="Ksfraser\Tests\Unit\PartnerTypes\PartnerTypeRegistryTest" classname="Ksfraser.Tests.Unit.PartnerTypes.PartnerTypeRegistryTest" file="C:\Users\prote\Documents\software-devel\ksf_bank_import\tests\unit\PartnerTypes\PartnerTypeRegistryTest.php" line="277" assertions="1" time="0.000846"/>
        <testcase name="testAllDiscoveredTypesImplementInterface" class="Ksfraser\Tests\Unit\PartnerTypes\PartnerTypeRegistryTest" classname="Ksfraser.Tests.Unit.PartnerTypes.PartnerTypeRegistryTest" file="C:\Users\prote\Documents\software-devel\ksf_bank_import\tests\unit\PartnerTypes\PartnerTypeRegistryTest.php" line="291" assertions="6" time="0.004743"/>
        <testcase name="testAllShortCodesAreTwoCharacters" class="Ksfraser\Tests\Unit\PartnerTypes\PartnerTypeRegistryTest" classname="Ksfraser.Tests.Unit.PartnerTypes.PartnerTypeRegistryTest" file="C:\Users\prote\Documents\software-devel\ksf_bank_import\tests\unit\PartnerTypes\PartnerTypeRegistryTest.php" line="309" assertions="6" time="0.048570"/>
        <testcase name="testAllShortCodesAreUppercase" class="Ksfraser\Tests\Unit\PartnerTypes\PartnerTypeRegistryTest" classname="Ksfraser.Tests.Unit.PartnerTypes.PartnerTypeRegistryTest" file="C:\Users\prote\Documents\software-devel\ksf_bank_import\tests\unit\PartnerTypes\PartnerTypeRegistryTest.php" line="328" assertions="6" time="0.005937"/>
      </testsuite>
      <testsuite name="ProcessStatementsControllerTest" file="C:\Users\prote\Documents\software-devel\ksf_bank_import\tests\unit\ProcessStatementsControllerTest.php" tests="7" assertions="0" errors="7" warnings="0" failures="0" skipped="0" time="0.004983">
        <testcase name="testIndexRendersTransactionList" class="ProcessStatementsControllerTest" classname="ProcessStatementsControllerTest" file="C:\Users\prote\Documents\software-devel\ksf_bank_import\tests\unit\ProcessStatementsControllerTest.php" line="24" assertions="0" time="0.000727">
          <error type="PHPUnit\Framework\MockObject\UnknownTypeException">ProcessStatementsControllerTest::testIndexRendersTransactionList
PHPUnit\Framework\MockObject\UnknownTypeException: Class or interface "Ksfraser\FaBankImport\Service\ThirdPartyTransactionActionsInterface" does not exist

C:\Users\prote\Documents\software-devel\ksf_bank_import\tests\unit\ProcessStatementsControllerTest.php:16</error>
        </testcase>
        <testcase name="testUnsetTransactionCallsModelMethod" class="ProcessStatementsControllerTest" classname="ProcessStatementsControllerTest" file="C:\Users\prote\Documents\software-devel\ksf_bank_import\tests\unit\ProcessStatementsControllerTest.php" line="39" assertions="0" time="0.000697">
          <error type="PHPUnit\Framework\MockObject\UnknownTypeException">ProcessStatementsControllerTest::testUnsetTransactionCallsModelMethod
PHPUnit\Framework\MockObject\UnknownTypeException: Class or interface "Ksfraser\FaBankImport\Service\ThirdPartyTransactionActionsInterface" does not exist

C:\Users\prote\Documents\software-devel\ksf_bank_import\tests\unit\ProcessStatementsControllerTest.php:16</error>
        </testcase>
        <testcase name="testAddCustomerCallsModelMethod" class="ProcessStatementsControllerTest" classname="ProcessStatementsControllerTest" file="C:\Users\prote\Documents\software-devel\ksf_bank_import\tests\unit\ProcessStatementsControllerTest.php" line="55" assertions="0" time="0.000761">
          <error type="PHPUnit\Framework\MockObject\UnknownTypeException">ProcessStatementsControllerTest::testAddCustomerCallsModelMethod
PHPUnit\Framework\MockObject\UnknownTypeException: Class or interface "Ksfraser\FaBankImport\Service\ThirdPartyTransactionActionsInterface" does not exist

C:\Users\prote\Documents\software-devel\ksf_bank_import\tests\unit\ProcessStatementsControllerTest.php:16</error>
        </testcase>
        <testcase name="testAddVendorCallsModelMethod" class="ProcessStatementsControllerTest" classname="ProcessStatementsControllerTest" file="C:\Users\prote\Documents\software-devel\ksf_bank_import\tests\unit\ProcessStatementsControllerTest.php" line="71" assertions="0" time="0.000728">
          <error type="PHPUnit\Framework\MockObject\UnknownTypeException">ProcessStatementsControllerTest::testAddVendorCallsModelMethod
PHPUnit\Framework\MockObject\UnknownTypeException: Class or interface "Ksfraser\FaBankImport\Service\ThirdPartyTransactionActionsInterface" does not exist

C:\Users\prote\Documents\software-devel\ksf_bank_import\tests\unit\ProcessStatementsControllerTest.php:16</error>
        </testcase>
        <testcase name="testToggleTransactionCallsModelMethod" class="ProcessStatementsControllerTest" classname="ProcessStatementsControllerTest" file="C:\Users\prote\Documents\software-devel\ksf_bank_import\tests\unit\ProcessStatementsControllerTest.php" line="87" assertions="0" time="0.000648">
          <error type="PHPUnit\Framework\MockObject\UnknownTypeException">ProcessStatementsControllerTest::testToggleTransactionCallsModelMethod
PHPUnit\Framework\MockObject\UnknownTypeException: Class or interface "Ksfraser\FaBankImport\Service\ThirdPartyTransactionActionsInterface" does not exist

C:\Users\prote\Documents\software-devel\ksf_bank_import\tests\unit\ProcessStatementsControllerTest.php:16</error>
        </testcase>
        <testcase name="testProcessTransactionWithValidPartnerType" class="ProcessStatementsControllerTest" classname="ProcessStatementsControllerTest" file="C:\Users\prote\Documents\software-devel\ksf_bank_import\tests\unit\ProcessStatementsControllerTest.php" line="103" assertions="0" time="0.000696">
          <error type="PHPUnit\Framework\MockObject\UnknownTypeException">ProcessStatementsControllerTest::testProcessTransactionWithValidPartnerType
PHPUnit\Framework\MockObject\UnknownTypeException: Class or interface "Ksfraser\FaBankImport\Service\ThirdPartyTransactionActionsInterface" does not exist

C:\Users\prote\Documents\software-devel\ksf_bank_import\tests\unit\ProcessStatementsControllerTest.php:16</error>
        </testcase>
        <testcase name="testProcessTransactionWithInvalidPartnerType" class="ProcessStatementsControllerTest" classname="ProcessStatementsControllerTest" file="C:\Users\prote\Documents\software-devel\ksf_bank_import\tests\unit\ProcessStatementsControllerTest.php" line="115" assertions="0" time="0.000727">
          <error type="PHPUnit\Framework\MockObject\UnknownTypeException">ProcessStatementsControllerTest::testProcessTransactionWithInvalidPartnerType
PHPUnit\Framework\MockObject\UnknownTypeException: Class or interface "Ksfraser\FaBankImport\Service\ThirdPartyTransactionActionsInterface" does not exist

C:\Users\prote\Documents\software-devel\ksf_bank_import\tests\unit\ProcessStatementsControllerTest.php:16</error>
        </testcase>
      </testsuite>
      <testsuite name="ProcessStatementsLogicCharacterizationTest" file="C:\Users\prote\Documents\software-devel\ksf_bank_import\tests\unit\ProcessStatementsLogicCharacterizationTest.php" tests="5" assertions="30" errors="0" warnings="2" failures="3" skipped="0" time="1.512949">
        <testcase name="testCurrentAndPrecleanShareCoreControlFlow" class="ProcessStatementsLogicCharacterizationTest" classname="ProcessStatementsLogicCharacterizationTest" file="C:\Users\prote\Documents\software-devel\ksf_bank_import\tests\unit\ProcessStatementsLogicCharacterizationTest.php" line="52" assertions="5" time="0.053920">
          <failure type="PHPUnit\Framework\ExpectationFailedException">ProcessStatementsLogicCharacterizationTest::testCurrentAndPrecleanShareCoreControlFlow
Failed asserting that '&lt;?php\r\n
\r\n
// Ensure Composer autoloader is loaded for trait/class autoloading\r\n
require_once __DIR__ . '/vendor/autoload.php';\r\n
\r\n
// Prevent conditional-cache responses (304) that can break legacy jsHttpRequest flows.\r\n
if (!headers_sent()) {\r\n
	header('Cache-Control: no-store, no-cache, must-revalidate, max-age=0');\r\n
	header('Cache-Control: post-check=0, pre-check=0', false);\r\n
	header('Pragma: no-cache');\r\n
	header('Expires: Thu, 01 Jan 1970 00:00:00 GMT');\r\n
	header('Last-Modified: ' . gmdate('D, d M Y H:i:s') . ' GMT');\r\n
}\r\n
\r\n
// Ensure relative paths resolve from this module directory (FA expects $path_to_root to be a web-relative path).\r\n
chdir(__DIR__);\r\n
\r\n
// Load configuration\r\n
$config_file = __DIR__ . '/config.php';\r\n
if (file_exists($config_file)) {\r\n
    $config = include $config_file;\r\n
} else {\r\n
    // Fallback configuration\r\n
    $config = [\r\n
        'fa_root' =&gt; '../..',\r\n
        'fa_paths' =&gt; ['../..', '../../accounting', '/var/www/html/infra/accounting'],\r\n
        'debug' =&gt; true\r\n
    ];\r\n
}\r\n
\r\n
// Dynamic path resolution for FA installation\r\n
$path_to_root = $config['fa_root'];\r\n
\r\n
// Check if FA includes exist at the configured location\r\n
$fa_includes_path = $path_to_root . "/includes/session.inc";\r\n
if (!file_exists($fa_includes_path)) {\r\n
    // Try alternative paths from config\r\n
    $found = false;\r\n
    foreach ($config['fa_paths'] as $test_path) {\r\n
		// Never use absolute filesystem paths for $path_to_root; it is used to build web URLs (CSS/JS/images).\r\n
		if (preg_match('/^[A-Za-z]:\\\\|^\//', $test_path)) {\r\n
			continue;\r\n
		}\r\n
		if (file_exists($test_path . "/includes/session.inc")) {\r\n
			$path_to_root = $test_path;\r\n
			$found = true;\r\n
			break;\r\n
		}\r\n
    }\r\n
\r\n
    // If still not found, provide helpful error\r\n
    if (!$found) {\r\n
        if ($config['debug']) {\r\n
            die("ERROR: FrontAccounting includes not found. Please check your config.php file and ensure FA_ROOT points to a valid FrontAccounting installation. Tried paths: " . implode(', ', $config['fa_paths']) . ". Create config.php from config.example.php");\r\n
        } else {\r\n
            die("System configuration error. Please contact administrator.");\r\n
        }\r\n
    }\r\n
}\r\n
\r\n
$page_security = 'SA_SALESTRANSVIEW';\r\n
include_once( __DIR__  . "/vendor/autoload.php");\r\n
include_once($path_to_root . "/includes/date_functions.inc");\r\n
include_once($path_to_root . "/includes/session.inc");\r\n
\r\n
include_once($path_to_root . "/includes/ui/ui_input.inc");\r\n
include_once($path_to_root . "/includes/ui/ui_lists.inc");\r\n
include_once($path_to_root . "/includes/ui/ui_globals.inc");\r\n
include_once($path_to_root . "/includes/ui/ui_controls.inc");\r\n
include_once($path_to_root . "/includes/ui/items_cart.inc");\r\n
include_once($path_to_root . "/includes/data_checks.inc");\r\n
\r\n
\r\n
include_once($path_to_root . "/modules/bank_import/includes/includes.inc");\r\n
include_once($path_to_root . "/modules/bank_import/includes/pdata.inc");\r\n
require_once(__DIR__ . '/src/Ksfraser/HTML/Ajax/DivActivator.php');\r\n
\r\n
//20240316\r\n
//	QE is working.\r\n
//	BT is working.\r\n
\r\n
/**\r\n
 * Safely activate Ajax refresh target when FA Ajax object is available.\r\n
 */\r\n
function activate_doc_tbl_safe(): void\r\n
{\r\n
	\Ksfraser\HTML\Ajax\DivActivator::activateDocTable();\r\n
}\r\n
\r\n
//TODO:\r\n
//	Audit routine to ensure that all processed entries match what they are allocated to\r\n
//		For example if an entry says it matches JE XXX, ensure that the dates are close, and the amount is exact.\r\n
//TODO:\r\n
//	Audit that no 2 transactions point to the same type+number.\r\n
// 		i.e. recurring payments aren't matched to the same payment.\r\n
//			During the insert/update we should make sure this dupe doesn't pre-exist before doing the update.\r\n
//TODO:\r\n
//	Craft the ability to write to other sets of books held in a separate FA company\r\n
//	This would probably be best through an API (REST/SOAP).\r\n
\r\n
\r\n
if (!isset($use_popup_windows)) $use_popup_windows = false;\r\n
if (!isset($use_date_picker)) $use_date_picker = false;\r\n
$js = "";\r\n
if ($use_popup_windows)\r\n
	$js .= get_js_open_window(900, 500);\r\n
if ($use_date_picker)\r\n
	$js .= get_js_date_picker();\r\n
\r\n
page(_($help_context = "Bank Transactions"), @$_GET['popup'], false, "", $js);\r\n
\r\n
\r\n
	$moduleMenuView = __DIR__ . '/views/module_menu_view.php';\r\n
	if (!is_file($moduleMenuView)) {\r\n
		$moduleMenuView = __DIR__ . '/Views/module_menu_view.php';\r\n
	}\r\n
	include_once $moduleMenuView;\r\n
    	$menu = new \Views\ModuleMenuView();\r\n
    	$menu-&gt;renderMenu();\r\n
\r\n
$optypes = array(\r\n
	'SP' =&gt; 'Supplier',\r\n
	'CU' =&gt; 'Customer',\r\n
	'QE' =&gt; 'Quick Entry',\r\n
	'BT' =&gt; 'Bank Transfer',\r\n
	'MA' =&gt; 'Manual settlement',\r\n
	'ZZ' =&gt; 'Matched',\r\n
);\r\n
\r\n
// Enhancement: auto-discover partner types when registry is available, while\r\n
// preserving legacy hardcoded defaults for production/baseline compatibility.\r\n
if (class_exists('\\Ksfraser\\PartnerTypes\\PartnerTypeRegistry')) {\r\n
	$registry = \Ksfraser\PartnerTypes\PartnerTypeRegistry::getInstance();\r\n
	$discoveredOptypes = array();\r\n
	foreach ($registry-&gt;getAll() as $partnerType) {\r\n
		$discoveredOptypes[$partnerType-&gt;getShortCode()] = $partnerType-&gt;getLabel();\r\n
	}\r\n
	if (!empty($discoveredOptypes)) {\r\n
		$optypes = $discoveredOptypes;\r\n
	}\r\n
}\r\n
\r\n
include_once($path_to_root . "/modules/ksf_modules_common/defines.inc.php");	//$trans_types_readable\r\n
\r\n
\r\n
require_once( 'class.bank_import_controller.php' );\r\n
	try {\r\n
		$bi_controller = new bank_import_controller();	//no vars for constructor.\r\n
	} catch( Exception $e )\r\n
	{	\r\n
		display_error( __LINE__ . "::" . print_r( $e, true ) );\r\n
	}\r\n
\r\n
\r\n
//=========================================================================\r\n
// POST ACTION DISPATCHER - Phase 4 Refactoring Integration\r\n
// Replaces 300+ lines of if/elseif statements with pluggable dispatcher\r\n
//=========================================================================\r\n
// Handles all POST actions through registered action handlers:\r\n
// - UnsetTrans, AddCustomer, AddVendor, ToggleTransaction\r\n
// - RunTransferMatcher, RunTransferAudits, ProcessBothSides\r\n
// - ProcessTransaction (main transaction processing)\r\n
//\r\n
// Benefits:\r\n
// - Cognitive complexity reduced from O(n) branches to O(1) dispatch\r\n
// - New actions add easily: create class + register (no controller changes)\r\n
// - Each action encapsulated in single responsibility class\r\n
// - Strategy pattern (TransactionProcessor) integrated seamlessly\r\n
//=========================================================================\r\n
\r\n
try {\r\n
	require_once __DIR__ . '/src/Ksfraser/FaBankImport/Actions/Registry/ActionRegistrar.php';\r\n
	\r\n
	// Create fully initialized dispatcher with all actions registered\r\n
	$actionDispatcher = \Ksfraser\FaBankImport\Actions\Registry\ActionRegistrar::createDispatcher();\r\n
	\r\n
	// Dispatch POST request to first matching action\r\n
	$actionDispatcher-&gt;dispatch($_POST);\r\n
	\r\n
} catch (\Throwable $e) {\r\n
	// Log dispatcher errors but don't break page rendering\r\n
	error_log('POST Action Dispatcher error: ' . $e-&gt;getMessage());\r\n
	if (function_exists('display_error')) {\r\n
		display_error('An unexpected error occurred processing your request. Please try again.');\r\n
	}\r\n
}\r\n
\r\n
/*----------------------------------------------------------------------------------------------*/\r\n
/*----------------------------------------------------------------------------------------------*/\r\n
/*----------------------------------------------------------------------------------------------*/\r\n
\r\n
/*\r\n
// check whether a transaction is ignored\r\n
unset($k, $v);\r\n
list($k, $v) = each($_POST['IgnoreTrans']);\r\n
if (isset($k) &amp;&amp; isset($v)) {\r\n
		//display_notification( __FILE__ . "::" . __LINE__ );\r\n
	updateTrans($_POST['trans_id'][$k], $_POST['charge_id'][$k], TR_MAN_SETTLED);\r\n
	$Ajax-&gt;activate('doc_tbl');\r\n
	display_notification('Manually processed');\r\n
}\r\n
*/\r\n
/************************************************************************************************************************/\r\n
/**********************************************  GUI  *******************************************************************/\r\n
/************************************************************************************************************************/\r\n
\r\n
// TODO REFACTOR STEP 10: Move all HTML rendering below to ProcessStatementsView class\r\n
// Should use existing HTML components for clean separation of concerns\r\n
// Test: tests/unit/Views/ProcessStatementsViewTest.php\r\n
\r\n
// search button pressed\r\n
if (get_post('RefreshInquiry')) {\r\n
	$Ajax-&gt;activate('doc_tbl');\r\n
}\r\n
\r\n
//SC: check whether a customer has been changed, so that we can update branch as well\r\n
// as there a user can click on one submit button only, there is no need for multiple check\r\n
unset($k, $v);\r\n
if (isset($_POST['partnerId'])) {\r\n
			//display_notification( __FILE__ . "::" . __LINE__ );\r\n
	$k = null;\r\n
	$v = null;\r\n
	if (is_array($_POST['partnerId']) &amp;&amp; !empty($_POST['partnerId'])) {\r\n
		reset($_POST['partnerId']);\r\n
		$k = key($_POST['partnerId']);\r\n
		$v = current($_POST['partnerId']);\r\n
	}\r\n
	if (isset($k) &amp;&amp; isset($v)) {\r\n
		$Ajax-&gt;activate('doc_tbl');\r\n
	}\r\n
}\r\n
\r\n
//SC: 05.10.2012: whether post['partnerType'] exists, refresh\r\n
if (isset($_POST['partnerType'])) {\r\n
	$Ajax-&gt;activate('doc_tbl');\r\n
}\r\n
\r\n
\r\n
start_form();\r\n
\r\n
div_start('doc_tbl');\r\n
$custinv = array();\r\n
\r\n
if (1) {\r\n
	//------------------------------------------------------------------------------------------------\r\n
	// this is filter table\r\n
\r\n
	require_once(__DIR__ . '/header_table.php');\r\n
	$headertable = new ksf_modules_table_filter_by_date();\r\n
	$headertable-&gt;bank_import_header();\r\n
\r\n
	//if (!@$_GET['popup'])\r\n
	//	end_form();\r\n
\r\n
\r\n
/*************************************************************************************************************/\r\n
/***********************************  Transactions  **********************************************************/\r\n
/*************************************************************************************************************/\r\n
	//------------------------------------------------------------------------------------------------\r\n
	// this is data display table\r\n
	$trzs = array();\r\n
	\r\n
	$vendor_list = array();\r\n
	$vendorListManagerFile = __DIR__ . '/VendorListManager.php';\r\n
	if (is_file($vendorListManagerFile)) {\r\n
		require_once $vendorListManagerFile;\r\n
		if (class_exists('\\KsfBankImport\\VendorListManager')) {\r\n
			try {\r\n
				$vendor_list = \KsfBankImport\VendorListManager::getInstance()-&gt;getVendorList();\r\n
			} catch (\Throwable $e) {\r\n
				$vendor_list = array();\r\n
			}\r\n
		}\r\n
	}\r\n
\r\n
	error_reporting(E_ALL);\r\n
\r\n
	// TODO [Phase-0-review]: Moved to Shared kernel - use Ksfraser\FaBankImport\Shared\Entities\Transaction\r\n
	// Old: require_once(__DIR__ . '/class.bi_transactions.php');\r\n
	require_once(__DIR__ . '/class.bi_transactions.php'); // Temp: keep for compatibility\r\n
	\r\n
	// For Phase 0 migration, keeping bi_transactions_model but marked for transition\r\n
	$bit = new bi_transactions_model();\r\n
	$fetchStartedAt = microtime(true);\r\n
	if( isset($_POST['statusFilter']) &amp;&amp; ($_POST['statusFilter'] == 0 OR $_POST['statusFilter'] == 1) )\r\n
	{\r\n
		$trzs = $bit-&gt;get_transactions( $_POST['statusFilter'] );\r\n
	}\r\n
	else\r\n
	{\r\n
		$trzs = $bit-&gt;get_transactions();\r\n
	}\r\n
	$fetchDurationMs = (int)round((microtime(true) - $fetchStartedAt) * 1000);\r\n
	error_log('[bank_import] process_statements fetch_transactions_ms=' . $fetchDurationMs\r\n
		. ' statusFilter=' . (isset($_POST['statusFilter']) ? (string)$_POST['statusFilter'] : 'null')\r\n
		. ' from=' . (isset($_POST['TransAfterDate']) ? (string)$_POST['TransAfterDate'] : 'null')\r\n
		. ' to=' . (isset($_POST['TransToDate']) ? (string)$_POST['TransToDate'] : 'null')\r\n
		. ' bank=' . (isset($_POST['bankAccountFilter']) ? (string)$_POST['bankAccountFilter'] : 'ALL')\r\n
		. ' groups=' . (is_array($trzs) ? (string)count($trzs) : '0')\r\n
	);\r\n
	\r\n
/*************************************************************************************************************/\r\n
	start_table(TABLESTYLE, "width='100%'");\r\n
	table_header(array("Transaction Details", "Operation", "Partner/Processing", "Matching GLs"));\r\n
\r\n
	//load data\r\n
	\r\n
	//This foreach loop should probably be rolled up into the WHILE loop above.\r\n
	$renderStartedAt = microtime(true);\r\n
	$renderedRows = 0;\r\n
	foreach($trzs as $trz_code =&gt; $trz_data) \r\n
	{\r\n
		//try to match something, interpreting saved info if status=TR_SETTLED\r\n
		//$minfo = doMatching($myrow, $coyBankAccounts, $custBankAccounts, $suppBankAccounts);\r\n
	/*\r\n
	*	//now group data from tranzaction\r\n
	*	$tid = 0;\r\n
	*	$cids = array();\r\n
	*\r\n
	*	//bring trans details\r\n
	*	$has_trz = 0;\r\n
	*	$amount = 0;\r\n
	*	$charge = 0;\r\n
	*/\r\n
	\r\n
		// TODO [Phase-0-review]: Moved to Shared kernel - use Ksfraser\FaBankImport\Shared\Entities\LineItem\r\n
		// Old: require_once(__DIR__ . '/class.bi_lineitem.php');\r\n
		require_once(__DIR__ . '/class.bi_lineitem.php'); // Temp: keep for compatibility\r\n
		\r\n
		foreach($trz_data as $idx =&gt; $trz) \r\n
		{\r\n
			// TODO: Transition to use Shared\Entities\LineItem\r\n
			$bi_lineitem = new bi_lineitem( $trz, $vendor_list, $optypes );\r\n
			\r\n
			// =====================================================================\r\n
			// Phase 3: Cascade BankAccountMapping to transaction (NEW)\r\n
			// =====================================================================\r\n
			try {\r\n
				// Extract mapping from parent statement\r\n
				$stmtMapping = null;\r\n
				if (isset($trz['smt_id']) &amp;&amp; !empty($trz['smt_id'])) {\r\n
					$bis = new BiStatements();\r\n
					$stmtData = $bis-&gt;get_statement_by_id($trz['smt_id']);\r\n
					if (is_array($stmtData)) {\r\n
						$stmtMapping = $bis-&gt;extractBankAccountMapping();\r\n
					}\r\n
				}\r\n
				\r\n
				// Cascade mapping to transaction\r\n
				if ($stmtMapping &amp;&amp; !empty($stmtMapping-&gt;bankid) &amp;&amp; !empty($stmtMapping-&gt;acctid)) {\r\n
					// Determine FA account ID (from statement or configuration)\r\n
					$faAccountId = $stmtData['fa_bank_account_id'] ?? 1;\r\n
					\r\n
					// Update transaction's mapping reference (idempotent operation)\r\n
					$bit-&gt;storeBankAccountMapping($stmtMapping, $faAccountId);\r\n
				}\r\n
			} catch (\Throwable $e) {\r\n
				// Non-blocking: Mapping cascade failure should not block transaction display\r\n
				@error_log('ProcessStatements: BankAccountMapping cascade failed: ' . $e-&gt;getMessage());\r\n
			}\r\n
			\r\n
			// Display each line item in the loop\r\n
			$bi_lineitem-&gt;display();\r\n
			$renderedRows++;\r\n
		}	//foreach trz_data\r\n
	/*\r\n
	*	//cids is an empty array at this point.\r\n
	*	$cids = implode(',', $cids);\r\n
	*/\r\n
	} //Foreach\r\n
	$renderDurationMs = (int)round((microtime(true) - $renderStartedAt) * 1000);\r\n
	error_log('[bank_import] process_statements render_rows_ms=' . $renderDurationMs . ' rows=' . $renderedRows);\r\n
	end_table();\r\n
/*************************************************************************************************************/\r\n
}\r\n
\r\n
div_end();\r\n
end_form();\r\n
\r\n
// End page\r\n
end_page(@$_GET['popup'], false, false);\r\n
?&gt;\r\n
' matches PCRE pattern "/if\s*\(\s*isset\s*\(\s*\$_POST\['ProcessTransaction'\]\s*\)\s*\)/".

C:\Users\prote\Documents\software-devel\ksf_bank_import\tests\unit\ProcessStatementsLogicCharacterizationTest.php:58</failure>
        </testcase>
        <testcase name="testCurrentRoutingCallsExpectedControllerMethods" class="ProcessStatementsLogicCharacterizationTest" classname="ProcessStatementsLogicCharacterizationTest" file="C:\Users\prote\Documents\software-devel\ksf_bank_import\tests\unit\ProcessStatementsLogicCharacterizationTest.php" line="70" assertions="3" time="0.001137">
          <failure type="PHPUnit\Framework\ExpectationFailedException">ProcessStatementsLogicCharacterizationTest::testCurrentRoutingCallsExpectedControllerMethods
Failed asserting that '&lt;?php\r\n
\r\n
// Ensure Composer autoloader is loaded for trait/class autoloading\r\n
require_once __DIR__ . '/vendor/autoload.php';\r\n
\r\n
// Prevent conditional-cache responses (304) that can break legacy jsHttpRequest flows.\r\n
if (!headers_sent()) {\r\n
	header('Cache-Control: no-store, no-cache, must-revalidate, max-age=0');\r\n
	header('Cache-Control: post-check=0, pre-check=0', false);\r\n
	header('Pragma: no-cache');\r\n
	header('Expires: Thu, 01 Jan 1970 00:00:00 GMT');\r\n
	header('Last-Modified: ' . gmdate('D, d M Y H:i:s') . ' GMT');\r\n
}\r\n
\r\n
// Ensure relative paths resolve from this module directory (FA expects $path_to_root to be a web-relative path).\r\n
chdir(__DIR__);\r\n
\r\n
// Load configuration\r\n
$config_file = __DIR__ . '/config.php';\r\n
if (file_exists($config_file)) {\r\n
    $config = include $config_file;\r\n
} else {\r\n
    // Fallback configuration\r\n
    $config = [\r\n
        'fa_root' =&gt; '../..',\r\n
        'fa_paths' =&gt; ['../..', '../../accounting', '/var/www/html/infra/accounting'],\r\n
        'debug' =&gt; true\r\n
    ];\r\n
}\r\n
\r\n
// Dynamic path resolution for FA installation\r\n
$path_to_root = $config['fa_root'];\r\n
\r\n
// Check if FA includes exist at the configured location\r\n
$fa_includes_path = $path_to_root . "/includes/session.inc";\r\n
if (!file_exists($fa_includes_path)) {\r\n
    // Try alternative paths from config\r\n
    $found = false;\r\n
    foreach ($config['fa_paths'] as $test_path) {\r\n
		// Never use absolute filesystem paths for $path_to_root; it is used to build web URLs (CSS/JS/images).\r\n
		if (preg_match('/^[A-Za-z]:\\\\|^\//', $test_path)) {\r\n
			continue;\r\n
		}\r\n
		if (file_exists($test_path . "/includes/session.inc")) {\r\n
			$path_to_root = $test_path;\r\n
			$found = true;\r\n
			break;\r\n
		}\r\n
    }\r\n
\r\n
    // If still not found, provide helpful error\r\n
    if (!$found) {\r\n
        if ($config['debug']) {\r\n
            die("ERROR: FrontAccounting includes not found. Please check your config.php file and ensure FA_ROOT points to a valid FrontAccounting installation. Tried paths: " . implode(', ', $config['fa_paths']) . ". Create config.php from config.example.php");\r\n
        } else {\r\n
            die("System configuration error. Please contact administrator.");\r\n
        }\r\n
    }\r\n
}\r\n
\r\n
$page_security = 'SA_SALESTRANSVIEW';\r\n
include_once( __DIR__  . "/vendor/autoload.php");\r\n
include_once($path_to_root . "/includes/date_functions.inc");\r\n
include_once($path_to_root . "/includes/session.inc");\r\n
\r\n
include_once($path_to_root . "/includes/ui/ui_input.inc");\r\n
include_once($path_to_root . "/includes/ui/ui_lists.inc");\r\n
include_once($path_to_root . "/includes/ui/ui_globals.inc");\r\n
include_once($path_to_root . "/includes/ui/ui_controls.inc");\r\n
include_once($path_to_root . "/includes/ui/items_cart.inc");\r\n
include_once($path_to_root . "/includes/data_checks.inc");\r\n
\r\n
\r\n
include_once($path_to_root . "/modules/bank_import/includes/includes.inc");\r\n
include_once($path_to_root . "/modules/bank_import/includes/pdata.inc");\r\n
require_once(__DIR__ . '/src/Ksfraser/HTML/Ajax/DivActivator.php');\r\n
\r\n
//20240316\r\n
//	QE is working.\r\n
//	BT is working.\r\n
\r\n
/**\r\n
 * Safely activate Ajax refresh target when FA Ajax object is available.\r\n
 */\r\n
function activate_doc_tbl_safe(): void\r\n
{\r\n
	\Ksfraser\HTML\Ajax\DivActivator::activateDocTable();\r\n
}\r\n
\r\n
//TODO:\r\n
//	Audit routine to ensure that all processed entries match what they are allocated to\r\n
//		For example if an entry says it matches JE XXX, ensure that the dates are close, and the amount is exact.\r\n
//TODO:\r\n
//	Audit that no 2 transactions point to the same type+number.\r\n
// 		i.e. recurring payments aren't matched to the same payment.\r\n
//			During the insert/update we should make sure this dupe doesn't pre-exist before doing the update.\r\n
//TODO:\r\n
//	Craft the ability to write to other sets of books held in a separate FA company\r\n
//	This would probably be best through an API (REST/SOAP).\r\n
\r\n
\r\n
if (!isset($use_popup_windows)) $use_popup_windows = false;\r\n
if (!isset($use_date_picker)) $use_date_picker = false;\r\n
$js = "";\r\n
if ($use_popup_windows)\r\n
	$js .= get_js_open_window(900, 500);\r\n
if ($use_date_picker)\r\n
	$js .= get_js_date_picker();\r\n
\r\n
page(_($help_context = "Bank Transactions"), @$_GET['popup'], false, "", $js);\r\n
\r\n
\r\n
	$moduleMenuView = __DIR__ . '/views/module_menu_view.php';\r\n
	if (!is_file($moduleMenuView)) {\r\n
		$moduleMenuView = __DIR__ . '/Views/module_menu_view.php';\r\n
	}\r\n
	include_once $moduleMenuView;\r\n
    	$menu = new \Views\ModuleMenuView();\r\n
    	$menu-&gt;renderMenu();\r\n
\r\n
$optypes = array(\r\n
	'SP' =&gt; 'Supplier',\r\n
	'CU' =&gt; 'Customer',\r\n
	'QE' =&gt; 'Quick Entry',\r\n
	'BT' =&gt; 'Bank Transfer',\r\n
	'MA' =&gt; 'Manual settlement',\r\n
	'ZZ' =&gt; 'Matched',\r\n
);\r\n
\r\n
// Enhancement: auto-discover partner types when registry is available, while\r\n
// preserving legacy hardcoded defaults for production/baseline compatibility.\r\n
if (class_exists('\\Ksfraser\\PartnerTypes\\PartnerTypeRegistry')) {\r\n
	$registry = \Ksfraser\PartnerTypes\PartnerTypeRegistry::getInstance();\r\n
	$discoveredOptypes = array();\r\n
	foreach ($registry-&gt;getAll() as $partnerType) {\r\n
		$discoveredOptypes[$partnerType-&gt;getShortCode()] = $partnerType-&gt;getLabel();\r\n
	}\r\n
	if (!empty($discoveredOptypes)) {\r\n
		$optypes = $discoveredOptypes;\r\n
	}\r\n
}\r\n
\r\n
include_once($path_to_root . "/modules/ksf_modules_common/defines.inc.php");	//$trans_types_readable\r\n
\r\n
\r\n
require_once( 'class.bank_import_controller.php' );\r\n
	try {\r\n
		$bi_controller = new bank_import_controller();	//no vars for constructor.\r\n
	} catch( Exception $e )\r\n
	{	\r\n
		display_error( __LINE__ . "::" . print_r( $e, true ) );\r\n
	}\r\n
\r\n
\r\n
//=========================================================================\r\n
// POST ACTION DISPATCHER - Phase 4 Refactoring Integration\r\n
// Replaces 300+ lines of if/elseif statements with pluggable dispatcher\r\n
//=========================================================================\r\n
// Handles all POST actions through registered action handlers:\r\n
// - UnsetTrans, AddCustomer, AddVendor, ToggleTransaction\r\n
// - RunTransferMatcher, RunTransferAudits, ProcessBothSides\r\n
// - ProcessTransaction (main transaction processing)\r\n
//\r\n
// Benefits:\r\n
// - Cognitive complexity reduced from O(n) branches to O(1) dispatch\r\n
// - New actions add easily: create class + register (no controller changes)\r\n
// - Each action encapsulated in single responsibility class\r\n
// - Strategy pattern (TransactionProcessor) integrated seamlessly\r\n
//=========================================================================\r\n
\r\n
try {\r\n
	require_once __DIR__ . '/src/Ksfraser/FaBankImport/Actions/Registry/ActionRegistrar.php';\r\n
	\r\n
	// Create fully initialized dispatcher with all actions registered\r\n
	$actionDispatcher = \Ksfraser\FaBankImport\Actions\Registry\ActionRegistrar::createDispatcher();\r\n
	\r\n
	// Dispatch POST request to first matching action\r\n
	$actionDispatcher-&gt;dispatch($_POST);\r\n
	\r\n
} catch (\Throwable $e) {\r\n
	// Log dispatcher errors but don't break page rendering\r\n
	error_log('POST Action Dispatcher error: ' . $e-&gt;getMessage());\r\n
	if (function_exists('display_error')) {\r\n
		display_error('An unexpected error occurred processing your request. Please try again.');\r\n
	}\r\n
}\r\n
\r\n
/*----------------------------------------------------------------------------------------------*/\r\n
/*----------------------------------------------------------------------------------------------*/\r\n
/*----------------------------------------------------------------------------------------------*/\r\n
\r\n
/*\r\n
// check whether a transaction is ignored\r\n
unset($k, $v);\r\n
list($k, $v) = each($_POST['IgnoreTrans']);\r\n
if (isset($k) &amp;&amp; isset($v)) {\r\n
		//display_notification( __FILE__ . "::" . __LINE__ );\r\n
	updateTrans($_POST['trans_id'][$k], $_POST['charge_id'][$k], TR_MAN_SETTLED);\r\n
	$Ajax-&gt;activate('doc_tbl');\r\n
	display_notification('Manually processed');\r\n
}\r\n
*/\r\n
/************************************************************************************************************************/\r\n
/**********************************************  GUI  *******************************************************************/\r\n
/************************************************************************************************************************/\r\n
\r\n
// TODO REFACTOR STEP 10: Move all HTML rendering below to ProcessStatementsView class\r\n
// Should use existing HTML components for clean separation of concerns\r\n
// Test: tests/unit/Views/ProcessStatementsViewTest.php\r\n
\r\n
// search button pressed\r\n
if (get_post('RefreshInquiry')) {\r\n
	$Ajax-&gt;activate('doc_tbl');\r\n
}\r\n
\r\n
//SC: check whether a customer has been changed, so that we can update branch as well\r\n
// as there a user can click on one submit button only, there is no need for multiple check\r\n
unset($k, $v);\r\n
if (isset($_POST['partnerId'])) {\r\n
			//display_notification( __FILE__ . "::" . __LINE__ );\r\n
	$k = null;\r\n
	$v = null;\r\n
	if (is_array($_POST['partnerId']) &amp;&amp; !empty($_POST['partnerId'])) {\r\n
		reset($_POST['partnerId']);\r\n
		$k = key($_POST['partnerId']);\r\n
		$v = current($_POST['partnerId']);\r\n
	}\r\n
	if (isset($k) &amp;&amp; isset($v)) {\r\n
		$Ajax-&gt;activate('doc_tbl');\r\n
	}\r\n
}\r\n
\r\n
//SC: 05.10.2012: whether post['partnerType'] exists, refresh\r\n
if (isset($_POST['partnerType'])) {\r\n
	$Ajax-&gt;activate('doc_tbl');\r\n
}\r\n
\r\n
\r\n
start_form();\r\n
\r\n
div_start('doc_tbl');\r\n
$custinv = array();\r\n
\r\n
if (1) {\r\n
	//------------------------------------------------------------------------------------------------\r\n
	// this is filter table\r\n
\r\n
	require_once(__DIR__ . '/header_table.php');\r\n
	$headertable = new ksf_modules_table_filter_by_date();\r\n
	$headertable-&gt;bank_import_header();\r\n
\r\n
	//if (!@$_GET['popup'])\r\n
	//	end_form();\r\n
\r\n
\r\n
/*************************************************************************************************************/\r\n
/***********************************  Transactions  **********************************************************/\r\n
/*************************************************************************************************************/\r\n
	//------------------------------------------------------------------------------------------------\r\n
	// this is data display table\r\n
	$trzs = array();\r\n
	\r\n
	$vendor_list = array();\r\n
	$vendorListManagerFile = __DIR__ . '/VendorListManager.php';\r\n
	if (is_file($vendorListManagerFile)) {\r\n
		require_once $vendorListManagerFile;\r\n
		if (class_exists('\\KsfBankImport\\VendorListManager')) {\r\n
			try {\r\n
				$vendor_list = \KsfBankImport\VendorListManager::getInstance()-&gt;getVendorList();\r\n
			} catch (\Throwable $e) {\r\n
				$vendor_list = array();\r\n
			}\r\n
		}\r\n
	}\r\n
\r\n
	error_reporting(E_ALL);\r\n
\r\n
	// TODO [Phase-0-review]: Moved to Shared kernel - use Ksfraser\FaBankImport\Shared\Entities\Transaction\r\n
	// Old: require_once(__DIR__ . '/class.bi_transactions.php');\r\n
	require_once(__DIR__ . '/class.bi_transactions.php'); // Temp: keep for compatibility\r\n
	\r\n
	// For Phase 0 migration, keeping bi_transactions_model but marked for transition\r\n
	$bit = new bi_transactions_model();\r\n
	$fetchStartedAt = microtime(true);\r\n
	if( isset($_POST['statusFilter']) &amp;&amp; ($_POST['statusFilter'] == 0 OR $_POST['statusFilter'] == 1) )\r\n
	{\r\n
		$trzs = $bit-&gt;get_transactions( $_POST['statusFilter'] );\r\n
	}\r\n
	else\r\n
	{\r\n
		$trzs = $bit-&gt;get_transactions();\r\n
	}\r\n
	$fetchDurationMs = (int)round((microtime(true) - $fetchStartedAt) * 1000);\r\n
	error_log('[bank_import] process_statements fetch_transactions_ms=' . $fetchDurationMs\r\n
		. ' statusFilter=' . (isset($_POST['statusFilter']) ? (string)$_POST['statusFilter'] : 'null')\r\n
		. ' from=' . (isset($_POST['TransAfterDate']) ? (string)$_POST['TransAfterDate'] : 'null')\r\n
		. ' to=' . (isset($_POST['TransToDate']) ? (string)$_POST['TransToDate'] : 'null')\r\n
		. ' bank=' . (isset($_POST['bankAccountFilter']) ? (string)$_POST['bankAccountFilter'] : 'ALL')\r\n
		. ' groups=' . (is_array($trzs) ? (string)count($trzs) : '0')\r\n
	);\r\n
	\r\n
/*************************************************************************************************************/\r\n
	start_table(TABLESTYLE, "width='100%'");\r\n
	table_header(array("Transaction Details", "Operation", "Partner/Processing", "Matching GLs"));\r\n
\r\n
	//load data\r\n
	\r\n
	//This foreach loop should probably be rolled up into the WHILE loop above.\r\n
	$renderStartedAt = microtime(true);\r\n
	$renderedRows = 0;\r\n
	foreach($trzs as $trz_code =&gt; $trz_data) \r\n
	{\r\n
		//try to match something, interpreting saved info if status=TR_SETTLED\r\n
		//$minfo = doMatching($myrow, $coyBankAccounts, $custBankAccounts, $suppBankAccounts);\r\n
	/*\r\n
	*	//now group data from tranzaction\r\n
	*	$tid = 0;\r\n
	*	$cids = array();\r\n
	*\r\n
	*	//bring trans details\r\n
	*	$has_trz = 0;\r\n
	*	$amount = 0;\r\n
	*	$charge = 0;\r\n
	*/\r\n
	\r\n
		// TODO [Phase-0-review]: Moved to Shared kernel - use Ksfraser\FaBankImport\Shared\Entities\LineItem\r\n
		// Old: require_once(__DIR__ . '/class.bi_lineitem.php');\r\n
		require_once(__DIR__ . '/class.bi_lineitem.php'); // Temp: keep for compatibility\r\n
		\r\n
		foreach($trz_data as $idx =&gt; $trz) \r\n
		{\r\n
			// TODO: Transition to use Shared\Entities\LineItem\r\n
			$bi_lineitem = new bi_lineitem( $trz, $vendor_list, $optypes );\r\n
			\r\n
			// =====================================================================\r\n
			// Phase 3: Cascade BankAccountMapping to transaction (NEW)\r\n
			// =====================================================================\r\n
			try {\r\n
				// Extract mapping from parent statement\r\n
				$stmtMapping = null;\r\n
				if (isset($trz['smt_id']) &amp;&amp; !empty($trz['smt_id'])) {\r\n
					$bis = new BiStatements();\r\n
					$stmtData = $bis-&gt;get_statement_by_id($trz['smt_id']);\r\n
					if (is_array($stmtData)) {\r\n
						$stmtMapping = $bis-&gt;extractBankAccountMapping();\r\n
					}\r\n
				}\r\n
				\r\n
				// Cascade mapping to transaction\r\n
				if ($stmtMapping &amp;&amp; !empty($stmtMapping-&gt;bankid) &amp;&amp; !empty($stmtMapping-&gt;acctid)) {\r\n
					// Determine FA account ID (from statement or configuration)\r\n
					$faAccountId = $stmtData['fa_bank_account_id'] ?? 1;\r\n
					\r\n
					// Update transaction's mapping reference (idempotent operation)\r\n
					$bit-&gt;storeBankAccountMapping($stmtMapping, $faAccountId);\r\n
				}\r\n
			} catch (\Throwable $e) {\r\n
				// Non-blocking: Mapping cascade failure should not block transaction display\r\n
				@error_log('ProcessStatements: BankAccountMapping cascade failed: ' . $e-&gt;getMessage());\r\n
			}\r\n
			\r\n
			// Display each line item in the loop\r\n
			$bi_lineitem-&gt;display();\r\n
			$renderedRows++;\r\n
		}	//foreach trz_data\r\n
	/*\r\n
	*	//cids is an empty array at this point.\r\n
	*	$cids = implode(',', $cids);\r\n
	*/\r\n
	} //Foreach\r\n
	$renderDurationMs = (int)round((microtime(true) - $renderStartedAt) * 1000);\r\n
	error_log('[bank_import] process_statements render_rows_ms=' . $renderDurationMs . ' rows=' . $renderedRows);\r\n
	end_table();\r\n
/*************************************************************************************************************/\r\n
}\r\n
\r\n
div_end();\r\n
end_form();\r\n
\r\n
// End page\r\n
end_page(@$_GET['popup'], false, false);\r\n
?&gt;\r\n
' contains "case ($_POST['partnerType'][$k] == 'SP'):".

C:\Users\prote\Documents\software-devel\ksf_bank_import\tests\unit\ProcessStatementsLogicCharacterizationTest.php:74</failure>
        </testcase>
        <testcase name="testCurrentEnhancementsArePresentWithSafeFallbacks" class="ProcessStatementsLogicCharacterizationTest" classname="ProcessStatementsLogicCharacterizationTest" file="C:\Users\prote\Documents\software-devel\ksf_bank_import\tests\unit\ProcessStatementsLogicCharacterizationTest.php" line="88" assertions="4" time="0.001564">
          <failure type="PHPUnit\Framework\ExpectationFailedException">ProcessStatementsLogicCharacterizationTest::testCurrentEnhancementsArePresentWithSafeFallbacks
Failed asserting that '&lt;?php\r\n
\r\n
// Ensure Composer autoloader is loaded for trait/class autoloading\r\n
require_once __DIR__ . '/vendor/autoload.php';\r\n
\r\n
// Prevent conditional-cache responses (304) that can break legacy jsHttpRequest flows.\r\n
if (!headers_sent()) {\r\n
	header('Cache-Control: no-store, no-cache, must-revalidate, max-age=0');\r\n
	header('Cache-Control: post-check=0, pre-check=0', false);\r\n
	header('Pragma: no-cache');\r\n
	header('Expires: Thu, 01 Jan 1970 00:00:00 GMT');\r\n
	header('Last-Modified: ' . gmdate('D, d M Y H:i:s') . ' GMT');\r\n
}\r\n
\r\n
// Ensure relative paths resolve from this module directory (FA expects $path_to_root to be a web-relative path).\r\n
chdir(__DIR__);\r\n
\r\n
// Load configuration\r\n
$config_file = __DIR__ . '/config.php';\r\n
if (file_exists($config_file)) {\r\n
    $config = include $config_file;\r\n
} else {\r\n
    // Fallback configuration\r\n
    $config = [\r\n
        'fa_root' =&gt; '../..',\r\n
        'fa_paths' =&gt; ['../..', '../../accounting', '/var/www/html/infra/accounting'],\r\n
        'debug' =&gt; true\r\n
    ];\r\n
}\r\n
\r\n
// Dynamic path resolution for FA installation\r\n
$path_to_root = $config['fa_root'];\r\n
\r\n
// Check if FA includes exist at the configured location\r\n
$fa_includes_path = $path_to_root . "/includes/session.inc";\r\n
if (!file_exists($fa_includes_path)) {\r\n
    // Try alternative paths from config\r\n
    $found = false;\r\n
    foreach ($config['fa_paths'] as $test_path) {\r\n
		// Never use absolute filesystem paths for $path_to_root; it is used to build web URLs (CSS/JS/images).\r\n
		if (preg_match('/^[A-Za-z]:\\\\|^\//', $test_path)) {\r\n
			continue;\r\n
		}\r\n
		if (file_exists($test_path . "/includes/session.inc")) {\r\n
			$path_to_root = $test_path;\r\n
			$found = true;\r\n
			break;\r\n
		}\r\n
    }\r\n
\r\n
    // If still not found, provide helpful error\r\n
    if (!$found) {\r\n
        if ($config['debug']) {\r\n
            die("ERROR: FrontAccounting includes not found. Please check your config.php file and ensure FA_ROOT points to a valid FrontAccounting installation. Tried paths: " . implode(', ', $config['fa_paths']) . ". Create config.php from config.example.php");\r\n
        } else {\r\n
            die("System configuration error. Please contact administrator.");\r\n
        }\r\n
    }\r\n
}\r\n
\r\n
$page_security = 'SA_SALESTRANSVIEW';\r\n
include_once( __DIR__  . "/vendor/autoload.php");\r\n
include_once($path_to_root . "/includes/date_functions.inc");\r\n
include_once($path_to_root . "/includes/session.inc");\r\n
\r\n
include_once($path_to_root . "/includes/ui/ui_input.inc");\r\n
include_once($path_to_root . "/includes/ui/ui_lists.inc");\r\n
include_once($path_to_root . "/includes/ui/ui_globals.inc");\r\n
include_once($path_to_root . "/includes/ui/ui_controls.inc");\r\n
include_once($path_to_root . "/includes/ui/items_cart.inc");\r\n
include_once($path_to_root . "/includes/data_checks.inc");\r\n
\r\n
\r\n
include_once($path_to_root . "/modules/bank_import/includes/includes.inc");\r\n
include_once($path_to_root . "/modules/bank_import/includes/pdata.inc");\r\n
require_once(__DIR__ . '/src/Ksfraser/HTML/Ajax/DivActivator.php');\r\n
\r\n
//20240316\r\n
//	QE is working.\r\n
//	BT is working.\r\n
\r\n
/**\r\n
 * Safely activate Ajax refresh target when FA Ajax object is available.\r\n
 */\r\n
function activate_doc_tbl_safe(): void\r\n
{\r\n
	\Ksfraser\HTML\Ajax\DivActivator::activateDocTable();\r\n
}\r\n
\r\n
//TODO:\r\n
//	Audit routine to ensure that all processed entries match what they are allocated to\r\n
//		For example if an entry says it matches JE XXX, ensure that the dates are close, and the amount is exact.\r\n
//TODO:\r\n
//	Audit that no 2 transactions point to the same type+number.\r\n
// 		i.e. recurring payments aren't matched to the same payment.\r\n
//			During the insert/update we should make sure this dupe doesn't pre-exist before doing the update.\r\n
//TODO:\r\n
//	Craft the ability to write to other sets of books held in a separate FA company\r\n
//	This would probably be best through an API (REST/SOAP).\r\n
\r\n
\r\n
if (!isset($use_popup_windows)) $use_popup_windows = false;\r\n
if (!isset($use_date_picker)) $use_date_picker = false;\r\n
$js = "";\r\n
if ($use_popup_windows)\r\n
	$js .= get_js_open_window(900, 500);\r\n
if ($use_date_picker)\r\n
	$js .= get_js_date_picker();\r\n
\r\n
page(_($help_context = "Bank Transactions"), @$_GET['popup'], false, "", $js);\r\n
\r\n
\r\n
	$moduleMenuView = __DIR__ . '/views/module_menu_view.php';\r\n
	if (!is_file($moduleMenuView)) {\r\n
		$moduleMenuView = __DIR__ . '/Views/module_menu_view.php';\r\n
	}\r\n
	include_once $moduleMenuView;\r\n
    	$menu = new \Views\ModuleMenuView();\r\n
    	$menu-&gt;renderMenu();\r\n
\r\n
$optypes = array(\r\n
	'SP' =&gt; 'Supplier',\r\n
	'CU' =&gt; 'Customer',\r\n
	'QE' =&gt; 'Quick Entry',\r\n
	'BT' =&gt; 'Bank Transfer',\r\n
	'MA' =&gt; 'Manual settlement',\r\n
	'ZZ' =&gt; 'Matched',\r\n
);\r\n
\r\n
// Enhancement: auto-discover partner types when registry is available, while\r\n
// preserving legacy hardcoded defaults for production/baseline compatibility.\r\n
if (class_exists('\\Ksfraser\\PartnerTypes\\PartnerTypeRegistry')) {\r\n
	$registry = \Ksfraser\PartnerTypes\PartnerTypeRegistry::getInstance();\r\n
	$discoveredOptypes = array();\r\n
	foreach ($registry-&gt;getAll() as $partnerType) {\r\n
		$discoveredOptypes[$partnerType-&gt;getShortCode()] = $partnerType-&gt;getLabel();\r\n
	}\r\n
	if (!empty($discoveredOptypes)) {\r\n
		$optypes = $discoveredOptypes;\r\n
	}\r\n
}\r\n
\r\n
include_once($path_to_root . "/modules/ksf_modules_common/defines.inc.php");	//$trans_types_readable\r\n
\r\n
\r\n
require_once( 'class.bank_import_controller.php' );\r\n
	try {\r\n
		$bi_controller = new bank_import_controller();	//no vars for constructor.\r\n
	} catch( Exception $e )\r\n
	{	\r\n
		display_error( __LINE__ . "::" . print_r( $e, true ) );\r\n
	}\r\n
\r\n
\r\n
//=========================================================================\r\n
// POST ACTION DISPATCHER - Phase 4 Refactoring Integration\r\n
// Replaces 300+ lines of if/elseif statements with pluggable dispatcher\r\n
//=========================================================================\r\n
// Handles all POST actions through registered action handlers:\r\n
// - UnsetTrans, AddCustomer, AddVendor, ToggleTransaction\r\n
// - RunTransferMatcher, RunTransferAudits, ProcessBothSides\r\n
// - ProcessTransaction (main transaction processing)\r\n
//\r\n
// Benefits:\r\n
// - Cognitive complexity reduced from O(n) branches to O(1) dispatch\r\n
// - New actions add easily: create class + register (no controller changes)\r\n
// - Each action encapsulated in single responsibility class\r\n
// - Strategy pattern (TransactionProcessor) integrated seamlessly\r\n
//=========================================================================\r\n
\r\n
try {\r\n
	require_once __DIR__ . '/src/Ksfraser/FaBankImport/Actions/Registry/ActionRegistrar.php';\r\n
	\r\n
	// Create fully initialized dispatcher with all actions registered\r\n
	$actionDispatcher = \Ksfraser\FaBankImport\Actions\Registry\ActionRegistrar::createDispatcher();\r\n
	\r\n
	// Dispatch POST request to first matching action\r\n
	$actionDispatcher-&gt;dispatch($_POST);\r\n
	\r\n
} catch (\Throwable $e) {\r\n
	// Log dispatcher errors but don't break page rendering\r\n
	error_log('POST Action Dispatcher error: ' . $e-&gt;getMessage());\r\n
	if (function_exists('display_error')) {\r\n
		display_error('An unexpected error occurred processing your request. Please try again.');\r\n
	}\r\n
}\r\n
\r\n
/*----------------------------------------------------------------------------------------------*/\r\n
/*----------------------------------------------------------------------------------------------*/\r\n
/*----------------------------------------------------------------------------------------------*/\r\n
\r\n
/*\r\n
// check whether a transaction is ignored\r\n
unset($k, $v);\r\n
list($k, $v) = each($_POST['IgnoreTrans']);\r\n
if (isset($k) &amp;&amp; isset($v)) {\r\n
		//display_notification( __FILE__ . "::" . __LINE__ );\r\n
	updateTrans($_POST['trans_id'][$k], $_POST['charge_id'][$k], TR_MAN_SETTLED);\r\n
	$Ajax-&gt;activate('doc_tbl');\r\n
	display_notification('Manually processed');\r\n
}\r\n
*/\r\n
/************************************************************************************************************************/\r\n
/**********************************************  GUI  *******************************************************************/\r\n
/************************************************************************************************************************/\r\n
\r\n
// TODO REFACTOR STEP 10: Move all HTML rendering below to ProcessStatementsView class\r\n
// Should use existing HTML components for clean separation of concerns\r\n
// Test: tests/unit/Views/ProcessStatementsViewTest.php\r\n
\r\n
// search button pressed\r\n
if (get_post('RefreshInquiry')) {\r\n
	$Ajax-&gt;activate('doc_tbl');\r\n
}\r\n
\r\n
//SC: check whether a customer has been changed, so that we can update branch as well\r\n
// as there a user can click on one submit button only, there is no need for multiple check\r\n
unset($k, $v);\r\n
if (isset($_POST['partnerId'])) {\r\n
			//display_notification( __FILE__ . "::" . __LINE__ );\r\n
	$k = null;\r\n
	$v = null;\r\n
	if (is_array($_POST['partnerId']) &amp;&amp; !empty($_POST['partnerId'])) {\r\n
		reset($_POST['partnerId']);\r\n
		$k = key($_POST['partnerId']);\r\n
		$v = current($_POST['partnerId']);\r\n
	}\r\n
	if (isset($k) &amp;&amp; isset($v)) {\r\n
		$Ajax-&gt;activate('doc_tbl');\r\n
	}\r\n
}\r\n
\r\n
//SC: 05.10.2012: whether post['partnerType'] exists, refresh\r\n
if (isset($_POST['partnerType'])) {\r\n
	$Ajax-&gt;activate('doc_tbl');\r\n
}\r\n
\r\n
\r\n
start_form();\r\n
\r\n
div_start('doc_tbl');\r\n
$custinv = array();\r\n
\r\n
if (1) {\r\n
	//------------------------------------------------------------------------------------------------\r\n
	// this is filter table\r\n
\r\n
	require_once(__DIR__ . '/header_table.php');\r\n
	$headertable = new ksf_modules_table_filter_by_date();\r\n
	$headertable-&gt;bank_import_header();\r\n
\r\n
	//if (!@$_GET['popup'])\r\n
	//	end_form();\r\n
\r\n
\r\n
/*************************************************************************************************************/\r\n
/***********************************  Transactions  **********************************************************/\r\n
/*************************************************************************************************************/\r\n
	//------------------------------------------------------------------------------------------------\r\n
	// this is data display table\r\n
	$trzs = array();\r\n
	\r\n
	$vendor_list = array();\r\n
	$vendorListManagerFile = __DIR__ . '/VendorListManager.php';\r\n
	if (is_file($vendorListManagerFile)) {\r\n
		require_once $vendorListManagerFile;\r\n
		if (class_exists('\\KsfBankImport\\VendorListManager')) {\r\n
			try {\r\n
				$vendor_list = \KsfBankImport\VendorListManager::getInstance()-&gt;getVendorList();\r\n
			} catch (\Throwable $e) {\r\n
				$vendor_list = array();\r\n
			}\r\n
		}\r\n
	}\r\n
\r\n
	error_reporting(E_ALL);\r\n
\r\n
	// TODO [Phase-0-review]: Moved to Shared kernel - use Ksfraser\FaBankImport\Shared\Entities\Transaction\r\n
	// Old: require_once(__DIR__ . '/class.bi_transactions.php');\r\n
	require_once(__DIR__ . '/class.bi_transactions.php'); // Temp: keep for compatibility\r\n
	\r\n
	// For Phase 0 migration, keeping bi_transactions_model but marked for transition\r\n
	$bit = new bi_transactions_model();\r\n
	$fetchStartedAt = microtime(true);\r\n
	if( isset($_POST['statusFilter']) &amp;&amp; ($_POST['statusFilter'] == 0 OR $_POST['statusFilter'] == 1) )\r\n
	{\r\n
		$trzs = $bit-&gt;get_transactions( $_POST['statusFilter'] );\r\n
	}\r\n
	else\r\n
	{\r\n
		$trzs = $bit-&gt;get_transactions();\r\n
	}\r\n
	$fetchDurationMs = (int)round((microtime(true) - $fetchStartedAt) * 1000);\r\n
	error_log('[bank_import] process_statements fetch_transactions_ms=' . $fetchDurationMs\r\n
		. ' statusFilter=' . (isset($_POST['statusFilter']) ? (string)$_POST['statusFilter'] : 'null')\r\n
		. ' from=' . (isset($_POST['TransAfterDate']) ? (string)$_POST['TransAfterDate'] : 'null')\r\n
		. ' to=' . (isset($_POST['TransToDate']) ? (string)$_POST['TransToDate'] : 'null')\r\n
		. ' bank=' . (isset($_POST['bankAccountFilter']) ? (string)$_POST['bankAccountFilter'] : 'ALL')\r\n
		. ' groups=' . (is_array($trzs) ? (string)count($trzs) : '0')\r\n
	);\r\n
	\r\n
/*************************************************************************************************************/\r\n
	start_table(TABLESTYLE, "width='100%'");\r\n
	table_header(array("Transaction Details", "Operation", "Partner/Processing", "Matching GLs"));\r\n
\r\n
	//load data\r\n
	\r\n
	//This foreach loop should probably be rolled up into the WHILE loop above.\r\n
	$renderStartedAt = microtime(true);\r\n
	$renderedRows = 0;\r\n
	foreach($trzs as $trz_code =&gt; $trz_data) \r\n
	{\r\n
		//try to match something, interpreting saved info if status=TR_SETTLED\r\n
		//$minfo = doMatching($myrow, $coyBankAccounts, $custBankAccounts, $suppBankAccounts);\r\n
	/*\r\n
	*	//now group data from tranzaction\r\n
	*	$tid = 0;\r\n
	*	$cids = array();\r\n
	*\r\n
	*	//bring trans details\r\n
	*	$has_trz = 0;\r\n
	*	$amount = 0;\r\n
	*	$charge = 0;\r\n
	*/\r\n
	\r\n
		// TODO [Phase-0-review]: Moved to Shared kernel - use Ksfraser\FaBankImport\Shared\Entities\LineItem\r\n
		// Old: require_once(__DIR__ . '/class.bi_lineitem.php');\r\n
		require_once(__DIR__ . '/class.bi_lineitem.php'); // Temp: keep for compatibility\r\n
		\r\n
		foreach($trz_data as $idx =&gt; $trz) \r\n
		{\r\n
			// TODO: Transition to use Shared\Entities\LineItem\r\n
			$bi_lineitem = new bi_lineitem( $trz, $vendor_list, $optypes );\r\n
			\r\n
			// =====================================================================\r\n
			// Phase 3: Cascade BankAccountMapping to transaction (NEW)\r\n
			// =====================================================================\r\n
			try {\r\n
				// Extract mapping from parent statement\r\n
				$stmtMapping = null;\r\n
				if (isset($trz['smt_id']) &amp;&amp; !empty($trz['smt_id'])) {\r\n
					$bis = new BiStatements();\r\n
					$stmtData = $bis-&gt;get_statement_by_id($trz['smt_id']);\r\n
					if (is_array($stmtData)) {\r\n
						$stmtMapping = $bis-&gt;extractBankAccountMapping();\r\n
					}\r\n
				}\r\n
				\r\n
				// Cascade mapping to transaction\r\n
				if ($stmtMapping &amp;&amp; !empty($stmtMapping-&gt;bankid) &amp;&amp; !empty($stmtMapping-&gt;acctid)) {\r\n
					// Determine FA account ID (from statement or configuration)\r\n
					$faAccountId = $stmtData['fa_bank_account_id'] ?? 1;\r\n
					\r\n
					// Update transaction's mapping reference (idempotent operation)\r\n
					$bit-&gt;storeBankAccountMapping($stmtMapping, $faAccountId);\r\n
				}\r\n
			} catch (\Throwable $e) {\r\n
				// Non-blocking: Mapping cascade failure should not block transaction display\r\n
				@error_log('ProcessStatements: BankAccountMapping cascade failed: ' . $e-&gt;getMessage());\r\n
			}\r\n
			\r\n
			// Display each line item in the loop\r\n
			$bi_lineitem-&gt;display();\r\n
			$renderedRows++;\r\n
		}	//foreach trz_data\r\n
	/*\r\n
	*	//cids is an empty array at this point.\r\n
	*	$cids = implode(',', $cids);\r\n
	*/\r\n
	} //Foreach\r\n
	$renderDurationMs = (int)round((microtime(true) - $renderStartedAt) * 1000);\r\n
	error_log('[bank_import] process_statements render_rows_ms=' . $renderDurationMs . ' rows=' . $renderedRows);\r\n
	end_table();\r\n
/*************************************************************************************************************/\r\n
}\r\n
\r\n
div_end();\r\n
end_form();\r\n
\r\n
// End page\r\n
end_page(@$_GET['popup'], false, false);\r\n
?&gt;\r\n
' contains "if (isset($_POST['ProcessBothSides']))".

C:\Users\prote\Documents\software-devel\ksf_bank_import\tests\unit\ProcessStatementsLogicCharacterizationTest.php:93</failure>
        </testcase>
        <testcase name="testRefactoredSnapshotHasCoreProcessTransactionIntent" class="ProcessStatementsLogicCharacterizationTest" classname="ProcessStatementsLogicCharacterizationTest" file="C:\Users\prote\Documents\software-devel\ksf_bank_import\tests\unit\ProcessStatementsLogicCharacterizationTest.php" line="99" assertions="5" time="0.024381">
          <warning type="PHPUnit\Framework\Warning">ProcessStatementsLogicCharacterizationTest::testRefactoredSnapshotHasCoreProcessTransactionIntent
assertRegExp() is deprecated and will be removed in PHPUnit 10. Refactor your code to use assertMatchesRegularExpression() instead.</warning>
        </testcase>
        <testcase name="testApril9AndNov14SnapshotsHaveCoreControlFlow" class="ProcessStatementsLogicCharacterizationTest" classname="ProcessStatementsLogicCharacterizationTest" file="C:\Users\prote\Documents\software-devel\ksf_bank_import\tests\unit\ProcessStatementsLogicCharacterizationTest.php" line="115" assertions="13" time="1.431947">
          <warning type="PHPUnit\Framework\Warning">ProcessStatementsLogicCharacterizationTest::testApril9AndNov14SnapshotsHaveCoreControlFlow
assertRegExp() is deprecated and will be removed in PHPUnit 10. Refactor your code to use assertMatchesRegularExpression() instead.</warning>
        </testcase>
      </testsuite>
      <testsuite name="Tests\Unit\ProcessStatementsPartnerTypesTest" file="C:\Users\prote\Documents\software-devel\ksf_bank_import\tests\unit\ProcessStatementsPartnerTypesTest.php" tests="16" assertions="110" errors="0" warnings="1" failures="0" skipped="0" time="0.022096">
        <testcase name="it_has_all_required_partner_type_constants" class="Tests\Unit\ProcessStatementsPartnerTypesTest" classname="Tests.Unit.ProcessStatementsPartnerTypesTest" file="C:\Users\prote\Documents\software-devel\ksf_bank_import\tests\unit\ProcessStatementsPartnerTypesTest.php" line="83" assertions="6" time="0.003087"/>
        <testcase name="it_has_same_keys_as_legacy_array" class="Tests\Unit\ProcessStatementsPartnerTypesTest" classname="Tests.Unit.ProcessStatementsPartnerTypesTest" file="C:\Users\prote\Documents\software-devel\ksf_bank_import\tests\unit\ProcessStatementsPartnerTypesTest.php" line="102" assertions="2" time="0.000817"/>
        <testcase name="it_validates_all_legacy_partner_types" class="Tests\Unit\ProcessStatementsPartnerTypesTest" classname="Tests.Unit.ProcessStatementsPartnerTypesTest" file="C:\Users\prote\Documents\software-devel\ksf_bank_import\tests\unit\ProcessStatementsPartnerTypesTest.php" line="134" assertions="6" time="0.000857"/>
        <testcase name="it_provides_labels_for_all_partner_types" class="Tests\Unit\ProcessStatementsPartnerTypesTest" classname="Tests.Unit.ProcessStatementsPartnerTypesTest" file="C:\Users\prote\Documents\software-devel\ksf_bank_import\tests\unit\ProcessStatementsPartnerTypesTest.php" line="149" assertions="6" time="0.001176"/>
        <testcase name="it_can_build_optypes_array_from_constants" class="Tests\Unit\ProcessStatementsPartnerTypesTest" classname="Tests.Unit.ProcessStatementsPartnerTypesTest" file="C:\Users\prote\Documents\software-devel\ksf_bank_import\tests\unit\ProcessStatementsPartnerTypesTest.php" line="168" assertions="25" time="0.001926"/>
        <testcase name="it_provides_access_to_registry" class="Tests\Unit\ProcessStatementsPartnerTypesTest" classname="Tests.Unit.ProcessStatementsPartnerTypesTest" file="C:\Users\prote\Documents\software-devel\ksf_bank_import\tests\unit\ProcessStatementsPartnerTypesTest.php" line="202" assertions="1" time="0.000615"/>
        <testcase name="it_is_compatible_with_array_selector_function" class="Tests\Unit\ProcessStatementsPartnerTypesTest" classname="Tests.Unit.ProcessStatementsPartnerTypesTest" file="C:\Users\prote\Documents\software-devel\ksf_bank_import\tests\unit\ProcessStatementsPartnerTypesTest.php" line="221" assertions="18" time="0.002306">
          <warning type="PHPUnit\Framework\Warning">Tests\Unit\ProcessStatementsPartnerTypesTest::it_is_compatible_with_array_selector_function
assertRegExp() is deprecated and will be removed in PHPUnit 10. Refactor your code to use assertMatchesRegularExpression() instead.</warning>
        </testcase>
        <testcase name="it_supports_switch_statement_comparisons" class="Tests\Unit\ProcessStatementsPartnerTypesTest" classname="Tests.Unit.ProcessStatementsPartnerTypesTest" file="C:\Users\prote\Documents\software-devel\ksf_bank_import\tests\unit\ProcessStatementsPartnerTypesTest.php" line="245" assertions="6" time="0.000794"/>
        <testsuite name="Tests\Unit\ProcessStatementsPartnerTypesTest::it_maintains_backward_compatibility" tests="6" assertions="12" errors="0" warnings="0" failures="0" skipped="0" time="0.003989">
          <testcase name="it_maintains_backward_compatibility with data set &quot;Supplier&quot;" class="Tests\Unit\ProcessStatementsPartnerTypesTest" classname="Tests.Unit.ProcessStatementsPartnerTypesTest" file="C:\Users\prote\Documents\software-devel\ksf_bank_import\tests\unit\ProcessStatementsPartnerTypesTest.php" line="271" assertions="2" time="0.000756"/>
          <testcase name="it_maintains_backward_compatibility with data set &quot;Customer&quot;" class="Tests\Unit\ProcessStatementsPartnerTypesTest" classname="Tests.Unit.ProcessStatementsPartnerTypesTest" file="C:\Users\prote\Documents\software-devel\ksf_bank_import\tests\unit\ProcessStatementsPartnerTypesTest.php" line="271" assertions="2" time="0.000560"/>
          <testcase name="it_maintains_backward_compatibility with data set &quot;Quick Entry&quot;" class="Tests\Unit\ProcessStatementsPartnerTypesTest" classname="Tests.Unit.ProcessStatementsPartnerTypesTest" file="C:\Users\prote\Documents\software-devel\ksf_bank_import\tests\unit\ProcessStatementsPartnerTypesTest.php" line="271" assertions="2" time="0.000817"/>
          <testcase name="it_maintains_backward_compatibility with data set &quot;Bank Transfer&quot;" class="Tests\Unit\ProcessStatementsPartnerTypesTest" classname="Tests.Unit.ProcessStatementsPartnerTypesTest" file="C:\Users\prote\Documents\software-devel\ksf_bank_import\tests\unit\ProcessStatementsPartnerTypesTest.php" line="271" assertions="2" time="0.000584"/>
          <testcase name="it_maintains_backward_compatibility with data set &quot;Manual settlement&quot;" class="Tests\Unit\ProcessStatementsPartnerTypesTest" classname="Tests.Unit.ProcessStatementsPartnerTypesTest" file="C:\Users\prote\Documents\software-devel\ksf_bank_import\tests\unit\ProcessStatementsPartnerTypesTest.php" line="271" assertions="2" time="0.000709"/>
          <testcase name="it_maintains_backward_compatibility with data set &quot;Matched&quot;" class="Tests\Unit\ProcessStatementsPartnerTypesTest" classname="Tests.Unit.ProcessStatementsPartnerTypesTest" file="C:\Users\prote\Documents\software-devel\ksf_bank_import\tests\unit\ProcessStatementsPartnerTypesTest.php" line="271" assertions="2" time="0.000563"/>
        </testsuite>
        <testcase name="it_is_compatible_with_bi_lineitem_constructor" class="Tests\Unit\ProcessStatementsPartnerTypesTest" classname="Tests.Unit.ProcessStatementsPartnerTypesTest" file="C:\Users\prote\Documents\software-devel\ksf_bank_import\tests\unit\ProcessStatementsPartnerTypesTest.php" line="312" assertions="14" time="0.002592"/>
        <testcase name="it_demonstrates_migration_plan" class="Tests\Unit\ProcessStatementsPartnerTypesTest" classname="Tests.Unit.ProcessStatementsPartnerTypesTest" file="C:\Users\prote\Documents\software-devel\ksf_bank_import\tests\unit\ProcessStatementsPartnerTypesTest.php" line="336" assertions="14" time="0.003937"/>
      </testsuite>
      <testsuite name="ProcessStatementsRegressionTest" file="C:\Users\prote\Documents\software-devel\ksf_bank_import\tests\unit\ProcessStatementsRegressionTest.php" tests="36" assertions="58" errors="0" warnings="0" failures="0" skipped="0" time="0.028040">
        <testcase name="test_process_both_sides_action_detected" class="ProcessStatementsRegressionTest" classname="ProcessStatementsRegressionTest" file="C:\Users\prote\Documents\software-devel\ksf_bank_import\tests\unit\ProcessStatementsRegressionTest.php" line="39" assertions="1" time="0.000565"/>
        <testcase name="test_process_both_sides_extracts_key_value" class="ProcessStatementsRegressionTest" classname="ProcessStatementsRegressionTest" file="C:\Users\prote\Documents\software-devel\ksf_bank_import\tests\unit\ProcessStatementsRegressionTest.php" line="52" assertions="3" time="0.000846"/>
        <testcase name="test_process_both_sides_missing_key" class="ProcessStatementsRegressionTest" classname="ProcessStatementsRegressionTest" file="C:\Users\prote\Documents\software-devel\ksf_bank_import\tests\unit\ProcessStatementsRegressionTest.php" line="70" assertions="2" time="0.001955"/>
        <testcase name="test_process_transaction_action_detected" class="ProcessStatementsRegressionTest" classname="ProcessStatementsRegressionTest" file="C:\Users\prote\Documents\software-devel\ksf_bank_import\tests\unit\ProcessStatementsRegressionTest.php" line="86" assertions="1" time="0.000929"/>
        <testcase name="test_process_transaction_complete_data" class="ProcessStatementsRegressionTest" classname="ProcessStatementsRegressionTest" file="C:\Users\prote\Documents\software-devel\ksf_bank_import\tests\unit\ProcessStatementsRegressionTest.php" line="99" assertions="3" time="0.000977"/>
        <testcase name="test_process_transaction_missing_partner_type" class="ProcessStatementsRegressionTest" classname="ProcessStatementsRegressionTest" file="C:\Users\prote\Documents\software-devel\ksf_bank_import\tests\unit\ProcessStatementsRegressionTest.php" line="119" assertions="1" time="0.000756"/>
        <testcase name="test_missing_partner_id_triggers_error" class="ProcessStatementsRegressionTest" classname="ProcessStatementsRegressionTest" file="C:\Users\prote\Documents\software-devel\ksf_bank_import\tests\unit\ProcessStatementsRegressionTest.php" line="137" assertions="1" time="0.000574"/>
        <testcase name="test_partner_id_present_no_error" class="ProcessStatementsRegressionTest" classname="ProcessStatementsRegressionTest" file="C:\Users\prote\Documents\software-devel\ksf_bank_import\tests\unit\ProcessStatementsRegressionTest.php" line="155" assertions="1" time="0.000679"/>
        <testcase name="test_cids_array_filter_empty_string" class="ProcessStatementsRegressionTest" classname="ProcessStatementsRegressionTest" file="C:\Users\prote\Documents\software-devel\ksf_bank_import\tests\unit\ProcessStatementsRegressionTest.php" line="173" assertions="2" time="0.000652"/>
        <testcase name="test_cids_array_filter_single_id" class="ProcessStatementsRegressionTest" classname="ProcessStatementsRegressionTest" file="C:\Users\prote\Documents\software-devel\ksf_bank_import\tests\unit\ProcessStatementsRegressionTest.php" line="188" assertions="2" time="0.000702"/>
        <testcase name="test_cids_array_filter_multiple_ids" class="ProcessStatementsRegressionTest" classname="ProcessStatementsRegressionTest" file="C:\Users\prote\Documents\software-devel\ksf_bank_import\tests\unit\ProcessStatementsRegressionTest.php" line="203" assertions="4" time="0.000836"/>
        <testcase name="test_cids_array_filter_trailing_comma" class="ProcessStatementsRegressionTest" classname="ProcessStatementsRegressionTest" file="C:\Users\prote\Documents\software-devel\ksf_bank_import\tests\unit\ProcessStatementsRegressionTest.php" line="220" assertions="2" time="0.000683"/>
        <testcase name="test_status_filter_unprocessed" class="ProcessStatementsRegressionTest" classname="ProcessStatementsRegressionTest" file="C:\Users\prote\Documents\software-devel\ksf_bank_import\tests\unit\ProcessStatementsRegressionTest.php" line="236" assertions="2" time="0.000641"/>
        <testcase name="test_status_filter_processed" class="ProcessStatementsRegressionTest" classname="ProcessStatementsRegressionTest" file="C:\Users\prote\Documents\software-devel\ksf_bank_import\tests\unit\ProcessStatementsRegressionTest.php" line="250" assertions="2" time="0.000603"/>
        <testcase name="test_status_filter_all_transactions" class="ProcessStatementsRegressionTest" classname="ProcessStatementsRegressionTest" file="C:\Users\prote\Documents\software-devel\ksf_bank_import\tests\unit\ProcessStatementsRegressionTest.php" line="264" assertions="1" time="0.000857"/>
        <testcase name="test_status_filter_alternative_status" class="ProcessStatementsRegressionTest" classname="ProcessStatementsRegressionTest" file="C:\Users\prote\Documents\software-devel\ksf_bank_import\tests\unit\ProcessStatementsRegressionTest.php" line="277" assertions="1" time="0.000567"/>
        <testcase name="test_refresh_inquiry_button_pressed" class="ProcessStatementsRegressionTest" classname="ProcessStatementsRegressionTest" file="C:\Users\prote\Documents\software-devel\ksf_bank_import\tests\unit\ProcessStatementsRegressionTest.php" line="290" assertions="1" time="0.002959"/>
        <testcase name="test_refresh_inquiry_not_pressed" class="ProcessStatementsRegressionTest" classname="ProcessStatementsRegressionTest" file="C:\Users\prote\Documents\software-devel\ksf_bank_import\tests\unit\ProcessStatementsRegressionTest.php" line="304" assertions="1" time="0.000937"/>
        <testcase name="test_partner_id_change_detected" class="ProcessStatementsRegressionTest" classname="ProcessStatementsRegressionTest" file="C:\Users\prote\Documents\software-devel\ksf_bank_import\tests\unit\ProcessStatementsRegressionTest.php" line="317" assertions="1" time="0.000563"/>
        <testcase name="test_partner_id_not_changed" class="ProcessStatementsRegressionTest" classname="ProcessStatementsRegressionTest" file="C:\Users\prote\Documents\software-devel\ksf_bank_import\tests\unit\ProcessStatementsRegressionTest.php" line="330" assertions="1" time="0.000532"/>
        <testcase name="test_partner_id_array_extraction" class="ProcessStatementsRegressionTest" classname="ProcessStatementsRegressionTest" file="C:\Users\prote\Documents\software-devel\ksf_bank_import\tests\unit\ProcessStatementsRegressionTest.php" line="343" assertions="3" time="0.000723"/>
        <testcase name="test_partner_type_change_detected" class="ProcessStatementsRegressionTest" classname="ProcessStatementsRegressionTest" file="C:\Users\prote\Documents\software-devel\ksf_bank_import\tests\unit\ProcessStatementsRegressionTest.php" line="362" assertions="1" time="0.000596"/>
        <testcase name="test_partner_type_not_changed" class="ProcessStatementsRegressionTest" classname="ProcessStatementsRegressionTest" file="C:\Users\prote\Documents\software-devel\ksf_bank_import\tests\unit\ProcessStatementsRegressionTest.php" line="375" assertions="1" time="0.000563"/>
        <testcase name="test_partner_id_extraction_first_key" class="ProcessStatementsRegressionTest" classname="ProcessStatementsRegressionTest" file="C:\Users\prote\Documents\software-devel\ksf_bank_import\tests\unit\ProcessStatementsRegressionTest.php" line="388" assertions="1" time="0.000637"/>
        <testcase name="test_collection_ids_implode_with_data" class="ProcessStatementsRegressionTest" classname="ProcessStatementsRegressionTest" file="C:\Users\prote\Documents\software-devel\ksf_bank_import\tests\unit\ProcessStatementsRegressionTest.php" line="403" assertions="1" time="0.000728"/>
        <testcase name="test_collection_ids_implode_without_data" class="ProcessStatementsRegressionTest" classname="ProcessStatementsRegressionTest" file="C:\Users\prote\Documents\software-devel\ksf_bank_import\tests\unit\ProcessStatementsRegressionTest.php" line="417" assertions="1" time="0.000743"/>
        <testcase name="test_error_flag_accumulation" class="ProcessStatementsRegressionTest" classname="ProcessStatementsRegressionTest" file="C:\Users\prote\Documents\software-devel\ksf_bank_import\tests\unit\ProcessStatementsRegressionTest.php" line="431" assertions="2" time="0.000580"/>
        <testcase name="test_error_flag_prevents_processing" class="ProcessStatementsRegressionTest" classname="ProcessStatementsRegressionTest" file="C:\Users\prote\Documents\software-devel\ksf_bank_import\tests\unit\ProcessStatementsRegressionTest.php" line="454" assertions="1" time="0.000517"/>
        <testcase name="test_no_error_allows_processing" class="ProcessStatementsRegressionTest" classname="ProcessStatementsRegressionTest" file="C:\Users\prote\Documents\software-devel\ksf_bank_import\tests\unit\ProcessStatementsRegressionTest.php" line="470" assertions="1" time="0.000513"/>
        <testcase name="test_use_command_pattern_enabled" class="ProcessStatementsRegressionTest" classname="ProcessStatementsRegressionTest" file="C:\Users\prote\Documents\software-devel\ksf_bank_import\tests\unit\ProcessStatementsRegressionTest.php" line="486" assertions="2" time="0.000551"/>
        <testcase name="test_use_command_pattern_disabled" class="ProcessStatementsRegressionTest" classname="ProcessStatementsRegressionTest" file="C:\Users\prote\Documents\software-devel\ksf_bank_import\tests\unit\ProcessStatementsRegressionTest.php" line="505" assertions="1" time="0.000528"/>
        <testcase name="test_unset_trans_legacy_mode" class="ProcessStatementsRegressionTest" classname="ProcessStatementsRegressionTest" file="C:\Users\prote\Documents\software-devel\ksf_bank_import\tests\unit\ProcessStatementsRegressionTest.php" line="517" assertions="1" time="0.000528"/>
        <testcase name="test_add_customer_legacy_mode" class="ProcessStatementsRegressionTest" classname="ProcessStatementsRegressionTest" file="C:\Users\prote\Documents\software-devel\ksf_bank_import\tests\unit\ProcessStatementsRegressionTest.php" line="530" assertions="1" time="0.000513"/>
        <testcase name="test_add_vendor_legacy_mode" class="ProcessStatementsRegressionTest" classname="ProcessStatementsRegressionTest" file="C:\Users\prote\Documents\software-devel\ksf_bank_import\tests\unit\ProcessStatementsRegressionTest.php" line="543" assertions="1" time="0.001075"/>
        <testcase name="test_toggle_transaction_legacy_mode" class="ProcessStatementsRegressionTest" classname="ProcessStatementsRegressionTest" file="C:\Users\prote\Documents\software-devel\ksf_bank_import\tests\unit\ProcessStatementsRegressionTest.php" line="556" assertions="1" time="0.000621"/>
        <testcase name="test_empty_post_no_actions" class="ProcessStatementsRegressionTest" classname="ProcessStatementsRegressionTest" file="C:\Users\prote\Documents\software-devel\ksf_bank_import\tests\unit\ProcessStatementsRegressionTest.php" line="569" assertions="6" time="0.000812"/>
      </testsuite>
      <testsuite name="Tests\Unit\QfxParserTest" file="C:\Users\prote\Documents\software-devel\ksf_bank_import\tests\unit\QfxParserTest.php" tests="16" assertions="0" errors="16" warnings="0" failures="0" skipped="0" time="0.013026">
        <testcase name="testQfxParserInstantiation" class="Tests\Unit\QfxParserTest" classname="Tests.Unit.QfxParserTest" file="C:\Users\prote\Documents\software-devel\ksf_bank_import\tests\unit\QfxParserTest.php" line="28" assertions="0" time="0.000999">
          <error type="Error">Tests\Unit\QfxParserTest::testQfxParserInstantiation
Error: Class "qfx_parser" not found

C:\Users\prote\Documents\software-devel\ksf_bank_import\tests\unit\QfxParserTest.php:22</error>
        </testcase>
        <testcase name="testQfxParserPropertyDefaults" class="Tests\Unit\QfxParserTest" classname="Tests.Unit.QfxParserTest" file="C:\Users\prote\Documents\software-devel\ksf_bank_import\tests\unit\QfxParserTest.php" line="37" assertions="0" time="0.000647">
          <error type="Error">Tests\Unit\QfxParserTest::testQfxParserPropertyDefaults
Error: Class "qfx_parser" not found

C:\Users\prote\Documents\software-devel\ksf_bank_import\tests\unit\QfxParserTest.php:22</error>
        </testcase>
        <testcase name="testCombineArrayMethod" class="Tests\Unit\QfxParserTest" classname="Tests.Unit.QfxParserTest" file="C:\Users\prote\Documents\software-devel\ksf_bank_import\tests\unit\QfxParserTest.php" line="46" assertions="0" time="0.000623">
          <error type="Error">Tests\Unit\QfxParserTest::testCombineArrayMethod
Error: Class "qfx_parser" not found

C:\Users\prote\Documents\software-devel\ksf_bank_import\tests\unit\QfxParserTest.php:22</error>
        </testcase>
        <testcase name="testCombineArrayWithMismatchedLengths" class="Tests\Unit\QfxParserTest" classname="Tests.Unit.QfxParserTest" file="C:\Users\prote\Documents\software-devel\ksf_bank_import\tests\unit\QfxParserTest.php" line="65" assertions="0" time="0.000886">
          <error type="Error">Tests\Unit\QfxParserTest::testCombineArrayWithMismatchedLengths
Error: Class "qfx_parser" not found

C:\Users\prote\Documents\software-devel\ksf_bank_import\tests\unit\QfxParserTest.php:22</error>
        </testcase>
        <testcase name="testCombineArrayWithEmptyArrays" class="Tests\Unit\QfxParserTest" classname="Tests.Unit.QfxParserTest" file="C:\Users\prote\Documents\software-devel\ksf_bank_import\tests\unit\QfxParserTest.php" line="77" assertions="0" time="0.000595">
          <error type="Error">Tests\Unit\QfxParserTest::testCombineArrayWithEmptyArrays
Error: Class "qfx_parser" not found

C:\Users\prote\Documents\software-devel\ksf_bank_import\tests\unit\QfxParserTest.php:22</error>
        </testcase>
        <testcase name="testParseMethodWithEmptyContent" class="Tests\Unit\QfxParserTest" classname="Tests.Unit.QfxParserTest" file="C:\Users\prote\Documents\software-devel\ksf_bank_import\tests\unit\QfxParserTest.php" line="90" assertions="0" time="0.000698">
          <error type="Error">Tests\Unit\QfxParserTest::testParseMethodWithEmptyContent
Error: Class "qfx_parser" not found

C:\Users\prote\Documents\software-devel\ksf_bank_import\tests\unit\QfxParserTest.php:22</error>
        </testcase>
        <testcase name="testParseMethodWithInvalidContent" class="Tests\Unit\QfxParserTest" classname="Tests.Unit.QfxParserTest" file="C:\Users\prote\Documents\software-devel\ksf_bank_import\tests\unit\QfxParserTest.php" line="101" assertions="0" time="0.000621">
          <error type="Error">Tests\Unit\QfxParserTest::testParseMethodWithInvalidContent
Error: Class "qfx_parser" not found

C:\Users\prote\Documents\software-devel\ksf_bank_import\tests\unit\QfxParserTest.php:22</error>
        </testcase>
        <testcase name="testParseMethodDebugOutput" class="Tests\Unit\QfxParserTest" classname="Tests.Unit.QfxParserTest" file="C:\Users\prote\Documents\software-devel\ksf_bank_import\tests\unit\QfxParserTest.php" line="114" assertions="0" time="0.000715">
          <error type="Error">Tests\Unit\QfxParserTest::testParseMethodDebugOutput
Error: Class "qfx_parser" not found

C:\Users\prote\Documents\software-devel\ksf_bank_import\tests\unit\QfxParserTest.php:22</error>
        </testcase>
        <testcase name="testParseMethodWithStaticData" class="Tests\Unit\QfxParserTest" classname="Tests.Unit.QfxParserTest" file="C:\Users\prote\Documents\software-devel\ksf_bank_import\tests\unit\QfxParserTest.php" line="130" assertions="0" time="0.000622">
          <error type="Error">Tests\Unit\QfxParserTest::testParseMethodWithStaticData
Error: Class "qfx_parser" not found

C:\Users\prote\Documents\software-devel\ksf_bank_import\tests\unit\QfxParserTest.php:22</error>
        </testcase>
        <testcase name="testParserInheritance" class="Tests\Unit\QfxParserTest" classname="Tests.Unit.QfxParserTest" file="C:\Users\prote\Documents\software-devel\ksf_bank_import\tests\unit\QfxParserTest.php" line="146" assertions="0" time="0.001896">
          <error type="Error">Tests\Unit\QfxParserTest::testParserInheritance
Error: Class "qfx_parser" not found

C:\Users\prote\Documents\software-devel\ksf_bank_import\tests\unit\QfxParserTest.php:22</error>
        </testcase>
        <testcase name="testBankFromFileProperty" class="Tests\Unit\QfxParserTest" classname="Tests.Unit.QfxParserTest" file="C:\Users\prote\Documents\software-devel\ksf_bank_import\tests\unit\QfxParserTest.php" line="158" assertions="0" time="0.000650">
          <error type="Error">Tests\Unit\QfxParserTest::testBankFromFileProperty
Error: Class "qfx_parser" not found

C:\Users\prote\Documents\software-devel\ksf_bank_import\tests\unit\QfxParserTest.php:22</error>
        </testcase>
        <testcase name="testBankIdFromFileProperty" class="Tests\Unit\QfxParserTest" classname="Tests.Unit.QfxParserTest" file="C:\Users\prote\Documents\software-devel\ksf_bank_import\tests\unit\QfxParserTest.php" line="171" assertions="0" time="0.000841">
          <error type="Error">Tests\Unit\QfxParserTest::testBankIdFromFileProperty
Error: Class "qfx_parser" not found

C:\Users\prote\Documents\software-devel\ksf_bank_import\tests\unit\QfxParserTest.php:22</error>
        </testcase>
        <testcase name="testParseHandlesOfxFormat" class="Tests\Unit\QfxParserTest" classname="Tests.Unit.QfxParserTest" file="C:\Users\prote\Documents\software-devel\ksf_bank_import\tests\unit\QfxParserTest.php" line="184" assertions="0" time="0.000930">
          <error type="Error">Tests\Unit\QfxParserTest::testParseHandlesOfxFormat
Error: Class "qfx_parser" not found

C:\Users\prote\Documents\software-devel\ksf_bank_import\tests\unit\QfxParserTest.php:22</error>
        </testcase>
        <testcase name="testParseHandlesQfxFormat" class="Tests\Unit\QfxParserTest" classname="Tests.Unit.QfxParserTest" file="C:\Users\prote\Documents\software-devel\ksf_bank_import\tests\unit\QfxParserTest.php" line="214" assertions="0" time="0.001078">
          <error type="Error">Tests\Unit\QfxParserTest::testParseHandlesQfxFormat
Error: Class "qfx_parser" not found

C:\Users\prote\Documents\software-devel\ksf_bank_import\tests\unit\QfxParserTest.php:22</error>
        </testcase>
        <testcase name="testParseMethodWithMalformedXml" class="Tests\Unit\QfxParserTest" classname="Tests.Unit.QfxParserTest" file="C:\Users\prote\Documents\software-devel\ksf_bank_import\tests\unit\QfxParserTest.php" line="241" assertions="0" time="0.000617">
          <error type="Error">Tests\Unit\QfxParserTest::testParseMethodWithMalformedXml
Error: Class "qfx_parser" not found

C:\Users\prote\Documents\software-devel\ksf_bank_import\tests\unit\QfxParserTest.php:22</error>
        </testcase>
        <testcase name="testMultipleParseCalls" class="Tests\Unit\QfxParserTest" classname="Tests.Unit.QfxParserTest" file="C:\Users\prote\Documents\software-devel\ksf_bank_import\tests\unit\QfxParserTest.php" line="254" assertions="0" time="0.000609">
          <error type="Error">Tests\Unit\QfxParserTest::testMultipleParseCalls
Error: Class "qfx_parser" not found

C:\Users\prote\Documents\software-devel\ksf_bank_import\tests\unit\QfxParserTest.php:22</error>
        </testcase>
      </testsuite>
      <testsuite name="Ksfraser\Tests\Unit\QuickEntryDataProviderTest" file="C:\Users\prote\Documents\software-devel\ksf_bank_import\tests\unit\QuickEntryDataProviderTest.php" tests="22" assertions="45" errors="0" warnings="1" failures="0" skipped="0" time="0.018814">
        <testcase name="testConstruction" class="Ksfraser\Tests\Unit\QuickEntryDataProviderTest" classname="Ksfraser.Tests.Unit.QuickEntryDataProviderTest" file="C:\Users\prote\Documents\software-devel\ksf_bank_import\tests\unit\QuickEntryDataProviderTest.php" line="33" assertions="1" time="0.000828"/>
        <testcase name="testGetQuickEntriesReturnsArray" class="Ksfraser\Tests\Unit\QuickEntryDataProviderTest" classname="Ksfraser.Tests.Unit.QuickEntryDataProviderTest" file="C:\Users\prote\Documents\software-devel\ksf_bank_import\tests\unit\QuickEntryDataProviderTest.php" line="39" assertions="1" time="0.000611"/>
        <testcase name="testGetQuickEntriesWithMockData" class="Ksfraser\Tests\Unit\QuickEntryDataProviderTest" classname="Ksfraser.Tests.Unit.QuickEntryDataProviderTest" file="C:\Users\prote\Documents\software-devel\ksf_bank_import\tests\unit\QuickEntryDataProviderTest.php" line="47" assertions="3" time="0.000636"/>
        <testcase name="testGetQuickEntriesForBothTypes" class="Ksfraser\Tests\Unit\QuickEntryDataProviderTest" classname="Ksfraser.Tests.Unit.QuickEntryDataProviderTest" file="C:\Users\prote\Documents\software-devel\ksf_bank_import\tests\unit\QuickEntryDataProviderTest.php" line="64" assertions="4" time="0.000717"/>
        <testcase name="testStaticCachingPreventsDuplicateLoads" class="Ksfraser\Tests\Unit\QuickEntryDataProviderTest" classname="Ksfraser.Tests.Unit.QuickEntryDataProviderTest" file="C:\Users\prote\Documents\software-devel\ksf_bank_import\tests\unit\QuickEntryDataProviderTest.php" line="87" assertions="2" time="0.000782"/>
        <testcase name="testResetCacheClearsStaticCache" class="Ksfraser\Tests\Unit\QuickEntryDataProviderTest" classname="Ksfraser.Tests.Unit.QuickEntryDataProviderTest" file="C:\Users\prote\Documents\software-devel\ksf_bank_import\tests\unit\QuickEntryDataProviderTest.php" line="104" assertions="1" time="0.003489"/>
        <testcase name="testGenerateSelectHtmlReturnsString" class="Ksfraser\Tests\Unit\QuickEntryDataProviderTest" classname="Ksfraser.Tests.Unit.QuickEntryDataProviderTest" file="C:\Users\prote\Documents\software-devel\ksf_bank_import\tests\unit\QuickEntryDataProviderTest.php" line="117" assertions="1" time="0.000815"/>
        <testcase name="testGenerateSelectHtmlContainsFieldName" class="Ksfraser\Tests\Unit\QuickEntryDataProviderTest" classname="Ksfraser.Tests.Unit.QuickEntryDataProviderTest" file="C:\Users\prote\Documents\software-devel\ksf_bank_import\tests\unit\QuickEntryDataProviderTest.php" line="129" assertions="1" time="0.000710"/>
        <testcase name="testGenerateSelectHtmlContainsDescriptions" class="Ksfraser\Tests\Unit\QuickEntryDataProviderTest" classname="Ksfraser.Tests.Unit.QuickEntryDataProviderTest" file="C:\Users\prote\Documents\software-devel\ksf_bank_import\tests\unit\QuickEntryDataProviderTest.php" line="141" assertions="4" time="0.000932"/>
        <testcase name="testGenerateSelectHtmlWithSelectedId" class="Ksfraser\Tests\Unit\QuickEntryDataProviderTest" classname="Ksfraser.Tests.Unit.QuickEntryDataProviderTest" file="C:\Users\prote\Documents\software-devel\ksf_bank_import\tests\unit\QuickEntryDataProviderTest.php" line="157" assertions="2" time="0.001084">
          <warning type="PHPUnit\Framework\Warning">Ksfraser\Tests\Unit\QuickEntryDataProviderTest::testGenerateSelectHtmlWithSelectedId
assertRegExp() is deprecated and will be removed in PHPUnit 10. Refactor your code to use assertMatchesRegularExpression() instead.</warning>
        </testcase>
        <testcase name="testGetQuickEntryDescriptionById" class="Ksfraser\Tests\Unit\QuickEntryDataProviderTest" classname="Ksfraser.Tests.Unit.QuickEntryDataProviderTest" file="C:\Users\prote\Documents\software-devel\ksf_bank_import\tests\unit\QuickEntryDataProviderTest.php" line="171" assertions="1" time="0.000620"/>
        <testcase name="testGetQuickEntryDescriptionByIdReturnsNullForUnknown" class="Ksfraser\Tests\Unit\QuickEntryDataProviderTest" classname="Ksfraser.Tests.Unit.QuickEntryDataProviderTest" file="C:\Users\prote\Documents\software-devel\ksf_bank_import\tests\unit\QuickEntryDataProviderTest.php" line="183" assertions="1" time="0.000581"/>
        <testcase name="testGetQuickEntryCount" class="Ksfraser\Tests\Unit\QuickEntryDataProviderTest" classname="Ksfraser.Tests.Unit.QuickEntryDataProviderTest" file="C:\Users\prote\Documents\software-devel\ksf_bank_import\tests\unit\QuickEntryDataProviderTest.php" line="195" assertions="1" time="0.000565"/>
        <testcase name="testGetQuickEntryCountReturnsZeroWhenEmpty" class="Ksfraser\Tests\Unit\QuickEntryDataProviderTest" classname="Ksfraser.Tests.Unit.QuickEntryDataProviderTest" file="C:\Users\prote\Documents\software-devel\ksf_bank_import\tests\unit\QuickEntryDataProviderTest.php" line="208" assertions="1" time="0.000600"/>
        <testcase name="testIsLoadedReturnsFalseInitially" class="Ksfraser\Tests\Unit\QuickEntryDataProviderTest" classname="Ksfraser.Tests.Unit.QuickEntryDataProviderTest" file="C:\Users\prote\Documents\software-devel\ksf_bank_import\tests\unit\QuickEntryDataProviderTest.php" line="217" assertions="2" time="0.000572"/>
        <testcase name="testIsLoadedReturnsTrueAfterLoading" class="Ksfraser\Tests\Unit\QuickEntryDataProviderTest" classname="Ksfraser.Tests.Unit.QuickEntryDataProviderTest" file="C:\Users\prote\Documents\software-devel\ksf_bank_import\tests\unit\QuickEntryDataProviderTest.php" line="225" assertions="2" time="0.000680"/>
        <testcase name="testMultipleInstancesShareCache" class="Ksfraser\Tests\Unit\QuickEntryDataProviderTest" classname="Ksfraser.Tests.Unit.QuickEntryDataProviderTest" file="C:\Users\prote\Documents\software-devel\ksf_bank_import\tests\unit\QuickEntryDataProviderTest.php" line="236" assertions="4" time="0.000784"/>
        <testcase name="testGenerateSelectHtmlUsesCache" class="Ksfraser\Tests\Unit\QuickEntryDataProviderTest" classname="Ksfraser.Tests.Unit.QuickEntryDataProviderTest" file="C:\Users\prote\Documents\software-devel\ksf_bank_import\tests\unit\QuickEntryDataProviderTest.php" line="252" assertions="1" time="0.000802"/>
        <testcase name="testGetQuickEntryByIdReturnsFullRecord" class="Ksfraser\Tests\Unit\QuickEntryDataProviderTest" classname="Ksfraser.Tests.Unit.QuickEntryDataProviderTest" file="C:\Users\prote\Documents\software-devel\ksf_bank_import\tests\unit\QuickEntryDataProviderTest.php" line="265" assertions="4" time="0.000684"/>
        <testcase name="testGetQuickEntryByIdReturnsNullForUnknown" class="Ksfraser\Tests\Unit\QuickEntryDataProviderTest" classname="Ksfraser.Tests.Unit.QuickEntryDataProviderTest" file="C:\Users\prote\Documents\software-devel\ksf_bank_import\tests\unit\QuickEntryDataProviderTest.php" line="280" assertions="1" time="0.000644"/>
        <testcase name="testGetQuickEntryByIdForWrongType" class="Ksfraser\Tests\Unit\QuickEntryDataProviderTest" classname="Ksfraser.Tests.Unit.QuickEntryDataProviderTest" file="C:\Users\prote\Documents\software-devel\ksf_bank_import\tests\unit\QuickEntryDataProviderTest.php" line="292" assertions="1" time="0.000696"/>
        <testcase name="testIndependentCachingForBothTypes" class="Ksfraser\Tests\Unit\QuickEntryDataProviderTest" classname="Ksfraser.Tests.Unit.QuickEntryDataProviderTest" file="C:\Users\prote\Documents\software-devel\ksf_bank_import\tests\unit\QuickEntryDataProviderTest.php" line="305" assertions="6" time="0.000983"/>
      </testsuite>
      <testsuite name="Tests\Unit\Repository\DatabaseConfigRepositoryTest" file="C:\Users\prote\Documents\software-devel\ksf_bank_import\tests\unit\Repository\DatabaseConfigRepositoryTest.php" tests="1" assertions="4" errors="0" warnings="0" failures="0" skipped="0" time="0.000812">
        <testcase name="testGetLoadsCacheViaInjectedAdapter" class="Tests\Unit\Repository\DatabaseConfigRepositoryTest" classname="Tests.Unit.Repository.DatabaseConfigRepositoryTest" file="C:\Users\prote\Documents\software-devel\ksf_bank_import\tests\unit\Repository\DatabaseConfigRepositoryTest.php" line="11" assertions="4" time="0.000812"/>
      </testsuite>
      <testsuite name="Tests\Unit\Repository\DatabasePartnerDataRepositoryTest" file="C:\Users\prote\Documents\software-devel\ksf_bank_import\tests\unit\Repository\DatabasePartnerDataRepositoryTest.php" tests="1" assertions="3" errors="0" warnings="0" failures="0" skipped="0" time="0.509762">
        <testcase name="testFindByPartnerUsesInjectedAdapterAndHydratesPartnerData" class="Tests\Unit\Repository\DatabasePartnerDataRepositoryTest" classname="Tests.Unit.Repository.DatabasePartnerDataRepositoryTest" file="C:\Users\prote\Documents\software-devel\ksf_bank_import\tests\unit\Repository\DatabasePartnerDataRepositoryTest.php" line="12" assertions="3" time="0.509762"/>
      </testsuite>
      <testsuite name="Tests\Unit\Repository\DatabaseUploadedFileRepositoryTest" file="C:\Users\prote\Documents\software-devel\ksf_bank_import\tests\unit\Repository\DatabaseUploadedFileRepositoryTest.php" tests="2" assertions="3" errors="1" warnings="0" failures="0" skipped="0" time="0.763790">
        <testcase name="testFindByIdUsesInjectedAdapterAndHydratesEntity" class="Tests\Unit\Repository\DatabaseUploadedFileRepositoryTest" classname="Tests.Unit.Repository.DatabaseUploadedFileRepositoryTest" file="C:\Users\prote\Documents\software-devel\ksf_bank_import\tests\unit\Repository\DatabaseUploadedFileRepositoryTest.php" line="12" assertions="3" time="0.762969"/>
        <testcase name="testSaveHandlesNullBankAccountId" class="Tests\Unit\Repository\DatabaseUploadedFileRepositoryTest" classname="Tests.Unit.Repository.DatabaseUploadedFileRepositoryTest" file="C:\Users\prote\Documents\software-devel\ksf_bank_import\tests\unit\Repository\DatabaseUploadedFileRepositoryTest.php" line="69" assertions="0" time="0.000821">
          <error type="TypeError">Tests\Unit\Repository\DatabaseUploadedFileRepositoryTest::testSaveHandlesNullBankAccountId
TypeError: db_escape(): Argument #1 ($value) must be of type string, null given, called in C:\Users\prote\Documents\software-devel\ksf_bank_import\src\Ksfraser\FaBankImport\Repository\DatabaseUploadedFileRepository.php on line 133

C:\Users\prote\Documents\software-devel\ksf_bank_import\vendor\ksfraser\famock\php\FaDbStubs.php:14
C:\Users\prote\Documents\software-devel\ksf_bank_import\src\Ksfraser\FaBankImport\Repository\DatabaseUploadedFileRepository.php:133
C:\Users\prote\Documents\software-devel\ksf_bank_import\tests\unit\Repository\DatabaseUploadedFileRepositoryTest.php:96</error>
        </testcase>
      </testsuite>
      <testsuite name="Ksfraser\Tests\Unit\Repository\LineItemRepositoryTest" file="C:\Users\prote\Documents\software-devel\ksf_bank_import\tests\unit\Repository\LineItemRepositoryTest.php" tests="26" assertions="42" errors="0" warnings="0" failures="0" skipped="0" time="0.591223">
        <testcase name="testRepositoryImplementsInterface" class="Ksfraser\Tests\Unit\Repository\LineItemRepositoryTest" classname="Ksfraser.Tests.Unit.Repository.LineItemRepositoryTest" file="C:\Users\prote\Documents\software-devel\ksf_bank_import\tests\unit\Repository\LineItemRepositoryTest.php" line="104" assertions="1" time="0.224843"/>
        <testcase name="testRepositoryImplementsPrefixedInterface" class="Ksfraser\Tests\Unit\Repository\LineItemRepositoryTest" classname="Ksfraser.Tests.Unit.Repository.LineItemRepositoryTest" file="C:\Users\prote\Documents\software-devel\ksf_bank_import\tests\unit\Repository\LineItemRepositoryTest.php" line="113" assertions="1" time="0.008592"/>
        <testcase name="testConstructorSetsDefaultPrefix" class="Ksfraser\Tests\Unit\Repository\LineItemRepositoryTest" classname="Ksfraser.Tests.Unit.Repository.LineItemRepositoryTest" file="C:\Users\prote\Documents\software-devel\ksf_bank_import\tests\unit\Repository\LineItemRepositoryTest.php" line="122" assertions="1" time="0.011363"/>
        <testcase name="testConstructorAcceptsCustomPrefix" class="Ksfraser\Tests\Unit\Repository\LineItemRepositoryTest" classname="Ksfraser.Tests.Unit.Repository.LineItemRepositoryTest" file="C:\Users\prote\Documents\software-devel\ksf_bank_import\tests\unit\Repository\LineItemRepositoryTest.php" line="131" assertions="1" time="0.012281"/>
        <testcase name="testSetTablePrefix" class="Ksfraser\Tests\Unit\Repository\LineItemRepositoryTest" classname="Ksfraser.Tests.Unit.Repository.LineItemRepositoryTest" file="C:\Users\prote\Documents\software-devel\ksf_bank_import\tests\unit\Repository\LineItemRepositoryTest.php" line="145" assertions="1" time="0.012750"/>
        <testcase name="testGetTableName" class="Ksfraser\Tests\Unit\Repository\LineItemRepositoryTest" classname="Ksfraser.Tests.Unit.Repository.LineItemRepositoryTest" file="C:\Users\prote\Documents\software-devel\ksf_bank_import\tests\unit\Repository\LineItemRepositoryTest.php" line="155" assertions="1" time="0.008167"/>
        <testcase name="testGetFullTableName" class="Ksfraser\Tests\Unit\Repository\LineItemRepositoryTest" classname="Ksfraser.Tests.Unit.Repository.LineItemRepositoryTest" file="C:\Users\prote\Documents\software-devel\ksf_bank_import\tests\unit\Repository\LineItemRepositoryTest.php" line="164" assertions="1" time="0.011313"/>
        <testcase name="testGetFullTableNameWithCustomPrefix" class="Ksfraser\Tests\Unit\Repository\LineItemRepositoryTest" classname="Ksfraser.Tests.Unit.Repository.LineItemRepositoryTest" file="C:\Users\prote\Documents\software-devel\ksf_bank_import\tests\unit\Repository\LineItemRepositoryTest.php" line="173" assertions="1" time="0.010564"/>
        <testcase name="testSaveNewLineItem" class="Ksfraser\Tests\Unit\Repository\LineItemRepositoryTest" classname="Ksfraser.Tests.Unit.Repository.LineItemRepositoryTest" file="C:\Users\prote\Documents\software-devel\ksf_bank_import\tests\unit\Repository\LineItemRepositoryTest.php" line="187" assertions="1" time="0.019934"/>
        <testcase name="testSaveCallsInsertForNewItem" class="Ksfraser\Tests\Unit\Repository\LineItemRepositoryTest" classname="Ksfraser.Tests.Unit.Repository.LineItemRepositoryTest" file="C:\Users\prote\Documents\software-devel\ksf_bank_import\tests\unit\Repository\LineItemRepositoryTest.php" line="202" assertions="1" time="0.032273"/>
        <testcase name="testFindByIdReturnsLineItem" class="Ksfraser\Tests\Unit\Repository\LineItemRepositoryTest" classname="Ksfraser.Tests.Unit.Repository.LineItemRepositoryTest" file="C:\Users\prote\Documents\software-devel\ksf_bank_import\tests\unit\Repository\LineItemRepositoryTest.php" line="222" assertions="2" time="0.013720"/>
        <testcase name="testFindByIdThrowsExceptionWhenNotFound" class="Ksfraser\Tests\Unit\Repository\LineItemRepositoryTest" classname="Ksfraser.Tests.Unit.Repository.LineItemRepositoryTest" file="C:\Users\prote\Documents\software-devel\ksf_bank_import\tests\unit\Repository\LineItemRepositoryTest.php" line="234" assertions="1" time="0.028802"/>
        <testcase name="testFindByTransactionIdReturnsArray" class="Ksfraser\Tests\Unit\Repository\LineItemRepositoryTest" classname="Ksfraser.Tests.Unit.Repository.LineItemRepositoryTest" file="C:\Users\prote\Documents\software-devel\ksf_bank_import\tests\unit\Repository\LineItemRepositoryTest.php" line="263" assertions="3" time="0.012192"/>
        <testcase name="testFindByTransactionIdReturnsEmptyArrayWhenNoneFound" class="Ksfraser\Tests\Unit\Repository\LineItemRepositoryTest" classname="Ksfraser.Tests.Unit.Repository.LineItemRepositoryTest" file="C:\Users\prote\Documents\software-devel\ksf_bank_import\tests\unit\Repository\LineItemRepositoryTest.php" line="276" assertions="2" time="0.015371"/>
        <testcase name="testFindByGLAccountReturnsArray" class="Ksfraser\Tests\Unit\Repository\LineItemRepositoryTest" classname="Ksfraser.Tests.Unit.Repository.LineItemRepositoryTest" file="C:\Users\prote\Documents\software-devel\ksf_bank_import\tests\unit\Repository\LineItemRepositoryTest.php" line="307" assertions="3" time="0.009147"/>
        <testcase name="testFindByGLAccountReturnsEmptyArrayWhenNoneFound" class="Ksfraser\Tests\Unit\Repository\LineItemRepositoryTest" classname="Ksfraser.Tests.Unit.Repository.LineItemRepositoryTest" file="C:\Users\prote\Documents\software-devel\ksf_bank_import\tests\unit\Repository\LineItemRepositoryTest.php" line="320" assertions="2" time="0.012805"/>
        <testcase name="testDeleteSucceeds" class="Ksfraser\Tests\Unit\Repository\LineItemRepositoryTest" classname="Ksfraser.Tests.Unit.Repository.LineItemRepositoryTest" file="C:\Users\prote\Documents\software-devel\ksf_bank_import\tests\unit\Repository\LineItemRepositoryTest.php" line="355" assertions="1" time="0.012492"/>
        <testcase name="testCountReturnsTotal" class="Ksfraser\Tests\Unit\Repository\LineItemRepositoryTest" classname="Ksfraser.Tests.Unit.Repository.LineItemRepositoryTest" file="C:\Users\prote\Documents\software-devel\ksf_bank_import\tests\unit\Repository\LineItemRepositoryTest.php" line="370" assertions="1" time="0.014678"/>
        <testcase name="testCountReturnsZeroWhenEmpty" class="Ksfraser\Tests\Unit\Repository\LineItemRepositoryTest" classname="Ksfraser.Tests.Unit.Repository.LineItemRepositoryTest" file="C:\Users\prote\Documents\software-devel\ksf_bank_import\tests\unit\Repository\LineItemRepositoryTest.php" line="397" assertions="1" time="0.011732"/>
        <testcase name="testGetTotalAmountReturnsSum" class="Ksfraser\Tests\Unit\Repository\LineItemRepositoryTest" classname="Ksfraser.Tests.Unit.Repository.LineItemRepositoryTest" file="C:\Users\prote\Documents\software-devel\ksf_bank_import\tests\unit\Repository\LineItemRepositoryTest.php" line="412" assertions="1" time="0.012877"/>
        <testcase name="testGetTotalAmountForTransactionReturnsSum" class="Ksfraser\Tests\Unit\Repository\LineItemRepositoryTest" classname="Ksfraser.Tests.Unit.Repository.LineItemRepositoryTest" file="C:\Users\prote\Documents\software-devel\ksf_bank_import\tests\unit\Repository\LineItemRepositoryTest.php" line="439" assertions="1" time="0.013675"/>
        <testcase name="testFindByIdThrowsRepositoryExceptionOnDatabaseError" class="Ksfraser\Tests\Unit\Repository\LineItemRepositoryTest" classname="Ksfraser.Tests.Unit.Repository.LineItemRepositoryTest" file="C:\Users\prote\Documents\software-devel\ksf_bank_import\tests\unit\Repository\LineItemRepositoryTest.php" line="473" assertions="1" time="0.042631"/>
        <testcase name="testFindByTransactionIdThrowsRepositoryExceptionOnDatabaseError" class="Ksfraser\Tests\Unit\Repository\LineItemRepositoryTest" classname="Ksfraser.Tests.Unit.Repository.LineItemRepositoryTest" file="C:\Users\prote\Documents\software-devel\ksf_bank_import\tests\unit\Repository\LineItemRepositoryTest.php" line="487" assertions="1" time="0.009377"/>
        <testcase name="testDeleteThrowsRepositoryExceptionOnDatabaseError" class="Ksfraser\Tests\Unit\Repository\LineItemRepositoryTest" classname="Ksfraser.Tests.Unit.Repository.LineItemRepositoryTest" file="C:\Users\prote\Documents\software-devel\ksf_bank_import\tests\unit\Repository\LineItemRepositoryTest.php" line="501" assertions="1" time="0.009759"/>
        <testcase name="testFindByIdMapsAllProperties" class="Ksfraser\Tests\Unit\Repository\LineItemRepositoryTest" classname="Ksfraser.Tests.Unit.Repository.LineItemRepositoryTest" file="C:\Users\prote\Documents\software-devel\ksf_bank_import\tests\unit\Repository\LineItemRepositoryTest.php" line="519" assertions="8" time="0.009522"/>
        <testcase name="testFindByTransactionIdMapsAll" class="Ksfraser\Tests\Unit\Repository\LineItemRepositoryTest" classname="Ksfraser.Tests.Unit.Repository.LineItemRepositoryTest" file="C:\Users\prote\Documents\software-devel\ksf_bank_import\tests\unit\Repository\LineItemRepositoryTest.php" line="537" assertions="3" time="0.010363"/>
      </testsuite>
      <testsuite name="Ksfraser\Tests\Unit\Repository\StatementRepositoryTest" file="C:\Users\prote\Documents\software-devel\ksf_bank_import\tests\unit\Repository\StatementRepositoryTest.php" tests="45" assertions="62" errors="5" warnings="0" failures="8" skipped="0" time="0.402761">
        <testcase name="testRepositoryImplementsInterface" class="Ksfraser\Tests\Unit\Repository\StatementRepositoryTest" classname="Ksfraser.Tests.Unit.Repository.StatementRepositoryTest" file="C:\Users\prote\Documents\software-devel\ksf_bank_import\tests\unit\Repository\StatementRepositoryTest.php" line="127" assertions="1" time="0.078675"/>
        <testcase name="testRepositoryAcceptsPdoConnection" class="Ksfraser\Tests\Unit\Repository\StatementRepositoryTest" classname="Ksfraser.Tests.Unit.Repository.StatementRepositoryTest" file="C:\Users\prote\Documents\software-devel\ksf_bank_import\tests\unit\Repository\StatementRepositoryTest.php" line="136" assertions="1" time="0.004807"/>
        <testcase name="testSaveNewStatementReturnsId" class="Ksfraser\Tests\Unit\Repository\StatementRepositoryTest" classname="Ksfraser.Tests.Unit.Repository.StatementRepositoryTest" file="C:\Users\prote\Documents\software-devel\ksf_bank_import\tests\unit\Repository\StatementRepositoryTest.php" line="151" assertions="2" time="0.032261"/>
        <testcase name="testSaveStatementPersistsToDatabase" class="Ksfraser\Tests\Unit\Repository\StatementRepositoryTest" classname="Ksfraser.Tests.Unit.Repository.StatementRepositoryTest" file="C:\Users\prote\Documents\software-devel\ksf_bank_import\tests\unit\Repository\StatementRepositoryTest.php" line="173" assertions="2" time="0.005867"/>
        <testcase name="testSaveReturnsIdNotEntity" class="Ksfraser\Tests\Unit\Repository\StatementRepositoryTest" classname="Ksfraser.Tests.Unit.Repository.StatementRepositoryTest" file="C:\Users\prote\Documents\software-devel\ksf_bank_import\tests\unit\Repository\StatementRepositoryTest.php" line="195" assertions="2" time="0.005352"/>
        <testcase name="testSaveThrowsExceptionForMissingBankId" class="Ksfraser\Tests\Unit\Repository\StatementRepositoryTest" classname="Ksfraser.Tests.Unit.Repository.StatementRepositoryTest" file="C:\Users\prote\Documents\software-devel\ksf_bank_import\tests\unit\Repository\StatementRepositoryTest.php" line="217" assertions="1" time="0.036827"/>
        <testcase name="testSaveThrowsExceptionForMissingAcctId" class="Ksfraser\Tests\Unit\Repository\StatementRepositoryTest" classname="Ksfraser.Tests.Unit.Repository.StatementRepositoryTest" file="C:\Users\prote\Documents\software-devel\ksf_bank_import\tests\unit\Repository\StatementRepositoryTest.php" line="236" assertions="1" time="0.005060"/>
        <testcase name="testFindByIdReturnsStatementEntity" class="Ksfraser\Tests\Unit\Repository\StatementRepositoryTest" classname="Ksfraser.Tests.Unit.Repository.StatementRepositoryTest" file="C:\Users\prote\Documents\software-devel\ksf_bank_import\tests\unit\Repository\StatementRepositoryTest.php" line="259" assertions="2" time="0.005440"/>
        <testcase name="testFindByIdThrowsEntityNotFoundExceptionForMissingId" class="Ksfraser\Tests\Unit\Repository\StatementRepositoryTest" classname="Ksfraser.Tests.Unit.Repository.StatementRepositoryTest" file="C:\Users\prote\Documents\software-devel\ksf_bank_import\tests\unit\Repository\StatementRepositoryTest.php" line="271" assertions="1" time="0.005801">
          <failure type="PHPUnit\Framework\ExpectationFailedException">Ksfraser\Tests\Unit\Repository\StatementRepositoryTest::testFindByIdThrowsEntityNotFoundExceptionForMissingId
Failed asserting that exception of type "Ksfraser\FaBankImport\Shared\Exceptions\EntityNotFoundException" is thrown.</failure>
        </testcase>
        <testcase name="testFindByIdReturnsCorrectStatementData" class="Ksfraser\Tests\Unit\Repository\StatementRepositoryTest" classname="Ksfraser.Tests.Unit.Repository.StatementRepositoryTest" file="C:\Users\prote\Documents\software-devel\ksf_bank_import\tests\unit\Repository\StatementRepositoryTest.php" line="281" assertions="2" time="0.005543"/>
        <testcase name="testFindByBankIdReturnsArrayOfStatements" class="Ksfraser\Tests\Unit\Repository\StatementRepositoryTest" classname="Ksfraser.Tests.Unit.Repository.StatementRepositoryTest" file="C:\Users\prote\Documents\software-devel\ksf_bank_import\tests\unit\Repository\StatementRepositoryTest.php" line="297" assertions="1" time="0.006439"/>
        <testcase name="testFindByBankIdReturnsEmptyArrayForNoMatches" class="Ksfraser\Tests\Unit\Repository\StatementRepositoryTest" classname="Ksfraser.Tests.Unit.Repository.StatementRepositoryTest" file="C:\Users\prote\Documents\software-devel\ksf_bank_import\tests\unit\Repository\StatementRepositoryTest.php" line="308" assertions="2" time="0.004921">
          <failure type="PHPUnit\Framework\ExpectationFailedException">Ksfraser\Tests\Unit\Repository\StatementRepositoryTest::testFindByBankIdReturnsEmptyArrayForNoMatches
Failed asserting that an array is empty.

C:\Users\prote\Documents\software-devel\ksf_bank_import\tests\unit\Repository\StatementRepositoryTest.php:313</failure>
        </testcase>
        <testcase name="testFindByBankIdReturnsOnlyMatchingStatements" class="Ksfraser\Tests\Unit\Repository\StatementRepositoryTest" classname="Ksfraser.Tests.Unit.Repository.StatementRepositoryTest" file="C:\Users\prote\Documents\software-devel\ksf_bank_import\tests\unit\Repository\StatementRepositoryTest.php" line="320" assertions="2" time="0.005873"/>
        <testcase name="testFindByAcctIdReturnsStatements" class="Ksfraser\Tests\Unit\Repository\StatementRepositoryTest" classname="Ksfraser.Tests.Unit.Repository.StatementRepositoryTest" file="C:\Users\prote\Documents\software-devel\ksf_bank_import\tests\unit\Repository\StatementRepositoryTest.php" line="338" assertions="1" time="0.006616"/>
        <testcase name="testFindByAcctIdReturnsEmptyArrayForNoMatches" class="Ksfraser\Tests\Unit\Repository\StatementRepositoryTest" classname="Ksfraser.Tests.Unit.Repository.StatementRepositoryTest" file="C:\Users\prote\Documents\software-devel\ksf_bank_import\tests\unit\Repository\StatementRepositoryTest.php" line="349" assertions="2" time="0.004902">
          <failure type="PHPUnit\Framework\ExpectationFailedException">Ksfraser\Tests\Unit\Repository\StatementRepositoryTest::testFindByAcctIdReturnsEmptyArrayForNoMatches
Failed asserting that an array is empty.

C:\Users\prote\Documents\software-devel\ksf_bank_import\tests\unit\Repository\StatementRepositoryTest.php:354</failure>
        </testcase>
        <testcase name="testFindByAcctIdSupportsLimit" class="Ksfraser\Tests\Unit\Repository\StatementRepositoryTest" classname="Ksfraser.Tests.Unit.Repository.StatementRepositoryTest" file="C:\Users\prote\Documents\software-devel\ksf_bank_import\tests\unit\Repository\StatementRepositoryTest.php" line="361" assertions="1" time="0.006472"/>
        <testcase name="testFindByDateRangeReturnsStatements" class="Ksfraser\Tests\Unit\Repository\StatementRepositoryTest" classname="Ksfraser.Tests.Unit.Repository.StatementRepositoryTest" file="C:\Users\prote\Documents\software-devel\ksf_bank_import\tests\unit\Repository\StatementRepositoryTest.php" line="376" assertions="1" time="0.006246"/>
        <testcase name="testFindByDateRangeReturnsEmptyArrayForOutOfRange" class="Ksfraser\Tests\Unit\Repository\StatementRepositoryTest" classname="Ksfraser.Tests.Unit.Repository.StatementRepositoryTest" file="C:\Users\prote\Documents\software-devel\ksf_bank_import\tests\unit\Repository\StatementRepositoryTest.php" line="390" assertions="2" time="0.005512">
          <failure type="PHPUnit\Framework\ExpectationFailedException">Ksfraser\Tests\Unit\Repository\StatementRepositoryTest::testFindByDateRangeReturnsEmptyArrayForOutOfRange
Failed asserting that an array is empty.

C:\Users\prote\Documents\software-devel\ksf_bank_import\tests\unit\Repository\StatementRepositoryTest.php:398</failure>
        </testcase>
        <testcase name="testFindByDateRangeSupportsLimit" class="Ksfraser\Tests\Unit\Repository\StatementRepositoryTest" classname="Ksfraser.Tests.Unit.Repository.StatementRepositoryTest" file="C:\Users\prote\Documents\software-devel\ksf_bank_import\tests\unit\Repository\StatementRepositoryTest.php" line="405" assertions="1" time="0.005474"/>
        <testcase name="testUpdateStatementUpdatesDatabaseRecord" class="Ksfraser\Tests\Unit\Repository\StatementRepositoryTest" classname="Ksfraser.Tests.Unit.Repository.StatementRepositoryTest" file="C:\Users\prote\Documents\software-devel\ksf_bank_import\tests\unit\Repository\StatementRepositoryTest.php" line="424" assertions="2" time="0.004910"/>
        <testcase name="testUpdateReturnsId" class="Ksfraser\Tests\Unit\Repository\StatementRepositoryTest" classname="Ksfraser.Tests.Unit.Repository.StatementRepositoryTest" file="C:\Users\prote\Documents\software-devel\ksf_bank_import\tests\unit\Repository\StatementRepositoryTest.php" line="453" assertions="2" time="0.008488"/>
        <testcase name="testUpdateThrowsExceptionIfTransactionNotFound" class="Ksfraser\Tests\Unit\Repository\StatementRepositoryTest" classname="Ksfraser.Tests.Unit.Repository.StatementRepositoryTest" file="C:\Users\prote\Documents\software-devel\ksf_bank_import\tests\unit\Repository\StatementRepositoryTest.php" line="481" assertions="1" time="0.004458"/>
        <testcase name="testDeleteRemovesStatementFromRepository" class="Ksfraser\Tests\Unit\Repository\StatementRepositoryTest" classname="Ksfraser.Tests.Unit.Repository.StatementRepositoryTest" file="C:\Users\prote\Documents\software-devel\ksf_bank_import\tests\unit\Repository\StatementRepositoryTest.php" line="507" assertions="0" time="0.006018">
          <error type="Ksfraser\FaBankImport\Shared\Exceptions\EntityNotFoundException">Ksfraser\Tests\Unit\Repository\StatementRepositoryTest::testDeleteRemovesStatementFromRepository
Ksfraser\FaBankImport\Shared\Exceptions\EntityNotFoundException: Statement with ID 1 not found

C:\Users\prote\Documents\software-devel\ksf_bank_import\app\Shared\Repositories\StatementRepository.php:359
C:\Users\prote\Documents\software-devel\ksf_bank_import\tests\unit\Repository\StatementRepositoryTest.php:509</error>
        </testcase>
        <testcase name="testDeleteThrowsExceptionIfNotFound" class="Ksfraser\Tests\Unit\Repository\StatementRepositoryTest" classname="Ksfraser.Tests.Unit.Repository.StatementRepositoryTest" file="C:\Users\prote\Documents\software-devel\ksf_bank_import\tests\unit\Repository\StatementRepositoryTest.php" line="519" assertions="1" time="0.008870"/>
        <testcase name="testBulkInsertReturnsArrayOfIds" class="Ksfraser\Tests\Unit\Repository\StatementRepositoryTest" classname="Ksfraser.Tests.Unit.Repository.StatementRepositoryTest" file="C:\Users\prote\Documents\software-devel\ksf_bank_import\tests\unit\Repository\StatementRepositoryTest.php" line="533" assertions="0" time="0.005711">
          <error type="TypeError">Ksfraser\Tests\Unit\Repository\StatementRepositoryTest::testBulkInsertReturnsArrayOfIds
TypeError: Ksfraser\FaBankImport\Shared\Entities\BiStatement::create(): Argument #3 ($statementId) must be of type string, DateTime given, called in C:\Users\prote\Documents\software-devel\ksf_bank_import\tests\unit\Repository\StatementRepositoryTest.php on line 536

C:\Users\prote\Documents\software-devel\ksf_bank_import\src\Ksfraser\FaBankImport\Shared\Entities\BiStatement.php:83
C:\Users\prote\Documents\software-devel\ksf_bank_import\tests\unit\Repository\StatementRepositoryTest.php:536</error>
        </testcase>
        <testcase name="testBulkInsertEmptyArrayReturnsEmpty" class="Ksfraser\Tests\Unit\Repository\StatementRepositoryTest" classname="Ksfraser.Tests.Unit.Repository.StatementRepositoryTest" file="C:\Users\prote\Documents\software-devel\ksf_bank_import\tests\unit\Repository\StatementRepositoryTest.php" line="550" assertions="2" time="0.008660"/>
        <testcase name="testBulkInsertRollsBackOnError" class="Ksfraser\Tests\Unit\Repository\StatementRepositoryTest" classname="Ksfraser.Tests.Unit.Repository.StatementRepositoryTest" file="C:\Users\prote\Documents\software-devel\ksf_bank_import\tests\unit\Repository\StatementRepositoryTest.php" line="562" assertions="1" time="0.007416">
          <failure type="PHPUnit\Framework\ExpectationFailedException">Ksfraser\Tests\Unit\Repository\StatementRepositoryTest::testBulkInsertRollsBackOnError
Failed asserting that exception of type "TypeError" matches expected exception "Ksfraser\FaBankImport\Shared\Exceptions\RepositoryException". Message was: "Ksfraser\FaBankImport\Shared\Entities\BiStatement::create(): Argument #3 ($statementId) must be of type string, DateTime given, called in C:\Users\prote\Documents\software-devel\ksf_bank_import\tests\unit\Repository\StatementRepositoryTest.php on line 569" at
C:\Users\prote\Documents\software-devel\ksf_bank_import\src\Ksfraser\FaBankImport\Shared\Entities\BiStatement.php:83
C:\Users\prote\Documents\software-devel\ksf_bank_import\tests\unit\Repository\StatementRepositoryTest.php:569
.</failure>
        </testcase>
        <testcase name="testFindByStatusReturnsFilteredStatements" class="Ksfraser\Tests\Unit\Repository\StatementRepositoryTest" classname="Ksfraser.Tests.Unit.Repository.StatementRepositoryTest" file="C:\Users\prote\Documents\software-devel\ksf_bank_import\tests\unit\Repository\StatementRepositoryTest.php" line="583" assertions="1" time="0.005256"/>
        <testcase name="testFindByStatusOnlyReturnsMatchingStatus" class="Ksfraser\Tests\Unit\Repository\StatementRepositoryTest" classname="Ksfraser.Tests.Unit.Repository.StatementRepositoryTest" file="C:\Users\prote\Documents\software-devel\ksf_bank_import\tests\unit\Repository\StatementRepositoryTest.php" line="594" assertions="1" time="0.006110">
          <error type="Error">Ksfraser\Tests\Unit\Repository\StatementRepositoryTest::testFindByStatusOnlyReturnsMatchingStatus
Error: Call to undefined method Ksfraser\FaBankImport\Shared\Entities\BiStatement::getStatus()

C:\Users\prote\Documents\software-devel\ksf_bank_import\tests\unit\Repository\StatementRepositoryTest.php:600</error>
        </testcase>
        <testcase name="testFindUnprocessedReturnsStatements" class="Ksfraser\Tests\Unit\Repository\StatementRepositoryTest" classname="Ksfraser.Tests.Unit.Repository.StatementRepositoryTest" file="C:\Users\prote\Documents\software-devel\ksf_bank_import\tests\unit\Repository\StatementRepositoryTest.php" line="608" assertions="1" time="0.006227"/>
        <testcase name="testFindProcessedReturnsStatements" class="Ksfraser\Tests\Unit\Repository\StatementRepositoryTest" classname="Ksfraser.Tests.Unit.Repository.StatementRepositoryTest" file="C:\Users\prote\Documents\software-devel\ksf_bank_import\tests\unit\Repository\StatementRepositoryTest.php" line="619" assertions="1" time="0.005469"/>
        <testcase name="testCountReturnsIntegerCount" class="Ksfraser\Tests\Unit\Repository\StatementRepositoryTest" classname="Ksfraser.Tests.Unit.Repository.StatementRepositoryTest" file="C:\Users\prote\Documents\software-devel\ksf_bank_import\tests\unit\Repository\StatementRepositoryTest.php" line="634" assertions="3" time="0.006744"/>
        <testcase name="testCountByStatusReturnsCount" class="Ksfraser\Tests\Unit\Repository\StatementRepositoryTest" classname="Ksfraser.Tests.Unit.Repository.StatementRepositoryTest" file="C:\Users\prote\Documents\software-devel\ksf_bank_import\tests\unit\Repository\StatementRepositoryTest.php" line="646" assertions="3" time="0.005528"/>
        <testcase name="testFindByIdThrowsRepositoryExceptionOnDatabaseError" class="Ksfraser\Tests\Unit\Repository\StatementRepositoryTest" classname="Ksfraser.Tests.Unit.Repository.StatementRepositoryTest" file="C:\Users\prote\Documents\software-devel\ksf_bank_import\tests\unit\Repository\StatementRepositoryTest.php" line="662" assertions="1" time="0.005373">
          <failure type="PHPUnit\Framework\ExpectationFailedException">Ksfraser\Tests\Unit\Repository\StatementRepositoryTest::testFindByIdThrowsRepositoryExceptionOnDatabaseError
Failed asserting that exception of type "Ksfraser\FaBankImport\Shared\Exceptions\RepositoryException" is thrown.</failure>
        </testcase>
        <testcase name="testSaveThrowsRepositoryExceptionOnDatabaseError" class="Ksfraser\Tests\Unit\Repository\StatementRepositoryTest" classname="Ksfraser.Tests.Unit.Repository.StatementRepositoryTest" file="C:\Users\prote\Documents\software-devel\ksf_bank_import\tests\unit\Repository\StatementRepositoryTest.php" line="673" assertions="1" time="0.006017">
          <failure type="PHPUnit\Framework\ExpectationFailedException">Ksfraser\Tests\Unit\Repository\StatementRepositoryTest::testSaveThrowsRepositoryExceptionOnDatabaseError
Failed asserting that exception of type "TypeError" matches expected exception "Ksfraser\FaBankImport\Shared\Exceptions\RepositoryException". Message was: "Ksfraser\FaBankImport\Shared\Entities\BiStatement::create(): Argument #3 ($statementId) must be of type string, DateTime given, called in C:\Users\prote\Documents\software-devel\ksf_bank_import\tests\unit\Repository\StatementRepositoryTest.php on line 677" at
C:\Users\prote\Documents\software-devel\ksf_bank_import\src\Ksfraser\FaBankImport\Shared\Entities\BiStatement.php:83
C:\Users\prote\Documents\software-devel\ksf_bank_import\tests\unit\Repository\StatementRepositoryTest.php:677
.</failure>
        </testcase>
        <testcase name="testUpdateThrowsRepositoryExceptionOnDatabaseError" class="Ksfraser\Tests\Unit\Repository\StatementRepositoryTest" classname="Ksfraser.Tests.Unit.Repository.StatementRepositoryTest" file="C:\Users\prote\Documents\software-devel\ksf_bank_import\tests\unit\Repository\StatementRepositoryTest.php" line="685" assertions="1" time="0.008978">
          <failure type="PHPUnit\Framework\ExpectationFailedException">Ksfraser\Tests\Unit\Repository\StatementRepositoryTest::testUpdateThrowsRepositoryExceptionOnDatabaseError
Failed asserting that exception of type "TypeError" matches expected exception "Ksfraser\FaBankImport\Shared\Exceptions\RepositoryException". Message was: "Ksfraser\FaBankImport\Shared\Entities\BiStatement::create(): Argument #3 ($statementId) must be of type string, DateTime given, called in C:\Users\prote\Documents\software-devel\ksf_bank_import\tests\unit\Repository\StatementRepositoryTest.php on line 689" at
C:\Users\prote\Documents\software-devel\ksf_bank_import\src\Ksfraser\FaBankImport\Shared\Entities\BiStatement.php:83
C:\Users\prote\Documents\software-devel\ksf_bank_import\tests\unit\Repository\StatementRepositoryTest.php:689
.</failure>
        </testcase>
        <testcase name="testFindByDateRangeCompletesBelowThreshold" class="Ksfraser\Tests\Unit\Repository\StatementRepositoryTest" classname="Ksfraser.Tests.Unit.Repository.StatementRepositoryTest" file="C:\Users\prote\Documents\software-devel\ksf_bank_import\tests\unit\Repository\StatementRepositoryTest.php" line="706" assertions="1" time="0.005560"/>
        <testcase name="testBulkInsertCompletesBelowThreshold" class="Ksfraser\Tests\Unit\Repository\StatementRepositoryTest" classname="Ksfraser.Tests.Unit.Repository.StatementRepositoryTest" file="C:\Users\prote\Documents\software-devel\ksf_bank_import\tests\unit\Repository\StatementRepositoryTest.php" line="721" assertions="0" time="0.004212">
          <error type="TypeError">Ksfraser\Tests\Unit\Repository\StatementRepositoryTest::testBulkInsertCompletesBelowThreshold
TypeError: Ksfraser\FaBankImport\Shared\Entities\BiStatement::create(): Argument #3 ($statementId) must be of type string, DateTime given, called in C:\Users\prote\Documents\software-devel\ksf_bank_import\tests\unit\Repository\StatementRepositoryTest.php on line 724

C:\Users\prote\Documents\software-devel\ksf_bank_import\src\Ksfraser\FaBankImport\Shared\Entities\BiStatement.php:83
C:\Users\prote\Documents\software-devel\ksf_bank_import\tests\unit\Repository\StatementRepositoryTest.php:724
C:\Users\prote\Documents\software-devel\ksf_bank_import\tests\unit\Repository\StatementRepositoryTest.php:723</error>
        </testcase>
        <testcase name="testFindByFilterCombinesMultipleCriteria" class="Ksfraser\Tests\Unit\Repository\StatementRepositoryTest" classname="Ksfraser.Tests.Unit.Repository.StatementRepositoryTest" file="C:\Users\prote\Documents\software-devel\ksf_bank_import\tests\unit\Repository\StatementRepositoryTest.php" line="745" assertions="1" time="0.005956"/>
        <testcase name="testFindWithPaginationOffsetsCorrectly" class="Ksfraser\Tests\Unit\Repository\StatementRepositoryTest" classname="Ksfraser.Tests.Unit.Repository.StatementRepositoryTest" file="C:\Users\prote\Documents\software-devel\ksf_bank_import\tests\unit\Repository\StatementRepositoryTest.php" line="756" assertions="2" time="0.006364"/>
        <testcase name="testFindByDateRangeSortsResultsCorrectly" class="Ksfraser\Tests\Unit\Repository\StatementRepositoryTest" classname="Ksfraser.Tests.Unit.Repository.StatementRepositoryTest" file="C:\Users\prote\Documents\software-devel\ksf_bank_import\tests\unit\Repository\StatementRepositoryTest.php" line="769" assertions="1" time="0.006493"/>
        <testcase name="testRoundTripCreateReadVerify" class="Ksfraser\Tests\Unit\Repository\StatementRepositoryTest" classname="Ksfraser.Tests.Unit.Repository.StatementRepositoryTest" file="C:\Users\prote\Documents\software-devel\ksf_bank_import\tests\unit\Repository\StatementRepositoryTest.php" line="785" assertions="2" time="0.006763"/>
        <testcase name="testUpdatePreservesImmutabilityViaNewEntity" class="Ksfraser\Tests\Unit\Repository\StatementRepositoryTest" classname="Ksfraser.Tests.Unit.Repository.StatementRepositoryTest" file="C:\Users\prote\Documents\software-devel\ksf_bank_import\tests\unit\Repository\StatementRepositoryTest.php" line="812" assertions="0" time="0.005666">
          <error type="TypeError">Ksfraser\Tests\Unit\Repository\StatementRepositoryTest::testUpdatePreservesImmutabilityViaNewEntity
TypeError: Ksfraser\FaBankImport\Shared\Entities\BiStatement::create(): Argument #3 ($statementId) must be of type string, DateTime given, called in C:\Users\prote\Documents\software-devel\ksf_bank_import\tests\unit\Repository\StatementRepositoryTest.php on line 818

C:\Users\prote\Documents\software-devel\ksf_bank_import\src\Ksfraser\FaBankImport\Shared\Entities\BiStatement.php:83
C:\Users\prote\Documents\software-devel\ksf_bank_import\tests\unit\Repository\StatementRepositoryTest.php:818</error>
        </testcase>
        <testcase name="testStatementFieldsCorrectlyMapped" class="Ksfraser\Tests\Unit\Repository\StatementRepositoryTest" classname="Ksfraser.Tests.Unit.Repository.StatementRepositoryTest" file="C:\Users\prote\Documents\software-devel\ksf_bank_import\tests\unit\Repository\StatementRepositoryTest.php" line="834" assertions="3" time="0.007574"/>
        <testcase name="testBankAccountMappingPreservesIntegrity" class="Ksfraser\Tests\Unit\Repository\StatementRepositoryTest" classname="Ksfraser.Tests.Unit.Repository.StatementRepositoryTest" file="C:\Users\prote\Documents\software-devel\ksf_bank_import\tests\unit\Repository\StatementRepositoryTest.php" line="847" assertions="2" time="0.005853"/>
      </testsuite>
      <testsuite name="Ksfraser\Tests\Unit\Repository\TransactionRepositorySimpleTest" file="C:\Users\prote\Documents\software-devel\ksf_bank_import\tests\unit\Repository\TransactionRepositorySimpleTest.php" tests="1" assertions="3" errors="0" warnings="0" failures="0" skipped="0" time="0.079279">
        <testcase name="testMockPdoPrepareReturnsStatement" class="Ksfraser\Tests\Unit\Repository\TransactionRepositorySimpleTest" classname="Ksfraser.Tests.Unit.Repository.TransactionRepositorySimpleTest" file="C:\Users\prote\Documents\software-devel\ksf_bank_import\tests\unit\Repository\TransactionRepositorySimpleTest.php" line="16" assertions="3" time="0.079279"/>
      </testsuite>
      <testsuite name="Ksfraser\Tests\Unit\Repository\TransactionRepositoryTest" file="C:\Users\prote\Documents\software-devel\ksf_bank_import\tests\unit\Repository\TransactionRepositoryTest.php" tests="40" assertions="44" errors="10" warnings="0" failures="9" skipped="3" time="0.380943">
        <testcase name="testRepositoryImplementsInterface" class="Ksfraser\Tests\Unit\Repository\TransactionRepositoryTest" classname="Ksfraser.Tests.Unit.Repository.TransactionRepositoryTest" file="C:\Users\prote\Documents\software-devel\ksf_bank_import\tests\unit\Repository\TransactionRepositoryTest.php" line="94" assertions="1" time="0.006438"/>
        <testcase name="testRepositoryAcceptsPdoConnection" class="Ksfraser\Tests\Unit\Repository\TransactionRepositoryTest" classname="Ksfraser.Tests.Unit.Repository.TransactionRepositoryTest" file="C:\Users\prote\Documents\software-devel\ksf_bank_import\tests\unit\Repository\TransactionRepositoryTest.php" line="103" assertions="1" time="0.008797"/>
        <testcase name="testSaveNewTransactionReturnsEntityWithId" class="Ksfraser\Tests\Unit\Repository\TransactionRepositoryTest" classname="Ksfraser.Tests.Unit.Repository.TransactionRepositoryTest" file="C:\Users\prote\Documents\software-devel\ksf_bank_import\tests\unit\Repository\TransactionRepositoryTest.php" line="118" assertions="2" time="0.007280"/>
        <testcase name="testSaveTransactionPersistsToDatabase" class="Ksfraser\Tests\Unit\Repository\TransactionRepositoryTest" classname="Ksfraser.Tests.Unit.Repository.TransactionRepositoryTest" file="C:\Users\prote\Documents\software-devel\ksf_bank_import\tests\unit\Repository\TransactionRepositoryTest.php" line="138" assertions="2" time="0.010406"/>
        <testcase name="testSaveReturnsIdNotEntity" class="Ksfraser\Tests\Unit\Repository\TransactionRepositoryTest" classname="Ksfraser.Tests.Unit.Repository.TransactionRepositoryTest" file="C:\Users\prote\Documents\software-devel\ksf_bank_import\tests\unit\Repository\TransactionRepositoryTest.php" line="159" assertions="2" time="0.009431"/>
        <testcase name="testSaveThrowsExceptionForMissingFitId" class="Ksfraser\Tests\Unit\Repository\TransactionRepositoryTest" classname="Ksfraser.Tests.Unit.Repository.TransactionRepositoryTest" file="C:\Users\prote\Documents\software-devel\ksf_bank_import\tests\unit\Repository\TransactionRepositoryTest.php" line="181" assertions="1" time="0.054037"/>
        <testcase name="testSaveThrowsExceptionForMissingAcctId" class="Ksfraser\Tests\Unit\Repository\TransactionRepositoryTest" classname="Ksfraser.Tests.Unit.Repository.TransactionRepositoryTest" file="C:\Users\prote\Documents\software-devel\ksf_bank_import\tests\unit\Repository\TransactionRepositoryTest.php" line="199" assertions="1" time="0.008889"/>
        <testcase name="testFindByIdReturnsTransactionEntity" class="Ksfraser\Tests\Unit\Repository\TransactionRepositoryTest" classname="Ksfraser.Tests.Unit.Repository.TransactionRepositoryTest" file="C:\Users\prote\Documents\software-devel\ksf_bank_import\tests\unit\Repository\TransactionRepositoryTest.php" line="220" assertions="2" time="0.007352"/>
        <testcase name="testFindByIdThrowsEntityNotFoundExceptionForMissingId" class="Ksfraser\Tests\Unit\Repository\TransactionRepositoryTest" classname="Ksfraser.Tests.Unit.Repository.TransactionRepositoryTest" file="C:\Users\prote\Documents\software-devel\ksf_bank_import\tests\unit\Repository\TransactionRepositoryTest.php" line="232" assertions="1" time="0.009200">
          <failure type="PHPUnit\Framework\ExpectationFailedException">Ksfraser\Tests\Unit\Repository\TransactionRepositoryTest::testFindByIdThrowsEntityNotFoundExceptionForMissingId
Failed asserting that exception of type "Ksfraser\FaBankImport\Shared\Exceptions\EntityNotFoundException" is thrown.</failure>
        </testcase>
        <testcase name="testFindByIdReturnsCorrectTransactionData" class="Ksfraser\Tests\Unit\Repository\TransactionRepositoryTest" classname="Ksfraser.Tests.Unit.Repository.TransactionRepositoryTest" file="C:\Users\prote\Documents\software-devel\ksf_bank_import\tests\unit\Repository\TransactionRepositoryTest.php" line="242" assertions="2" time="0.010196"/>
        <testcase name="testFindByCodeReturnsArrayOfTransactions" class="Ksfraser\Tests\Unit\Repository\TransactionRepositoryTest" classname="Ksfraser.Tests.Unit.Repository.TransactionRepositoryTest" file="C:\Users\prote\Documents\software-devel\ksf_bank_import\tests\unit\Repository\TransactionRepositoryTest.php" line="258" assertions="1" time="0.009785"/>
        <testcase name="testFindByCodeReturnsEmptyArrayForNoMatches" class="Ksfraser\Tests\Unit\Repository\TransactionRepositoryTest" classname="Ksfraser.Tests.Unit.Repository.TransactionRepositoryTest" file="C:\Users\prote\Documents\software-devel\ksf_bank_import\tests\unit\Repository\TransactionRepositoryTest.php" line="269" assertions="2" time="0.006981">
          <failure type="PHPUnit\Framework\ExpectationFailedException">Ksfraser\Tests\Unit\Repository\TransactionRepositoryTest::testFindByCodeReturnsEmptyArrayForNoMatches
Failed asserting that an array is empty.

C:\Users\prote\Documents\software-devel\ksf_bank_import\tests\unit\Repository\TransactionRepositoryTest.php:274</failure>
        </testcase>
        <testcase name="testFindByCodeReturnsOnlyMatchingTransactions" class="Ksfraser\Tests\Unit\Repository\TransactionRepositoryTest" classname="Ksfraser.Tests.Unit.Repository.TransactionRepositoryTest" file="C:\Users\prote\Documents\software-devel\ksf_bank_import\tests\unit\Repository\TransactionRepositoryTest.php" line="281" assertions="2" time="0.007507"/>
        <testcase name="testFindByStatementReturnsTransactionsForStatement" class="Ksfraser\Tests\Unit\Repository\TransactionRepositoryTest" classname="Ksfraser.Tests.Unit.Repository.TransactionRepositoryTest" file="C:\Users\prote\Documents\software-devel\ksf_bank_import\tests\unit\Repository\TransactionRepositoryTest.php" line="299" assertions="0" time="0.007389">
          <error type="Error">Ksfraser\Tests\Unit\Repository\TransactionRepositoryTest::testFindByStatementReturnsTransactionsForStatement
Error: Call to undefined method Ksfraser\FaBankImport\Shared\Repositories\TransactionRepository::findByStatement()

C:\Users\prote\Documents\software-devel\ksf_bank_import\tests\unit\Repository\TransactionRepositoryTest.php:301</error>
        </testcase>
        <testcase name="testFindByStatementReturnsOnlyTransactionsFromStatement" class="Ksfraser\Tests\Unit\Repository\TransactionRepositoryTest" classname="Ksfraser.Tests.Unit.Repository.TransactionRepositoryTest" file="C:\Users\prote\Documents\software-devel\ksf_bank_import\tests\unit\Repository\TransactionRepositoryTest.php" line="310" assertions="0" time="0.009700">
          <error type="Error">Ksfraser\Tests\Unit\Repository\TransactionRepositoryTest::testFindByStatementReturnsOnlyTransactionsFromStatement
Error: Call to undefined method Ksfraser\FaBankImport\Shared\Repositories\TransactionRepository::findByStatement()

C:\Users\prote\Documents\software-devel\ksf_bank_import\tests\unit\Repository\TransactionRepositoryTest.php:312</error>
        </testcase>
        <testcase name="testFindByStatementReturnsEmptyForNoTransactions" class="Ksfraser\Tests\Unit\Repository\TransactionRepositoryTest" classname="Ksfraser.Tests.Unit.Repository.TransactionRepositoryTest" file="C:\Users\prote\Documents\software-devel\ksf_bank_import\tests\unit\Repository\TransactionRepositoryTest.php" line="324" assertions="0" time="0.008631">
          <error type="Error">Ksfraser\Tests\Unit\Repository\TransactionRepositoryTest::testFindByStatementReturnsEmptyForNoTransactions
Error: Call to undefined method Ksfraser\FaBankImport\Shared\Repositories\TransactionRepository::findByStatement()

C:\Users\prote\Documents\software-devel\ksf_bank_import\tests\unit\Repository\TransactionRepositoryTest.php:326</error>
        </testcase>
        <testcase name="testFindByStatusReturnsTransactionsWithStatus" class="Ksfraser\Tests\Unit\Repository\TransactionRepositoryTest" classname="Ksfraser.Tests.Unit.Repository.TransactionRepositoryTest" file="C:\Users\prote\Documents\software-devel\ksf_bank_import\tests\unit\Repository\TransactionRepositoryTest.php" line="340" assertions="1" time="0.009611"/>
        <testcase name="testFindByStatusReturnsOnlyMatchingStatus" class="Ksfraser\Tests\Unit\Repository\TransactionRepositoryTest" classname="Ksfraser.Tests.Unit.Repository.TransactionRepositoryTest" file="C:\Users\prote\Documents\software-devel\ksf_bank_import\tests\unit\Repository\TransactionRepositoryTest.php" line="351" assertions="2" time="0.008594">
          <failure type="PHPUnit\Framework\ExpectationFailedException">Ksfraser\Tests\Unit\Repository\TransactionRepositoryTest::testFindByStatusReturnsOnlyMatchingStatus
Failed asserting that 0 matches expected 1.

C:\Users\prote\Documents\software-devel\ksf_bank_import\tests\unit\Repository\TransactionRepositoryTest.php:357</failure>
        </testcase>
        <testcase name="testUpdateTransactionReturnsUpdatedEntity" class="Ksfraser\Tests\Unit\Repository\TransactionRepositoryTest" classname="Ksfraser.Tests.Unit.Repository.TransactionRepositoryTest" file="C:\Users\prote\Documents\software-devel\ksf_bank_import\tests\unit\Repository\TransactionRepositoryTest.php" line="369" assertions="1" time="0.011970"/>
        <testcase name="testUpdatePreservesImmutability" class="Ksfraser\Tests\Unit\Repository\TransactionRepositoryTest" classname="Ksfraser.Tests.Unit.Repository.TransactionRepositoryTest" file="C:\Users\prote\Documents\software-devel\ksf_bank_import\tests\unit\Repository\TransactionRepositoryTest.php" line="383" assertions="1" time="0.008211"/>
        <testcase name="testUpdateThrowsExceptionIfTransactionNotFound" class="Ksfraser\Tests\Unit\Repository\TransactionRepositoryTest" classname="Ksfraser.Tests.Unit.Repository.TransactionRepositoryTest" file="C:\Users\prote\Documents\software-devel\ksf_bank_import\tests\unit\Repository\TransactionRepositoryTest.php" line="395" assertions="1" time="0.010875">
          <failure type="PHPUnit\Framework\ExpectationFailedException">Ksfraser\Tests\Unit\Repository\TransactionRepositoryTest::testUpdateThrowsExceptionIfTransactionNotFound
Failed asserting that exception of type "Ksfraser\FaBankImport\Shared\Exceptions\InvalidTransactionException" matches expected exception "Ksfraser\FaBankImport\Shared\Exceptions\EntityNotFoundException". Message was: "Cannot update transaction without ID" at
C:\Users\prote\Documents\software-devel\ksf_bank_import\app\Shared\Repositories\TransactionRepository.php:342
C:\Users\prote\Documents\software-devel\ksf_bank_import\tests\unit\Repository\TransactionRepositoryTest.php:407
.</failure>
        </testcase>
        <testcase name="testBulkInsertReturnsArrayOfSavedEntities" class="Ksfraser\Tests\Unit\Repository\TransactionRepositoryTest" classname="Ksfraser.Tests.Unit.Repository.TransactionRepositoryTest" file="C:\Users\prote\Documents\software-devel\ksf_bank_import\tests\unit\Repository\TransactionRepositoryTest.php" line="418" assertions="3" time="0.013475">
          <failure type="PHPUnit\Framework\ExpectationFailedException">Ksfraser\Tests\Unit\Repository\TransactionRepositoryTest::testBulkInsertReturnsArrayOfSavedEntities
Failed asserting that 1 is an instance of class "Ksfraser\FaBankImport\Shared\Entities\BiTransaction".

C:\Users\prote\Documents\software-devel\ksf_bank_import\tests\unit\Repository\TransactionRepositoryTest.php:432</failure>
        </testcase>
        <testcase name="testBulkInsertEmptyArrayReturnsEmptyArray" class="Ksfraser\Tests\Unit\Repository\TransactionRepositoryTest" classname="Ksfraser.Tests.Unit.Repository.TransactionRepositoryTest" file="C:\Users\prote\Documents\software-devel\ksf_bank_import\tests\unit\Repository\TransactionRepositoryTest.php" line="441" assertions="2" time="0.007415"/>
        <testcase name="testBulkInsertRollsBackOnSingleFailure" class="Ksfraser\Tests\Unit\Repository\TransactionRepositoryTest" classname="Ksfraser.Tests.Unit.Repository.TransactionRepositoryTest" file="C:\Users\prote\Documents\software-devel\ksf_bank_import\tests\unit\Repository\TransactionRepositoryTest.php" line="453" assertions="0" time="0.008086">
          <skipped/>
        </testcase>
        <testcase name="testBulkUpdateReturnsCountOfUpdated" class="Ksfraser\Tests\Unit\Repository\TransactionRepositoryTest" classname="Ksfraser.Tests.Unit.Repository.TransactionRepositoryTest" file="C:\Users\prote\Documents\software-devel\ksf_bank_import\tests\unit\Repository\TransactionRepositoryTest.php" line="467" assertions="1" time="0.008413"/>
        <testcase name="testDeleteRemovesTransactionFromRepository" class="Ksfraser\Tests\Unit\Repository\TransactionRepositoryTest" classname="Ksfraser.Tests.Unit.Repository.TransactionRepositoryTest" file="C:\Users\prote\Documents\software-devel\ksf_bank_import\tests\unit\Repository\TransactionRepositoryTest.php" line="486" assertions="1" time="0.010054">
          <failure type="PHPUnit\Framework\ExpectationFailedException">Ksfraser\Tests\Unit\Repository\TransactionRepositoryTest::testDeleteRemovesTransactionFromRepository
Failed asserting that exception of type "Ksfraser\FaBankImport\Shared\Exceptions\EntityNotFoundException" is thrown.</failure>
        </testcase>
        <testcase name="testDeleteByIdThrowsExceptionForNonexistentId" class="Ksfraser\Tests\Unit\Repository\TransactionRepositoryTest" classname="Ksfraser.Tests.Unit.Repository.TransactionRepositoryTest" file="C:\Users\prote\Documents\software-devel\ksf_bank_import\tests\unit\Repository\TransactionRepositoryTest.php" line="500" assertions="1" time="0.007685">
          <failure type="PHPUnit\Framework\ExpectationFailedException">Ksfraser\Tests\Unit\Repository\TransactionRepositoryTest::testDeleteByIdThrowsExceptionForNonexistentId
Failed asserting that exception of type "Ksfraser\FaBankImport\Shared\Exceptions\EntityNotFoundException" is thrown.</failure>
        </testcase>
        <testcase name="testBulkDeleteRemovesMultipleTransactions" class="Ksfraser\Tests\Unit\Repository\TransactionRepositoryTest" classname="Ksfraser.Tests.Unit.Repository.TransactionRepositoryTest" file="C:\Users\prote\Documents\software-devel\ksf_bank_import\tests\unit\Repository\TransactionRepositoryTest.php" line="514" assertions="2" time="0.007806">
          <failure type="PHPUnit\Framework\ExpectationFailedException">Ksfraser\Tests\Unit\Repository\TransactionRepositoryTest::testBulkDeleteRemovesMultipleTransactions
Failed asserting that 0 matches expected 3.

C:\Users\prote\Documents\software-devel\ksf_bank_import\tests\unit\Repository\TransactionRepositoryTest.php:521</failure>
        </testcase>
        <testcase name="testRepositoryThrowsEntityNotFoundExceptionForMissingEntity" class="Ksfraser\Tests\Unit\Repository\TransactionRepositoryTest" classname="Ksfraser.Tests.Unit.Repository.TransactionRepositoryTest" file="C:\Users\prote\Documents\software-devel\ksf_bank_import\tests\unit\Repository\TransactionRepositoryTest.php" line="532" assertions="1" time="0.010345">
          <failure type="PHPUnit\Framework\ExpectationFailedException">Ksfraser\Tests\Unit\Repository\TransactionRepositoryTest::testRepositoryThrowsEntityNotFoundExceptionForMissingEntity
Failed asserting that exception of type "Ksfraser\FaBankImport\Shared\Exceptions\EntityNotFoundException" is thrown.</failure>
        </testcase>
        <testcase name="testRepositoryThrowsDuplicateEntityExceptionForDuplicateInsert" class="Ksfraser\Tests\Unit\Repository\TransactionRepositoryTest" classname="Ksfraser.Tests.Unit.Repository.TransactionRepositoryTest" file="C:\Users\prote\Documents\software-devel\ksf_bank_import\tests\unit\Repository\TransactionRepositoryTest.php" line="542" assertions="0" time="0.006992">
          <skipped/>
        </testcase>
        <testcase name="testRepositoryThrowsRepositoryExceptionForDatabaseErrors" class="Ksfraser\Tests\Unit\Repository\TransactionRepositoryTest" classname="Ksfraser.Tests.Unit.Repository.TransactionRepositoryTest" file="C:\Users\prote\Documents\software-devel\ksf_bank_import\tests\unit\Repository\TransactionRepositoryTest.php" line="552" assertions="0" time="0.005763">
          <skipped/>
        </testcase>
        <testcase name="testFindWithLimitReturnsLimitedResults" class="Ksfraser\Tests\Unit\Repository\TransactionRepositoryTest" classname="Ksfraser.Tests.Unit.Repository.TransactionRepositoryTest" file="C:\Users\prote\Documents\software-devel\ksf_bank_import\tests\unit\Repository\TransactionRepositoryTest.php" line="565" assertions="0" time="0.007346">
          <error type="Error">Ksfraser\Tests\Unit\Repository\TransactionRepositoryTest::testFindWithLimitReturnsLimitedResults
Error: Call to undefined method Ksfraser\FaBankImport\Shared\Repositories\TransactionRepository::findByStatement()

C:\Users\prote\Documents\software-devel\ksf_bank_import\tests\unit\Repository\TransactionRepositoryTest.php:567</error>
        </testcase>
        <testcase name="testFindWithOffsetSkipsRecords" class="Ksfraser\Tests\Unit\Repository\TransactionRepositoryTest" classname="Ksfraser.Tests.Unit.Repository.TransactionRepositoryTest" file="C:\Users\prote\Documents\software-devel\ksf_bank_import\tests\unit\Repository\TransactionRepositoryTest.php" line="577" assertions="0" time="0.007174">
          <error type="Error">Ksfraser\Tests\Unit\Repository\TransactionRepositoryTest::testFindWithOffsetSkipsRecords
Error: Call to undefined method Ksfraser\FaBankImport\Shared\Repositories\TransactionRepository::findByStatement()

C:\Users\prote\Documents\software-devel\ksf_bank_import\tests\unit\Repository\TransactionRepositoryTest.php:579</error>
        </testcase>
        <testcase name="testFindWithOrderByReturnsOrderedResults" class="Ksfraser\Tests\Unit\Repository\TransactionRepositoryTest" classname="Ksfraser.Tests.Unit.Repository.TransactionRepositoryTest" file="C:\Users\prote\Documents\software-devel\ksf_bank_import\tests\unit\Repository\TransactionRepositoryTest.php" line="590" assertions="0" time="0.006758">
          <error type="Error">Ksfraser\Tests\Unit\Repository\TransactionRepositoryTest::testFindWithOrderByReturnsOrderedResults
Error: Call to undefined method Ksfraser\FaBankImport\Shared\Repositories\TransactionRepository::findByStatement()

C:\Users\prote\Documents\software-devel\ksf_bank_import\tests\unit\Repository\TransactionRepositoryTest.php:592</error>
        </testcase>
        <testcase name="testCountByStatusReturnsInteger" class="Ksfraser\Tests\Unit\Repository\TransactionRepositoryTest" classname="Ksfraser.Tests.Unit.Repository.TransactionRepositoryTest" file="C:\Users\prote\Documents\software-devel\ksf_bank_import\tests\unit\Repository\TransactionRepositoryTest.php" line="611" assertions="0" time="0.006587">
          <error type="Error">Ksfraser\Tests\Unit\Repository\TransactionRepositoryTest::testCountByStatusReturnsInteger
Error: Call to undefined method Ksfraser\FaBankImport\Shared\Repositories\TransactionRepository::countByStatus()

C:\Users\prote\Documents\software-devel\ksf_bank_import\tests\unit\Repository\TransactionRepositoryTest.php:613</error>
        </testcase>
        <testcase name="testExistsReturnsBoolean" class="Ksfraser\Tests\Unit\Repository\TransactionRepositoryTest" classname="Ksfraser.Tests.Unit.Repository.TransactionRepositoryTest" file="C:\Users\prote\Documents\software-devel\ksf_bank_import\tests\unit\Repository\TransactionRepositoryTest.php" line="623" assertions="0" time="0.006047">
          <error type="Error">Ksfraser\Tests\Unit\Repository\TransactionRepositoryTest::testExistsReturnsBoolean
Error: Call to undefined method Ksfraser\FaBankImport\Shared\Repositories\TransactionRepository::exists()

C:\Users\prote\Documents\software-devel\ksf_bank_import\tests\unit\Repository\TransactionRepositoryTest.php:625</error>
        </testcase>
        <testcase name="testFindByDateRangeReturnsTransactionsInRange" class="Ksfraser\Tests\Unit\Repository\TransactionRepositoryTest" classname="Ksfraser.Tests.Unit.Repository.TransactionRepositoryTest" file="C:\Users\prote\Documents\software-devel\ksf_bank_import\tests\unit\Repository\TransactionRepositoryTest.php" line="638" assertions="0" time="0.006040">
          <error type="TypeError">Ksfraser\Tests\Unit\Repository\TransactionRepositoryTest::testFindByDateRangeReturnsTransactionsInRange
TypeError: Ksfraser\FaBankImport\Shared\Repositories\TransactionRepository::findByDateRange(): Argument #1 ($startDate) must be of type string, DateTime given, called in C:\Users\prote\Documents\software-devel\ksf_bank_import\tests\unit\Repository\TransactionRepositoryTest.php on line 643

C:\Users\prote\Documents\software-devel\ksf_bank_import\app\Shared\Repositories\TransactionRepository.php:598
C:\Users\prote\Documents\software-devel\ksf_bank_import\tests\unit\Repository\TransactionRepositoryTest.php:643</error>
        </testcase>
        <testcase name="testFindUnmatchedTransactionsReturnsUnmatchedOnly" class="Ksfraser\Tests\Unit\Repository\TransactionRepositoryTest" classname="Ksfraser.Tests.Unit.Repository.TransactionRepositoryTest" file="C:\Users\prote\Documents\software-devel\ksf_bank_import\tests\unit\Repository\TransactionRepositoryTest.php" line="656" assertions="2" time="0.007715"/>
        <testcase name="testFindByAmountRangeReturnsCorrectTransactions" class="Ksfraser\Tests\Unit\Repository\TransactionRepositoryTest" classname="Ksfraser.Tests.Unit.Repository.TransactionRepositoryTest" file="C:\Users\prote\Documents\software-devel\ksf_bank_import\tests\unit\Repository\TransactionRepositoryTest.php" line="671" assertions="5" time="0.008414"/>
        <testcase name="testSaveAndRetrieveRoundTrip" class="Ksfraser\Tests\Unit\Repository\TransactionRepositoryTest" classname="Ksfraser.Tests.Unit.Repository.TransactionRepositoryTest" file="C:\Users\prote\Documents\software-devel\ksf_bank_import\tests\unit\Repository\TransactionRepositoryTest.php" line="692" assertions="0" time="0.007549">
          <error type="Error">Ksfraser\Tests\Unit\Repository\TransactionRepositoryTest::testSaveAndRetrieveRoundTrip
Error: Call to a member function getId() on int

C:\Users\prote\Documents\software-devel\ksf_bank_import\tests\unit\Repository\TransactionRepositoryTest.php:703</error>
        </testcase>
      </testsuite>
      <testsuite name="Tests\Unit\ResponseHandlerTest" file="C:\Users\prote\Documents\software-devel\ksf_bank_import\tests\unit\ResponseHandlerTest.php" tests="7" assertions="8" errors="0" warnings="0" failures="0" skipped="0" time="0.117221">
        <testcase name="testSetHeader" class="Tests\Unit\ResponseHandlerTest" classname="Tests.Unit.ResponseHandlerTest" file="C:\Users\prote\Documents\software-devel\ksf_bank_import\tests\unit\ResponseHandlerTest.php" line="20" assertions="1" time="0.076178"/>
        <testcase name="testSetStatusCode" class="Tests\Unit\ResponseHandlerTest" classname="Tests.Unit.ResponseHandlerTest" file="C:\Users\prote\Documents\software-devel\ksf_bank_import\tests\unit\ResponseHandlerTest.php" line="27" assertions="1" time="0.000881"/>
        <testcase name="testSetContent" class="Tests\Unit\ResponseHandlerTest" classname="Tests.Unit.ResponseHandlerTest" file="C:\Users\prote\Documents\software-devel\ksf_bank_import\tests\unit\ResponseHandlerTest.php" line="34" assertions="1" time="0.000808"/>
        <testcase name="testMethodChaining" class="Tests\Unit\ResponseHandlerTest" classname="Tests.Unit.ResponseHandlerTest" file="C:\Users\prote\Documents\software-devel\ksf_bank_import\tests\unit\ResponseHandlerTest.php" line="42" assertions="1" time="0.000849"/>
        <testcase name="testJsonResponse" class="Tests\Unit\ResponseHandlerTest" classname="Tests.Unit.ResponseHandlerTest" file="C:\Users\prote\Documents\software-devel\ksf_bank_import\tests\unit\ResponseHandlerTest.php" line="52" assertions="2" time="0.021094"/>
        <testcase name="testRedirectResponse" class="Tests\Unit\ResponseHandlerTest" classname="Tests.Unit.ResponseHandlerTest" file="C:\Users\prote\Documents\software-devel\ksf_bank_import\tests\unit\ResponseHandlerTest.php" line="64" assertions="1" time="0.016409"/>
        <testcase name="testGetResponse" class="Tests\Unit\ResponseHandlerTest" classname="Tests.Unit.ResponseHandlerTest" file="C:\Users\prote\Documents\software-devel\ksf_bank_import\tests\unit\ResponseHandlerTest.php" line="72" assertions="1" time="0.001002"/>
      </testsuite>
      <testsuite name="Tests\Unit\Results\TransactionResultTest" file="C:\Users\prote\Documents\software-devel\ksf_bank_import\tests\unit\Results\TransactionResultTest.php" tests="18" assertions="74" errors="0" warnings="0" failures="0" skipped="0" time="0.021055">
        <testcase name="it_creates_success_result" class="Tests\Unit\Results\TransactionResultTest" classname="Tests.Unit.Results.TransactionResultTest" file="C:\Users\prote\Documents\software-devel\ksf_bank_import\tests\unit\Results\TransactionResultTest.php" line="40" assertions="7" time="0.000857"/>
        <testcase name="it_creates_success_result_with_data" class="Tests\Unit\Results\TransactionResultTest" classname="Tests.Unit.Results.TransactionResultTest" file="C:\Users\prote\Documents\software-devel\ksf_bank_import\tests\unit\Results\TransactionResultTest.php" line="62" assertions="3" time="0.000705"/>
        <testcase name="it_creates_error_result" class="Tests\Unit\Results\TransactionResultTest" classname="Tests.Unit.Results.TransactionResultTest" file="C:\Users\prote\Documents\software-devel\ksf_bank_import\tests\unit\Results\TransactionResultTest.php" line="81" assertions="7" time="0.000772"/>
        <testcase name="it_creates_error_result_with_data" class="Tests\Unit\Results\TransactionResultTest" classname="Tests.Unit.Results.TransactionResultTest" file="C:\Users\prote\Documents\software-devel\ksf_bank_import\tests\unit\Results\TransactionResultTest.php" line="99" assertions="2" time="0.000929"/>
        <testcase name="it_creates_warning_result" class="Tests\Unit\Results\TransactionResultTest" classname="Tests.Unit.Results.TransactionResultTest" file="C:\Users\prote\Documents\software-devel\ksf_bank_import\tests\unit\Results\TransactionResultTest.php" line="115" assertions="7" time="0.002151"/>
        <testcase name="it_creates_warning_result_with_transaction_details" class="Tests\Unit\Results\TransactionResultTest" classname="Tests.Unit.Results.TransactionResultTest" file="C:\Users\prote\Documents\software-devel\ksf_bank_import\tests\unit\Results\TransactionResultTest.php" line="133" assertions="3" time="0.000814"/>
        <testcase name="it_converts_success_to_array" class="Tests\Unit\Results\TransactionResultTest" classname="Tests.Unit.Results.TransactionResultTest" file="C:\Users\prote\Documents\software-devel\ksf_bank_import\tests\unit\Results\TransactionResultTest.php" line="152" assertions="6" time="0.000710"/>
        <testcase name="it_converts_error_to_array" class="Tests\Unit\Results\TransactionResultTest" classname="Tests.Unit.Results.TransactionResultTest" file="C:\Users\prote\Documents\software-devel\ksf_bank_import\tests\unit\Results\TransactionResultTest.php" line="176" assertions="5" time="0.000763"/>
        <testcase name="it_creates_from_array" class="Tests\Unit\Results\TransactionResultTest" classname="Tests.Unit.Results.TransactionResultTest" file="C:\Users\prote\Documents\software-devel\ksf_bank_import\tests\unit\Results\TransactionResultTest.php" line="194" assertions="5" time="0.000741"/>
        <testcase name="it_creates_from_minimal_array" class="Tests\Unit\Results\TransactionResultTest" classname="Tests.Unit.Results.TransactionResultTest" file="C:\Users\prote\Documents\software-devel\ksf_bank_import\tests\unit\Results\TransactionResultTest.php" line="219" assertions="3" time="0.000644"/>
        <testcase name="it_generates_success_html" class="Tests\Unit\Results\TransactionResultTest" classname="Tests.Unit.Results.TransactionResultTest" file="C:\Users\prote\Documents\software-devel\ksf_bank_import\tests\unit\Results\TransactionResultTest.php" line="235" assertions="5" time="0.000764"/>
        <testcase name="it_generates_error_html" class="Tests\Unit\Results\TransactionResultTest" classname="Tests.Unit.Results.TransactionResultTest" file="C:\Users\prote\Documents\software-devel\ksf_bank_import\tests\unit\Results\TransactionResultTest.php" line="257" assertions="4" time="0.001356"/>
        <testcase name="it_generates_warning_html" class="Tests\Unit\Results\TransactionResultTest" classname="Tests.Unit.Results.TransactionResultTest" file="C:\Users\prote\Documents\software-devel\ksf_bank_import\tests\unit\Results\TransactionResultTest.php" line="274" assertions="3" time="0.000856"/>
        <testcase name="it_escapes_html_in_message" class="Tests\Unit\Results\TransactionResultTest" classname="Tests.Unit.Results.TransactionResultTest" file="C:\Users\prote\Documents\software-devel\ksf_bank_import\tests\unit\Results\TransactionResultTest.php" line="290" assertions="2" time="0.000695"/>
        <testcase name="it_converts_to_string" class="Tests\Unit\Results\TransactionResultTest" classname="Tests.Unit.Results.TransactionResultTest" file="C:\Users\prote\Documents\software-devel\ksf_bank_import\tests\unit\Results\TransactionResultTest.php" line="305" assertions="1" time="0.001109"/>
        <testcase name="it_returns_all_data_when_no_key_specified" class="Tests\Unit\Results\TransactionResultTest" classname="Tests.Unit.Results.TransactionResultTest" file="C:\Users\prote\Documents\software-devel\ksf_bank_import\tests\unit\Results\TransactionResultTest.php" line="317" assertions="3" time="0.001692"/>
        <testcase name="it_is_immutable" class="Tests\Unit\Results\TransactionResultTest" classname="Tests.Unit.Results.TransactionResultTest" file="C:\Users\prote\Documents\software-devel\ksf_bank_import\tests\unit\Results\TransactionResultTest.php" line="338" assertions="1" time="0.000630"/>
        <testcase name="it_maintains_backward_compatibility" class="Tests\Unit\Results\TransactionResultTest" classname="Tests.Unit.Results.TransactionResultTest" file="C:\Users\prote\Documents\software-devel\ksf_bank_import\tests\unit\Results\TransactionResultTest.php" line="354" assertions="7" time="0.004868"/>
      </testsuite>
      <testsuite name="Tests\Unit\Service\BankAccountMapping\BankAccountMappingServiceTest" file="C:\Users\prote\Documents\software-devel\ksf_bank_import\tests\unit\Service\BankAccountMapping\BankAccountMappingServiceTest.php" tests="8" assertions="10" errors="0" warnings="0" failures="0" skipped="0" time="0.012752">
        <testcase name="has_method_get_bank_account_mapping_by_ofx_identifiers" class="Tests\Unit\Service\BankAccountMapping\BankAccountMappingServiceTest" classname="Tests.Unit.Service.BankAccountMapping.BankAccountMappingServiceTest" file="C:\Users\prote\Documents\software-devel\ksf_bank_import\tests\unit\Service\BankAccountMapping\BankAccountMappingServiceTest.php" line="27" assertions="1" time="0.000575"/>
        <testcase name="get_bank_account_mapping_by_ofx_identifiers_returns_null_or_mapping" class="Tests\Unit\Service\BankAccountMapping\BankAccountMappingServiceTest" classname="Tests.Unit.Service.BankAccountMapping.BankAccountMappingServiceTest" file="C:\Users\prote\Documents\software-devel\ksf_bank_import\tests\unit\Service\BankAccountMapping\BankAccountMappingServiceTest.php" line="38" assertions="1" time="0.000613"/>
        <testcase name="has_method_get_mappings_for_fa_bank_account" class="Tests\Unit\Service\BankAccountMapping\BankAccountMappingServiceTest" classname="Tests.Unit.Service.BankAccountMapping.BankAccountMappingServiceTest" file="C:\Users\prote\Documents\software-devel\ksf_bank_import\tests\unit\Service\BankAccountMapping\BankAccountMappingServiceTest.php" line="50" assertions="1" time="0.000518"/>
        <testcase name="get_mappings_for_fa_bank_account_returns_array" class="Tests\Unit\Service\BankAccountMapping\BankAccountMappingServiceTest" classname="Tests.Unit.Service.BankAccountMapping.BankAccountMappingServiceTest" file="C:\Users\prote\Documents\software-devel\ksf_bank_import\tests\unit\Service\BankAccountMapping\BankAccountMappingServiceTest.php" line="61" assertions="1" time="0.000559"/>
        <testcase name="has_method_count_bank_account_mappings" class="Tests\Unit\Service\BankAccountMapping\BankAccountMappingServiceTest" classname="Tests.Unit.Service.BankAccountMapping.BankAccountMappingServiceTest" file="C:\Users\prote\Documents\software-devel\ksf_bank_import\tests\unit\Service\BankAccountMapping\BankAccountMappingServiceTest.php" line="71" assertions="1" time="0.002077"/>
        <testcase name="count_bank_account_mappings_returns_integer" class="Tests\Unit\Service\BankAccountMapping\BankAccountMappingServiceTest" classname="Tests.Unit.Service.BankAccountMapping.BankAccountMappingServiceTest" file="C:\Users\prote\Documents\software-devel\ksf_bank_import\tests\unit\Service\BankAccountMapping\BankAccountMappingServiceTest.php" line="82" assertions="3" time="0.001002"/>
        <testcase name="accepts_repository_injection" class="Tests\Unit\Service\BankAccountMapping\BankAccountMappingServiceTest" classname="Tests.Unit.Service.BankAccountMapping.BankAccountMappingServiceTest" file="C:\Users\prote\Documents\software-devel\ksf_bank_import\tests\unit\Service\BankAccountMapping\BankAccountMappingServiceTest.php" line="93" assertions="1" time="0.006839"/>
        <testcase name="creates_default_repository_when_none_provided" class="Tests\Unit\Service\BankAccountMapping\BankAccountMappingServiceTest" classname="Tests.Unit.Service.BankAccountMapping.BankAccountMappingServiceTest" file="C:\Users\prote\Documents\software-devel\ksf_bank_import\tests\unit\Service\BankAccountMapping\BankAccountMappingServiceTest.php" line="104" assertions="1" time="0.000570"/>
      </testsuite>
      <testsuite name="Tests\Unit\Service\Schema\ModuleSchemaInstallerTest" file="C:\Users\prote\Documents\software-devel\ksf_bank_import\tests\unit\Service\Schema\ModuleSchemaInstallerTest.php" tests="6" assertions="3" errors="3" warnings="0" failures="0" skipped="0" time="0.005732">
        <testcase name="ensureAll_returns_array_of_installation_statuses" class="Tests\Unit\Service\Schema\ModuleSchemaInstallerTest" classname="Tests.Unit.Service.Schema.ModuleSchemaInstallerTest" file="C:\Users\prote\Documents\software-devel\ksf_bank_import\tests\unit\Service\Schema\ModuleSchemaInstallerTest.php" line="26" assertions="0" time="0.000941">
          <error type="Error">Tests\Unit\Service\Schema\ModuleSchemaInstallerTest::ensureAll_returns_array_of_installation_statuses
Error: Class "Ksfraser\FaBankImport\Service\BankImportLogger" not found

C:\Users\prote\Documents\software-devel\ksf_bank_import\src\Ksfraser\ModulesDAO\Schema\DatabaseSchemaToolsTrait.php:39
C:\Users\prote\Documents\software-devel\ksf_bank_import\src\Ksfraser\ModulesDAO\Schema\DatabaseSchemaToolsTrait.php:73
C:\Users\prote\Documents\software-devel\ksf_bank_import\class.bi_statements.php:95
C:\Users\prote\Documents\software-devel\ksf_bank_import\src\Ksfraser\FaBankImport\Service\Schema\ModuleSchemaInstaller.php:57
C:\Users\prote\Documents\software-devel\ksf_bank_import\src\Ksfraser\FaBankImport\Service\Schema\ModuleSchemaInstaller.php:29
C:\Users\prote\Documents\software-devel\ksf_bank_import\tests\unit\Service\Schema\ModuleSchemaInstallerTest.php:28</error>
        </testcase>
        <testcase name="ensureAll_returns_boolean_statuses" class="Tests\Unit\Service\Schema\ModuleSchemaInstallerTest" classname="Tests.Unit.Service.Schema.ModuleSchemaInstallerTest" file="C:\Users\prote\Documents\software-devel\ksf_bank_import\tests\unit\Service\Schema\ModuleSchemaInstallerTest.php" line="37" assertions="0" time="0.000952">
          <error type="Error">Tests\Unit\Service\Schema\ModuleSchemaInstallerTest::ensureAll_returns_boolean_statuses
Error: Class "Ksfraser\FaBankImport\Service\BankImportLogger" not found

C:\Users\prote\Documents\software-devel\ksf_bank_import\src\Ksfraser\ModulesDAO\Schema\DatabaseSchemaToolsTrait.php:39
C:\Users\prote\Documents\software-devel\ksf_bank_import\src\Ksfraser\ModulesDAO\Schema\DatabaseSchemaToolsTrait.php:73
C:\Users\prote\Documents\software-devel\ksf_bank_import\class.bi_statements.php:95
C:\Users\prote\Documents\software-devel\ksf_bank_import\src\Ksfraser\FaBankImport\Service\Schema\ModuleSchemaInstaller.php:57
C:\Users\prote\Documents\software-devel\ksf_bank_import\src\Ksfraser\FaBankImport\Service\Schema\ModuleSchemaInstaller.php:29
C:\Users\prote\Documents\software-devel\ksf_bank_import\tests\unit\Service\Schema\ModuleSchemaInstallerTest.php:39</error>
        </testcase>
        <testcase name="ensureAll_is_idempotent" class="Tests\Unit\Service\Schema\ModuleSchemaInstallerTest" classname="Tests.Unit.Service.Schema.ModuleSchemaInstallerTest" file="C:\Users\prote\Documents\software-devel\ksf_bank_import\tests\unit\Service\Schema\ModuleSchemaInstallerTest.php" line="50" assertions="0" time="0.001111">
          <error type="Error">Tests\Unit\Service\Schema\ModuleSchemaInstallerTest::ensureAll_is_idempotent
Error: Class "Ksfraser\FaBankImport\Service\BankImportLogger" not found

C:\Users\prote\Documents\software-devel\ksf_bank_import\src\Ksfraser\ModulesDAO\Schema\DatabaseSchemaToolsTrait.php:39
C:\Users\prote\Documents\software-devel\ksf_bank_import\src\Ksfraser\ModulesDAO\Schema\DatabaseSchemaToolsTrait.php:73
C:\Users\prote\Documents\software-devel\ksf_bank_import\class.bi_statements.php:95
C:\Users\prote\Documents\software-devel\ksf_bank_import\src\Ksfraser\FaBankImport\Service\Schema\ModuleSchemaInstaller.php:57
C:\Users\prote\Documents\software-devel\ksf_bank_import\src\Ksfraser\FaBankImport\Service\Schema\ModuleSchemaInstaller.php:29
C:\Users\prote\Documents\software-devel\ksf_bank_import\tests\unit\Service\Schema\ModuleSchemaInstallerTest.php:52</error>
        </testcase>
        <testcase name="has_method_to_ensure_legacy_models" class="Tests\Unit\Service\Schema\ModuleSchemaInstallerTest" classname="Tests.Unit.Service.Schema.ModuleSchemaInstallerTest" file="C:\Users\prote\Documents\software-devel\ksf_bank_import\tests\unit\Service\Schema\ModuleSchemaInstallerTest.php" line="61" assertions="1" time="0.000769"/>
        <testcase name="has_method_to_ensure_new_schema_installers" class="Tests\Unit\Service\Schema\ModuleSchemaInstallerTest" classname="Tests.Unit.Service.Schema.ModuleSchemaInstallerTest" file="C:\Users\prote\Documents\software-devel\ksf_bank_import\tests\unit\Service\Schema\ModuleSchemaInstallerTest.php" line="72" assertions="1" time="0.001316"/>
        <testcase name="has_method_to_run_data_migration" class="Tests\Unit\Service\Schema\ModuleSchemaInstallerTest" classname="Tests.Unit.Service.Schema.ModuleSchemaInstallerTest" file="C:\Users\prote\Documents\software-devel\ksf_bank_import\tests\unit\Service\Schema\ModuleSchemaInstallerTest.php" line="83" assertions="1" time="0.000642"/>
      </testsuite>
      <testsuite name="Tests\Ksfraser\FaBankImport\Services\ContactMatchingServiceTest" file="C:\Users\prote\Documents\software-devel\ksf_bank_import\tests\unit\Services\ContactMatchingServiceTest.php" tests="17" assertions="35" errors="0" warnings="0" failures="1" skipped="0" time="0.162446">
        <testcase name="testSearchByNameExactMatch" class="Tests\Ksfraser\FaBankImport\Services\ContactMatchingServiceTest" classname="Tests.Ksfraser.FaBankImport.Services.ContactMatchingServiceTest" file="C:\Users\prote\Documents\software-devel\ksf_bank_import\tests\unit\Services\ContactMatchingServiceTest.php" line="49" assertions="4" time="0.105632"/>
        <testcase name="testSearchByNameFuzzyMatch" class="Tests\Ksfraser\FaBankImport\Services\ContactMatchingServiceTest" classname="Tests.Ksfraser.FaBankImport.Services.ContactMatchingServiceTest" file="C:\Users\prote\Documents\software-devel\ksf_bank_import\tests\unit\Services\ContactMatchingServiceTest.php" line="84" assertions="3" time="0.003730"/>
        <testcase name="testSearchByNameBelowThreshold" class="Tests\Ksfraser\FaBankImport\Services\ContactMatchingServiceTest" classname="Tests.Ksfraser.FaBankImport.Services.ContactMatchingServiceTest" file="C:\Users\prote\Documents\software-devel\ksf_bank_import\tests\unit\Services\ContactMatchingServiceTest.php" line="117" assertions="1" time="0.003481"/>
        <testcase name="testSearchByEmail" class="Tests\Ksfraser\FaBankImport\Services\ContactMatchingServiceTest" classname="Tests.Ksfraser.FaBankImport.Services.ContactMatchingServiceTest" file="C:\Users\prote\Documents\software-devel\ksf_bank_import\tests\unit\Services\ContactMatchingServiceTest.php" line="147" assertions="2" time="0.002878"/>
        <testcase name="testSearchByInvalidEmail" class="Tests\Ksfraser\FaBankImport\Services\ContactMatchingServiceTest" classname="Tests.Ksfraser.FaBankImport.Services.ContactMatchingServiceTest" file="C:\Users\prote\Documents\software-devel\ksf_bank_import\tests\unit\Services\ContactMatchingServiceTest.php" line="172" assertions="1" time="0.001196"/>
        <testcase name="testSearchByPhone" class="Tests\Ksfraser\FaBankImport\Services\ContactMatchingServiceTest" classname="Tests.Ksfraser.FaBankImport.Services.ContactMatchingServiceTest" file="C:\Users\prote\Documents\software-devel\ksf_bank_import\tests\unit\Services\ContactMatchingServiceTest.php" line="184" assertions="1" time="0.002102">
          <failure type="PHPUnit\Framework\ExpectationFailedException">Tests\Ksfraser\FaBankImport\Services\ContactMatchingServiceTest::testSearchByPhone
Failed asserting that actual size 0 matches expected size 1.

C:\Users\prote\Documents\software-devel\ksf_bank_import\tests\unit\Services\ContactMatchingServiceTest.php:201</failure>
        </testcase>
        <testcase name="testSearchByFACustomerId" class="Tests\Ksfraser\FaBankImport\Services\ContactMatchingServiceTest" classname="Tests.Ksfraser.FaBankImport.Services.ContactMatchingServiceTest" file="C:\Users\prote\Documents\software-devel\ksf_bank_import\tests\unit\Services\ContactMatchingServiceTest.php" line="208" assertions="2" time="0.002429"/>
        <testcase name="testFindBestMatchWithFACustomerId" class="Tests\Ksfraser\FaBankImport\Services\ContactMatchingServiceTest" classname="Tests.Ksfraser.FaBankImport.Services.ContactMatchingServiceTest" file="C:\Users\prote\Documents\software-devel\ksf_bank_import\tests\unit\Services\ContactMatchingServiceTest.php" line="233" assertions="3" time="0.002462"/>
        <testcase name="testFindBestMatchWithEmail" class="Tests\Ksfraser\FaBankImport\Services\ContactMatchingServiceTest" classname="Tests.Ksfraser.FaBankImport.Services.ContactMatchingServiceTest" file="C:\Users\prote\Documents\software-devel\ksf_bank_import\tests\unit\Services\ContactMatchingServiceTest.php" line="262" assertions="3" time="0.006030"/>
        <testcase name="testFindBestMatchWithNameFallback" class="Tests\Ksfraser\FaBankImport\Services\ContactMatchingServiceTest" classname="Tests.Ksfraser.FaBankImport.Services.ContactMatchingServiceTest" file="C:\Users\prote\Documents\software-devel\ksf_bank_import\tests\unit\Services\ContactMatchingServiceTest.php" line="294" assertions="4" time="0.005759"/>
        <testcase name="testBatchFindMatches" class="Tests\Ksfraser\FaBankImport\Services\ContactMatchingServiceTest" classname="Tests.Ksfraser.FaBankImport.Services.ContactMatchingServiceTest" file="C:\Users\prote\Documents\software-devel\ksf_bank_import\tests\unit\Services\ContactMatchingServiceTest.php" line="342" assertions="3" time="0.006700"/>
        <testcase name="testMatchThresholdGetterSetter" class="Tests\Ksfraser\FaBankImport\Services\ContactMatchingServiceTest" classname="Tests.Ksfraser.FaBankImport.Services.ContactMatchingServiceTest" file="C:\Users\prote\Documents\software-devel\ksf_bank_import\tests\unit\Services\ContactMatchingServiceTest.php" line="379" assertions="2" time="0.001214"/>
        <testcase name="testInvalidThresholdRejection" class="Tests\Ksfraser\FaBankImport\Services\ContactMatchingServiceTest" classname="Tests.Ksfraser.FaBankImport.Services.ContactMatchingServiceTest" file="C:\Users\prote\Documents\software-devel\ksf_bank_import\tests\unit\Services\ContactMatchingServiceTest.php" line="396" assertions="1" time="0.001042"/>
        <testcase name="testGetMatchStatistics" class="Tests\Ksfraser\FaBankImport\Services\ContactMatchingServiceTest" classname="Tests.Ksfraser.FaBankImport.Services.ContactMatchingServiceTest" file="C:\Users\prote\Documents\software-devel\ksf_bank_import\tests\unit\Services\ContactMatchingServiceTest.php" line="412" assertions="2" time="0.002512"/>
        <testcase name="testSearchWithNoResults" class="Tests\Ksfraser\FaBankImport\Services\ContactMatchingServiceTest" classname="Tests.Ksfraser.FaBankImport.Services.ContactMatchingServiceTest" file="C:\Users\prote\Documents\software-devel\ksf_bank_import\tests\unit\Services\ContactMatchingServiceTest.php" line="435" assertions="1" time="0.002858"/>
        <testcase name="testResultLimitEnforcement" class="Tests\Ksfraser\FaBankImport\Services\ContactMatchingServiceTest" classname="Tests.Ksfraser.FaBankImport.Services.ContactMatchingServiceTest" file="C:\Users\prote\Documents\software-devel\ksf_bank_import\tests\unit\Services\ContactMatchingServiceTest.php" line="451" assertions="1" time="0.011259"/>
        <testcase name="testEmptyContactDataHandling" class="Tests\Ksfraser\FaBankImport\Services\ContactMatchingServiceTest" classname="Tests.Ksfraser.FaBankImport.Services.ContactMatchingServiceTest" file="C:\Users\prote\Documents\software-devel\ksf_bank_import\tests\unit\Services\ContactMatchingServiceTest.php" line="483" assertions="1" time="0.001160"/>
      </testsuite>
      <testsuite name="Tests\Unit\Services\Enrichment\EnrichmentServiceTest" file="C:\Users\prote\Documents\software-devel\ksf_bank_import\tests\unit\Services\Enrichment\EnrichmentServiceTest.php" tests="11" assertions="22" errors="0" warnings="0" failures="0" skipped="0" time="0.069986">
        <testcase name="testEnrichWithoutProvidersReturnsStatement" class="Tests\Unit\Services\Enrichment\EnrichmentServiceTest" classname="Tests.Unit.Services.Enrichment.EnrichmentServiceTest" file="C:\Users\prote\Documents\software-devel\ksf_bank_import\tests\unit\Services\Enrichment\EnrichmentServiceTest.php" line="33" assertions="1" time="0.060858"/>
        <testcase name="testNoEnrichmentProvidersAvailable" class="Tests\Unit\Services\Enrichment\EnrichmentServiceTest" classname="Tests.Unit.Services.Enrichment.EnrichmentServiceTest" file="C:\Users\prote\Documents\software-devel\ksf_bank_import\tests\unit\Services\Enrichment\EnrichmentServiceTest.php" line="46" assertions="1" time="0.000945"/>
        <testcase name="testGetProvidersAvailableAllUnavailable" class="Tests\Unit\Services\Enrichment\EnrichmentServiceTest" classname="Tests.Unit.Services.Enrichment.EnrichmentServiceTest" file="C:\Users\prote\Documents\software-devel\ksf_bank_import\tests\unit\Services\Enrichment\EnrichmentServiceTest.php" line="54" assertions="3" time="0.000696"/>
        <testcase name="testCreateWithExchangeRateProvider" class="Tests\Unit\Services\Enrichment\EnrichmentServiceTest" classname="Tests.Unit.Services.Enrichment.EnrichmentServiceTest" file="C:\Users\prote\Documents\software-devel\ksf_bank_import\tests\unit\Services\Enrichment\EnrichmentServiceTest.php" line="66" assertions="3" time="0.000693"/>
        <testcase name="testCreateWithBankMetadataProvider" class="Tests\Unit\Services\Enrichment\EnrichmentServiceTest" classname="Tests.Unit.Services.Enrichment.EnrichmentServiceTest" file="C:\Users\prote\Documents\software-devel\ksf_bank_import\tests\unit\Services\Enrichment\EnrichmentServiceTest.php" line="88" assertions="3" time="0.000612"/>
        <testcase name="testCreateWithMerchantCategoryProvider" class="Tests\Unit\Services\Enrichment\EnrichmentServiceTest" classname="Tests.Unit.Services.Enrichment.EnrichmentServiceTest" file="C:\Users\prote\Documents\software-devel\ksf_bank_import\tests\unit\Services\Enrichment\EnrichmentServiceTest.php" line="114" assertions="3" time="0.000637"/>
        <testcase name="testCreateWithAllProvidersAvailable" class="Tests\Unit\Services\Enrichment\EnrichmentServiceTest" classname="Tests.Unit.Services.Enrichment.EnrichmentServiceTest" file="C:\Users\prote\Documents\software-devel\ksf_bank_import\tests\unit\Services\Enrichment\EnrichmentServiceTest.php" line="140" assertions="4" time="0.000617"/>
        <testcase name="testEnrichForeignCurrencyWithExchangeRateProvider" class="Tests\Unit\Services\Enrichment\EnrichmentServiceTest" classname="Tests.Unit.Services.Enrichment.EnrichmentServiceTest" file="C:\Users\prote\Documents\software-devel\ksf_bank_import\tests\unit\Services\Enrichment\EnrichmentServiceTest.php" line="177" assertions="1" time="0.000734"/>
        <testcase name="testSkipExchangeRateForCADCurrency" class="Tests\Unit\Services\Enrichment\EnrichmentServiceTest" classname="Tests.Unit.Services.Enrichment.EnrichmentServiceTest" file="C:\Users\prote\Documents\software-devel\ksf_bank_import\tests\unit\Services\Enrichment\EnrichmentServiceTest.php" line="202" assertions="1" time="0.002454"/>
        <testcase name="testGracefulErrorHandlingInProviders" class="Tests\Unit\Services\Enrichment\EnrichmentServiceTest" classname="Tests.Unit.Services.Enrichment.EnrichmentServiceTest" file="C:\Users\prote\Documents\software-devel\ksf_bank_import\tests\unit\Services\Enrichment\EnrichmentServiceTest.php" line="224" assertions="1" time="0.000971"/>
        <testcase name="testEnrichWithAllProvidersSucceed" class="Tests\Unit\Services\Enrichment\EnrichmentServiceTest" classname="Tests.Unit.Services.Enrichment.EnrichmentServiceTest" file="C:\Users\prote\Documents\software-devel\ksf_bank_import\tests\unit\Services\Enrichment\EnrichmentServiceTest.php" line="245" assertions="1" time="0.000770"/>
      </testsuite>
      <testsuite name="Tests\Unit\Services\KeywordExtractorServiceTest" file="C:\Users\prote\Documents\software-devel\ksf_bank_import\tests\unit\Services\KeywordExtractorServiceTest.php" tests="22" assertions="78" errors="0" warnings="0" failures="0" skipped="0" time="0.039176">
        <testcase name="testExtractsSimpleKeywords" class="Tests\Unit\Services\KeywordExtractorServiceTest" classname="Tests.Unit.Services.KeywordExtractorServiceTest" file="C:\Users\prote\Documents\software-devel\ksf_bank_import\tests\unit\Services\KeywordExtractorServiceTest.php" line="36" assertions="4" time="0.012107"/>
        <testcase name="testFiltersStopwords" class="Tests\Unit\Services\KeywordExtractorServiceTest" classname="Tests.Unit.Services.KeywordExtractorServiceTest" file="C:\Users\prote\Documents\software-devel\ksf_bank_import\tests\unit\Services\KeywordExtractorServiceTest.php" line="51" assertions="7" time="0.002007"/>
        <testcase name="testHandlesPunctuation" class="Tests\Unit\Services\KeywordExtractorServiceTest" classname="Tests.Unit.Services.KeywordExtractorServiceTest" file="C:\Users\prote\Documents\software-devel\ksf_bank_import\tests\unit\Services\KeywordExtractorServiceTest.php" line="72" assertions="4" time="0.001417"/>
        <testcase name="testPreservesHyphens" class="Tests\Unit\Services\KeywordExtractorServiceTest" classname="Tests.Unit.Services.KeywordExtractorServiceTest" file="C:\Users\prote\Documents\software-devel\ksf_bank_import\tests\unit\Services\KeywordExtractorServiceTest.php" line="87" assertions="2" time="0.001349"/>
        <testcase name="testFiltersShortKeywords" class="Tests\Unit\Services\KeywordExtractorServiceTest" classname="Tests.Unit.Services.KeywordExtractorServiceTest" file="C:\Users\prote\Documents\software-devel\ksf_bank_import\tests\unit\Services\KeywordExtractorServiceTest.php" line="100" assertions="5" time="0.001717"/>
        <testcase name="testRemovesDuplicates" class="Tests\Unit\Services\KeywordExtractorServiceTest" classname="Tests.Unit.Services.KeywordExtractorServiceTest" file="C:\Users\prote\Documents\software-devel\ksf_bank_import\tests\unit\Services\KeywordExtractorServiceTest.php" line="118" assertions="2" time="0.001266"/>
        <testcase name="testHandlesEmptyText" class="Tests\Unit\Services\KeywordExtractorServiceTest" classname="Tests.Unit.Services.KeywordExtractorServiceTest" file="C:\Users\prote\Documents\software-devel\ksf_bank_import\tests\unit\Services\KeywordExtractorServiceTest.php" line="129" assertions="2" time="0.000746"/>
        <testcase name="testHandlesWhitespaceOnly" class="Tests\Unit\Services\KeywordExtractorServiceTest" classname="Tests.Unit.Services.KeywordExtractorServiceTest" file="C:\Users\prote\Documents\software-devel\ksf_bank_import\tests\unit\Services\KeywordExtractorServiceTest.php" line="140" assertions="2" time="0.000620"/>
        <testcase name="testHandlesAllStopwords" class="Tests\Unit\Services\KeywordExtractorServiceTest" classname="Tests.Unit.Services.KeywordExtractorServiceTest" file="C:\Users\prote\Documents\software-devel\ksf_bank_import\tests\unit\Services\KeywordExtractorServiceTest.php" line="151" assertions="2" time="0.000800"/>
        <testcase name="testExtractAsStringsReturnsStringArray" class="Tests\Unit\Services\KeywordExtractorServiceTest" classname="Tests.Unit.Services.KeywordExtractorServiceTest" file="C:\Users\prote\Documents\software-devel\ksf_bank_import\tests\unit\Services\KeywordExtractorServiceTest.php" line="162" assertions="5" time="0.001418"/>
        <testcase name="testIsValidAcceptsValidKeywords" class="Tests\Unit\Services\KeywordExtractorServiceTest" classname="Tests.Unit.Services.KeywordExtractorServiceTest" file="C:\Users\prote\Documents\software-devel\ksf_bank_import\tests\unit\Services\KeywordExtractorServiceTest.php" line="176" assertions="4" time="0.002223"/>
        <testcase name="testIsValidRejectsStopwords" class="Tests\Unit\Services\KeywordExtractorServiceTest" classname="Tests.Unit.Services.KeywordExtractorServiceTest" file="C:\Users\prote\Documents\software-devel\ksf_bank_import\tests\unit\Services\KeywordExtractorServiceTest.php" line="187" assertions="3" time="0.000882"/>
        <testcase name="testIsValidRejectsShortKeywords" class="Tests\Unit\Services\KeywordExtractorServiceTest" classname="Tests.Unit.Services.KeywordExtractorServiceTest" file="C:\Users\prote\Documents\software-devel\ksf_bank_import\tests\unit\Services\KeywordExtractorServiceTest.php" line="197" assertions="3" time="0.000683"/>
        <testcase name="testIsValidWithCustomMinLength" class="Tests\Unit\Services\KeywordExtractorServiceTest" classname="Tests.Unit.Services.KeywordExtractorServiceTest" file="C:\Users\prote\Documents\software-devel\ksf_bank_import\tests\unit\Services\KeywordExtractorServiceTest.php" line="207" assertions="2" time="0.000632"/>
        <testcase name="testAddStopwordAddsToList" class="Tests\Unit\Services\KeywordExtractorServiceTest" classname="Tests.Unit.Services.KeywordExtractorServiceTest" file="C:\Users\prote\Documents\software-devel\ksf_bank_import\tests\unit\Services\KeywordExtractorServiceTest.php" line="218" assertions="3" time="0.001154"/>
        <testcase name="testConstructorWithCustomStopwords" class="Tests\Unit\Services\KeywordExtractorServiceTest" classname="Tests.Unit.Services.KeywordExtractorServiceTest" file="C:\Users\prote\Documents\software-devel\ksf_bank_import\tests\unit\Services\KeywordExtractorServiceTest.php" line="233" assertions="3" time="0.000865"/>
        <testcase name="testHandlesSpecialCharacters" class="Tests\Unit\Services\KeywordExtractorServiceTest" classname="Tests.Unit.Services.KeywordExtractorServiceTest" file="C:\Users\prote\Documents\software-devel\ksf_bank_import\tests\unit\Services\KeywordExtractorServiceTest.php" line="248" assertions="5" time="0.002745"/>
        <testcase name="testHandlesMultipleSpaces" class="Tests\Unit\Services\KeywordExtractorServiceTest" classname="Tests.Unit.Services.KeywordExtractorServiceTest" file="C:\Users\prote\Documents\software-devel\ksf_bank_import\tests\unit\Services\KeywordExtractorServiceTest.php" line="264" assertions="4" time="0.001442"/>
        <testcase name="testHandlesNumericKeywords" class="Tests\Unit\Services\KeywordExtractorServiceTest" classname="Tests.Unit.Services.KeywordExtractorServiceTest" file="C:\Users\prote\Documents\software-devel\ksf_bank_import\tests\unit\Services\KeywordExtractorServiceTest.php" line="279" assertions="4" time="0.001200"/>
        <testcase name="testHandlesMixedCase" class="Tests\Unit\Services\KeywordExtractorServiceTest" classname="Tests.Unit.Services.KeywordExtractorServiceTest" file="C:\Users\prote\Documents\software-devel\ksf_bank_import\tests\unit\Services\KeywordExtractorServiceTest.php" line="296" assertions="3" time="0.001107"/>
        <testcase name="testExtractsFromTransactionMemo" class="Tests\Unit\Services\KeywordExtractorServiceTest" classname="Tests.Unit.Services.KeywordExtractorServiceTest" file="C:\Users\prote\Documents\software-devel\ksf_bank_import\tests\unit\Services\KeywordExtractorServiceTest.php" line="311" assertions="5" time="0.001619"/>
        <testcase name="testFiltersPurelyNumeric" class="Tests\Unit\Services\KeywordExtractorServiceTest" classname="Tests.Unit.Services.KeywordExtractorServiceTest" file="C:\Users\prote\Documents\software-devel\ksf_bank_import\tests\unit\Services\KeywordExtractorServiceTest.php" line="328" assertions="4" time="0.001176"/>
      </testsuite>
      <testsuite name="Tests\Unit\Services\KeywordMatchingServiceTest" file="C:\Users\prote\Documents\software-devel\ksf_bank_import\tests\unit\Services\KeywordMatchingServiceTest.php" tests="16" assertions="53" errors="0" warnings="0" failures="0" skipped="0" time="0.076000">
        <testcase name="testSearchReturnsMatches" class="Tests\Unit\Services\KeywordMatchingServiceTest" classname="Tests.Unit.Services.KeywordMatchingServiceTest" file="C:\Users\prote\Documents\software-devel\ksf_bank_import\tests\unit\Services\KeywordMatchingServiceTest.php" line="56" assertions="8" time="0.031046"/>
        <testcase name="testSearchFiltersByConfidence" class="Tests\Unit\Services\KeywordMatchingServiceTest" classname="Tests.Unit.Services.KeywordMatchingServiceTest" file="C:\Users\prote\Documents\software-devel\ksf_bank_import\tests\unit\Services\KeywordMatchingServiceTest.php" line="103" assertions="4" time="0.003538"/>
        <testcase name="testSearchAppliesClusteringBonus" class="Tests\Unit\Services\KeywordMatchingServiceTest" classname="Tests.Unit.Services.KeywordMatchingServiceTest" file="C:\Users\prote\Documents\software-devel\ksf_bank_import\tests\unit\Services\KeywordMatchingServiceTest.php" line="154" assertions="5" time="0.003249"/>
        <testcase name="testSearchSortsByKeywordCountThenScore" class="Tests\Unit\Services\KeywordMatchingServiceTest" classname="Tests.Unit.Services.KeywordMatchingServiceTest" file="C:\Users\prote\Documents\software-devel\ksf_bank_import\tests\unit\Services\KeywordMatchingServiceTest.php" line="200" assertions="5" time="0.003676"/>
        <testcase name="testSearchRespectsLimit" class="Tests\Unit\Services\KeywordMatchingServiceTest" classname="Tests.Unit.Services.KeywordMatchingServiceTest" file="C:\Users\prote\Documents\software-devel\ksf_bank_import\tests\unit\Services\KeywordMatchingServiceTest.php" line="251" assertions="3" time="0.004834"/>
        <testcase name="testSearchWithPartnerTypeFilter" class="Tests\Unit\Services\KeywordMatchingServiceTest" classname="Tests.Unit.Services.KeywordMatchingServiceTest" file="C:\Users\prote\Documents\software-devel\ksf_bank_import\tests\unit\Services\KeywordMatchingServiceTest.php" line="287" assertions="2" time="0.003281"/>
        <testcase name="testSearchWithNoKeywordsReturnsEmpty" class="Tests\Unit\Services\KeywordMatchingServiceTest" classname="Tests.Unit.Services.KeywordMatchingServiceTest" file="C:\Users\prote\Documents\software-devel\ksf_bank_import\tests\unit\Services\KeywordMatchingServiceTest.php" line="314" assertions="4" time="0.002164"/>
        <testcase name="testSearchWithNoMatchesReturnsEmpty" class="Tests\Unit\Services\KeywordMatchingServiceTest" classname="Tests.Unit.Services.KeywordMatchingServiceTest" file="C:\Users\prote\Documents\software-devel\ksf_bank_import\tests\unit\Services\KeywordMatchingServiceTest.php" line="337" assertions="4" time="0.003531"/>
        <testcase name="testGetTopMatchReturnsBestMatch" class="Tests\Unit\Services\KeywordMatchingServiceTest" classname="Tests.Unit.Services.KeywordMatchingServiceTest" file="C:\Users\prote\Documents\software-devel\ksf_bank_import\tests\unit\Services\KeywordMatchingServiceTest.php" line="361" assertions="4" time="0.003418"/>
        <testcase name="testGetTopMatchReturnsNullWhenNoMatches" class="Tests\Unit\Services\KeywordMatchingServiceTest" classname="Tests.Unit.Services.KeywordMatchingServiceTest" file="C:\Users\prote\Documents\software-devel\ksf_bank_import\tests\unit\Services\KeywordMatchingServiceTest.php" line="406" assertions="3" time="0.002630"/>
        <testcase name="testCalculateScoreWithSingleKeyword" class="Tests\Unit\Services\KeywordMatchingServiceTest" classname="Tests.Unit.Services.KeywordMatchingServiceTest" file="C:\Users\prote\Documents\software-devel\ksf_bank_import\tests\unit\Services\KeywordMatchingServiceTest.php" line="429" assertions="1" time="0.001592"/>
        <testcase name="testCalculateScoreWithMultipleKeywords" class="Tests\Unit\Services\KeywordMatchingServiceTest" classname="Tests.Unit.Services.KeywordMatchingServiceTest" file="C:\Users\prote\Documents\software-devel\ksf_bank_import\tests\unit\Services\KeywordMatchingServiceTest.php" line="441" assertions="1" time="0.001305"/>
        <testcase name="testCalculateScoreWithManyKeywords" class="Tests\Unit\Services\KeywordMatchingServiceTest" classname="Tests.Unit.Services.KeywordMatchingServiceTest" file="C:\Users\prote\Documents\software-devel\ksf_bank_import\tests\unit\Services\KeywordMatchingServiceTest.php" line="452" assertions="1" time="0.001193"/>
        <testcase name="testSearchHandlesEmptyText" class="Tests\Unit\Services\KeywordMatchingServiceTest" classname="Tests.Unit.Services.KeywordMatchingServiceTest" file="C:\Users\prote\Documents\software-devel\ksf_bank_import\tests\unit\Services\KeywordMatchingServiceTest.php" line="463" assertions="4" time="0.002774"/>
        <testcase name="testSearchExtractsKeywordsCorrectly" class="Tests\Unit\Services\KeywordMatchingServiceTest" classname="Tests.Unit.Services.KeywordMatchingServiceTest" file="C:\Users\prote\Documents\software-devel\ksf_bank_import\tests\unit\Services\KeywordMatchingServiceTest.php" line="484" assertions="2" time="0.003223"/>
        <testcase name="testSearchPassesLimitMultiplierToRepository" class="Tests\Unit\Services\KeywordMatchingServiceTest" classname="Tests.Unit.Services.KeywordMatchingServiceTest" file="C:\Users\prote\Documents\software-devel\ksf_bank_import\tests\unit\Services\KeywordMatchingServiceTest.php" line="515" assertions="2" time="0.004545"/>
      </testsuite>
      <testsuite name="Tests\Unit\Parsers\CsvParserTest" file="C:\Users\prote\Documents\software-devel\ksf_bank_import\tests\unit\Services\Parsers\CsvParserTest.php" tests="16" assertions="28" errors="0" warnings="0" failures="5" skipped="0" time="1.383447">
        <testcase name="testParseValidCsvWithStandardHeaders" class="Tests\Unit\Parsers\CsvParserTest" classname="Tests.Unit.Parsers.CsvParserTest" file="C:\Users\prote\Documents\software-devel\ksf_bank_import\tests\unit\Services\Parsers\CsvParserTest.php" line="54" assertions="2" time="0.279130">
          <failure type="PHPUnit\Framework\ExpectationFailedException">Tests\Unit\Parsers\CsvParserTest::testParseValidCsvWithStandardHeaders
Failed asserting that actual size 2 matches expected size 1.

C:\Users\prote\Documents\software-devel\ksf_bank_import\tests\unit\Services\Parsers\CsvParserTest.php:66</failure>
          <system-out>
Deprecated: str_getcsv(): the $escape parameter must be provided as its default value will change in C:\Users\prote\Documents\software-devel\ksf_bank_import\src\Ksfraser\FaBankImport\Import\Services\Parsers\CsvParser.php on line 142

Deprecated: str_getcsv(): the $escape parameter must be provided as its default value will change in C:\Users\prote\Documents\software-devel\ksf_bank_import\src\Ksfraser\FaBankImport\Import\Services\Parsers\CsvParser.php on line 167

Deprecated: str_getcsv(): the $escape parameter must be provided as its default value will change in C:\Users\prote\Documents\software-devel\ksf_bank_import\src\Ksfraser\FaBankImport\Import\Services\Parsers\CsvParser.php on line 167
</system-out>
        </testcase>
        <testcase name="testParseCSVWithHeaderVariations" class="Tests\Unit\Parsers\CsvParserTest" classname="Tests.Unit.Parsers.CsvParserTest" file="C:\Users\prote\Documents\software-devel\ksf_bank_import\tests\unit\Services\Parsers\CsvParserTest.php" line="73" assertions="2" time="0.012039">
          <system-out>
Deprecated: str_getcsv(): the $escape parameter must be provided as its default value will change in C:\Users\prote\Documents\software-devel\ksf_bank_import\src\Ksfraser\FaBankImport\Import\Services\Parsers\CsvParser.php on line 142

Deprecated: str_getcsv(): the $escape parameter must be provided as its default value will change in C:\Users\prote\Documents\software-devel\ksf_bank_import\src\Ksfraser\FaBankImport\Import\Services\Parsers\CsvParser.php on line 167
</system-out>
        </testcase>
        <testcase name="testParseWithExplicitColumnMapping" class="Tests\Unit\Parsers\CsvParserTest" classname="Tests.Unit.Parsers.CsvParserTest" file="C:\Users\prote\Documents\software-devel\ksf_bank_import\tests\unit\Services\Parsers\CsvParserTest.php" line="91" assertions="2" time="0.017961">
          <system-out>
Deprecated: str_getcsv(): the $escape parameter must be provided as its default value will change in C:\Users\prote\Documents\software-devel\ksf_bank_import\src\Ksfraser\FaBankImport\Import\Services\Parsers\CsvParser.php on line 142

Deprecated: str_getcsv(): the $escape parameter must be provided as its default value will change in C:\Users\prote\Documents\software-devel\ksf_bank_import\src\Ksfraser\FaBankImport\Import\Services\Parsers\CsvParser.php on line 167
</system-out>
        </testcase>
        <testcase name="testParseWithBankIdentifierWmmc" class="Tests\Unit\Parsers\CsvParserTest" classname="Tests.Unit.Parsers.CsvParserTest" file="C:\Users\prote\Documents\software-devel\ksf_bank_import\tests\unit\Services\Parsers\CsvParserTest.php" line="116" assertions="2" time="0.122019">
          <system-out>
Deprecated: str_getcsv(): the $escape parameter must be provided as its default value will change in C:\Users\prote\Documents\software-devel\ksf_bank_import\src\Ksfraser\FaBankImport\Import\Services\Parsers\CsvParser.php on line 142

Deprecated: str_getcsv(): the $escape parameter must be provided as its default value will change in C:\Users\prote\Documents\software-devel\ksf_bank_import\src\Ksfraser\FaBankImport\Import\Services\Parsers\CsvParser.php on line 167
</system-out>
        </testcase>
        <testcase name="testParseWithRuntimeCustomSynonyms" class="Tests\Unit\Parsers\CsvParserTest" classname="Tests.Unit.Parsers.CsvParserTest" file="C:\Users\prote\Documents\software-devel\ksf_bank_import\tests\unit\Services\Parsers\CsvParserTest.php" line="135" assertions="2" time="0.005605">
          <system-out>
Deprecated: str_getcsv(): the $escape parameter must be provided as its default value will change in C:\Users\prote\Documents\software-devel\ksf_bank_import\src\Ksfraser\FaBankImport\Import\Services\Parsers\CsvParser.php on line 142

Deprecated: str_getcsv(): the $escape parameter must be provided as its default value will change in C:\Users\prote\Documents\software-devel\ksf_bank_import\src\Ksfraser\FaBankImport\Import\Services\Parsers\CsvParser.php on line 167
</system-out>
        </testcase>
        <testcase name="testParseWithConfigFileSynonyms" class="Tests\Unit\Parsers\CsvParserTest" classname="Tests.Unit.Parsers.CsvParserTest" file="C:\Users\prote\Documents\software-devel\ksf_bank_import\tests\unit\Services\Parsers\CsvParserTest.php" line="160" assertions="2" time="0.008271">
          <system-out>
Deprecated: str_getcsv(): the $escape parameter must be provided as its default value will change in C:\Users\prote\Documents\software-devel\ksf_bank_import\src\Ksfraser\FaBankImport\Import\Services\Parsers\CsvParser.php on line 142

Deprecated: str_getcsv(): the $escape parameter must be provided as its default value will change in C:\Users\prote\Documents\software-devel\ksf_bank_import\src\Ksfraser\FaBankImport\Import\Services\Parsers\CsvParser.php on line 167
</system-out>
        </testcase>
        <testcase name="testParseMultipleTransactionsSameDateAccount" class="Tests\Unit\Parsers\CsvParserTest" classname="Tests.Unit.Parsers.CsvParserTest" file="C:\Users\prote\Documents\software-devel\ksf_bank_import\tests\unit\Services\Parsers\CsvParserTest.php" line="188" assertions="1" time="0.004903">
          <system-out>
Deprecated: str_getcsv(): the $escape parameter must be provided as its default value will change in C:\Users\prote\Documents\software-devel\ksf_bank_import\src\Ksfraser\FaBankImport\Import\Services\Parsers\CsvParser.php on line 142

Deprecated: str_getcsv(): the $escape parameter must be provided as its default value will change in C:\Users\prote\Documents\software-devel\ksf_bank_import\src\Ksfraser\FaBankImport\Import\Services\Parsers\CsvParser.php on line 167

Deprecated: str_getcsv(): the $escape parameter must be provided as its default value will change in C:\Users\prote\Documents\software-devel\ksf_bank_import\src\Ksfraser\FaBankImport\Import\Services\Parsers\CsvParser.php on line 167

Deprecated: str_getcsv(): the $escape parameter must be provided as its default value will change in C:\Users\prote\Documents\software-devel\ksf_bank_import\src\Ksfraser\FaBankImport\Import\Services\Parsers\CsvParser.php on line 167
</system-out>
        </testcase>
        <testcase name="testParseCSVWithEmptyLines" class="Tests\Unit\Parsers\CsvParserTest" classname="Tests.Unit.Parsers.CsvParserTest" file="C:\Users\prote\Documents\software-devel\ksf_bank_import\tests\unit\Services\Parsers\CsvParserTest.php" line="207" assertions="2" time="0.005049">
          <failure type="PHPUnit\Framework\ExpectationFailedException">Tests\Unit\Parsers\CsvParserTest::testParseCSVWithEmptyLines
Failed asserting that actual size 2 matches expected size 1.

C:\Users\prote\Documents\software-devel\ksf_bank_import\tests\unit\Services\Parsers\CsvParserTest.php:220</failure>
          <system-out>
Deprecated: str_getcsv(): the $escape parameter must be provided as its default value will change in C:\Users\prote\Documents\software-devel\ksf_bank_import\src\Ksfraser\FaBankImport\Import\Services\Parsers\CsvParser.php on line 142

Deprecated: str_getcsv(): the $escape parameter must be provided as its default value will change in C:\Users\prote\Documents\software-devel\ksf_bank_import\src\Ksfraser\FaBankImport\Import\Services\Parsers\CsvParser.php on line 167

Deprecated: str_getcsv(): the $escape parameter must be provided as its default value will change in C:\Users\prote\Documents\software-devel\ksf_bank_import\src\Ksfraser\FaBankImport\Import\Services\Parsers\CsvParser.php on line 167
</system-out>
        </testcase>
        <testcase name="testFileNotFoundThrowsException" class="Tests\Unit\Parsers\CsvParserTest" classname="Tests.Unit.Parsers.CsvParserTest" file="C:\Users\prote\Documents\software-devel\ksf_bank_import\tests\unit\Services\Parsers\CsvParserTest.php" line="226" assertions="1" time="0.550979"/>
        <testcase name="testFileNotReadableThrowsException" class="Tests\Unit\Parsers\CsvParserTest" classname="Tests.Unit.Parsers.CsvParserTest" file="C:\Users\prote\Documents\software-devel\ksf_bank_import\tests\unit\Services\Parsers\CsvParserTest.php" line="235" assertions="1" time="0.185872">
          <failure type="PHPUnit\Framework\ExpectationFailedException">Tests\Unit\Parsers\CsvParserTest::testFileNotReadableThrowsException
Failed asserting that exception of type "Ksfraser\Exceptions\Utility\FileNotFoundException" is thrown.</failure>
          <system-out>
Deprecated: str_getcsv(): the $escape parameter must be provided as its default value will change in C:\Users\prote\Documents\software-devel\ksf_bank_import\src\Ksfraser\FaBankImport\Import\Services\Parsers\CsvParser.php on line 142
</system-out>
        </testcase>
        <testcase name="testEmptyCSVThrowsException" class="Tests\Unit\Parsers\CsvParserTest" classname="Tests.Unit.Parsers.CsvParserTest" file="C:\Users\prote\Documents\software-devel\ksf_bank_import\tests\unit\Services\Parsers\CsvParserTest.php" line="252" assertions="1" time="0.163072">
          <failure type="PHPUnit\Framework\ExpectationFailedException">Tests\Unit\Parsers\CsvParserTest::testEmptyCSVThrowsException
Failed asserting that exception of type "TypeError" matches expected exception "Ksfraser\Exceptions\Utility\ParsingFailedException". Message was: "Ksfraser\FaBankImport\Import\Services\Parsers\SynonymResolver::getFieldNameForHeader(): Argument #1 ($headerValue) must be of type string, null given, called in C:\Users\prote\Documents\software-devel\ksf_bank_import\src\Ksfraser\FaBankImport\Import\Services\Parsers\CsvParser.php on line 379" at
C:\Users\prote\Documents\software-devel\ksf_bank_import\src\Ksfraser\FaBankImport\Import\Services\Parsers\SynonymResolver.php:227
C:\Users\prote\Documents\software-devel\ksf_bank_import\src\Ksfraser\FaBankImport\Import\Services\Parsers\CsvParser.php:379
C:\Users\prote\Documents\software-devel\ksf_bank_import\src\Ksfraser\FaBankImport\Import\Services\Parsers\CsvParser.php:308
C:\Users\prote\Documents\software-devel\ksf_bank_import\src\Ksfraser\FaBankImport\Import\Services\Parsers\CsvParser.php:152
C:\Users\prote\Documents\software-devel\ksf_bank_import\tests\unit\Services\Parsers\CsvParserTest.php:258
.</failure>
          <system-out>
Deprecated: str_getcsv(): the $escape parameter must be provided as its default value will change in C:\Users\prote\Documents\software-devel\ksf_bank_import\src\Ksfraser\FaBankImport\Import\Services\Parsers\CsvParser.php on line 142
</system-out>
        </testcase>
        <testcase name="testEmptyHeaderRowThrowsException" class="Tests\Unit\Parsers\CsvParserTest" classname="Tests.Unit.Parsers.CsvParserTest" file="C:\Users\prote\Documents\software-devel\ksf_bank_import\tests\unit\Services\Parsers\CsvParserTest.php" line="264" assertions="1" time="0.008978">
          <failure type="PHPUnit\Framework\ExpectationFailedException">Tests\Unit\Parsers\CsvParserTest::testEmptyHeaderRowThrowsException
Failed asserting that exception of type "TypeError" matches expected exception "Ksfraser\Exceptions\Utility\ParsingFailedException". Message was: "Ksfraser\FaBankImport\Import\Services\Parsers\SynonymResolver::getFieldNameForHeader(): Argument #1 ($headerValue) must be of type string, null given, called in C:\Users\prote\Documents\software-devel\ksf_bank_import\src\Ksfraser\FaBankImport\Import\Services\Parsers\CsvParser.php on line 379" at
C:\Users\prote\Documents\software-devel\ksf_bank_import\src\Ksfraser\FaBankImport\Import\Services\Parsers\SynonymResolver.php:227
C:\Users\prote\Documents\software-devel\ksf_bank_import\src\Ksfraser\FaBankImport\Import\Services\Parsers\CsvParser.php:379
C:\Users\prote\Documents\software-devel\ksf_bank_import\src\Ksfraser\FaBankImport\Import\Services\Parsers\CsvParser.php:308
C:\Users\prote\Documents\software-devel\ksf_bank_import\src\Ksfraser\FaBankImport\Import\Services\Parsers\CsvParser.php:152
C:\Users\prote\Documents\software-devel\ksf_bank_import\tests\unit\Services\Parsers\CsvParserTest.php:270
.</failure>
          <system-out>
Deprecated: str_getcsv(): the $escape parameter must be provided as its default value will change in C:\Users\prote\Documents\software-devel\ksf_bank_import\src\Ksfraser\FaBankImport\Import\Services\Parsers\CsvParser.php on line 142
</system-out>
        </testcase>
        <testcase name="testEncodingDetectionAndConversion" class="Tests\Unit\Parsers\CsvParserTest" classname="Tests.Unit.Parsers.CsvParserTest" file="C:\Users\prote\Documents\software-devel\ksf_bank_import\tests\unit\Services\Parsers\CsvParserTest.php" line="276" assertions="2" time="0.009002">
          <system-out>
Deprecated: str_getcsv(): the $escape parameter must be provided as its default value will change in C:\Users\prote\Documents\software-devel\ksf_bank_import\src\Ksfraser\FaBankImport\Import\Services\Parsers\CsvParser.php on line 142

Deprecated: str_getcsv(): the $escape parameter must be provided as its default value will change in C:\Users\prote\Documents\software-devel\ksf_bank_import\src\Ksfraser\FaBankImport\Import\Services\Parsers\CsvParser.php on line 167
</system-out>
        </testcase>
        <testcase name="testCustomSynonymResolverInjection" class="Tests\Unit\Parsers\CsvParserTest" classname="Tests.Unit.Parsers.CsvParserTest" file="C:\Users\prote\Documents\software-devel\ksf_bank_import\tests\unit\Services\Parsers\CsvParserTest.php" line="294" assertions="2" time="0.006608">
          <system-out>
Deprecated: str_getcsv(): the $escape parameter must be provided as its default value will change in C:\Users\prote\Documents\software-devel\ksf_bank_import\src\Ksfraser\FaBankImport\Import\Services\Parsers\CsvParser.php on line 142

Deprecated: str_getcsv(): the $escape parameter must be provided as its default value will change in C:\Users\prote\Documents\software-devel\ksf_bank_import\src\Ksfraser\FaBankImport\Import\Services\Parsers\CsvParser.php on line 167
</system-out>
        </testcase>
        <testcase name="testGetSupportedTypes" class="Tests\Unit\Parsers\CsvParserTest" classname="Tests.Unit.Parsers.CsvParserTest" file="C:\Users\prote\Documents\software-devel\ksf_bank_import\tests\unit\Services\Parsers\CsvParserTest.php" line="317" assertions="4" time="0.002221"/>
        <testcase name="testGetName" class="Tests\Unit\Parsers\CsvParserTest" classname="Tests.Unit.Parsers.CsvParserTest" file="C:\Users\prote\Documents\software-devel\ksf_bank_import\tests\unit\Services\Parsers\CsvParserTest.php" line="330" assertions="1" time="0.001740"/>
      </testsuite>
      <testsuite name="Tests\Unit\Parsers\OFXParserTest" file="C:\Users\prote\Documents\software-devel\ksf_bank_import\tests\unit\Services\Parsers\OFXParserTest.php" tests="12" assertions="7" errors="9" warnings="0" failures="0" skipped="0" time="1.288073">
        <testcase name="testParseValidOFX10Format" class="Tests\Unit\Parsers\OFXParserTest" classname="Tests.Unit.Parsers.OFXParserTest" file="C:\Users\prote\Documents\software-devel\ksf_bank_import\tests\unit\Services\Parsers\OFXParserTest.php" line="52" assertions="0" time="0.732161">
          <error type="Ksfraser\Exceptions\Utility\EncodingMismatchException">Tests\Unit\Parsers\OFXParserTest::testParseValidOFX10Format
Ksfraser\Exceptions\Utility\EncodingMismatchException: Encoding mismatch: detected USASCII, expected UTF-8

C:\Users\prote\Documents\software-devel\Exceptions\src\Ksfraser\Exceptions\Utility\EncodingMismatchException.php:71
C:\Users\prote\Documents\software-devel\ksf_bank_import\src\Ksfraser\FaBankImport\Import\Services\Parsers\OFXParser.php:70
C:\Users\prote\Documents\software-devel\ksf_bank_import\tests\unit\Services\Parsers\OFXParserTest.php:58</error>
        </testcase>
        <testcase name="testParseValidOFX20XMLFormat" class="Tests\Unit\Parsers\OFXParserTest" classname="Tests.Unit.Parsers.OFXParserTest" file="C:\Users\prote\Documents\software-devel\ksf_bank_import\tests\unit\Services\Parsers\OFXParserTest.php" line="69" assertions="0" time="0.079607">
          <error type="PHPUnit\Framework\Error\Warning">Tests\Unit\Parsers\OFXParserTest::testParseValidOFX20XMLFormat
preg_match(): No ending delimiter '/' found

C:\Users\prote\Documents\software-devel\ksf_bank_import\src\Ksfraser\FaBankImport\Import\Services\Parsers\OFXParser.php:138
C:\Users\prote\Documents\software-devel\ksf_bank_import\src\Ksfraser\FaBankImport\Import\Services\Parsers\OFXParser.php:66
C:\Users\prote\Documents\software-devel\ksf_bank_import\tests\unit\Services\Parsers\OFXParserTest.php:75</error>
        </testcase>
        <testcase name="testParseValidQFXFormat" class="Tests\Unit\Parsers\OFXParserTest" classname="Tests.Unit.Parsers.OFXParserTest" file="C:\Users\prote\Documents\software-devel\ksf_bank_import\tests\unit\Services\Parsers\OFXParserTest.php" line="83" assertions="0" time="0.005543">
          <error type="PHPUnit\Framework\Error\Warning">Tests\Unit\Parsers\OFXParserTest::testParseValidQFXFormat
preg_match(): No ending delimiter '/' found

C:\Users\prote\Documents\software-devel\ksf_bank_import\src\Ksfraser\FaBankImport\Import\Services\Parsers\OFXParser.php:138
C:\Users\prote\Documents\software-devel\ksf_bank_import\src\Ksfraser\FaBankImport\Import\Services\Parsers\OFXParser.php:66
C:\Users\prote\Documents\software-devel\ksf_bank_import\tests\unit\Services\Parsers\OFXParserTest.php:89</error>
        </testcase>
        <testcase name="testOFXDateNormalization" class="Tests\Unit\Parsers\OFXParserTest" classname="Tests.Unit.Parsers.OFXParserTest" file="C:\Users\prote\Documents\software-devel\ksf_bank_import\tests\unit\Services\Parsers\OFXParserTest.php" line="97" assertions="0" time="0.007206">
          <error type="Ksfraser\Exceptions\Utility\EncodingMismatchException">Tests\Unit\Parsers\OFXParserTest::testOFXDateNormalization
Ksfraser\Exceptions\Utility\EncodingMismatchException: Encoding mismatch: detected USASCII, expected UTF-8

C:\Users\prote\Documents\software-devel\Exceptions\src\Ksfraser\Exceptions\Utility\EncodingMismatchException.php:71
C:\Users\prote\Documents\software-devel\ksf_bank_import\src\Ksfraser\FaBankImport\Import\Services\Parsers\OFXParser.php:70
C:\Users\prote\Documents\software-devel\ksf_bank_import\tests\unit\Services\Parsers\OFXParserTest.php:104</error>
        </testcase>
        <testcase name="testCurrencyExtraction" class="Tests\Unit\Parsers\OFXParserTest" classname="Tests.Unit.Parsers.OFXParserTest" file="C:\Users\prote\Documents\software-devel\ksf_bank_import\tests\unit\Services\Parsers\OFXParserTest.php" line="112" assertions="0" time="0.108733">
          <error type="Ksfraser\Exceptions\Utility\EncodingMismatchException">Tests\Unit\Parsers\OFXParserTest::testCurrencyExtraction
Ksfraser\Exceptions\Utility\EncodingMismatchException: Encoding mismatch: detected USASCII, expected UTF-8

C:\Users\prote\Documents\software-devel\Exceptions\src\Ksfraser\Exceptions\Utility\EncodingMismatchException.php:71
C:\Users\prote\Documents\software-devel\ksf_bank_import\src\Ksfraser\FaBankImport\Import\Services\Parsers\OFXParser.php:70
C:\Users\prote\Documents\software-devel\ksf_bank_import\tests\unit\Services\Parsers\OFXParserTest.php:118</error>
        </testcase>
        <testcase name="testAccountReferenceExtraction" class="Tests\Unit\Parsers\OFXParserTest" classname="Tests.Unit.Parsers.OFXParserTest" file="C:\Users\prote\Documents\software-devel\ksf_bank_import\tests\unit\Services\Parsers\OFXParserTest.php" line="131" assertions="0" time="0.003780">
          <error type="Ksfraser\Exceptions\Utility\EncodingMismatchException">Tests\Unit\Parsers\OFXParserTest::testAccountReferenceExtraction
Ksfraser\Exceptions\Utility\EncodingMismatchException: Encoding mismatch: detected USASCII, expected UTF-8

C:\Users\prote\Documents\software-devel\Exceptions\src\Ksfraser\Exceptions\Utility\EncodingMismatchException.php:71
C:\Users\prote\Documents\software-devel\ksf_bank_import\src\Ksfraser\FaBankImport\Import\Services\Parsers\OFXParser.php:70
C:\Users\prote\Documents\software-devel\ksf_bank_import\tests\unit\Services\Parsers\OFXParserTest.php:137</error>
        </testcase>
        <testcase name="testEncodingDetectionUTF8BOM" class="Tests\Unit\Parsers\OFXParserTest" classname="Tests.Unit.Parsers.OFXParserTest" file="C:\Users\prote\Documents\software-devel\ksf_bank_import\tests\unit\Services\Parsers\OFXParserTest.php" line="145" assertions="0" time="0.003840">
          <error type="Ksfraser\Exceptions\Utility\EncodingMismatchException">Tests\Unit\Parsers\OFXParserTest::testEncodingDetectionUTF8BOM
Ksfraser\Exceptions\Utility\EncodingMismatchException: Encoding mismatch: detected USASCII, expected UTF-8

C:\Users\prote\Documents\software-devel\Exceptions\src\Ksfraser\Exceptions\Utility\EncodingMismatchException.php:71
C:\Users\prote\Documents\software-devel\ksf_bank_import\src\Ksfraser\FaBankImport\Import\Services\Parsers\OFXParser.php:70
C:\Users\prote\Documents\software-devel\ksf_bank_import\tests\unit\Services\Parsers\OFXParserTest.php:151</error>
        </testcase>
        <testcase name="testOFXEncodingDeclaration" class="Tests\Unit\Parsers\OFXParserTest" classname="Tests.Unit.Parsers.OFXParserTest" file="C:\Users\prote\Documents\software-devel\ksf_bank_import\tests\unit\Services\Parsers\OFXParserTest.php" line="159" assertions="0" time="0.010788">
          <error type="Error">Tests\Unit\Parsers\OFXParserTest::testOFXEncodingDeclaration
Error: Class "Ksfraser\KsfOfxParser\OfxParser" not found

C:\Users\prote\Documents\software-devel\ksf_bank_import\src\Ksfraser\FaBankImport\Import\Services\Parsers\OFXParser.php:82
C:\Users\prote\Documents\software-devel\ksf_bank_import\tests\unit\Services\Parsers\OFXParserTest.php:165</error>
        </testcase>
        <testcase name="testFileNotFoundThrowsException" class="Tests\Unit\Parsers\OFXParserTest" classname="Tests.Unit.Parsers.OFXParserTest" file="C:\Users\prote\Documents\software-devel\ksf_bank_import\tests\unit\Services\Parsers\OFXParserTest.php" line="173" assertions="1" time="0.001574"/>
        <testcase name="testInvalidFormatThrowsException" class="Tests\Unit\Parsers\OFXParserTest" classname="Tests.Unit.Parsers.OFXParserTest" file="C:\Users\prote\Documents\software-devel\ksf_bank_import\tests\unit\Services\Parsers\OFXParserTest.php" line="182" assertions="0" time="0.327744">
          <error type="PHPUnit\Framework\Error\Warning">Tests\Unit\Parsers\OFXParserTest::testInvalidFormatThrowsException
preg_match(): No ending delimiter '/' found

C:\Users\prote\Documents\software-devel\ksf_bank_import\src\Ksfraser\FaBankImport\Import\Services\Parsers\OFXParser.php:138
C:\Users\prote\Documents\software-devel\ksf_bank_import\src\Ksfraser\FaBankImport\Import\Services\Parsers\OFXParser.php:66
C:\Users\prote\Documents\software-devel\ksf_bank_import\tests\unit\Services\Parsers\OFXParserTest.php:188</error>
        </testcase>
        <testcase name="testGetSupportedTypes" class="Tests\Unit\Parsers\OFXParserTest" classname="Tests.Unit.Parsers.OFXParserTest" file="C:\Users\prote\Documents\software-devel\ksf_bank_import\tests\unit\Services\Parsers\OFXParserTest.php" line="194" assertions="5" time="0.005051"/>
        <testcase name="testGetName" class="Tests\Unit\Parsers\OFXParserTest" classname="Tests.Unit.Parsers.OFXParserTest" file="C:\Users\prote\Documents\software-devel\ksf_bank_import\tests\unit\Services\Parsers\OFXParserTest.php" line="208" assertions="1" time="0.002044"/>
      </testsuite>
      <testsuite name="Tests\Unit\Parsers\ParserFactoryTest" file="C:\Users\prote\Documents\software-devel\ksf_bank_import\tests\unit\Services\Parsers\ParserFactoryTest.php" tests="11" assertions="26" errors="0" warnings="0" failures="5" skipped="0" time="0.957843">
        <testcase name="testCreateCSVParserForCSVFile" class="Tests\Unit\Parsers\ParserFactoryTest" classname="Tests.Unit.Parsers.ParserFactoryTest" file="C:\Users\prote\Documents\software-devel\ksf_bank_import\tests\unit\Services\Parsers\ParserFactoryTest.php" line="51" assertions="1" time="0.373439"/>
        <testcase name="testCreateCSVParserForTxtFile" class="Tests\Unit\Parsers\ParserFactoryTest" classname="Tests.Unit.Parsers.ParserFactoryTest" file="C:\Users\prote\Documents\software-devel\ksf_bank_import\tests\unit\Services\Parsers\ParserFactoryTest.php" line="64" assertions="1" time="0.250179"/>
        <testcase name="testCreateOFXParserForOFXFile" class="Tests\Unit\Parsers\ParserFactoryTest" classname="Tests.Unit.Parsers.ParserFactoryTest" file="C:\Users\prote\Documents\software-devel\ksf_bank_import\tests\unit\Services\Parsers\ParserFactoryTest.php" line="77" assertions="1" time="0.004897">
          <failure type="PHPUnit\Framework\ExpectationFailedException">Tests\Unit\Parsers\ParserFactoryTest::testCreateOFXParserForOFXFile
Failed asserting that Ksfraser\FaBankImport\Import\Services\Parsers\CsvParser Object (...) is an instance of class "Ksfraser\FaBankImport\Import\Services\Parsers\OFXParser".

C:\Users\prote\Documents\software-devel\ksf_bank_import\tests\unit\Services\Parsers\ParserFactoryTest.php:84</failure>
        </testcase>
        <testcase name="testCreateOFXParserForQFXFile" class="Tests\Unit\Parsers\ParserFactoryTest" classname="Tests.Unit.Parsers.ParserFactoryTest" file="C:\Users\prote\Documents\software-devel\ksf_bank_import\tests\unit\Services\Parsers\ParserFactoryTest.php" line="90" assertions="1" time="0.006105">
          <failure type="PHPUnit\Framework\ExpectationFailedException">Tests\Unit\Parsers\ParserFactoryTest::testCreateOFXParserForQFXFile
Failed asserting that Ksfraser\FaBankImport\Import\Services\Parsers\CsvParser Object (...) is an instance of class "Ksfraser\FaBankImport\Import\Services\Parsers\OFXParser".

C:\Users\prote\Documents\software-devel\ksf_bank_import\tests\unit\Services\Parsers\ParserFactoryTest.php:97</failure>
        </testcase>
        <testcase name="testCreateQIFParserForQIFFile" class="Tests\Unit\Parsers\ParserFactoryTest" classname="Tests.Unit.Parsers.ParserFactoryTest" file="C:\Users\prote\Documents\software-devel\ksf_bank_import\tests\unit\Services\Parsers\ParserFactoryTest.php" line="103" assertions="1" time="0.199178">
          <failure type="PHPUnit\Framework\ExpectationFailedException">Tests\Unit\Parsers\ParserFactoryTest::testCreateQIFParserForQIFFile
Failed asserting that Ksfraser\FaBankImport\Import\Services\Parsers\CsvParser Object (...) is an instance of class "Ksfraser\FaBankImport\Import\Services\Parsers\QIFParser".

C:\Users\prote\Documents\software-devel\ksf_bank_import\tests\unit\Services\Parsers\ParserFactoryTest.php:110</failure>
        </testcase>
        <testcase name="testFileNotFoundThrowsException" class="Tests\Unit\Parsers\ParserFactoryTest" classname="Tests.Unit.Parsers.ParserFactoryTest" file="C:\Users\prote\Documents\software-devel\ksf_bank_import\tests\unit\Services\Parsers\ParserFactoryTest.php" line="116" assertions="1" time="0.001518"/>
        <testcase name="testUnsupportedFileTypeThrowsException" class="Tests\Unit\Parsers\ParserFactoryTest" classname="Tests.Unit.Parsers.ParserFactoryTest" file="C:\Users\prote\Documents\software-devel\ksf_bank_import\tests\unit\Services\Parsers\ParserFactoryTest.php" line="125" assertions="1" time="0.005838">
          <failure type="PHPUnit\Framework\ExpectationFailedException">Tests\Unit\Parsers\ParserFactoryTest::testUnsupportedFileTypeThrowsException
Failed asserting that exception of type "Ksfraser\Exceptions\Utility\UnsupportedFileTypeException" is thrown.</failure>
        </testcase>
        <testcase name="testIsSupportedReturnsTrueForKnownTypes" class="Tests\Unit\Parsers\ParserFactoryTest" classname="Tests.Unit.Parsers.ParserFactoryTest" file="C:\Users\prote\Documents\software-devel\ksf_bank_import\tests\unit\Services\Parsers\ParserFactoryTest.php" line="137" assertions="1" time="0.004217"/>
        <testcase name="testIsSupportedReturnsFalseForUnknownTypes" class="Tests\Unit\Parsers\ParserFactoryTest" classname="Tests.Unit.Parsers.ParserFactoryTest" file="C:\Users\prote\Documents\software-devel\ksf_bank_import\tests\unit\Services\Parsers\ParserFactoryTest.php" line="150" assertions="1" time="0.090749">
          <failure type="PHPUnit\Framework\ExpectationFailedException">Tests\Unit\Parsers\ParserFactoryTest::testIsSupportedReturnsFalseForUnknownTypes
Failed asserting that true is false.

C:\Users\prote\Documents\software-devel\ksf_bank_import\tests\unit\Services\Parsers\ParserFactoryTest.php:157</failure>
        </testcase>
        <testcase name="testGetSupportedExtensions" class="Tests\Unit\Parsers\ParserFactoryTest" classname="Tests.Unit.Parsers.ParserFactoryTest" file="C:\Users\prote\Documents\software-devel\ksf_bank_import\tests\unit\Services\Parsers\ParserFactoryTest.php" line="163" assertions="6" time="0.019316"/>
        <testcase name="testGetAvailableParsers" class="Tests\Unit\Parsers\ParserFactoryTest" classname="Tests.Unit.Parsers.ParserFactoryTest" file="C:\Users\prote\Documents\software-devel\ksf_bank_import\tests\unit\Services\Parsers\ParserFactoryTest.php" line="178" assertions="11" time="0.002406"/>
      </testsuite>
      <testsuite name="Tests\Unit\Parsers\QIFParserTest" file="C:\Users\prote\Documents\software-devel\ksf_bank_import\tests\unit\Services\Parsers\QIFParserTest.php" tests="12" assertions="7" errors="8" warnings="0" failures="0" skipped="0" time="2.127325">
        <testcase name="testParseValidQIFBankStatement" class="Tests\Unit\Parsers\QIFParserTest" classname="Tests.Unit.Parsers.QIFParserTest" file="C:\Users\prote\Documents\software-devel\ksf_bank_import\tests\unit\Services\Parsers\QIFParserTest.php" line="51" assertions="0" time="2.088067">
          <error type="Ksfraser\Exceptions\Utility\ParsingFailedException">Tests\Unit\Parsers\QIFParserTest::testParseValidQIFBankStatement
Ksfraser\Exceptions\Utility\ParsingFailedException: Failed to parse file: Failed to parse QIF content: File not found: !Type:Bank&#13;
D1/15/24&#13;
T-100.00&#13;
PTest Store&#13;
MTest payment&#13;
^&#13;
D1/16/24&#13;
T-50.00&#13;
PDisk Store&#13;
MAnother payment&#13;
^

C:\Users\prote\Documents\software-devel\Exceptions\src\Ksfraser\Exceptions\Utility\ParsingFailedException.php:75
C:\Users\prote\Documents\software-devel\ksf_bank_import\src\Ksfraser\FaBankImport\Import\Services\Parsers\QIFParser.php:94
C:\Users\prote\Documents\software-devel\ksf_bank_import\tests\unit\Services\Parsers\QIFParserTest.php:57</error>
        </testcase>
        <testcase name="testParseQIFCreditCardFormat" class="Tests\Unit\Parsers\QIFParserTest" classname="Tests.Unit.Parsers.QIFParserTest" file="C:\Users\prote\Documents\software-devel\ksf_bank_import\tests\unit\Services\Parsers\QIFParserTest.php" line="68" assertions="0" time="0.005254">
          <error type="Ksfraser\Exceptions\Utility\ParsingFailedException">Tests\Unit\Parsers\QIFParserTest::testParseQIFCreditCardFormat
Ksfraser\Exceptions\Utility\ParsingFailedException: Failed to parse file: Failed to parse QIF content: File not found: !Type:CCard&#13;
D1/15/24&#13;
T-100.00&#13;
PVisa Payment&#13;
MCredit card charge&#13;
^&#13;
D1/16/24&#13;
T-75.00&#13;
PMastercard&#13;
MMastercard charge&#13;
^

C:\Users\prote\Documents\software-devel\Exceptions\src\Ksfraser\Exceptions\Utility\ParsingFailedException.php:75
C:\Users\prote\Documents\software-devel\ksf_bank_import\src\Ksfraser\FaBankImport\Import\Services\Parsers\QIFParser.php:94
C:\Users\prote\Documents\software-devel\ksf_bank_import\tests\unit\Services\Parsers\QIFParserTest.php:74</error>
        </testcase>
        <testcase name="testQIFDateNormalizationMDY" class="Tests\Unit\Parsers\QIFParserTest" classname="Tests.Unit.Parsers.QIFParserTest" file="C:\Users\prote\Documents\software-devel\ksf_bank_import\tests\unit\Services\Parsers\QIFParserTest.php" line="82" assertions="0" time="0.003976">
          <error type="Ksfraser\Exceptions\Utility\ParsingFailedException">Tests\Unit\Parsers\QIFParserTest::testQIFDateNormalizationMDY
Ksfraser\Exceptions\Utility\ParsingFailedException: Failed to parse file: Failed to parse QIF content: File not found: !Type:Bank&#13;
D1/15/24&#13;
T-100.00&#13;
PTest Merchant&#13;
MTest payment&#13;
^

C:\Users\prote\Documents\software-devel\Exceptions\src\Ksfraser\Exceptions\Utility\ParsingFailedException.php:75
C:\Users\prote\Documents\software-devel\ksf_bank_import\src\Ksfraser\FaBankImport\Import\Services\Parsers\QIFParser.php:94
C:\Users\prote\Documents\software-devel\ksf_bank_import\tests\unit\Services\Parsers\QIFParserTest.php:95</error>
        </testcase>
        <testcase name="testQIFDateNormalizationTwoDigitYear" class="Tests\Unit\Parsers\QIFParserTest" classname="Tests.Unit.Parsers.QIFParserTest" file="C:\Users\prote\Documents\software-devel\ksf_bank_import\tests\unit\Services\Parsers\QIFParserTest.php" line="103" assertions="0" time="0.003613">
          <error type="Ksfraser\Exceptions\Utility\ParsingFailedException">Tests\Unit\Parsers\QIFParserTest::testQIFDateNormalizationTwoDigitYear
Ksfraser\Exceptions\Utility\ParsingFailedException: Failed to parse file: Failed to parse QIF content: File not found: !Type:Bank&#13;
D01/15/24&#13;
T-100.00&#13;
^

C:\Users\prote\Documents\software-devel\Exceptions\src\Ksfraser\Exceptions\Utility\ParsingFailedException.php:75
C:\Users\prote\Documents\software-devel\ksf_bank_import\src\Ksfraser\FaBankImport\Import\Services\Parsers\QIFParser.php:94
C:\Users\prote\Documents\software-devel\ksf_bank_import\tests\unit\Services\Parsers\QIFParserTest.php:114</error>
        </testcase>
        <testcase name="testQIFAmountAndDebitCredit" class="Tests\Unit\Parsers\QIFParserTest" classname="Tests.Unit.Parsers.QIFParserTest" file="C:\Users\prote\Documents\software-devel\ksf_bank_import\tests\unit\Services\Parsers\QIFParserTest.php" line="122" assertions="0" time="0.004055">
          <error type="Ksfraser\Exceptions\Utility\ParsingFailedException">Tests\Unit\Parsers\QIFParserTest::testQIFAmountAndDebitCredit
Ksfraser\Exceptions\Utility\ParsingFailedException: Failed to parse file: Failed to parse QIF content: File not found: !Type:Bank&#13;
D1/15/24&#13;
T-100.00&#13;
PDebit Merchant&#13;
M-100.00 debit&#13;
^&#13;
D1/16/24&#13;
T100.00&#13;
PCredit Deposit&#13;
M100.00 credit&#13;
^

C:\Users\prote\Documents\software-devel\Exceptions\src\Ksfraser\Exceptions\Utility\ParsingFailedException.php:75
C:\Users\prote\Documents\software-devel\ksf_bank_import\src\Ksfraser\FaBankImport\Import\Services\Parsers\QIFParser.php:94
C:\Users\prote\Documents\software-devel\ksf_bank_import\tests\unit\Services\Parsers\QIFParserTest.php:140</error>
        </testcase>
        <testcase name="testQIFPayeeExtraction" class="Tests\Unit\Parsers\QIFParserTest" classname="Tests.Unit.Parsers.QIFParserTest" file="C:\Users\prote\Documents\software-devel\ksf_bank_import\tests\unit\Services\Parsers\QIFParserTest.php" line="148" assertions="0" time="0.003604">
          <error type="Ksfraser\Exceptions\Utility\ParsingFailedException">Tests\Unit\Parsers\QIFParserTest::testQIFPayeeExtraction
Ksfraser\Exceptions\Utility\ParsingFailedException: Failed to parse file: Failed to parse QIF content: File not found: !Type:Bank&#13;
D1/15/24&#13;
T-50.00&#13;
PVendor ABC&#13;
MPayment for invoice&#13;
^

C:\Users\prote\Documents\software-devel\Exceptions\src\Ksfraser\Exceptions\Utility\ParsingFailedException.php:75
C:\Users\prote\Documents\software-devel\ksf_bank_import\src\Ksfraser\FaBankImport\Import\Services\Parsers\QIFParser.php:94
C:\Users\prote\Documents\software-devel\ksf_bank_import\tests\unit\Services\Parsers\QIFParserTest.php:161</error>
        </testcase>
        <testcase name="testQIFMemoExtraction" class="Tests\Unit\Parsers\QIFParserTest" classname="Tests.Unit.Parsers.QIFParserTest" file="C:\Users\prote\Documents\software-devel\ksf_bank_import\tests\unit\Services\Parsers\QIFParserTest.php" line="169" assertions="0" time="0.003546">
          <error type="Ksfraser\Exceptions\Utility\ParsingFailedException">Tests\Unit\Parsers\QIFParserTest::testQIFMemoExtraction
Ksfraser\Exceptions\Utility\ParsingFailedException: Failed to parse file: Failed to parse QIF content: File not found: !Type:Bank&#13;
D1/15/24&#13;
T-100.00&#13;
PMerchant&#13;
MMultiple line memo here&#13;
^

C:\Users\prote\Documents\software-devel\Exceptions\src\Ksfraser\Exceptions\Utility\ParsingFailedException.php:75
C:\Users\prote\Documents\software-devel\ksf_bank_import\src\Ksfraser\FaBankImport\Import\Services\Parsers\QIFParser.php:94
C:\Users\prote\Documents\software-devel\ksf_bank_import\tests\unit\Services\Parsers\QIFParserTest.php:182</error>
        </testcase>
        <testcase name="testQIFCheckNumberField" class="Tests\Unit\Parsers\QIFParserTest" classname="Tests.Unit.Parsers.QIFParserTest" file="C:\Users\prote\Documents\software-devel\ksf_bank_import\tests\unit\Services\Parsers\QIFParserTest.php" line="190" assertions="0" time="0.003444">
          <error type="Ksfraser\Exceptions\Utility\ParsingFailedException">Tests\Unit\Parsers\QIFParserTest::testQIFCheckNumberField
Ksfraser\Exceptions\Utility\ParsingFailedException: Failed to parse file: Failed to parse QIF content: File not found: !Type:Bank&#13;
D1/15/24&#13;
T-100.00&#13;
NCheck 001&#13;
PMerchant&#13;
M check payment&#13;
^

C:\Users\prote\Documents\software-devel\Exceptions\src\Ksfraser\Exceptions\Utility\ParsingFailedException.php:75
C:\Users\prote\Documents\software-devel\ksf_bank_import\src\Ksfraser\FaBankImport\Import\Services\Parsers\QIFParser.php:94
C:\Users\prote\Documents\software-devel\ksf_bank_import\tests\unit\Services\Parsers\QIFParserTest.php:204</error>
        </testcase>
        <testcase name="testFileNotFoundThrowsException" class="Tests\Unit\Parsers\QIFParserTest" classname="Tests.Unit.Parsers.QIFParserTest" file="C:\Users\prote\Documents\software-devel\ksf_bank_import\tests\unit\Services\Parsers\QIFParserTest.php" line="212" assertions="1" time="0.001499"/>
        <testcase name="testInvalidQIFFormatThrowsException" class="Tests\Unit\Parsers\QIFParserTest" classname="Tests.Unit.Parsers.QIFParserTest" file="C:\Users\prote\Documents\software-devel\ksf_bank_import\tests\unit\Services\Parsers\QIFParserTest.php" line="221" assertions="1" time="0.006520"/>
        <testcase name="testGetSupportedTypes" class="Tests\Unit\Parsers\QIFParserTest" classname="Tests.Unit.Parsers.QIFParserTest" file="C:\Users\prote\Documents\software-devel\ksf_bank_import\tests\unit\Services\Parsers\QIFParserTest.php" line="233" assertions="4" time="0.002004"/>
        <testcase name="testGetName" class="Tests\Unit\Parsers\QIFParserTest" classname="Tests.Unit.Parsers.QIFParserTest" file="C:\Users\prote\Documents\software-devel\ksf_bank_import\tests\unit\Services\Parsers\QIFParserTest.php" line="246" assertions="1" time="0.001743"/>
      </testsuite>
      <testsuite name="Tests\Unit\Parsers\SynonymResolverTest" file="C:\Users\prote\Documents\software-devel\ksf_bank_import\tests\unit\Services\Parsers\SynonymResolverTest.php" tests="21" assertions="81" errors="0" warnings="0" failures="0" skipped="0" time="0.073276">
        <testcase name="testDefaultSynonymsForTransactionDate" class="Tests\Unit\Parsers\SynonymResolverTest" classname="Tests.Unit.Parsers.SynonymResolverTest" file="C:\Users\prote\Documents\software-devel\ksf_bank_import\tests\unit\Services\Parsers\SynonymResolverTest.php" line="54" assertions="4" time="0.002221"/>
        <testcase name="testDefaultSynonymsForAmount" class="Tests\Unit\Parsers\SynonymResolverTest" classname="Tests.Unit.Parsers.SynonymResolverTest" file="C:\Users\prote\Documents\software-devel\ksf_bank_import\tests\unit\Services\Parsers\SynonymResolverTest.php" line="67" assertions="4" time="0.002147"/>
        <testcase name="testDefaultSynonymsForMerchant" class="Tests\Unit\Parsers\SynonymResolverTest" classname="Tests.Unit.Parsers.SynonymResolverTest" file="C:\Users\prote\Documents\software-devel\ksf_bank_import\tests\unit\Services\Parsers\SynonymResolverTest.php" line="80" assertions="4" time="0.002086"/>
        <testcase name="testDefaultSynonymsForDescription" class="Tests\Unit\Parsers\SynonymResolverTest" classname="Tests.Unit.Parsers.SynonymResolverTest" file="C:\Users\prote\Documents\software-devel\ksf_bank_import\tests\unit\Services\Parsers\SynonymResolverTest.php" line="93" assertions="4" time="0.003769"/>
        <testcase name="testGetSupportedFieldsReturnsAllFields" class="Tests\Unit\Parsers\SynonymResolverTest" classname="Tests.Unit.Parsers.SynonymResolverTest" file="C:\Users\prote\Documents\software-devel\ksf_bank_import\tests\unit\Services\Parsers\SynonymResolverTest.php" line="106" assertions="10" time="0.002734"/>
        <testcase name="testLoadConfigFileWithUniversalSynonyms" class="Tests\Unit\Parsers\SynonymResolverTest" classname="Tests.Unit.Parsers.SynonymResolverTest" file="C:\Users\prote\Documents\software-devel\ksf_bank_import\tests\unit\Services\Parsers\SynonymResolverTest.php" line="125" assertions="4" time="0.003698"/>
        <testcase name="testLoadConfigFileWithParserSpecificSynonyms" class="Tests\Unit\Parsers\SynonymResolverTest" classname="Tests.Unit.Parsers.SynonymResolverTest" file="C:\Users\prote\Documents\software-devel\ksf_bank_import\tests\unit\Services\Parsers\SynonymResolverTest.php" line="148" assertions="2" time="0.005767"/>
        <testcase name="testRuntimeSynonymsOverrideConfigFile" class="Tests\Unit\Parsers\SynonymResolverTest" classname="Tests.Unit.Parsers.SynonymResolverTest" file="C:\Users\prote\Documents\software-devel\ksf_bank_import\tests\unit\Services\Parsers\SynonymResolverTest.php" line="171" assertions="2" time="0.003915"/>
        <testcase name="testFluentAPIAddSynonymWithChaining" class="Tests\Unit\Parsers\SynonymResolverTest" classname="Tests.Unit.Parsers.SynonymResolverTest" file="C:\Users\prote\Documents\software-devel\ksf_bank_import\tests\unit\Services\Parsers\SynonymResolverTest.php" line="198" assertions="3" time="0.002021"/>
        <testcase name="testGetFieldNameForHeaderMatchesHeaderToField" class="Tests\Unit\Parsers\SynonymResolverTest" classname="Tests.Unit.Parsers.SynonymResolverTest" file="C:\Users\prote\Documents\software-devel\ksf_bank_import\tests\unit\Services\Parsers\SynonymResolverTest.php" line="215" assertions="3" time="0.001979"/>
        <testcase name="testGetFieldNameForHeaderWithParserSpecificSynonyms" class="Tests\Unit\Parsers\SynonymResolverTest" classname="Tests.Unit.Parsers.SynonymResolverTest" file="C:\Users\prote\Documents\software-devel\ksf_bank_import\tests\unit\Services\Parsers\SynonymResolverTest.php" line="230" assertions="1" time="0.006326"/>
        <testcase name="testGetFieldNameForHeaderReturnsNullForUnknownHeader" class="Tests\Unit\Parsers\SynonymResolverTest" classname="Tests.Unit.Parsers.SynonymResolverTest" file="C:\Users\prote\Documents\software-devel\ksf_bank_import\tests\unit\Services\Parsers\SynonymResolverTest.php" line="250" assertions="1" time="0.002069"/>
        <testcase name="testGetAllSynonymsReturnsCompleteMap" class="Tests\Unit\Parsers\SynonymResolverTest" classname="Tests.Unit.Parsers.SynonymResolverTest" file="C:\Users\prote\Documents\software-devel\ksf_bank_import\tests\unit\Services\Parsers\SynonymResolverTest.php" line="259" assertions="7" time="0.002412"/>
        <testcase name="testParserSpecificSynonymsOverrideUniversal" class="Tests\Unit\Parsers\SynonymResolverTest" classname="Tests.Unit.Parsers.SynonymResolverTest" file="C:\Users\prote\Documents\software-devel\ksf_bank_import\tests\unit\Services\Parsers\SynonymResolverTest.php" line="277" assertions="2" time="0.006685"/>
        <testcase name="testEmptyConfigFileHandling" class="Tests\Unit\Parsers\SynonymResolverTest" classname="Tests.Unit.Parsers.SynonymResolverTest" file="C:\Users\prote\Documents\software-devel\ksf_bank_import\tests\unit\Services\Parsers\SynonymResolverTest.php" line="303" assertions="1" time="0.003215"/>
        <testcase name="testInvalidJSONConfigFileThrowsException" class="Tests\Unit\Parsers\SynonymResolverTest" classname="Tests.Unit.Parsers.SynonymResolverTest" file="C:\Users\prote\Documents\software-devel\ksf_bank_import\tests\unit\Services\Parsers\SynonymResolverTest.php" line="319" assertions="1" time="0.005767"/>
        <testcase name="testSetRuntimeSynonymsReplacesPrevious" class="Tests\Unit\Parsers\SynonymResolverTest" classname="Tests.Unit.Parsers.SynonymResolverTest" file="C:\Users\prote\Documents\software-devel\ksf_bank_import\tests\unit\Services\Parsers\SynonymResolverTest.php" line="331" assertions="3" time="0.002386"/>
        <testcase name="testHeaderMatchingIsCaseInsensitive" class="Tests\Unit\Parsers\SynonymResolverTest" classname="Tests.Unit.Parsers.SynonymResolverTest" file="C:\Users\prote\Documents\software-devel\ksf_bank_import\tests\unit\Services\Parsers\SynonymResolverTest.php" line="353" assertions="3" time="0.002091"/>
        <testcase name="testMultipleRuntimeSynonymsForDifferentFields" class="Tests\Unit\Parsers\SynonymResolverTest" classname="Tests.Unit.Parsers.SynonymResolverTest" file="C:\Users\prote\Documents\software-devel\ksf_bank_import\tests\unit\Services\Parsers\SynonymResolverTest.php" line="367" assertions="3" time="0.002731"/>
        <testcase name="testDifferentParserTypesMaintainSeparateConfig" class="Tests\Unit\Parsers\SynonymResolverTest" classname="Tests.Unit.Parsers.SynonymResolverTest" file="C:\Users\prote\Documents\software-devel\ksf_bank_import\tests\unit\Services\Parsers\SynonymResolverTest.php" line="383" assertions="3" time="0.006461"/>
        <testcase name="testDefaultSynonymsCoverAllFields" class="Tests\Unit\Parsers\SynonymResolverTest" classname="Tests.Unit.Parsers.SynonymResolverTest" file="C:\Users\prote\Documents\software-devel\ksf_bank_import\tests\unit\Services\Parsers\SynonymResolverTest.php" line="410" assertions="16" time="0.002795"/>
      </testsuite>
      <testsuite name="Tests\Unit\Services\PartnerDataServiceTest" file="C:\Users\prote\Documents\software-devel\ksf_bank_import\tests\unit\Services\PartnerDataServiceTest.php" tests="24" assertions="56" errors="0" warnings="0" failures="0" skipped="0" time="0.920729">
        <testcase name="testSavePassesPartnerDataToRepository" class="Tests\Unit\Services\PartnerDataServiceTest" classname="Tests.Unit.Services.PartnerDataServiceTest" file="C:\Users\prote\Documents\software-devel\ksf_bank_import\tests\unit\Services\PartnerDataServiceTest.php" line="56" assertions="2" time="0.216669"/>
        <testcase name="testSaveKeywordValidatesAndSaves" class="Tests\Unit\Services\PartnerDataServiceTest" classname="Tests.Unit.Services.PartnerDataServiceTest" file="C:\Users\prote\Documents\software-devel\ksf_bank_import\tests\unit\Services\PartnerDataServiceTest.php" line="74" assertions="3" time="0.002755"/>
        <testcase name="testSaveKeywordThrowsExceptionForInvalidKeyword" class="Tests\Unit\Services\PartnerDataServiceTest" classname="Tests.Unit.Services.PartnerDataServiceTest" file="C:\Users\prote\Documents\software-devel\ksf_bank_import\tests\unit\Services\PartnerDataServiceTest.php" line="95" assertions="4" time="0.002012"/>
        <testcase name="testSaveKeywordsFromTextExtractsAndSaves" class="Tests\Unit\Services\PartnerDataServiceTest" classname="Tests.Unit.Services.PartnerDataServiceTest" file="C:\Users\prote\Documents\software-devel\ksf_bank_import\tests\unit\Services\PartnerDataServiceTest.php" line="116" assertions="3" time="0.004091"/>
        <testcase name="testSaveKeywordsFromTextSkipsInvalidKeywords" class="Tests\Unit\Services\PartnerDataServiceTest" classname="Tests.Unit.Services.PartnerDataServiceTest" file="C:\Users\prote\Documents\software-devel\ksf_bank_import\tests\unit\Services\PartnerDataServiceTest.php" line="144" assertions="3" time="0.004257"/>
        <testcase name="testSaveKeywordsFromTextReturnsZeroForNoKeywords" class="Tests\Unit\Services\PartnerDataServiceTest" classname="Tests.Unit.Services.PartnerDataServiceTest" file="C:\Users\prote\Documents\software-devel\ksf_bank_import\tests\unit\Services\PartnerDataServiceTest.php" line="174" assertions="3" time="0.002035"/>
        <testcase name="testIncrementKeywordOccurrenceCallsRepository" class="Tests\Unit\Services\PartnerDataServiceTest" classname="Tests.Unit.Services.PartnerDataServiceTest" file="C:\Users\prote\Documents\software-devel\ksf_bank_import\tests\unit\Services\PartnerDataServiceTest.php" line="196" assertions="2" time="0.003075"/>
        <testcase name="testIncrementKeywordOccurrenceWithCustomIncrement" class="Tests\Unit\Services\PartnerDataServiceTest" classname="Tests.Unit.Services.PartnerDataServiceTest" file="C:\Users\prote\Documents\software-devel\ksf_bank_import\tests\unit\Services\PartnerDataServiceTest.php" line="212" assertions="2" time="0.005029"/>
        <testcase name="testFindCallsRepository" class="Tests\Unit\Services\PartnerDataServiceTest" classname="Tests.Unit.Services.PartnerDataServiceTest" file="C:\Users\prote\Documents\software-devel\ksf_bank_import\tests\unit\Services\PartnerDataServiceTest.php" line="228" assertions="2" time="0.002889"/>
        <testcase name="testFindReturnsNullWhenNotFound" class="Tests\Unit\Services\PartnerDataServiceTest" classname="Tests.Unit.Services.PartnerDataServiceTest" file="C:\Users\prote\Documents\software-devel\ksf_bank_import\tests\unit\Services\PartnerDataServiceTest.php" line="246" assertions="2" time="0.002946"/>
        <testcase name="testGetPartnerKeywordsCallsRepository" class="Tests\Unit\Services\PartnerDataServiceTest" classname="Tests.Unit.Services.PartnerDataServiceTest" file="C:\Users\prote\Documents\software-devel\ksf_bank_import\tests\unit\Services\PartnerDataServiceTest.php" line="262" assertions="2" time="0.002807"/>
        <testcase name="testGetPartnerKeywordsWithPartnerTypeFilter" class="Tests\Unit\Services\PartnerDataServiceTest" classname="Tests.Unit.Services.PartnerDataServiceTest" file="C:\Users\prote\Documents\software-devel\ksf_bank_import\tests\unit\Services\PartnerDataServiceTest.php" line="283" assertions="2" time="0.002755"/>
        <testcase name="testDeleteCallsRepository" class="Tests\Unit\Services\PartnerDataServiceTest" classname="Tests.Unit.Services.PartnerDataServiceTest" file="C:\Users\prote\Documents\software-devel\ksf_bank_import\tests\unit\Services\PartnerDataServiceTest.php" line="303" assertions="2" time="0.002684"/>
        <testcase name="testDeletePartnerKeywordsCallsRepository" class="Tests\Unit\Services\PartnerDataServiceTest" classname="Tests.Unit.Services.PartnerDataServiceTest" file="C:\Users\prote\Documents\software-devel\ksf_bank_import\tests\unit\Services\PartnerDataServiceTest.php" line="319" assertions="2" time="0.002098"/>
        <testcase name="testDeletePartnerKeywordsWithPartnerTypeFilter" class="Tests\Unit\Services\PartnerDataServiceTest" classname="Tests.Unit.Services.PartnerDataServiceTest" file="C:\Users\prote\Documents\software-devel\ksf_bank_import\tests\unit\Services\PartnerDataServiceTest.php" line="335" assertions="2" time="0.003672"/>
        <testcase name="testExistsCallsRepository" class="Tests\Unit\Services\PartnerDataServiceTest" classname="Tests.Unit.Services.PartnerDataServiceTest" file="C:\Users\prote\Documents\software-devel\ksf_bank_import\tests\unit\Services\PartnerDataServiceTest.php" line="351" assertions="2" time="0.002928"/>
        <testcase name="testCountCallsRepository" class="Tests\Unit\Services\PartnerDataServiceTest" classname="Tests.Unit.Services.PartnerDataServiceTest" file="C:\Users\prote\Documents\software-devel\ksf_bank_import\tests\unit\Services\PartnerDataServiceTest.php" line="367" assertions="2" time="0.002233"/>
        <testcase name="testCountWithPartnerTypeFilter" class="Tests\Unit\Services\PartnerDataServiceTest" classname="Tests.Unit.Services.PartnerDataServiceTest" file="C:\Users\prote\Documents\software-devel\ksf_bank_import\tests\unit\Services\PartnerDataServiceTest.php" line="383" assertions="2" time="0.002062"/>
        <testcase name="testGetTopKeywordsCallsRepository" class="Tests\Unit\Services\PartnerDataServiceTest" classname="Tests.Unit.Services.PartnerDataServiceTest" file="C:\Users\prote\Documents\software-devel\ksf_bank_import\tests\unit\Services\PartnerDataServiceTest.php" line="399" assertions="2" time="0.002605"/>
        <testcase name="testGetTopKeywordsWithCustomLimit" class="Tests\Unit\Services\PartnerDataServiceTest" classname="Tests.Unit.Services.PartnerDataServiceTest" file="C:\Users\prote\Documents\software-devel\ksf_bank_import\tests\unit\Services\PartnerDataServiceTest.php" line="420" assertions="2" time="0.002378"/>
        <testcase name="testGetTopKeywordsWithPartnerTypeFilter" class="Tests\Unit\Services\PartnerDataServiceTest" classname="Tests.Unit.Services.PartnerDataServiceTest" file="C:\Users\prote\Documents\software-devel\ksf_bank_import\tests\unit\Services\PartnerDataServiceTest.php" line="440" assertions="2" time="0.003152"/>
        <testcase name="testRebuildPartnerKeywordsThrowsException" class="Tests\Unit\Services\PartnerDataServiceTest" classname="Tests.Unit.Services.PartnerDataServiceTest" file="C:\Users\prote\Documents\software-devel\ksf_bank_import\tests\unit\Services\PartnerDataServiceTest.php" line="460" assertions="2" time="0.001278"/>
        <testcase name="testSaveKeywordWithDefaultOccurrenceCount" class="Tests\Unit\Services\PartnerDataServiceTest" classname="Tests.Unit.Services.PartnerDataServiceTest" file="C:\Users\prote\Documents\software-devel\ksf_bank_import\tests\unit\Services\PartnerDataServiceTest.php" line="471" assertions="3" time="0.147353"/>
        <testcase name="testSaveKeywordsFromTextHandlesSaveFailures" class="Tests\Unit\Services\PartnerDataServiceTest" classname="Tests.Unit.Services.PartnerDataServiceTest" file="C:\Users\prote\Documents\software-devel\ksf_bank_import\tests\unit\Services\PartnerDataServiceTest.php" line="494" assertions="3" time="0.496964"/>
      </testsuite>
      <testsuite name="Tests\Unit\Services\Processing\StatementProcessingServiceTest" file="C:\Users\prote\Documents\software-devel\ksf_bank_import\tests\unit\Services\Processing\StatementProcessingServiceTest.php" tests="12" assertions="21" errors="0" warnings="0" failures="0" skipped="0" time="0.392742">
        <testcase name="testProcessEmptyStatement" class="Tests\Unit\Services\Processing\StatementProcessingServiceTest" classname="Tests.Unit.Services.Processing.StatementProcessingServiceTest" file="C:\Users\prote\Documents\software-devel\ksf_bank_import\tests\unit\Services\Processing\StatementProcessingServiceTest.php" line="32" assertions="2" time="0.228230"/>
        <testcase name="testProcessStatementWithSingleTransaction" class="Tests\Unit\Services\Processing\StatementProcessingServiceTest" classname="Tests.Unit.Services.Processing.StatementProcessingServiceTest" file="C:\Users\prote\Documents\software-devel\ksf_bank_import\tests\unit\Services\Processing\StatementProcessingServiceTest.php" line="46" assertions="2" time="0.001058"/>
        <testcase name="testProcessStatementWithMultipleTransactions" class="Tests\Unit\Services\Processing\StatementProcessingServiceTest" classname="Tests.Unit.Services.Processing.StatementProcessingServiceTest" file="C:\Users\prote\Documents\software-devel\ksf_bank_import\tests\unit\Services\Processing\StatementProcessingServiceTest.php" line="82" assertions="1" time="0.001385"/>
        <testcase name="testProcessMaintainsTransactionOrder" class="Tests\Unit\Services\Processing\StatementProcessingServiceTest" classname="Tests.Unit.Services.Processing.StatementProcessingServiceTest" file="C:\Users\prote\Documents\software-devel\ksf_bank_import\tests\unit\Services\Processing\StatementProcessingServiceTest.php" line="120" assertions="3" time="0.001478"/>
        <testcase name="testProcessDeduplicatesTransactions" class="Tests\Unit\Services\Processing\StatementProcessingServiceTest" classname="Tests.Unit.Services.Processing.StatementProcessingServiceTest" file="C:\Users\prote\Documents\software-devel\ksf_bank_import\tests\unit\Services\Processing\StatementProcessingServiceTest.php" line="164" assertions="1" time="0.000990"/>
        <testcase name="testProcessAllowsNegativeAmountsForDebits" class="Tests\Unit\Services\Processing\StatementProcessingServiceTest" classname="Tests.Unit.Services.Processing.StatementProcessingServiceTest" file="C:\Users\prote\Documents\software-devel\ksf_bank_import\tests\unit\Services\Processing\StatementProcessingServiceTest.php" line="202" assertions="1" time="0.000852"/>
        <testcase name="testProcessFiltersZeroAmountTransactions" class="Tests\Unit\Services\Processing\StatementProcessingServiceTest" classname="Tests.Unit.Services.Processing.StatementProcessingServiceTest" file="C:\Users\prote\Documents\software-devel\ksf_bank_import\tests\unit\Services\Processing\StatementProcessingServiceTest.php" line="238" assertions="2" time="0.000982"/>
        <testcase name="testProcessSkipsTransactionsWithMissingData" class="Tests\Unit\Services\Processing\StatementProcessingServiceTest" classname="Tests.Unit.Services.Processing.StatementProcessingServiceTest" file="C:\Users\prote\Documents\software-devel\ksf_bank_import\tests\unit\Services\Processing\StatementProcessingServiceTest.php" line="285" assertions="1" time="0.000862"/>
        <testcase name="testProcessLargeStatementWithManyTransactions" class="Tests\Unit\Services\Processing\StatementProcessingServiceTest" classname="Tests.Unit.Services.Processing.StatementProcessingServiceTest" file="C:\Users\prote\Documents\software-devel\ksf_bank_import\tests\unit\Services\Processing\StatementProcessingServiceTest.php" line="321" assertions="1" time="0.154138"/>
        <testcase name="testProcessPreservesStatementMetadata" class="Tests\Unit\Services\Processing\StatementProcessingServiceTest" classname="Tests.Unit.Services.Processing.StatementProcessingServiceTest" file="C:\Users\prote\Documents\software-devel\ksf_bank_import\tests\unit\Services\Processing\StatementProcessingServiceTest.php" line="360" assertions="3" time="0.001025"/>
        <testcase name="testProcessPreservesBalances" class="Tests\Unit\Services\Processing\StatementProcessingServiceTest" classname="Tests.Unit.Services.Processing.StatementProcessingServiceTest" file="C:\Users\prote\Documents\software-devel\ksf_bank_import\tests\unit\Services\Processing\StatementProcessingServiceTest.php" line="378" assertions="2" time="0.000788"/>
        <testcase name="testProcessHandlesCurrencyEdgeCases" class="Tests\Unit\Services\Processing\StatementProcessingServiceTest" classname="Tests.Unit.Services.Processing.StatementProcessingServiceTest" file="C:\Users\prote\Documents\software-devel\ksf_bank_import\tests\unit\Services\Processing\StatementProcessingServiceTest.php" line="394" assertions="2" time="0.000953"/>
      </testsuite>
      <testsuite name="Tests\Unit\Services\ReferenceNumberServiceTest" file="C:\Users\prote\Documents\software-devel\ksf_bank_import\tests\unit\Services\ReferenceNumberServiceTest.php" tests="8" assertions="10" errors="0" warnings="0" failures="0" skipped="0" time="0.006704">
        <testcase name="it_returns_unique_reference_on_first_try" class="Tests\Unit\Services\ReferenceNumberServiceTest" classname="Tests.Unit.Services.ReferenceNumberServiceTest" file="C:\Users\prote\Documents\software-devel\ksf_bank_import\tests\unit\Services\ReferenceNumberServiceTest.php" line="30" assertions="1" time="0.001194"/>
        <testcase name="it_accepts_injected_reference_generator" class="Tests\Unit\Services\ReferenceNumberServiceTest" classname="Tests.Unit.Services.ReferenceNumberServiceTest" file="C:\Users\prote\Documents\software-devel\ksf_bank_import\tests\unit\Services\ReferenceNumberServiceTest.php" line="46" assertions="1" time="0.001102"/>
        <testcase name="it_creates_default_generator_when_none_provided" class="Tests\Unit\Services\ReferenceNumberServiceTest" classname="Tests.Unit.Services.ReferenceNumberServiceTest" file="C:\Users\prote\Documents\software-devel\ksf_bank_import\tests\unit\Services\ReferenceNumberServiceTest.php" line="61" assertions="1" time="0.000647"/>
        <testcase name="it_passes_transaction_type_to_generator" class="Tests\Unit\Services\ReferenceNumberServiceTest" classname="Tests.Unit.Services.ReferenceNumberServiceTest" file="C:\Users\prote\Documents\software-devel\ksf_bank_import\tests\unit\Services\ReferenceNumberServiceTest.php" line="76" assertions="2" time="0.000981"/>
        <testcase name="it_handles_different_transaction_types" class="Tests\Unit\Services\ReferenceNumberServiceTest" classname="Tests.Unit.Services.ReferenceNumberServiceTest" file="C:\Users\prote\Documents\software-devel\ksf_bank_import\tests\unit\Services\ReferenceNumberServiceTest.php" line="96" assertions="2" time="0.000831"/>
        <testcase name="it_returns_string_type" class="Tests\Unit\Services\ReferenceNumberServiceTest" classname="Tests.Unit.Services.ReferenceNumberServiceTest" file="C:\Users\prote\Documents\software-devel\ksf_bank_import\tests\unit\Services\ReferenceNumberServiceTest.php" line="112" assertions="1" time="0.000844"/>
        <testcase name="it_has_protected_global_refs_method" class="Tests\Unit\Services\ReferenceNumberServiceTest" classname="Tests.Unit.Services.ReferenceNumberServiceTest" file="C:\Users\prote\Documents\software-devel\ksf_bank_import\tests\unit\Services\ReferenceNumberServiceTest.php" line="128" assertions="1" time="0.000562"/>
        <testcase name="it_accepts_null_generator" class="Tests\Unit\Services\ReferenceNumberServiceTest" classname="Tests.Unit.Services.ReferenceNumberServiceTest" file="C:\Users\prote\Documents\software-devel\ksf_bank_import\tests\unit\Services\ReferenceNumberServiceTest.php" line="141" assertions="1" time="0.000544"/>
      </testsuite>
      <testsuite name="Tests\Unit\Services\TransferMatchAuditServiceTest" file="C:\Users\prote\Documents\software-devel\ksf_bank_import\tests\unit\Services\TransferMatchAuditServiceTest.php" tests="3" assertions="10" errors="0" warnings="0" failures="0" skipped="0" time="0.038222">
        <testcase name="testRunAuditsLeavesValidUnpostedPairUnflagged" class="Tests\Unit\Services\TransferMatchAuditServiceTest" classname="Tests.Unit.Services.TransferMatchAuditServiceTest" file="C:\Users\prote\Documents\software-devel\ksf_bank_import\tests\unit\Services\TransferMatchAuditServiceTest.php" line="14" assertions="2" time="0.028463"/>
        <testcase name="testRunAuditsFlagsPairIssueForInvalidDebitCreditDirections" class="Tests\Unit\Services\TransferMatchAuditServiceTest" classname="Tests.Unit.Services.TransferMatchAuditServiceTest" file="C:\Users\prote\Documents\software-devel\ksf_bank_import\tests\unit\Services\TransferMatchAuditServiceTest.php" line="75" assertions="4" time="0.005467"/>
        <testcase name="testRunAuditsFlagsJeIssueWhenPostedPairMissingSharedReference" class="Tests\Unit\Services\TransferMatchAuditServiceTest" classname="Tests.Unit.Services.TransferMatchAuditServiceTest" file="C:\Users\prote\Documents\software-devel\ksf_bank_import\tests\unit\Services\TransferMatchAuditServiceTest.php" line="125" assertions="4" time="0.004292"/>
      </testsuite>
      <testsuite name="Tests\Unit\Services\TransferMatchServiceTest" file="C:\Users\prote\Documents\software-devel\ksf_bank_import\tests\unit\Services\TransferMatchServiceTest.php" tests="4" assertions="18" errors="0" warnings="0" failures="0" skipped="0" time="0.017125">
        <testcase name="testRunCandidateMatchingBuildsCandidatesAndSummary" class="Tests\Unit\Services\TransferMatchServiceTest" classname="Tests.Unit.Services.TransferMatchServiceTest" file="C:\Users\prote\Documents\software-devel\ksf_bank_import\tests\unit\Services\TransferMatchServiceTest.php" line="14" assertions="9" time="0.005705"/>
        <testcase name="testRunCandidateMatchingMarksReviewWhenMultipleCandidatesExist" class="Tests\Unit\Services\TransferMatchServiceTest" classname="Tests.Unit.Services.TransferMatchServiceTest" file="C:\Users\prote\Documents\software-devel\ksf_bank_import\tests\unit\Services\TransferMatchServiceTest.php" line="91" assertions="4" time="0.005122"/>
        <testcase name="testConfirmMatchResolvesDebitCreditOrderBeforeConfirming" class="Tests\Unit\Services\TransferMatchServiceTest" classname="Tests.Unit.Services.TransferMatchServiceTest" file="C:\Users\prote\Documents\software-devel\ksf_bank_import\tests\unit\Services\TransferMatchServiceTest.php" line="160" assertions="2" time="0.002860"/>
        <testcase name="testConfirmMatchThrowsWhenTransactionsNotFound" class="Tests\Unit\Services\TransferMatchServiceTest" classname="Tests.Unit.Services.TransferMatchServiceTest" file="C:\Users\prote\Documents\software-devel\ksf_bank_import\tests\unit\Services\TransferMatchServiceTest.php" line="199" assertions="3" time="0.003438"/>
      </testsuite>
      <testsuite name="Tests\Unit\Services\Transformers\BiStatementTransformerTest" file="C:\Users\prote\Documents\software-devel\ksf_bank_import\tests\unit\Services\Transformers\BiStatementTransformerTest.php" tests="12" assertions="28" errors="0" warnings="0" failures="0" skipped="0" time="0.445317">
        <testcase name="testValidStatementTransforms" class="Tests\Unit\Services\Transformers\BiStatementTransformerTest" classname="Tests.Unit.Services.Transformers.BiStatementTransformerTest" file="C:\Users\prote\Documents\software-devel\ksf_bank_import\tests\unit\Services\Transformers\BiStatementTransformerTest.php" line="43" assertions="4" time="0.376953"/>
        <testcase name="testStatementWithMultipleTransactions" class="Tests\Unit\Services\Transformers\BiStatementTransformerTest" classname="Tests.Unit.Services.Transformers.BiStatementTransformerTest" file="C:\Users\prote\Documents\software-devel\ksf_bank_import\tests\unit\Services\Transformers\BiStatementTransformerTest.php" line="75" assertions="2" time="0.001666"/>
        <testcase name="testCurrencyNormalization" class="Tests\Unit\Services\Transformers\BiStatementTransformerTest" classname="Tests.Unit.Services.Transformers.BiStatementTransformerTest" file="C:\Users\prote\Documents\software-devel\ksf_bank_import\tests\unit\Services\Transformers\BiStatementTransformerTest.php" line="118" assertions="1" time="0.001015"/>
        <testcase name="testAccountReferenceNormalization" class="Tests\Unit\Services\Transformers\BiStatementTransformerTest" classname="Tests.Unit.Services.Transformers.BiStatementTransformerTest" file="C:\Users\prote\Documents\software-devel\ksf_bank_import\tests\unit\Services\Transformers\BiStatementTransformerTest.php" line="140" assertions="2" time="0.000922"/>
        <testcase name="testDifferentParserTypes" class="Tests\Unit\Services\Transformers\BiStatementTransformerTest" classname="Tests.Unit.Services.Transformers.BiStatementTransformerTest" file="C:\Users\prote\Documents\software-devel\ksf_bank_import\tests\unit\Services\Transformers\BiStatementTransformerTest.php" line="164" assertions="8" time="0.001749"/>
        <testcase name="testEmptyStatementValid" class="Tests\Unit\Services\Transformers\BiStatementTransformerTest" classname="Tests.Unit.Services.Transformers.BiStatementTransformerTest" file="C:\Users\prote\Documents\software-devel\ksf_bank_import\tests\unit\Services\Transformers\BiStatementTransformerTest.php" line="188" assertions="2" time="0.001132"/>
        <testcase name="testBalancesPreserved" class="Tests\Unit\Services\Transformers\BiStatementTransformerTest" classname="Tests.Unit.Services.Transformers.BiStatementTransformerTest" file="C:\Users\prote\Documents\software-devel\ksf_bank_import\tests\unit\Services\Transformers\BiStatementTransformerTest.php" line="210" assertions="1" time="0.000938"/>
        <testcase name="testCanTransformAcceptsDto" class="Tests\Unit\Services\Transformers\BiStatementTransformerTest" classname="Tests.Unit.Services.Transformers.BiStatementTransformerTest" file="C:\Users\prote\Documents\software-devel\ksf_bank_import\tests\unit\Services\Transformers\BiStatementTransformerTest.php" line="237" assertions="1" time="0.000599"/>
        <testcase name="testCanTransformRejectsNonDto" class="Tests\Unit\Services\Transformers\BiStatementTransformerTest" classname="Tests.Unit.Services.Transformers.BiStatementTransformerTest" file="C:\Users\prote\Documents\software-devel\ksf_bank_import\tests\unit\Services\Transformers\BiStatementTransformerTest.php" line="255" assertions="3" time="0.000658"/>
        <testcase name="testGetName" class="Tests\Unit\Services\Transformers\BiStatementTransformerTest" classname="Tests.Unit.Services.Transformers.BiStatementTransformerTest" file="C:\Users\prote\Documents\software-devel\ksf_bank_import\tests\unit\Services\Transformers\BiStatementTransformerTest.php" line="265" assertions="1" time="0.000547"/>
        <testcase name="testTransactionWithMissingFitIdHandled" class="Tests\Unit\Services\Transformers\BiStatementTransformerTest" classname="Tests.Unit.Services.Transformers.BiStatementTransformerTest" file="C:\Users\prote\Documents\software-devel\ksf_bank_import\tests\unit\Services\Transformers\BiStatementTransformerTest.php" line="275" assertions="1" time="0.057982"/>
        <testcase name="testStatementDateExtracted" class="Tests\Unit\Services\Transformers\BiStatementTransformerTest" classname="Tests.Unit.Services.Transformers.BiStatementTransformerTest" file="C:\Users\prote\Documents\software-devel\ksf_bank_import\tests\unit\Services\Transformers\BiStatementTransformerTest.php" line="308" assertions="2" time="0.001158"/>
      </testsuite>
      <testsuite name="Tests\Unit\Services\Transformers\BiTransactionTransformerTest" file="C:\Users\prote\Documents\software-devel\ksf_bank_import\tests\unit\Services\Transformers\BiTransactionTransformerTest.php" tests="21" assertions="40" errors="0" warnings="0" failures="0" skipped="0" time="0.018490">
        <testcase name="testValidTransactionTransforms" class="Tests\Unit\Services\Transformers\BiTransactionTransformerTest" classname="Tests.Unit.Services.Transformers.BiTransactionTransformerTest" file="C:\Users\prote\Documents\software-devel\ksf_bank_import\tests\unit\Services\Transformers\BiTransactionTransformerTest.php" line="33" assertions="3" time="0.000881"/>
        <testcase name="testBatchTransformsMultiple" class="Tests\Unit\Services\Transformers\BiTransactionTransformerTest" classname="Tests.Unit.Services.Transformers.BiTransactionTransformerTest" file="C:\Users\prote\Documents\software-devel\ksf_bank_import\tests\unit\Services\Transformers\BiTransactionTransformerTest.php" line="56" assertions="4" time="0.001228"/>
        <testcase name="testAmountNormalizationStringToFloat" class="Tests\Unit\Services\Transformers\BiTransactionTransformerTest" classname="Tests.Unit.Services.Transformers.BiTransactionTransformerTest" file="C:\Users\prote\Documents\software-devel\ksf_bank_import\tests\unit\Services\Transformers\BiTransactionTransformerTest.php" line="90" assertions="2" time="0.001106"/>
        <testcase name="testAmountNormalizationDecimalPlaces" class="Tests\Unit\Services\Transformers\BiTransactionTransformerTest" classname="Tests.Unit.Services.Transformers.BiTransactionTransformerTest" file="C:\Users\prote\Documents\software-devel\ksf_bank_import\tests\unit\Services\Transformers\BiTransactionTransformerTest.php" line="111" assertions="2" time="0.001000"/>
        <testcase name="testDateNormalizationISOFormat" class="Tests\Unit\Services\Transformers\BiTransactionTransformerTest" classname="Tests.Unit.Services.Transformers.BiTransactionTransformerTest" file="C:\Users\prote\Documents\software-devel\ksf_bank_import\tests\unit\Services\Transformers\BiTransactionTransformerTest.php" line="132" assertions="2" time="0.000931"/>
        <testcase name="testDateNormalizationSlashFormat" class="Tests\Unit\Services\Transformers\BiTransactionTransformerTest" classname="Tests.Unit.Services.Transformers.BiTransactionTransformerTest" file="C:\Users\prote\Documents\software-devel\ksf_bank_import\tests\unit\Services\Transformers\BiTransactionTransformerTest.php" line="152" assertions="2" time="0.000871"/>
        <testcase name="testTitleNormalization" class="Tests\Unit\Services\Transformers\BiTransactionTransformerTest" classname="Tests.Unit.Services.Transformers.BiTransactionTransformerTest" file="C:\Users\prote\Documents\software-devel\ksf_bank_import\tests\unit\Services\Transformers\BiTransactionTransformerTest.php" line="172" assertions="2" time="0.000766"/>
        <testcase name="testMemoUsedAsFallback" class="Tests\Unit\Services\Transformers\BiTransactionTransformerTest" classname="Tests.Unit.Services.Transformers.BiTransactionTransformerTest" file="C:\Users\prote\Documents\software-devel\ksf_bank_import\tests\unit\Services\Transformers\BiTransactionTransformerTest.php" line="193" assertions="2" time="0.000762"/>
        <testcase name="testDescriptionUsedAsFallback" class="Tests\Unit\Services\Transformers\BiTransactionTransformerTest" classname="Tests.Unit.Services.Transformers.BiTransactionTransformerTest" file="C:\Users\prote\Documents\software-devel\ksf_bank_import\tests\unit\Services\Transformers\BiTransactionTransformerTest.php" line="214" assertions="2" time="0.000776"/>
        <testcase name="testMissingFitIdSkipped" class="Tests\Unit\Services\Transformers\BiTransactionTransformerTest" classname="Tests.Unit.Services.Transformers.BiTransactionTransformerTest" file="C:\Users\prote\Documents\software-devel\ksf_bank_import\tests\unit\Services\Transformers\BiTransactionTransformerTest.php" line="235" assertions="1" time="0.001546"/>
        <testcase name="testInvalidAmountHandled" class="Tests\Unit\Services\Transformers\BiTransactionTransformerTest" classname="Tests.Unit.Services.Transformers.BiTransactionTransformerTest" file="C:\Users\prote\Documents\software-devel\ksf_bank_import\tests\unit\Services\Transformers\BiTransactionTransformerTest.php" line="261" assertions="1" time="0.001141"/>
        <testcase name="testMissingDateHandled" class="Tests\Unit\Services\Transformers\BiTransactionTransformerTest" classname="Tests.Unit.Services.Transformers.BiTransactionTransformerTest" file="C:\Users\prote\Documents\software-devel\ksf_bank_import\tests\unit\Services\Transformers\BiTransactionTransformerTest.php" line="282" assertions="2" time="0.000880"/>
        <testcase name="testAccountReferenceNormalized" class="Tests\Unit\Services\Transformers\BiTransactionTransformerTest" classname="Tests.Unit.Services.Transformers.BiTransactionTransformerTest" file="C:\Users\prote\Documents\software-devel\ksf_bank_import\tests\unit\Services\Transformers\BiTransactionTransformerTest.php" line="303" assertions="2" time="0.000770"/>
        <testcase name="testCanTransformAcceptsValidArray" class="Tests\Unit\Services\Transformers\BiTransactionTransformerTest" classname="Tests.Unit.Services.Transformers.BiTransactionTransformerTest" file="C:\Users\prote\Documents\software-devel\ksf_bank_import\tests\unit\Services\Transformers\BiTransactionTransformerTest.php" line="328" assertions="1" time="0.000519"/>
        <testcase name="testCanTransformRejectsMissingFitId" class="Tests\Unit\Services\Transformers\BiTransactionTransformerTest" classname="Tests.Unit.Services.Transformers.BiTransactionTransformerTest" file="C:\Users\prote\Documents\software-devel\ksf_bank_import\tests\unit\Services\Transformers\BiTransactionTransformerTest.php" line="342" assertions="1" time="0.000510"/>
        <testcase name="testCanTransformRejectsMissingAmount" class="Tests\Unit\Services\Transformers\BiTransactionTransformerTest" classname="Tests.Unit.Services.Transformers.BiTransactionTransformerTest" file="C:\Users\prote\Documents\software-devel\ksf_bank_import\tests\unit\Services\Transformers\BiTransactionTransformerTest.php" line="355" assertions="1" time="0.000506"/>
        <testcase name="testCanTransformRejectsNonArray" class="Tests\Unit\Services\Transformers\BiTransactionTransformerTest" classname="Tests.Unit.Services.Transformers.BiTransactionTransformerTest" file="C:\Users\prote\Documents\software-devel\ksf_bank_import\tests\unit\Services\Transformers\BiTransactionTransformerTest.php" line="368" assertions="3" time="0.000583"/>
        <testcase name="testGetName" class="Tests\Unit\Services\Transformers\BiTransactionTransformerTest" classname="Tests.Unit.Services.Transformers.BiTransactionTransformerTest" file="C:\Users\prote\Documents\software-devel\ksf_bank_import\tests\unit\Services\Transformers\BiTransactionTransformerTest.php" line="378" assertions="1" time="0.000615"/>
        <testcase name="testEmptyBatchReturnsEmptyArray" class="Tests\Unit\Services\Transformers\BiTransactionTransformerTest" classname="Tests.Unit.Services.Transformers.BiTransactionTransformerTest" file="C:\Users\prote\Documents\software-devel\ksf_bank_import\tests\unit\Services\Transformers\BiTransactionTransformerTest.php" line="386" assertions="2" time="0.000719"/>
        <testcase name="testPartialBatchSuccess" class="Tests\Unit\Services\Transformers\BiTransactionTransformerTest" classname="Tests.Unit.Services.Transformers.BiTransactionTransformerTest" file="C:\Users\prote\Documents\software-devel\ksf_bank_import\tests\unit\Services\Transformers\BiTransactionTransformerTest.php" line="397" assertions="3" time="0.001270"/>
        <testcase name="testMultipleDateFormatsInBatch" class="Tests\Unit\Services\Transformers\BiTransactionTransformerTest" classname="Tests.Unit.Services.Transformers.BiTransactionTransformerTest" file="C:\Users\prote\Documents\software-devel\ksf_bank_import\tests\unit\Services\Transformers\BiTransactionTransformerTest.php" line="432" assertions="1" time="0.001109"/>
      </testsuite>
      <testsuite name="Tests\Unit\Services\Validation\ValidationServiceTest" file="C:\Users\prote\Documents\software-devel\ksf_bank_import\tests\unit\Services\Validation\ValidationServiceTest.php" tests="19" assertions="20" errors="0" warnings="0" failures="0" skipped="0" time="0.046130">
        <testcase name="testValidatesValidStatement" class="Tests\Unit\Services\Validation\ValidationServiceTest" classname="Tests.Unit.Services.Validation.ValidationServiceTest" file="C:\Users\prote\Documents\software-devel\ksf_bank_import\tests\unit\Services\Validation\ValidationServiceTest.php" line="32" assertions="1" time="0.030010"/>
        <testcase name="testValidatesEmptyStatement" class="Tests\Unit\Services\Validation\ValidationServiceTest" classname="Tests.Unit.Services.Validation.ValidationServiceTest" file="C:\Users\prote\Documents\software-devel\ksf_bank_import\tests\unit\Services\Validation\ValidationServiceTest.php" line="44" assertions="1" time="0.000735"/>
        <testcase name="testValidatesStatementWithTransactions" class="Tests\Unit\Services\Validation\ValidationServiceTest" classname="Tests.Unit.Services.Validation.ValidationServiceTest" file="C:\Users\prote\Documents\software-devel\ksf_bank_import\tests\unit\Services\Validation\ValidationServiceTest.php" line="70" assertions="1" time="0.000796"/>
        <testcase name="testRejectsStatementMissingStatementId" class="Tests\Unit\Services\Validation\ValidationServiceTest" classname="Tests.Unit.Services.Validation.ValidationServiceTest" file="C:\Users\prote\Documents\software-devel\ksf_bank_import\tests\unit\Services\Validation\ValidationServiceTest.php" line="119" assertions="1" time="0.000810"/>
        <testcase name="testRejectsStatementMissingCurrency" class="Tests\Unit\Services\Validation\ValidationServiceTest" classname="Tests.Unit.Services.Validation.ValidationServiceTest" file="C:\Users\prote\Documents\software-devel\ksf_bank_import\tests\unit\Services\Validation\ValidationServiceTest.php" line="150" assertions="1" time="0.000739"/>
        <testcase name="testRejectsInvalidCurrencyCode" class="Tests\Unit\Services\Validation\ValidationServiceTest" classname="Tests.Unit.Services.Validation.ValidationServiceTest" file="C:\Users\prote\Documents\software-devel\ksf_bank_import\tests\unit\Services\Validation\ValidationServiceTest.php" line="175" assertions="1" time="0.000672"/>
        <testcase name="testValidatesTransactionTypeValid" class="Tests\Unit\Services\Validation\ValidationServiceTest" classname="Tests.Unit.Services.Validation.ValidationServiceTest" file="C:\Users\prote\Documents\software-devel\ksf_bank_import\tests\unit\Services\Validation\ValidationServiceTest.php" line="200" assertions="1" time="0.001089"/>
        <testcase name="testRejectsInvalidTransactionType" class="Tests\Unit\Services\Validation\ValidationServiceTest" classname="Tests.Unit.Services.Validation.ValidationServiceTest" file="C:\Users\prote\Documents\software-devel\ksf_bank_import\tests\unit\Services\Validation\ValidationServiceTest.php" line="239" assertions="1" time="0.000884"/>
        <testcase name="testValidatesTransactionDateFormat" class="Tests\Unit\Services\Validation\ValidationServiceTest" classname="Tests.Unit.Services.Validation.ValidationServiceTest" file="C:\Users\prote\Documents\software-devel\ksf_bank_import\tests\unit\Services\Validation\ValidationServiceTest.php" line="275" assertions="1" time="0.001022"/>
        <testcase name="testRejectsInvalidTransactionDateFormat" class="Tests\Unit\Services\Validation\ValidationServiceTest" classname="Tests.Unit.Services.Validation.ValidationServiceTest" file="C:\Users\prote\Documents\software-devel\ksf_bank_import\tests\unit\Services\Validation\ValidationServiceTest.php" line="312" assertions="1" time="0.001084"/>
        <testcase name="testValidatesTransactionAmountIsNumeric" class="Tests\Unit\Services\Validation\ValidationServiceTest" classname="Tests.Unit.Services.Validation.ValidationServiceTest" file="C:\Users\prote\Documents\software-devel\ksf_bank_import\tests\unit\Services\Validation\ValidationServiceTest.php" line="364" assertions="1" time="0.000928"/>
        <testcase name="testValidatesTransactionTitleExists" class="Tests\Unit\Services\Validation\ValidationServiceTest" classname="Tests.Unit.Services.Validation.ValidationServiceTest" file="C:\Users\prote\Documents\software-devel\ksf_bank_import\tests\unit\Services\Validation\ValidationServiceTest.php" line="400" assertions="1" time="0.000919"/>
        <testcase name="testValidatesStatementDateValid" class="Tests\Unit\Services\Validation\ValidationServiceTest" classname="Tests.Unit.Services.Validation.ValidationServiceTest" file="C:\Users\prote\Documents\software-devel\ksf_bank_import\tests\unit\Services\Validation\ValidationServiceTest.php" line="436" assertions="1" time="0.000871"/>
        <testcase name="testRejectsStatementWithInvalidDate" class="Tests\Unit\Services\Validation\ValidationServiceTest" classname="Tests.Unit.Services.Validation.ValidationServiceTest" file="C:\Users\prote\Documents\software-devel\ksf_bank_import\tests\unit\Services\Validation\ValidationServiceTest.php" line="450" assertions="1" time="0.000579"/>
        <testcase name="testValidatesBalancesAreNumeric" class="Tests\Unit\Services\Validation\ValidationServiceTest" classname="Tests.Unit.Services.Validation.ValidationServiceTest" file="C:\Users\prote\Documents\software-devel\ksf_bank_import\tests\unit\Services\Validation\ValidationServiceTest.php" line="481" assertions="1" time="0.000740"/>
        <testcase name="testReportsValidationErrors" class="Tests\Unit\Services\Validation\ValidationServiceTest" classname="Tests.Unit.Services.Validation.ValidationServiceTest" file="C:\Users\prote\Documents\software-devel\ksf_bank_import\tests\unit\Services\Validation\ValidationServiceTest.php" line="494" assertions="2" time="0.000721"/>
        <testcase name="testGetAllValidationErrors" class="Tests\Unit\Services\Validation\ValidationServiceTest" classname="Tests.Unit.Services.Validation.ValidationServiceTest" file="C:\Users\prote\Documents\software-devel\ksf_bank_import\tests\unit\Services\Validation\ValidationServiceTest.php" line="521" assertions="1" time="0.001351"/>
        <testcase name="testValidatesStatementWithMatchingBalance" class="Tests\Unit\Services\Validation\ValidationServiceTest" classname="Tests.Unit.Services.Validation.ValidationServiceTest" file="C:\Users\prote\Documents\software-devel\ksf_bank_import\tests\unit\Services\Validation\ValidationServiceTest.php" line="541" assertions="1" time="0.000917"/>
        <testcase name="testValidatesMultipleTransactions" class="Tests\Unit\Services\Validation\ValidationServiceTest" classname="Tests.Unit.Services.Validation.ValidationServiceTest" file="C:\Users\prote\Documents\software-devel\ksf_bank_import\tests\unit\Services\Validation\ValidationServiceTest.php" line="577" assertions="1" time="0.001265"/>
      </testsuite>
      <testsuite name="Ksfraser\Tests\Unit\SettledTransactionDisplayTest" file="C:\Users\prote\Documents\software-devel\ksf_bank_import\tests\unit\SettledTransactionDisplayTest.php" tests="16" assertions="29" errors="0" warnings="0" failures="0" skipped="0" time="0.031459">
        <testcase name="testConstruction" class="Ksfraser\Tests\Unit\SettledTransactionDisplayTest" classname="Ksfraser.Tests.Unit.SettledTransactionDisplayTest" file="C:\Users\prote\Documents\software-devel\ksf_bank_import\tests\unit\SettledTransactionDisplayTest.php" line="82" assertions="1" time="0.000528"/>
        <testcase name="testAcceptsTransactionData" class="Ksfraser\Tests\Unit\SettledTransactionDisplayTest" classname="Ksfraser.Tests.Unit.SettledTransactionDisplayTest" file="C:\Users\prote\Documents\software-devel\ksf_bank_import\tests\unit\SettledTransactionDisplayTest.php" line="94" assertions="1" time="0.001317"/>
        <testcase name="testRendersSettledStatus" class="Ksfraser\Tests\Unit\SettledTransactionDisplayTest" classname="Ksfraser.Tests.Unit.SettledTransactionDisplayTest" file="C:\Users\prote\Documents\software-devel\ksf_bank_import\tests\unit\SettledTransactionDisplayTest.php" line="106" assertions="2" time="0.002704"/>
        <testcase name="testRendersSupplierPaymentOperation" class="Ksfraser\Tests\Unit\SettledTransactionDisplayTest" classname="Ksfraser.Tests.Unit.SettledTransactionDisplayTest" file="C:\Users\prote\Documents\software-devel\ksf_bank_import\tests\unit\SettledTransactionDisplayTest.php" line="120" assertions="2" time="0.002294"/>
        <testcase name="testRendersSupplierName" class="Ksfraser\Tests\Unit\SettledTransactionDisplayTest" classname="Ksfraser.Tests.Unit.SettledTransactionDisplayTest" file="C:\Users\prote\Documents\software-devel\ksf_bank_import\tests\unit\SettledTransactionDisplayTest.php" line="134" assertions="2" time="0.002456"/>
        <testcase name="testRendersBankAccountForSupplierPayment" class="Ksfraser\Tests\Unit\SettledTransactionDisplayTest" classname="Ksfraser.Tests.Unit.SettledTransactionDisplayTest" file="C:\Users\prote\Documents\software-devel\ksf_bank_import\tests\unit\SettledTransactionDisplayTest.php" line="148" assertions="2" time="0.003226"/>
        <testcase name="testRendersBankDepositOperation" class="Ksfraser\Tests\Unit\SettledTransactionDisplayTest" classname="Ksfraser.Tests.Unit.SettledTransactionDisplayTest" file="C:\Users\prote\Documents\software-devel\ksf_bank_import\tests\unit\SettledTransactionDisplayTest.php" line="162" assertions="2" time="0.002203"/>
        <testcase name="testRendersCustomerAndBranchForDeposit" class="Ksfraser\Tests\Unit\SettledTransactionDisplayTest" classname="Ksfraser.Tests.Unit.SettledTransactionDisplayTest" file="C:\Users\prote\Documents\software-devel\ksf_bank_import\tests\unit\SettledTransactionDisplayTest.php" line="176" assertions="3" time="0.002019"/>
        <testcase name="testRendersManualSettlement" class="Ksfraser\Tests\Unit\SettledTransactionDisplayTest" classname="Ksfraser.Tests.Unit.SettledTransactionDisplayTest" file="C:\Users\prote\Documents\software-devel\ksf_bank_import\tests\unit\SettledTransactionDisplayTest.php" line="191" assertions="2" time="0.001940"/>
        <testcase name="testRendersUnsetButton" class="Ksfraser\Tests\Unit\SettledTransactionDisplayTest" classname="Ksfraser.Tests.Unit.SettledTransactionDisplayTest" file="C:\Users\prote\Documents\software-devel\ksf_bank_import\tests\unit\SettledTransactionDisplayTest.php" line="205" assertions="3" time="0.002362"/>
        <testcase name="testUnsetButtonIncludesLineItemId" class="Ksfraser\Tests\Unit\SettledTransactionDisplayTest" classname="Ksfraser.Tests.Unit.SettledTransactionDisplayTest" file="C:\Users\prote\Documents\software-devel\ksf_bank_import\tests\unit\SettledTransactionDisplayTest.php" line="220" assertions="1" time="0.002624"/>
        <testcase name="testHandlesUnknownTransactionType" class="Ksfraser\Tests\Unit\SettledTransactionDisplayTest" classname="Ksfraser.Tests.Unit.SettledTransactionDisplayTest" file="C:\Users\prote\Documents\software-devel\ksf_bank_import\tests\unit\SettledTransactionDisplayTest.php" line="233" assertions="1" time="0.001720"/>
        <testcase name="testCanBeReusedForMultipleTransactions" class="Ksfraser\Tests\Unit\SettledTransactionDisplayTest" classname="Ksfraser.Tests.Unit.SettledTransactionDisplayTest" file="C:\Users\prote\Documents\software-devel\ksf_bank_import\tests\unit\SettledTransactionDisplayTest.php" line="250" assertions="4" time="0.004182"/>
        <testcase name="testReturnsTransactionType" class="Ksfraser\Tests\Unit\SettledTransactionDisplayTest" classname="Ksfraser.Tests.Unit.SettledTransactionDisplayTest" file="C:\Users\prote\Documents\software-devel\ksf_bank_import\tests\unit\SettledTransactionDisplayTest.php" line="271" assertions="1" time="0.000610"/>
        <testcase name="testReturnsTransactionNumber" class="Ksfraser\Tests\Unit\SettledTransactionDisplayTest" classname="Ksfraser.Tests.Unit.SettledTransactionDisplayTest" file="C:\Users\prote\Documents\software-devel\ksf_bank_import\tests\unit\SettledTransactionDisplayTest.php" line="283" assertions="1" time="0.000621"/>
        <testcase name="testReturnsLineItemId" class="Ksfraser\Tests\Unit\SettledTransactionDisplayTest" classname="Ksfraser.Tests.Unit.SettledTransactionDisplayTest" file="C:\Users\prote\Documents\software-devel\ksf_bank_import\tests\unit\SettledTransactionDisplayTest.php" line="295" assertions="1" time="0.000653"/>
      </testsuite>
      <testsuite name="Tests\Unit\Shared\Config\ConfigTest" file="C:\Users\prote\Documents\software-devel\ksf_bank_import\tests\unit\Shared\Config\ConfigTest.php" tests="15" assertions="42" errors="0" warnings="0" failures="3" skipped="0" time="0.162083">
        <testcase name="testLoadWithDefaults" class="Tests\Unit\Shared\Config\ConfigTest" classname="Tests.Unit.Shared.Config.ConfigTest" file="C:\Users\prote\Documents\software-devel\ksf_bank_import\tests\unit\Shared\Config\ConfigTest.php" line="31" assertions="3" time="0.048273"/>
        <testcase name="testEnvironmentDetection" class="Tests\Unit\Shared\Config\ConfigTest" classname="Tests.Unit.Shared.Config.ConfigTest" file="C:\Users\prote\Documents\software-devel\ksf_bank_import\tests\unit\Shared\Config\ConfigTest.php" line="45" assertions="7" time="0.004599"/>
        <testcase name="testDotNotationAccess" class="Tests\Unit\Shared\Config\ConfigTest" classname="Tests.Unit.Shared.Config.ConfigTest" file="C:\Users\prote\Documents\software-devel\ksf_bank_import\tests\unit\Shared\Config\ConfigTest.php" line="64" assertions="5" time="0.002774"/>
        <testcase name="testHasKey" class="Tests\Unit\Shared\Config\ConfigTest" classname="Tests.Unit.Shared.Config.ConfigTest" file="C:\Users\prote\Documents\software-devel\ksf_bank_import\tests\unit\Shared\Config\ConfigTest.php" line="81" assertions="3" time="0.002393"/>
        <testcase name="testTypeGetters" class="Tests\Unit\Shared\Config\ConfigTest" classname="Tests.Unit.Shared.Config.ConfigTest" file="C:\Users\prote\Documents\software-devel\ksf_bank_import\tests\unit\Shared\Config\ConfigTest.php" line="93" assertions="6" time="0.002602"/>
        <testcase name="testLoadFromEnvFile" class="Tests\Unit\Shared\Config\ConfigTest" classname="Tests.Unit.Shared.Config.ConfigTest" file="C:\Users\prote\Documents\software-devel\ksf_bank_import\tests\unit\Shared\Config\ConfigTest.php" line="118" assertions="1" time="0.005637">
          <failure type="PHPUnit\Framework\ExpectationFailedException">Tests\Unit\Shared\Config\ConfigTest::testLoadFromEnvFile
Failed asserting that null matches expected 'testhost'.

C:\Users\prote\Documents\software-devel\ksf_bank_import\tests\unit\Shared\Config\ConfigTest.php:133</failure>
        </testcase>
        <testcase name="testEnvironmentSpecificOverrides" class="Tests\Unit\Shared\Config\ConfigTest" classname="Tests.Unit.Shared.Config.ConfigTest" file="C:\Users\prote\Documents\software-devel\ksf_bank_import\tests\unit\Shared\Config\ConfigTest.php" line="141" assertions="1" time="0.009389">
          <failure type="PHPUnit\Framework\ExpectationFailedException">Tests\Unit\Shared\Config\ConfigTest::testEnvironmentSpecificOverrides
Failed asserting that null matches expected 'testhost'.

C:\Users\prote\Documents\software-devel\ksf_bank_import\tests\unit\Shared\Config\ConfigTest.php:152</failure>
        </testcase>
        <testcase name="testEnvironmentVariablePrecedence" class="Tests\Unit\Shared\Config\ConfigTest" classname="Tests.Unit.Shared.Config.ConfigTest" file="C:\Users\prote\Documents\software-devel\ksf_bank_import\tests\unit\Shared\Config\ConfigTest.php" line="158" assertions="1" time="0.003531"/>
        <testcase name="testValueParsing" class="Tests\Unit\Shared\Config\ConfigTest" classname="Tests.Unit.Shared.Config.ConfigTest" file="C:\Users\prote\Documents\software-devel\ksf_bank_import\tests\unit\Shared\Config\ConfigTest.php" line="177" assertions="1" time="0.004073">
          <failure type="PHPUnit\Framework\ExpectationFailedException">Tests\Unit\Shared\Config\ConfigTest::testValueParsing
Failed asserting that null is true.

C:\Users\prote\Documents\software-devel\ksf_bank_import\tests\unit\Shared\Config\ConfigTest.php:190</failure>
        </testcase>
        <testcase name="testRuntimeSet" class="Tests\Unit\Shared\Config\ConfigTest" classname="Tests.Unit.Shared.Config.ConfigTest" file="C:\Users\prote\Documents\software-devel\ksf_bank_import\tests\unit\Shared\Config\ConfigTest.php" line="201" assertions="3" time="0.002075"/>
        <testcase name="testGetSection" class="Tests\Unit\Shared\Config\ConfigTest" classname="Tests.Unit.Shared.Config.ConfigTest" file="C:\Users\prote\Documents\software-devel\ksf_bank_import\tests\unit\Shared\Config\ConfigTest.php" line="221" assertions="3" time="0.002733"/>
        <testcase name="testAll" class="Tests\Unit\Shared\Config\ConfigTest" classname="Tests.Unit.Shared.Config.ConfigTest" file="C:\Users\prote\Documents\software-devel\ksf_bank_import\tests\unit\Shared\Config\ConfigTest.php" line="236" assertions="3" time="0.002701"/>
        <testcase name="testConfigFactory" class="Tests\Unit\Shared\Config\ConfigTest" classname="Tests.Unit.Shared.Config.ConfigTest" file="C:\Users\prote\Documents\software-devel\ksf_bank_import\tests\unit\Shared\Config\ConfigTest.php" line="249" assertions="1" time="0.066781"/>
        <testcase name="testConfigFactoryTesting" class="Tests\Unit\Shared\Config\ConfigTest" classname="Tests.Unit.Shared.Config.ConfigTest" file="C:\Users\prote\Documents\software-devel\ksf_bank_import\tests\unit\Shared\Config\ConfigTest.php" line="263" assertions="3" time="0.002281"/>
        <testcase name="testInvalidConfigFile" class="Tests\Unit\Shared\Config\ConfigTest" classname="Tests.Unit.Shared.Config.ConfigTest" file="C:\Users\prote\Documents\software-devel\ksf_bank_import\tests\unit\Shared\Config\ConfigTest.php" line="280" assertions="1" time="0.002239"/>
      </testsuite>
      <testsuite name="Tests\Unit\Shared\Container\ServiceContainerTest" file="C:\Users\prote\Documents\software-devel\ksf_bank_import\tests\unit\Shared\Container\ServiceContainerTest.php" tests="17" assertions="32" errors="1" warnings="0" failures="0" skipped="0" time="0.163326">
        <testcase name="testRegisterAndResolve" class="Tests\Unit\Shared\Container\ServiceContainerTest" classname="Tests.Unit.Shared.Container.ServiceContainerTest" file="C:\Users\prote\Documents\software-devel\ksf_bank_import\tests\unit\Shared\Container\ServiceContainerTest.php" line="22" assertions="1" time="0.021766"/>
        <testcase name="testTransientServices" class="Tests\Unit\Shared\Container\ServiceContainerTest" classname="Tests.Unit.Shared.Container.ServiceContainerTest" file="C:\Users\prote\Documents\software-devel\ksf_bank_import\tests\unit\Shared\Container\ServiceContainerTest.php" line="34" assertions="1" time="0.000674"/>
        <testcase name="testSingletonServices" class="Tests\Unit\Shared\Container\ServiceContainerTest" classname="Tests.Unit.Shared.Container.ServiceContainerTest" file="C:\Users\prote\Documents\software-devel\ksf_bank_import\tests\unit\Shared\Container\ServiceContainerTest.php" line="49" assertions="1" time="0.000574"/>
        <testcase name="testServiceAliasing" class="Tests\Unit\Shared\Container\ServiceContainerTest" classname="Tests.Unit.Shared.Container.ServiceContainerTest" file="C:\Users\prote\Documents\software-devel\ksf_bank_import\tests\unit\Shared\Container\ServiceContainerTest.php" line="64" assertions="1" time="0.000558"/>
        <testcase name="testCircularDependencyDetection" class="Tests\Unit\Shared\Container\ServiceContainerTest" classname="Tests.Unit.Shared.Container.ServiceContainerTest" file="C:\Users\prote\Documents\software-devel\ksf_bank_import\tests\unit\Shared\Container\ServiceContainerTest.php" line="82" assertions="2" time="0.128461"/>
        <testcase name="testSelfCircularDependency" class="Tests\Unit\Shared\Container\ServiceContainerTest" classname="Tests.Unit.Shared.Container.ServiceContainerTest" file="C:\Users\prote\Documents\software-devel\ksf_bank_import\tests\unit\Shared\Container\ServiceContainerTest.php" line="101" assertions="2" time="0.000732"/>
        <testcase name="testComplexCircularDependency" class="Tests\Unit\Shared\Container\ServiceContainerTest" classname="Tests.Unit.Shared.Container.ServiceContainerTest" file="C:\Users\prote\Documents\software-devel\ksf_bank_import\tests\unit\Shared\Container\ServiceContainerTest.php" line="116" assertions="2" time="0.000750"/>
        <testcase name="testHasService" class="Tests\Unit\Shared\Container\ServiceContainerTest" classname="Tests.Unit.Shared.Container.ServiceContainerTest" file="C:\Users\prote\Documents\software-devel\ksf_bank_import\tests\unit\Shared\Container\ServiceContainerTest.php" line="140" assertions="2" time="0.001215"/>
        <testcase name="testIsSingleton" class="Tests\Unit\Shared\Container\ServiceContainerTest" classname="Tests.Unit.Shared.Container.ServiceContainerTest" file="C:\Users\prote\Documents\software-devel\ksf_bank_import\tests\unit\Shared\Container\ServiceContainerTest.php" line="151" assertions="2" time="0.000740"/>
        <testcase name="testServiceNotFound" class="Tests\Unit\Shared\Container\ServiceContainerTest" classname="Tests.Unit.Shared.Container.ServiceContainerTest" file="C:\Users\prote\Documents\software-devel\ksf_bank_import\tests\unit\Shared\Container\ServiceContainerTest.php" line="163" assertions="2" time="0.000843"/>
        <testcase name="testClear" class="Tests\Unit\Shared\Container\ServiceContainerTest" classname="Tests.Unit.Shared.Container.ServiceContainerTest" file="C:\Users\prote\Documents\software-devel\ksf_bank_import\tests\unit\Shared\Container\ServiceContainerTest.php" line="174" assertions="2" time="0.000611"/>
        <testcase name="testClearSingletons" class="Tests\Unit\Shared\Container\ServiceContainerTest" classname="Tests.Unit.Shared.Container.ServiceContainerTest" file="C:\Users\prote\Documents\software-devel\ksf_bank_import\tests\unit\Shared\Container\ServiceContainerTest.php" line="186" assertions="5" time="0.000727"/>
        <testcase name="testFactoryReceivesContainer" class="Tests\Unit\Shared\Container\ServiceContainerTest" classname="Tests.Unit.Shared.Container.ServiceContainerTest" file="C:\Users\prote\Documents\software-devel\ksf_bank_import\tests\unit\Shared\Container\ServiceContainerTest.php" line="215" assertions="1" time="0.000497"/>
        <testcase name="testGetServiceNames" class="Tests\Unit\Shared\Container\ServiceContainerTest" classname="Tests.Unit.Shared.Container.ServiceContainerTest" file="C:\Users\prote\Documents\software-devel\ksf_bank_import\tests\unit\Shared\Container\ServiceContainerTest.php" line="230" assertions="3" time="0.000681"/>
        <testcase name="testGetSingletonCount" class="Tests\Unit\Shared\Container\ServiceContainerTest" classname="Tests.Unit.Shared.Container.ServiceContainerTest" file="C:\Users\prote\Documents\software-devel\ksf_bank_import\tests\unit\Shared\Container\ServiceContainerTest.php" line="246" assertions="3" time="0.000632"/>
        <testcase name="testNestedResolution" class="Tests\Unit\Shared\Container\ServiceContainerTest" classname="Tests.Unit.Shared.Container.ServiceContainerTest" file="C:\Users\prote\Documents\software-devel\ksf_bank_import\tests\unit\Shared\Container\ServiceContainerTest.php" line="266" assertions="2" time="0.003118"/>
        <testcase name="testResolutionWithDirectValue" class="Tests\Unit\Shared\Container\ServiceContainerTest" classname="Tests.Unit.Shared.Container.ServiceContainerTest" file="C:\Users\prote\Documents\software-devel\ksf_bank_import\tests\unit\Shared\Container\ServiceContainerTest.php" line="292" assertions="0" time="0.000749">
          <error type="TypeError">Tests\Unit\Shared\Container\ServiceContainerTest::testResolutionWithDirectValue
TypeError: Ksfraser\FaBankImport\Shared\Container\ServiceContainer::registerInstance(): Argument #2 ($instance) must be of type object, string given, called in C:\Users\prote\Documents\software-devel\ksf_bank_import\tests\unit\Shared\Container\ServiceContainerTest.php on line 295

C:\Users\prote\Documents\software-devel\ksf_bank_import\src\Ksfraser\FaBankImport\Shared\Container\ServiceContainer.php:76
C:\Users\prote\Documents\software-devel\ksf_bank_import\tests\unit\Shared\Container\ServiceContainerTest.php:295</error>
        </testcase>
      </testsuite>
      <testsuite name="Tests\Unit\Shared\Entities\BiTransactionTest" file="C:\Users\prote\Documents\software-devel\ksf_bank_import\tests\unit\Shared\Entities\EntitiesTest.php" tests="7" assertions="22" errors="1" warnings="0" failures="0" skipped="0" time="0.006231">
        <testcase name="testCreateFactory" class="Tests\Unit\Shared\Entities\BiTransactionTest" classname="Tests.Unit.Shared.Entities.BiTransactionTest" file="C:\Users\prote\Documents\software-devel\ksf_bank_import\tests\unit\Shared\Entities\EntitiesTest.php" line="20" assertions="4" time="0.000942"/>
        <testcase name="testFitIdCannotBeEmpty" class="Tests\Unit\Shared\Entities\BiTransactionTest" classname="Tests.Unit.Shared.Entities.BiTransactionTest" file="C:\Users\prote\Documents\software-devel\ksf_bank_import\tests\unit\Shared\Entities\EntitiesTest.php" line="39" assertions="2" time="0.000815"/>
        <testcase name="testAcctIdCannotBeEmpty" class="Tests\Unit\Shared\Entities\BiTransactionTest" classname="Tests.Unit.Shared.Entities.BiTransactionTest" file="C:\Users\prote\Documents\software-devel\ksf_bank_import\tests\unit\Shared\Entities\EntitiesTest.php" line="56" assertions="2" time="0.000795"/>
        <testcase name="testFromDatabaseFactory" class="Tests\Unit\Shared\Entities\BiTransactionTest" classname="Tests.Unit.Shared.Entities.BiTransactionTest" file="C:\Users\prote\Documents\software-devel\ksf_bank_import\tests\unit\Shared\Entities\EntitiesTest.php" line="73" assertions="0" time="0.000663">
          <error type="Ksfraser\FaBankImport\Shared\Exceptions\InvalidTransactionException">Tests\Unit\Shared\Entities\BiTransactionTest::testFromDatabaseFactory
Ksfraser\FaBankImport\Shared\Exceptions\InvalidTransactionException: fitId cannot be empty or invalid

C:\Users\prote\Documents\software-devel\ksf_bank_import\src\Ksfraser\FaBankImport\Shared\Entities\BiTransaction.php:66
C:\Users\prote\Documents\software-devel\ksf_bank_import\src\Ksfraser\FaBankImport\Shared\Entities\BiTransaction.php:123
C:\Users\prote\Documents\software-devel\ksf_bank_import\tests\unit\Shared\Entities\EntitiesTest.php:84</error>
        </testcase>
        <testcase name="testImmutability" class="Tests\Unit\Shared\Entities\BiTransactionTest" classname="Tests.Unit.Shared.Entities.BiTransactionTest" file="C:\Users\prote\Documents\software-devel\ksf_bank_import\tests\unit\Shared\Entities\EntitiesTest.php" line="94" assertions="3" time="0.000849"/>
        <testcase name="testToDatabaseRoundTrip" class="Tests\Unit\Shared\Entities\BiTransactionTest" classname="Tests.Unit.Shared.Entities.BiTransactionTest" file="C:\Users\prote\Documents\software-devel\ksf_bank_import\tests\unit\Shared\Entities\EntitiesTest.php" line="113" assertions="6" time="0.000992"/>
        <testcase name="testAllGetters" class="Tests\Unit\Shared\Entities\BiTransactionTest" classname="Tests.Unit.Shared.Entities.BiTransactionTest" file="C:\Users\prote\Documents\software-devel\ksf_bank_import\tests\unit\Shared\Entities\EntitiesTest.php" line="140" assertions="5" time="0.001175"/>
      </testsuite>
      <testsuite name="Tests\Unit\Shared\Entities\BiStatementTest" file="C:\Users\prote\Documents\software-devel\ksf_bank_import\tests\unit\Shared\Entities\EntitiesTest.php" tests="3" assertions="4" errors="0" warnings="0" failures="0" skipped="0" time="0.005618">
        <testcase name="testStatementCreation" class="Tests\Unit\Shared\Entities\BiStatementTest" classname="Tests.Unit.Shared.Entities.BiStatementTest" file="C:\Users\prote\Documents\software-devel\ksf_bank_import\tests\unit\Shared\Entities\EntitiesTest.php" line="164" assertions="2" time="0.000683"/>
        <testcase name="testStatementValidatesBalance" class="Tests\Unit\Shared\Entities\BiStatementTest" classname="Tests.Unit.Shared.Entities.BiStatementTest" file="C:\Users\prote\Documents\software-devel\ksf_bank_import\tests\unit\Shared\Entities\EntitiesTest.php" line="191" assertions="1" time="0.004117"/>
        <testcase name="testGetTransactionsReturnsAll" class="Tests\Unit\Shared\Entities\BiStatementTest" classname="Tests.Unit.Shared.Entities.BiStatementTest" file="C:\Users\prote\Documents\software-devel\ksf_bank_import\tests\unit\Shared\Entities\EntitiesTest.php" line="211" assertions="1" time="0.000818"/>
      </testsuite>
      <testsuite name="Tests\Unit\Shared\Entities\BankAccountMappingTest" file="C:\Users\prote\Documents\software-devel\ksf_bank_import\tests\unit\Shared\Entities\EntitiesTest.php" tests="4" assertions="1" errors="3" warnings="0" failures="1" skipped="0" time="0.254084">
        <testcase name="testMappingCreation" class="Tests\Unit\Shared\Entities\BankAccountMappingTest" classname="Tests.Unit.Shared.Entities.BankAccountMappingTest" file="C:\Users\prote\Documents\software-devel\ksf_bank_import\tests\unit\Shared\Entities\EntitiesTest.php" line="238" assertions="0" time="0.172755">
          <error type="ArgumentCountError">Tests\Unit\Shared\Entities\BankAccountMappingTest::testMappingCreation
ArgumentCountError: Ksfraser\FaBankImport\Shared\Entities\BankAccountMapping::create(): Argument #4 ($curDef) not passed

C:\Users\prote\Documents\software-devel\ksf_bank_import\app\Shared\Entities\BankAccountMapping.php:84
C:\Users\prote\Documents\software-devel\ksf_bank_import\tests\unit\Shared\Entities\EntitiesTest.php:244</error>
        </testcase>
        <testcase name="testMatchesExact" class="Tests\Unit\Shared\Entities\BankAccountMappingTest" classname="Tests.Unit.Shared.Entities.BankAccountMappingTest" file="C:\Users\prote\Documents\software-devel\ksf_bank_import\tests\unit\Shared\Entities\EntitiesTest.php" line="255" assertions="0" time="0.000741">
          <error type="ArgumentCountError">Tests\Unit\Shared\Entities\BankAccountMappingTest::testMatchesExact
ArgumentCountError: Ksfraser\FaBankImport\Shared\Entities\BankAccountMapping::create(): Argument #4 ($curDef) not passed

C:\Users\prote\Documents\software-devel\ksf_bank_import\app\Shared\Entities\BankAccountMapping.php:84
C:\Users\prote\Documents\software-devel\ksf_bank_import\tests\unit\Shared\Entities\EntitiesTest.php:261</error>
        </testcase>
        <testcase name="testPartiallyMatches" class="Tests\Unit\Shared\Entities\BankAccountMappingTest" classname="Tests.Unit.Shared.Entities.BankAccountMappingTest" file="C:\Users\prote\Documents\software-devel\ksf_bank_import\tests\unit\Shared\Entities\EntitiesTest.php" line="272" assertions="0" time="0.000923">
          <error type="ArgumentCountError">Tests\Unit\Shared\Entities\BankAccountMappingTest::testPartiallyMatches
ArgumentCountError: Ksfraser\FaBankImport\Shared\Entities\BankAccountMapping::create(): Argument #4 ($curDef) not passed

C:\Users\prote\Documents\software-devel\ksf_bank_import\app\Shared\Entities\BankAccountMapping.php:84
C:\Users\prote\Documents\software-devel\ksf_bank_import\tests\unit\Shared\Entities\EntitiesTest.php:278</error>
        </testcase>
        <testcase name="testRequiresAtLeastOneIdentifier" class="Tests\Unit\Shared\Entities\BankAccountMappingTest" classname="Tests.Unit.Shared.Entities.BankAccountMappingTest" file="C:\Users\prote\Documents\software-devel\ksf_bank_import\tests\unit\Shared\Entities\EntitiesTest.php" line="297" assertions="1" time="0.079664">
          <failure type="PHPUnit\Framework\ExpectationFailedException">Tests\Unit\Shared\Entities\BankAccountMappingTest::testRequiresAtLeastOneIdentifier
Failed asserting that exception of type "ArgumentCountError" matches expected exception "Ksfraser\Exceptions\Domain\InvalidRepositoryStateException". Message was: "Ksfraser\FaBankImport\Shared\Entities\BankAccountMapping::create(): Argument #4 ($curDef) not passed" at
C:\Users\prote\Documents\software-devel\ksf_bank_import\app\Shared\Entities\BankAccountMapping.php:84
C:\Users\prote\Documents\software-devel\ksf_bank_import\tests\unit\Shared\Entities\EntitiesTest.php:305
.</failure>
        </testcase>
      </testsuite>
      <testsuite name="Tests\Unit\Shared\Entities\BiLineItemTest" file="C:\Users\prote\Documents\software-devel\ksf_bank_import\tests\unit\Shared\Entities\EntitiesTest.php" tests="3" assertions="7" errors="0" warnings="0" failures="0" skipped="0" time="0.002120">
        <testcase name="testLineItemCreation" class="Tests\Unit\Shared\Entities\BiLineItemTest" classname="Tests.Unit.Shared.Entities.BiLineItemTest" file="C:\Users\prote\Documents\software-devel\ksf_bank_import\tests\unit\Shared\Entities\EntitiesTest.php" line="315" assertions="2" time="0.000684"/>
        <testcase name="testRequiresNonZeroAmount" class="Tests\Unit\Shared\Entities\BiLineItemTest" classname="Tests.Unit.Shared.Entities.BiLineItemTest" file="C:\Users\prote\Documents\software-devel\ksf_bank_import\tests\unit\Shared\Entities\EntitiesTest.php" line="329" assertions="1" time="0.000606"/>
        <testcase name="testDebitCredit" class="Tests\Unit\Shared\Entities\BiLineItemTest" classname="Tests.Unit.Shared.Entities.BiLineItemTest" file="C:\Users\prote\Documents\software-devel\ksf_bank_import\tests\unit\Shared\Entities\EntitiesTest.php" line="342" assertions="4" time="0.000830"/>
      </testsuite>
      <testsuite name="Tests\Unit\Shared\Entities\BankPartnerTest" file="C:\Users\prote\Documents\software-devel\ksf_bank_import\tests\unit\Shared\Entities\EntitiesTest.php" tests="2" assertions="4" errors="0" warnings="0" failures="0" skipped="0" time="0.087311">
        <testcase name="testPartnerCreation" class="Tests\Unit\Shared\Entities\BankPartnerTest" classname="Tests.Unit.Shared.Entities.BankPartnerTest" file="C:\Users\prote\Documents\software-devel\ksf_bank_import\tests\unit\Shared\Entities\EntitiesTest.php" line="367" assertions="2" time="0.086621"/>
        <testcase name="testHighConfidenceMatch" class="Tests\Unit\Shared\Entities\BankPartnerTest" classname="Tests.Unit.Shared.Entities.BankPartnerTest" file="C:\Users\prote\Documents\software-devel\ksf_bank_import\tests\unit\Shared\Entities\EntitiesTest.php" line="382" assertions="2" time="0.000690"/>
      </testsuite>
      <testsuite name="Tests\Unit\Shared\Entities\TransferMatchTest" file="C:\Users\prote\Documents\software-devel\ksf_bank_import\tests\unit\Shared\Entities\EntitiesTest.php" tests="3" assertions="1" errors="2" warnings="0" failures="1" skipped="0" time="0.078337">
        <testcase name="testTransferMatchCreation" class="Tests\Unit\Shared\Entities\TransferMatchTest" classname="Tests.Unit.Shared.Entities.TransferMatchTest" file="C:\Users\prote\Documents\software-devel\ksf_bank_import\tests\unit\Shared\Entities\EntitiesTest.php" line="414" assertions="0" time="0.075319">
          <error type="Error">Tests\Unit\Shared\Entities\TransferMatchTest::testTransferMatchCreation
Error: Call to undefined method Ksfraser\FaBankImport\Shared\Entities\TransferMatch::create()

C:\Users\prote\Documents\software-devel\ksf_bank_import\tests\unit\Shared\Entities\EntitiesTest.php:416</error>
        </testcase>
        <testcase name="testCannotMatchToSelf" class="Tests\Unit\Shared\Entities\TransferMatchTest" classname="Tests.Unit.Shared.Entities.TransferMatchTest" file="C:\Users\prote\Documents\software-devel\ksf_bank_import\tests\unit\Shared\Entities\EntitiesTest.php" line="428" assertions="1" time="0.002354">
          <failure type="PHPUnit\Framework\ExpectationFailedException">Tests\Unit\Shared\Entities\TransferMatchTest::testCannotMatchToSelf
Failed asserting that exception of type "Error" matches expected exception "Ksfraser\Exceptions\Domain\InvalidRepositoryStateException". Message was: "Call to undefined method Ksfraser\FaBankImport\Shared\Entities\TransferMatch::create()" at
C:\Users\prote\Documents\software-devel\ksf_bank_import\tests\unit\Shared\Entities\EntitiesTest.php:433
.</failure>
        </testcase>
        <testcase name="testMatchStatusDetection" class="Tests\Unit\Shared\Entities\TransferMatchTest" classname="Tests.Unit.Shared.Entities.TransferMatchTest" file="C:\Users\prote\Documents\software-devel\ksf_bank_import\tests\unit\Shared\Entities\EntitiesTest.php" line="442" assertions="0" time="0.000665">
          <error type="Error">Tests\Unit\Shared\Entities\TransferMatchTest::testMatchStatusDetection
Error: Call to undefined method Ksfraser\FaBankImport\Shared\Entities\TransferMatch::fromDatabase()

C:\Users\prote\Documents\software-devel\ksf_bank_import\tests\unit\Shared\Entities\EntitiesTest.php:451</error>
        </testcase>
      </testsuite>
      <testsuite name="Ksfraser\Tests\Unit\SupplierDataProviderTest" file="C:\Users\prote\Documents\software-devel\ksf_bank_import\tests\unit\SupplierDataProviderTest.php" tests="19" assertions="30" errors="0" warnings="0" failures="0" skipped="0" time="0.015098">
        <testcase name="testConstruction" class="Ksfraser\Tests\Unit\SupplierDataProviderTest" classname="Ksfraser.Tests.Unit.SupplierDataProviderTest" file="C:\Users\prote\Documents\software-devel\ksf_bank_import\tests\unit\SupplierDataProviderTest.php" line="27" assertions="1" time="0.001774"/>
        <testcase name="testGetSuppliersReturnsArray" class="Ksfraser\Tests\Unit\SupplierDataProviderTest" classname="Ksfraser.Tests.Unit.SupplierDataProviderTest" file="C:\Users\prote\Documents\software-devel\ksf_bank_import\tests\unit\SupplierDataProviderTest.php" line="33" assertions="1" time="0.000658"/>
        <testcase name="testGetSuppliersWithMockData" class="Ksfraser\Tests\Unit\SupplierDataProviderTest" classname="Ksfraser.Tests.Unit.SupplierDataProviderTest" file="C:\Users\prote\Documents\software-devel\ksf_bank_import\tests\unit\SupplierDataProviderTest.php" line="41" assertions="3" time="0.000593"/>
        <testcase name="testStaticCachingPreventsDuplicateLoads" class="Ksfraser\Tests\Unit\SupplierDataProviderTest" classname="Ksfraser.Tests.Unit.SupplierDataProviderTest" file="C:\Users\prote\Documents\software-devel\ksf_bank_import\tests\unit\SupplierDataProviderTest.php" line="58" assertions="2" time="0.000550"/>
        <testcase name="testResetCacheClearsStaticCache" class="Ksfraser\Tests\Unit\SupplierDataProviderTest" classname="Ksfraser.Tests.Unit.SupplierDataProviderTest" file="C:\Users\prote\Documents\software-devel\ksf_bank_import\tests\unit\SupplierDataProviderTest.php" line="78" assertions="1" time="0.000509"/>
        <testcase name="testGenerateSelectHtmlReturnsString" class="Ksfraser\Tests\Unit\SupplierDataProviderTest" classname="Ksfraser.Tests.Unit.SupplierDataProviderTest" file="C:\Users\prote\Documents\software-devel\ksf_bank_import\tests\unit\SupplierDataProviderTest.php" line="99" assertions="2" time="0.000805"/>
        <testcase name="testGenerateSelectHtmlContainsFieldName" class="Ksfraser\Tests\Unit\SupplierDataProviderTest" classname="Ksfraser.Tests.Unit.SupplierDataProviderTest" file="C:\Users\prote\Documents\software-devel\ksf_bank_import\tests\unit\SupplierDataProviderTest.php" line="115" assertions="1" time="0.000696"/>
        <testcase name="testGenerateSelectHtmlContainsSupplierNames" class="Ksfraser\Tests\Unit\SupplierDataProviderTest" classname="Ksfraser.Tests.Unit.SupplierDataProviderTest" file="C:\Users\prote\Documents\software-devel\ksf_bank_import\tests\unit\SupplierDataProviderTest.php" line="129" assertions="2" time="0.001403"/>
        <testcase name="testGenerateSelectHtmlWithSelectedId" class="Ksfraser\Tests\Unit\SupplierDataProviderTest" classname="Ksfraser.Tests.Unit.SupplierDataProviderTest" file="C:\Users\prote\Documents\software-devel\ksf_bank_import\tests\unit\SupplierDataProviderTest.php" line="145" assertions="2" time="0.001394"/>
        <testcase name="testGetSupplierNameById" class="Ksfraser\Tests\Unit\SupplierDataProviderTest" classname="Ksfraser.Tests.Unit.SupplierDataProviderTest" file="C:\Users\prote\Documents\software-devel\ksf_bank_import\tests\unit\SupplierDataProviderTest.php" line="161" assertions="1" time="0.000603"/>
        <testcase name="testGetSupplierNameByIdReturnsNullForUnknown" class="Ksfraser\Tests\Unit\SupplierDataProviderTest" classname="Ksfraser.Tests.Unit.SupplierDataProviderTest" file="C:\Users\prote\Documents\software-devel\ksf_bank_import\tests\unit\SupplierDataProviderTest.php" line="176" assertions="1" time="0.000600"/>
        <testcase name="testGetSupplierCount" class="Ksfraser\Tests\Unit\SupplierDataProviderTest" classname="Ksfraser.Tests.Unit.SupplierDataProviderTest" file="C:\Users\prote\Documents\software-devel\ksf_bank_import\tests\unit\SupplierDataProviderTest.php" line="190" assertions="1" time="0.000588"/>
        <testcase name="testGetSupplierCountReturnsZeroWhenEmpty" class="Ksfraser\Tests\Unit\SupplierDataProviderTest" classname="Ksfraser.Tests.Unit.SupplierDataProviderTest" file="C:\Users\prote\Documents\software-devel\ksf_bank_import\tests\unit\SupplierDataProviderTest.php" line="206" assertions="1" time="0.000534"/>
        <testcase name="testIsLoadedReturnsFalseInitially" class="Ksfraser\Tests\Unit\SupplierDataProviderTest" classname="Ksfraser.Tests.Unit.SupplierDataProviderTest" file="C:\Users\prote\Documents\software-devel\ksf_bank_import\tests\unit\SupplierDataProviderTest.php" line="215" assertions="1" time="0.000639"/>
        <testcase name="testIsLoadedReturnsTrueAfterLoading" class="Ksfraser\Tests\Unit\SupplierDataProviderTest" classname="Ksfraser.Tests.Unit.SupplierDataProviderTest" file="C:\Users\prote\Documents\software-devel\ksf_bank_import\tests\unit\SupplierDataProviderTest.php" line="226" assertions="1" time="0.001106"/>
        <testcase name="testMultipleInstancesShareCache" class="Ksfraser\Tests\Unit\SupplierDataProviderTest" classname="Ksfraser.Tests.Unit.SupplierDataProviderTest" file="C:\Users\prote\Documents\software-devel\ksf_bank_import\tests\unit\SupplierDataProviderTest.php" line="241" assertions="2" time="0.000753"/>
        <testcase name="testGenerateSelectHtmlUsesCache" class="Ksfraser\Tests\Unit\SupplierDataProviderTest" classname="Ksfraser.Tests.Unit.SupplierDataProviderTest" file="C:\Users\prote\Documents\software-devel\ksf_bank_import\tests\unit\SupplierDataProviderTest.php" line="261" assertions="2" time="0.000793"/>
        <testcase name="testGetSupplierByIdReturnsFullRecord" class="Ksfraser\Tests\Unit\SupplierDataProviderTest" classname="Ksfraser.Tests.Unit.SupplierDataProviderTest" file="C:\Users\prote\Documents\software-devel\ksf_bank_import\tests\unit\SupplierDataProviderTest.php" line="279" assertions="4" time="0.000610"/>
        <testcase name="testGetSupplierByIdReturnsNullForUnknown" class="Ksfraser\Tests\Unit\SupplierDataProviderTest" classname="Ksfraser.Tests.Unit.SupplierDataProviderTest" file="C:\Users\prote\Documents\software-devel\ksf_bank_import\tests\unit\SupplierDataProviderTest.php" line="297" assertions="1" time="0.000491"/>
      </testsuite>
      <testsuite name="Tests\Unit\TransactionProcessorTest" file="C:\Users\prote\Documents\software-devel\ksf_bank_import\tests\unit\TransactionProcessorTest.php" tests="14" assertions="50" errors="0" warnings="0" failures="0" skipped="0" time="0.378372">
        <testcase name="it_can_be_instantiated" class="Tests\Unit\TransactionProcessorTest" classname="Tests.Unit.TransactionProcessorTest" file="C:\Users\prote\Documents\software-devel\ksf_bank_import\tests\unit\TransactionProcessorTest.php" line="54" assertions="1" time="0.198546"/>
        <testcase name="it_starts_with_no_handlers_when_passed_empty_array" class="Tests\Unit\TransactionProcessorTest" classname="Tests.Unit.TransactionProcessorTest" file="C:\Users\prote\Documents\software-devel\ksf_bank_import\tests\unit\TransactionProcessorTest.php" line="64" assertions="2" time="0.000857"/>
        <testcase name="it_auto_discovers_handlers_by_default" class="Tests\Unit\TransactionProcessorTest" classname="Tests.Unit.TransactionProcessorTest" file="C:\Users\prote\Documents\software-devel\ksf_bank_import\tests\unit\TransactionProcessorTest.php" line="76" assertions="7" time="0.125811"/>
        <testcase name="it_can_register_handler" class="Tests\Unit\TransactionProcessorTest" classname="Tests.Unit.TransactionProcessorTest" file="C:\Users\prote\Documents\software-devel\ksf_bank_import\tests\unit\TransactionProcessorTest.php" line="95" assertions="3" time="0.006399"/>
        <testcase name="it_can_register_multiple_handlers" class="Tests\Unit\TransactionProcessorTest" classname="Tests.Unit.TransactionProcessorTest" file="C:\Users\prote\Documents\software-devel\ksf_bank_import\tests\unit\TransactionProcessorTest.php" line="112" assertions="4" time="0.005464"/>
        <testcase name="it_can_retrieve_handler" class="Tests\Unit\TransactionProcessorTest" classname="Tests.Unit.TransactionProcessorTest" file="C:\Users\prote\Documents\software-devel\ksf_bank_import\tests\unit\TransactionProcessorTest.php" line="134" assertions="1" time="0.002131"/>
        <testcase name="it_returns_null_for_non_existent_handler" class="Tests\Unit\TransactionProcessorTest" classname="Tests.Unit.TransactionProcessorTest" file="C:\Users\prote\Documents\software-devel\ksf_bank_import\tests\unit\TransactionProcessorTest.php" line="149" assertions="1" time="0.000644"/>
        <testcase name="it_throws_exception_when_no_handler_registered" class="Tests\Unit\TransactionProcessorTest" classname="Tests.Unit.TransactionProcessorTest" file="C:\Users\prote\Documents\software-devel\ksf_bank_import\tests\unit\TransactionProcessorTest.php" line="161" assertions="2" time="0.001179"/>
        <testcase name="it_processes_transaction_with_registered_handler" class="Tests\Unit\TransactionProcessorTest" classname="Tests.Unit.TransactionProcessorTest" file="C:\Users\prote\Documents\software-devel\ksf_bank_import\tests\unit\TransactionProcessorTest.php" line="181" assertions="4" time="0.004104"/>
        <testcase name="it_returns_failure_when_handler_cannot_process" class="Tests\Unit\TransactionProcessorTest" classname="Tests.Unit.TransactionProcessorTest" file="C:\Users\prote\Documents\software-devel\ksf_bank_import\tests\unit\TransactionProcessorTest.php" line="236" assertions="4" time="0.002294"/>
        <testcase name="it_supports_all_six_partner_types" class="Tests\Unit\TransactionProcessorTest" classname="Tests.Unit.TransactionProcessorTest" file="C:\Users\prote\Documents\software-devel\ksf_bank_import\tests\unit\TransactionProcessorTest.php" line="267" assertions="13" time="0.015812"/>
        <testcase name="it_can_replace_handler_for_same_type" class="Tests\Unit\TransactionProcessorTest" classname="Tests.Unit.TransactionProcessorTest" file="C:\Users\prote\Documents\software-devel\ksf_bank_import\tests\unit\TransactionProcessorTest.php" line="290" assertions="3" time="0.007482"/>
        <testcase name="it_maintains_handler_state" class="Tests\Unit\TransactionProcessorTest" classname="Tests.Unit.TransactionProcessorTest" file="C:\Users\prote\Documents\software-devel\ksf_bank_import\tests\unit\TransactionProcessorTest.php" line="310" assertions="4" time="0.003845"/>
        <testcase name="it_passes_correct_parameters_to_handler" class="Tests\Unit\TransactionProcessorTest" classname="Tests.Unit.TransactionProcessorTest" file="C:\Users\prote\Documents\software-devel\ksf_bank_import\tests\unit\TransactionProcessorTest.php" line="331" assertions="1" time="0.003802"/>
      </testsuite>
      <testsuite name="Ksfraser\FaBankImport\Tests\Unit\TransactionQueryBuilderTest" file="C:\Users\prote\Documents\software-devel\ksf_bank_import\tests\unit\TransactionQueryBuilderTest.php" tests="20" assertions="121" errors="0" warnings="0" failures="0" skipped="0" time="0.021367">
        <testcase name="testConstructorWithExplicitTableNames" class="Ksfraser\FaBankImport\Tests\Unit\TransactionQueryBuilderTest" classname="Ksfraser.FaBankImport.Tests.Unit.TransactionQueryBuilderTest" file="C:\Users\prote\Documents\software-devel\ksf_bank_import\tests\unit\TransactionQueryBuilderTest.php" line="54" assertions="2" time="0.000664"/>
        <testcase name="testConstructorUsesTbPrefIfDefined" class="Ksfraser\FaBankImport\Tests\Unit\TransactionQueryBuilderTest" classname="Ksfraser.FaBankImport.Tests.Unit.TransactionQueryBuilderTest" file="C:\Users\prote\Documents\software-devel\ksf_bank_import\tests\unit\TransactionQueryBuilderTest.php" line="68" assertions="2" time="0.000686"/>
        <testcase name="testBuildGetTransactionsQueryWithNoFilters" class="Ksfraser\FaBankImport\Tests\Unit\TransactionQueryBuilderTest" classname="Ksfraser.FaBankImport.Tests.Unit.TransactionQueryBuilderTest" file="C:\Users\prote\Documents\software-devel\ksf_bank_import\tests\unit\TransactionQueryBuilderTest.php" line="87" assertions="7" time="0.000947"/>
        <testcase name="testBuildGetTransactionsQueryWithStatus" class="Ksfraser\FaBankImport\Tests\Unit\TransactionQueryBuilderTest" classname="Ksfraser.FaBankImport.Tests.Unit.TransactionQueryBuilderTest" file="C:\Users\prote\Documents\software-devel\ksf_bank_import\tests\unit\TransactionQueryBuilderTest.php" line="110" assertions="3" time="0.001157"/>
        <testcase name="testBuildGetTransactionsQueryWithDateRange" class="Ksfraser\FaBankImport\Tests\Unit\TransactionQueryBuilderTest" classname="Ksfraser.FaBankImport.Tests.Unit.TransactionQueryBuilderTest" file="C:\Users\prote\Documents\software-devel\ksf_bank_import\tests\unit\TransactionQueryBuilderTest.php" line="128" assertions="4" time="0.001820"/>
        <testcase name="testBuildGetTransactionsQueryWithAmountRange" class="Ksfraser\FaBankImport\Tests\Unit\TransactionQueryBuilderTest" classname="Ksfraser.FaBankImport.Tests.Unit.TransactionQueryBuilderTest" file="C:\Users\prote\Documents\software-devel\ksf_bank_import\tests\unit\TransactionQueryBuilderTest.php" line="150" assertions="4" time="0.001361"/>
        <testcase name="testBuildGetTransactionsQueryWithTitleSearch" class="Ksfraser\FaBankImport\Tests\Unit\TransactionQueryBuilderTest" classname="Ksfraser.FaBankImport.Tests.Unit.TransactionQueryBuilderTest" file="C:\Users\prote\Documents\software-devel\ksf_bank_import\tests\unit\TransactionQueryBuilderTest.php" line="172" assertions="2" time="0.000764"/>
        <testcase name="testBuildGetTransactionsQueryWithBankAccount" class="Ksfraser\FaBankImport\Tests\Unit\TransactionQueryBuilderTest" classname="Ksfraser.FaBankImport.Tests.Unit.TransactionQueryBuilderTest" file="C:\Users\prote\Documents\software-devel\ksf_bank_import\tests\unit\TransactionQueryBuilderTest.php" line="189" assertions="2" time="0.000727"/>
        <testcase name="testBuildGetTransactionsQueryWithLimit" class="Ksfraser\FaBankImport\Tests\Unit\TransactionQueryBuilderTest" classname="Ksfraser.FaBankImport.Tests.Unit.TransactionQueryBuilderTest" file="C:\Users\prote\Documents\software-devel\ksf_bank_import\tests\unit\TransactionQueryBuilderTest.php" line="206" assertions="2" time="0.000751"/>
        <testcase name="testBuildGetTransactionsQueryWithMultipleFilters" class="Ksfraser\FaBankImport\Tests\Unit\TransactionQueryBuilderTest" classname="Ksfraser.FaBankImport.Tests.Unit.TransactionQueryBuilderTest" file="C:\Users\prote\Documents\software-devel\ksf_bank_import\tests\unit\TransactionQueryBuilderTest.php" line="223" assertions="6" time="0.000976"/>
        <testcase name="testBuildGetTransactionQuery" class="Ksfraser\FaBankImport\Tests\Unit\TransactionQueryBuilderTest" classname="Ksfraser.FaBankImport.Tests.Unit.TransactionQueryBuilderTest" file="C:\Users\prote\Documents\software-devel\ksf_bank_import\tests\unit\TransactionQueryBuilderTest.php" line="251" assertions="4" time="0.001396"/>
        <testcase name="testBuildResetTransactionsQuery" class="Ksfraser\FaBankImport\Tests\Unit\TransactionQueryBuilderTest" classname="Ksfraser.FaBankImport.Tests.Unit.TransactionQueryBuilderTest" file="C:\Users\prote\Documents\software-devel\ksf_bank_import\tests\unit\TransactionQueryBuilderTest.php" line="270" assertions="10" time="0.001493"/>
        <testcase name="testBuildUpdateTransactionsQuery" class="Ksfraser\FaBankImport\Tests\Unit\TransactionQueryBuilderTest" classname="Ksfraser.FaBankImport.Tests.Unit.TransactionQueryBuilderTest" file="C:\Users\prote\Documents\software-devel\ksf_bank_import\tests\unit\TransactionQueryBuilderTest.php" line="296" assertions="12" time="0.001226"/>
        <testcase name="testBuildPrevoidQuery" class="Ksfraser\FaBankImport\Tests\Unit\TransactionQueryBuilderTest" classname="Ksfraser.FaBankImport.Tests.Unit.TransactionQueryBuilderTest" file="C:\Users\prote\Documents\software-devel\ksf_bank_import\tests\unit\TransactionQueryBuilderTest.php" line="333" assertions="6" time="0.000845"/>
        <testcase name="testBuildNormalPairingQueryWithoutAccount" class="Ksfraser\FaBankImport\Tests\Unit\TransactionQueryBuilderTest" classname="Ksfraser.FaBankImport.Tests.Unit.TransactionQueryBuilderTest" file="C:\Users\prote\Documents\software-devel\ksf_bank_import\tests\unit\TransactionQueryBuilderTest.php" line="355" assertions="4" time="0.001076"/>
        <testcase name="testBuildNormalPairingQueryWithAccount" class="Ksfraser\FaBankImport\Tests\Unit\TransactionQueryBuilderTest" classname="Ksfraser.FaBankImport.Tests.Unit.TransactionQueryBuilderTest" file="C:\Users\prote\Documents\software-devel\ksf_bank_import\tests\unit\TransactionQueryBuilderTest.php" line="374" assertions="3" time="0.000775"/>
        <testcase name="testGetTableName" class="Ksfraser\FaBankImport\Tests\Unit\TransactionQueryBuilderTest" classname="Ksfraser.FaBankImport.Tests.Unit.TransactionQueryBuilderTest" file="C:\Users\prote\Documents\software-devel\ksf_bank_import\tests\unit\TransactionQueryBuilderTest.php" line="392" assertions="1" time="0.000694"/>
        <testcase name="testGetStatementsTableName" class="Ksfraser\FaBankImport\Tests\Unit\TransactionQueryBuilderTest" classname="Ksfraser.FaBankImport.Tests.Unit.TransactionQueryBuilderTest" file="C:\Users\prote\Documents\software-devel\ksf_bank_import\tests\unit\TransactionQueryBuilderTest.php" line="403" assertions="1" time="0.000621"/>
        <testcase name="testBuilderWithDifferentPrefixes" class="Ksfraser\FaBankImport\Tests\Unit\TransactionQueryBuilderTest" classname="Ksfraser.FaBankImport.Tests.Unit.TransactionQueryBuilderTest" file="C:\Users\prote\Documents\software-devel\ksf_bank_import\tests\unit\TransactionQueryBuilderTest.php" line="414" assertions="16" time="0.001452"/>
        <testcase name="testAllQueryMethodsReturnProperStructure" class="Ksfraser\FaBankImport\Tests\Unit\TransactionQueryBuilderTest" classname="Ksfraser.FaBankImport.Tests.Unit.TransactionQueryBuilderTest" file="C:\Users\prote\Documents\software-devel\ksf_bank_import\tests\unit\TransactionQueryBuilderTest.php" line="440" assertions="30" time="0.001936"/>
      </testsuite>
      <testsuite name="TransactionRefactoringTest" file="C:\Users\prote\Documents\software-devel\ksf_bank_import\tests\unit\TransactionRefactoringTest.php" tests="10" assertions="15" errors="1" warnings="0" failures="1" skipped="0" time="0.008286">
        <testcase name="testNewNamespaceClassesExist" class="TransactionRefactoringTest" classname="TransactionRefactoringTest" file="C:\Users\prote\Documents\software-devel\ksf_bank_import\tests\unit\TransactionRefactoringTest.php" line="11" assertions="3" time="0.000700"/>
        <testcase name="testLegacyNamespaceAliasesExist" class="TransactionRefactoringTest" classname="TransactionRefactoringTest" file="C:\Users\prote\Documents\software-devel\ksf_bank_import\tests\unit\TransactionRefactoringTest.php" line="18" assertions="2" time="0.000756">
          <failure type="PHPUnit\Framework\ExpectationFailedException">TransactionRefactoringTest::testLegacyNamespaceAliasesExist
Failed asserting that false is true.

C:\Users\prote\Documents\software-devel\ksf_bank_import\tests\unit\TransactionRefactoringTest.php:21</failure>
        </testcase>
        <testcase name="testSquareTransactionInstantiation" class="TransactionRefactoringTest" classname="TransactionRefactoringTest" file="C:\Users\prote\Documents\software-devel\ksf_bank_import\tests\unit\TransactionRefactoringTest.php" line="25" assertions="1" time="0.000612"/>
        <testcase name="testLegacySquareTransactionInstantiation" class="TransactionRefactoringTest" classname="TransactionRefactoringTest" file="C:\Users\prote\Documents\software-devel\ksf_bank_import\tests\unit\TransactionRefactoringTest.php" line="31" assertions="1" time="0.000566"/>
        <testcase name="testThirdPartyTransactionIsAbstract" class="TransactionRefactoringTest" classname="TransactionRefactoringTest" file="C:\Users\prote\Documents\software-devel\ksf_bank_import\tests\unit\TransactionRefactoringTest.php" line="37" assertions="1" time="0.000497"/>
        <testcase name="testLegacyThirdPartyTransactionIsAbstract" class="TransactionRefactoringTest" classname="TransactionRefactoringTest" file="C:\Users\prote\Documents\software-devel\ksf_bank_import\tests\unit\TransactionRefactoringTest.php" line="43" assertions="0" time="0.000648">
          <error type="ReflectionException">TransactionRefactoringTest::testLegacyThirdPartyTransactionIsAbstract
ReflectionException: Class "Models\ThirdPartyTransaction" does not exist

C:\Users\prote\Documents\software-devel\ksf_bank_import\tests\unit\TransactionRefactoringTest.php:45</error>
        </testcase>
        <testcase name="testSquareTransactionExtendsThirdPartyTransaction" class="TransactionRefactoringTest" classname="TransactionRefactoringTest" file="C:\Users\prote\Documents\software-devel\ksf_bank_import\tests\unit\TransactionRefactoringTest.php" line="49" assertions="2" time="0.001611"/>
        <testcase name="testThirdPartyTransactionImplementsInterface" class="TransactionRefactoringTest" classname="TransactionRefactoringTest" file="C:\Users\prote\Documents\software-devel\ksf_bank_import\tests\unit\TransactionRefactoringTest.php" line="58" assertions="1" time="0.000571"/>
        <testcase name="testLegacyAndNewClassesAreIdentical" class="TransactionRefactoringTest" classname="TransactionRefactoringTest" file="C:\Users\prote\Documents\software-devel\ksf_bank_import\tests\unit\TransactionRefactoringTest.php" line="64" assertions="1" time="0.000545"/>
        <testcase name="testNamespaceConsistency" class="TransactionRefactoringTest" classname="TransactionRefactoringTest" file="C:\Users\prote\Documents\software-devel\ksf_bank_import\tests\unit\TransactionRefactoringTest.php" line="72" assertions="3" time="0.001778"/>
      </testsuite>
      <testsuite name="TransactionRepositoryRegressionTest" file="C:\Users\prote\Documents\software-devel\ksf_bank_import\tests\unit\TransactionRepositoryRegressionTest.php" tests="30" assertions="81" errors="0" warnings="0" failures="0" skipped="0" time="0.022140">
        <testcase name="test_findById_returns_record_when_found" class="TransactionRepositoryRegressionTest" classname="TransactionRepositoryRegressionTest" file="C:\Users\prote\Documents\software-devel\ksf_bank_import\tests\unit\TransactionRepositoryRegressionTest.php" line="31" assertions="3" time="0.000709"/>
        <testcase name="test_findById_returns_null_when_not_found" class="TransactionRepositoryRegressionTest" classname="TransactionRepositoryRegressionTest" file="C:\Users\prote\Documents\software-devel\ksf_bank_import\tests\unit\TransactionRepositoryRegressionTest.php" line="50" assertions="1" time="0.001048"/>
        <testcase name="test_findById_with_zero_id" class="TransactionRepositoryRegressionTest" classname="TransactionRepositoryRegressionTest" file="C:\Users\prote\Documents\software-devel\ksf_bank_import\tests\unit\TransactionRepositoryRegressionTest.php" line="64" assertions="2" time="0.000654"/>
        <testcase name="test_findById_with_negative_id" class="TransactionRepositoryRegressionTest" classname="TransactionRepositoryRegressionTest" file="C:\Users\prote\Documents\software-devel\ksf_bank_import\tests\unit\TransactionRepositoryRegressionTest.php" line="76" assertions="2" time="0.000705"/>
        <testcase name="test_findAll_returns_records" class="TransactionRepositoryRegressionTest" classname="TransactionRepositoryRegressionTest" file="C:\Users\prote\Documents\software-devel\ksf_bank_import\tests\unit\TransactionRepositoryRegressionTest.php" line="89" assertions="4" time="0.000694"/>
        <testcase name="test_findAll_returns_empty_array_when_no_records" class="TransactionRepositoryRegressionTest" classname="TransactionRepositoryRegressionTest" file="C:\Users\prote\Documents\software-devel\ksf_bank_import\tests\unit\TransactionRepositoryRegressionTest.php" line="111" assertions="3" time="0.001033"/>
        <testcase name="test_findAll_with_single_record" class="TransactionRepositoryRegressionTest" classname="TransactionRepositoryRegressionTest" file="C:\Users\prote\Documents\software-devel\ksf_bank_import\tests\unit\TransactionRepositoryRegressionTest.php" line="127" assertions="2" time="0.000694"/>
        <testcase name="test_findByStatus_returns_matching_records" class="TransactionRepositoryRegressionTest" classname="TransactionRepositoryRegressionTest" file="C:\Users\prote\Documents\software-devel\ksf_bank_import\tests\unit\TransactionRepositoryRegressionTest.php" line="144" assertions="4" time="0.001657"/>
        <testcase name="test_findByStatus_returns_empty_when_no_matches" class="TransactionRepositoryRegressionTest" classname="TransactionRepositoryRegressionTest" file="C:\Users\prote\Documents\software-devel\ksf_bank_import\tests\unit\TransactionRepositoryRegressionTest.php" line="164" assertions="2" time="0.000793"/>
        <testcase name="test_findByStatus_with_processed_status" class="TransactionRepositoryRegressionTest" classname="TransactionRepositoryRegressionTest" file="C:\Users\prote\Documents\software-devel\ksf_bank_import\tests\unit\TransactionRepositoryRegressionTest.php" line="178" assertions="2" time="0.000570"/>
        <testcase name="test_findByStatus_with_unprocessed_status" class="TransactionRepositoryRegressionTest" classname="TransactionRepositoryRegressionTest" file="C:\Users\prote\Documents\software-devel\ksf_bank_import\tests\unit\TransactionRepositoryRegressionTest.php" line="190" assertions="2" time="0.000542"/>
        <testcase name="test_findByStatus_with_empty_string" class="TransactionRepositoryRegressionTest" classname="TransactionRepositoryRegressionTest" file="C:\Users\prote\Documents\software-devel\ksf_bank_import\tests\unit\TransactionRepositoryRegressionTest.php" line="202" assertions="2" time="0.000535"/>
        <testcase name="test_save_with_complete_data" class="TransactionRepositoryRegressionTest" classname="TransactionRepositoryRegressionTest" file="C:\Users\prote\Documents\software-devel\ksf_bank_import\tests\unit\TransactionRepositoryRegressionTest.php" line="215" assertions="5" time="0.000956"/>
        <testcase name="test_save_returns_false_on_db_failure" class="TransactionRepositoryRegressionTest" classname="TransactionRepositoryRegressionTest" file="C:\Users\prote\Documents\software-devel\ksf_bank_import\tests\unit\TransactionRepositoryRegressionTest.php" line="241" assertions="1" time="0.000601"/>
        <testcase name="test_save_with_zero_amount" class="TransactionRepositoryRegressionTest" classname="TransactionRepositoryRegressionTest" file="C:\Users\prote\Documents\software-devel\ksf_bank_import\tests\unit\TransactionRepositoryRegressionTest.php" line="253" assertions="2" time="0.000983"/>
        <testcase name="test_save_with_negative_amount" class="TransactionRepositoryRegressionTest" classname="TransactionRepositoryRegressionTest" file="C:\Users\prote\Documents\software-devel\ksf_bank_import\tests\unit\TransactionRepositoryRegressionTest.php" line="270" assertions="2" time="0.000676"/>
        <testcase name="test_save_with_empty_memo" class="TransactionRepositoryRegressionTest" classname="TransactionRepositoryRegressionTest" file="C:\Users\prote\Documents\software-devel\ksf_bank_import\tests\unit\TransactionRepositoryRegressionTest.php" line="287" assertions="2" time="0.000576"/>
        <testcase name="test_update_with_single_field" class="TransactionRepositoryRegressionTest" classname="TransactionRepositoryRegressionTest" file="C:\Users\prote\Documents\software-devel\ksf_bank_import\tests\unit\TransactionRepositoryRegressionTest.php" line="305" assertions="4" time="0.000660"/>
        <testcase name="test_update_with_multiple_fields" class="TransactionRepositoryRegressionTest" classname="TransactionRepositoryRegressionTest" file="C:\Users\prote\Documents\software-devel\ksf_bank_import\tests\unit\TransactionRepositoryRegressionTest.php" line="327" assertions="5" time="0.000747"/>
        <testcase name="test_update_with_empty_data_array" class="TransactionRepositoryRegressionTest" classname="TransactionRepositoryRegressionTest" file="C:\Users\prote\Documents\software-devel\ksf_bank_import\tests\unit\TransactionRepositoryRegressionTest.php" line="354" assertions="2" time="0.000558"/>
        <testcase name="test_update_builds_correct_sql_string" class="TransactionRepositoryRegressionTest" classname="TransactionRepositoryRegressionTest" file="C:\Users\prote\Documents\software-devel\ksf_bank_import\tests\unit\TransactionRepositoryRegressionTest.php" line="372" assertions="4" time="0.000669"/>
        <testcase name="test_update_returns_true_on_success" class="TransactionRepositoryRegressionTest" classname="TransactionRepositoryRegressionTest" file="C:\Users\prote\Documents\software-devel\ksf_bank_import\tests\unit\TransactionRepositoryRegressionTest.php" line="396" assertions="1" time="0.000624"/>
        <testcase name="test_update_returns_false_on_failure" class="TransactionRepositoryRegressionTest" classname="TransactionRepositoryRegressionTest" file="C:\Users\prote\Documents\software-devel\ksf_bank_import\tests\unit\TransactionRepositoryRegressionTest.php" line="409" assertions="1" time="0.000602"/>
        <testcase name="test_update_parameter_order" class="TransactionRepositoryRegressionTest" classname="TransactionRepositoryRegressionTest" file="C:\Users\prote\Documents\software-devel\ksf_bank_import\tests\unit\TransactionRepositoryRegressionTest.php" line="422" assertions="4" time="0.000773"/>
        <testcase name="test_update_with_zero_id" class="TransactionRepositoryRegressionTest" classname="TransactionRepositoryRegressionTest" file="C:\Users\prote\Documents\software-devel\ksf_bank_import\tests\unit\TransactionRepositoryRegressionTest.php" line="445" assertions="2" time="0.000537"/>
        <testcase name="test_update_preserves_data_types" class="TransactionRepositoryRegressionTest" classname="TransactionRepositoryRegressionTest" file="C:\Users\prote\Documents\software-devel\ksf_bank_import\tests\unit\TransactionRepositoryRegressionTest.php" line="457" assertions="4" time="0.000634"/>
        <testcase name="test_findById_query_uses_parameterized_query" class="TransactionRepositoryRegressionTest" classname="TransactionRepositoryRegressionTest" file="C:\Users\prote\Documents\software-devel\ksf_bank_import\tests\unit\TransactionRepositoryRegressionTest.php" line="481" assertions="3" time="0.000651"/>
        <testcase name="test_findByStatus_query_uses_parameterized_query" class="TransactionRepositoryRegressionTest" classname="TransactionRepositoryRegressionTest" file="C:\Users\prote\Documents\software-devel\ksf_bank_import\tests\unit\TransactionRepositoryRegressionTest.php" line="497" assertions="3" time="0.000694"/>
        <testcase name="test_save_query_structure" class="TransactionRepositoryRegressionTest" classname="TransactionRepositoryRegressionTest" file="C:\Users\prote\Documents\software-devel\ksf_bank_import\tests\unit\TransactionRepositoryRegressionTest.php" line="513" assertions="3" time="0.000610"/>
        <testcase name="test_update_query_structure" class="TransactionRepositoryRegressionTest" classname="TransactionRepositoryRegressionTest" file="C:\Users\prote\Documents\software-devel\ksf_bank_import\tests\unit\TransactionRepositoryRegressionTest.php" line="527" assertions="4" time="0.000957"/>
      </testsuite>
      <testsuite name="Tests\Unit\TransactionRepositoryTest" file="C:\Users\prote\Documents\software-devel\ksf_bank_import\tests\unit\TransactionRepositoryTest.php" tests="4" assertions="4" errors="0" warnings="0" failures="0" skipped="0" time="0.002441">
        <testcase name="testFindByIdReturnsNullWhenNotFound" class="Tests\Unit\TransactionRepositoryTest" classname="Tests.Unit.TransactionRepositoryTest" file="C:\Users\prote\Documents\software-devel\ksf_bank_import\tests\unit\TransactionRepositoryTest.php" line="17" assertions="1" time="0.000609"/>
        <testcase name="testFindByStatusReturnsEmptyArrayWhenNoResults" class="Tests\Unit\TransactionRepositoryTest" classname="Tests.Unit.TransactionRepositoryTest" file="C:\Users\prote\Documents\software-devel\ksf_bank_import\tests\unit\TransactionRepositoryTest.php" line="23" assertions="1" time="0.000572"/>
        <testcase name="testUpdateReturnsTrueOnSuccess" class="Tests\Unit\TransactionRepositoryTest" classname="Tests.Unit.TransactionRepositoryTest" file="C:\Users\prote\Documents\software-devel\ksf_bank_import\tests\unit\TransactionRepositoryTest.php" line="29" assertions="1" time="0.000646"/>
        <testcase name="testSaveReturnsTrueOnSuccess" class="Tests\Unit\TransactionRepositoryTest" classname="Tests.Unit.TransactionRepositoryTest" file="C:\Users\prote\Documents\software-devel\ksf_bank_import\tests\unit\TransactionRepositoryTest.php" line="40" assertions="1" time="0.000614"/>
      </testsuite>
      <testsuite name="Tests\Unit\TransactionServiceTest" file="C:\Users\prote\Documents\software-devel\ksf_bank_import\tests\unit\TransactionServiceTest.php" tests="3" assertions="5" errors="0" warnings="0" failures="0" skipped="0" time="0.011117">
        <testcase name="testGetPendingTransactionsCallsRepository" class="Tests\Unit\TransactionServiceTest" classname="Tests.Unit.TransactionServiceTest" file="C:\Users\prote\Documents\software-devel\ksf_bank_import\tests\unit\TransactionServiceTest.php" line="23" assertions="2" time="0.005622"/>
        <testcase name="testProcessTransactionThrowsExceptionWhenNotFound" class="Tests\Unit\TransactionServiceTest" classname="Tests.Unit.TransactionServiceTest" file="C:\Users\prote\Documents\software-devel\ksf_bank_import\tests\unit\TransactionServiceTest.php" line="34" assertions="1" time="0.001571"/>
        <testcase name="testToggleTransactionTypeSuccessfully" class="Tests\Unit\TransactionServiceTest" classname="Tests.Unit.TransactionServiceTest" file="C:\Users\prote\Documents\software-devel\ksf_bank_import\tests\unit\TransactionServiceTest.php" line="43" assertions="2" time="0.003924"/>
      </testsuite>
      <testsuite name="Tests\Unit\TransactionTypeFactoryTest" file="C:\Users\prote\Documents\software-devel\ksf_bank_import\tests\unit\TransactionTypeFactoryTest.php" tests="4" assertions="7" errors="0" warnings="0" failures="0" skipped="0" time="0.443500">
        <testcase name="testCreatesCreditTransaction" class="Tests\Unit\TransactionTypeFactoryTest" classname="Tests.Unit.TransactionTypeFactoryTest" file="C:\Users\prote\Documents\software-devel\ksf_bank_import\tests\unit\TransactionTypeFactoryTest.php" line="27" assertions="2" time="0.284833"/>
        <testcase name="testCreatesDebitTransaction" class="Tests\Unit\TransactionTypeFactoryTest" classname="Tests.Unit.TransactionTypeFactoryTest" file="C:\Users\prote\Documents\software-devel\ksf_bank_import\tests\unit\TransactionTypeFactoryTest.php" line="34" assertions="2" time="0.038047"/>
        <testcase name="testCreatesBankTransferTransaction" class="Tests\Unit\TransactionTypeFactoryTest" classname="Tests.Unit.TransactionTypeFactoryTest" file="C:\Users\prote\Documents\software-devel\ksf_bank_import\tests\unit\TransactionTypeFactoryTest.php" line="41" assertions="2" time="0.119937"/>
        <testcase name="testThrowsExceptionForInvalidType" class="Tests\Unit\TransactionTypeFactoryTest" classname="Tests.Unit.TransactionTypeFactoryTest" file="C:\Users\prote\Documents\software-devel\ksf_bank_import\tests\unit\TransactionTypeFactoryTest.php" line="48" assertions="1" time="0.000683"/>
      </testsuite>
      <testsuite name="Tests\Unit\TransactionViewServiceTest" file="C:\Users\prote\Documents\software-devel\ksf_bank_import\tests\unit\TransactionViewServiceTest.php" tests="3" assertions="4" errors="0" warnings="0" failures="0" skipped="0" time="0.294211">
        <testcase name="testDisplayCallsRenderOnView" class="Tests\Unit\TransactionViewServiceTest" classname="Tests.Unit.TransactionViewServiceTest" file="C:\Users\prote\Documents\software-devel\ksf_bank_import\tests\unit\TransactionViewServiceTest.php" line="23" assertions="2" time="0.222557"/>
        <testcase name="testSetupActionButtonsForCreditTransaction" class="Tests\Unit\TransactionViewServiceTest" classname="Tests.Unit.TransactionViewServiceTest" file="C:\Users\prote\Documents\software-devel\ksf_bank_import\tests\unit\TransactionViewServiceTest.php" line="39" assertions="1" time="0.067233"/>
        <testcase name="testSetupActionButtonsForDebitTransaction" class="Tests\Unit\TransactionViewServiceTest" classname="Tests.Unit.TransactionViewServiceTest" file="C:\Users\prote\Documents\software-devel\ksf_bank_import\tests\unit\TransactionViewServiceTest.php" line="54" assertions="1" time="0.004422"/>
      </testsuite>
      <testsuite name="KsfBankImport\Tests\Unit\TransferDirectionAnalyzerTest" file="C:\Users\prote\Documents\software-devel\ksf_bank_import\tests\unit\TransferDirectionAnalyzerTest.php" tests="11" assertions="34" errors="0" warnings="0" failures="0" skipped="0" time="0.120137">
        <testcase name="testAnalyzeWithDebitTransaction" class="KsfBankImport\Tests\Unit\TransferDirectionAnalyzerTest" classname="KsfBankImport.Tests.Unit.TransferDirectionAnalyzerTest" file="C:\Users\prote\Documents\software-devel\ksf_bank_import\tests\unit\TransferDirectionAnalyzerTest.php" line="56" assertions="4" time="0.110337"/>
        <testcase name="testAnalyzeWithCreditTransaction" class="KsfBankImport\Tests\Unit\TransferDirectionAnalyzerTest" classname="KsfBankImport.Tests.Unit.TransferDirectionAnalyzerTest" file="C:\Users\prote\Documents\software-devel\ksf_bank_import\tests\unit\TransferDirectionAnalyzerTest.php" line="101" assertions="4" time="0.000815"/>
        <testcase name="testAmountIsAlwaysPositive" class="KsfBankImport\Tests\Unit\TransferDirectionAnalyzerTest" classname="KsfBankImport.Tests.Unit.TransferDirectionAnalyzerTest" file="C:\Users\prote\Documents\software-devel\ksf_bank_import\tests\unit\TransferDirectionAnalyzerTest.php" line="145" assertions="2" time="0.001074"/>
        <testcase name="testValidationThrowsExceptionForMissingDC" class="KsfBankImport\Tests\Unit\TransferDirectionAnalyzerTest" classname="KsfBankImport.Tests.Unit.TransferDirectionAnalyzerTest" file="C:\Users\prote\Documents\software-devel\ksf_bank_import\tests\unit\TransferDirectionAnalyzerTest.php" line="179" assertions="2" time="0.000792"/>
        <testcase name="testValidationThrowsExceptionForMissingAmount" class="KsfBankImport\Tests\Unit\TransferDirectionAnalyzerTest" classname="KsfBankImport.Tests.Unit.TransferDirectionAnalyzerTest" file="C:\Users\prote\Documents\software-devel\ksf_bank_import\tests\unit\TransferDirectionAnalyzerTest.php" line="207" assertions="2" time="0.002163"/>
        <testcase name="testValidationThrowsExceptionForInvalidTransaction2" class="KsfBankImport\Tests\Unit\TransferDirectionAnalyzerTest" classname="KsfBankImport.Tests.Unit.TransferDirectionAnalyzerTest" file="C:\Users\prote\Documents\software-devel\ksf_bank_import\tests\unit\TransferDirectionAnalyzerTest.php" line="235" assertions="1" time="0.000891"/>
        <testcase name="testValidationThrowsExceptionForMissingAccountId" class="KsfBankImport\Tests\Unit\TransferDirectionAnalyzerTest" classname="KsfBankImport.Tests.Unit.TransferDirectionAnalyzerTest" file="C:\Users\prote\Documents\software-devel\ksf_bank_import\tests\unit\TransferDirectionAnalyzerTest.php" line="262" assertions="2" time="0.000764"/>
        <testcase name="testMemoContainsBothTransactionTitles" class="KsfBankImport\Tests\Unit\TransferDirectionAnalyzerTest" classname="KsfBankImport.Tests.Unit.TransferDirectionAnalyzerTest" file="C:\Users\prote\Documents\software-devel\ksf_bank_import\tests\unit\TransferDirectionAnalyzerTest.php" line="289" assertions="3" time="0.000752"/>
        <testcase name="testResultContainsAllRequiredKeys" class="KsfBankImport\Tests\Unit\TransferDirectionAnalyzerTest" classname="KsfBankImport.Tests.Unit.TransferDirectionAnalyzerTest" file="C:\Users\prote\Documents\software-devel\ksf_bank_import\tests\unit\TransferDirectionAnalyzerTest.php" line="324" assertions="7" time="0.000941"/>
        <testcase name="testRealWorldManulifeScenario" class="KsfBankImport\Tests\Unit\TransferDirectionAnalyzerTest" classname="KsfBankImport.Tests.Unit.TransferDirectionAnalyzerTest" file="C:\Users\prote\Documents\software-devel\ksf_bank_import\tests\unit\TransferDirectionAnalyzerTest.php" line="354" assertions="4" time="0.000772"/>
        <testcase name="testCIBCInternalTransfer" class="KsfBankImport\Tests\Unit\TransferDirectionAnalyzerTest" classname="KsfBankImport.Tests.Unit.TransferDirectionAnalyzerTest" file="C:\Users\prote\Documents\software-devel\ksf_bank_import\tests\unit\TransferDirectionAnalyzerTest.php" line="398" assertions="3" time="0.000836"/>
      </testsuite>
      <testsuite name="Ksfraser\Tests\Unit\UrlBuilderTest" file="C:\Users\prote\Documents\software-devel\ksf_bank_import\tests\unit\UrlBuilderTest.php" tests="16" assertions="19" errors="0" warnings="0" failures="0" skipped="0" time="0.022811">
        <testcase name="testBasicUrlWithNoParameters" class="Ksfraser\Tests\Unit\UrlBuilderTest" classname="Ksfraser.Tests.Unit.UrlBuilderTest" file="C:\Users\prote\Documents\software-devel\ksf_bank_import\tests\unit\UrlBuilderTest.php" line="35" assertions="1" time="0.000606"/>
        <testcase name="testUrlWithLinkText" class="Ksfraser\Tests\Unit\UrlBuilderTest" classname="Ksfraser.Tests.Unit.UrlBuilderTest" file="C:\Users\prote\Documents\software-devel\ksf_bank_import\tests\unit\UrlBuilderTest.php" line="51" assertions="1" time="0.000667"/>
        <testcase name="testUrlWithSingleParameter" class="Ksfraser\Tests\Unit\UrlBuilderTest" classname="Ksfraser.Tests.Unit.UrlBuilderTest" file="C:\Users\prote\Documents\software-devel\ksf_bank_import\tests\unit\UrlBuilderTest.php" line="68" assertions="1" time="0.000589"/>
        <testcase name="testUrlWithMultipleParameters" class="Ksfraser\Tests\Unit\UrlBuilderTest" classname="Ksfraser.Tests.Unit.UrlBuilderTest" file="C:\Users\prote\Documents\software-devel\ksf_bank_import\tests\unit\UrlBuilderTest.php" line="85" assertions="1" time="0.003549"/>
        <testcase name="testUrlWithParametersNeedingEncoding" class="Ksfraser\Tests\Unit\UrlBuilderTest" classname="Ksfraser.Tests.Unit.UrlBuilderTest" file="C:\Users\prote\Documents\software-devel\ksf_bank_import\tests\unit\UrlBuilderTest.php" line="104" assertions="2" time="0.000973"/>
        <testcase name="testFluentInterfaceChaining" class="Ksfraser\Tests\Unit\UrlBuilderTest" classname="Ksfraser.Tests.Unit.UrlBuilderTest" file="C:\Users\prote\Documents\software-devel\ksf_bank_import\tests\unit\UrlBuilderTest.php" line="130" assertions="1" time="0.000814"/>
        <testcase name="testUrlWithCssClass" class="Ksfraser\Tests\Unit\UrlBuilderTest" classname="Ksfraser.Tests.Unit.UrlBuilderTest" file="C:\Users\prote\Documents\software-devel\ksf_bank_import\tests\unit\UrlBuilderTest.php" line="150" assertions="1" time="0.000689"/>
        <testcase name="testUrlWithTargetAttribute" class="Ksfraser\Tests\Unit\UrlBuilderTest" classname="Ksfraser.Tests.Unit.UrlBuilderTest" file="C:\Users\prote\Documents\software-devel\ksf_bank_import\tests\unit\UrlBuilderTest.php" line="167" assertions="1" time="0.000912"/>
        <testcase name="testUrlWithClassAndTarget" class="Ksfraser\Tests\Unit\UrlBuilderTest" classname="Ksfraser.Tests.Unit.UrlBuilderTest" file="C:\Users\prote\Documents\software-devel\ksf_bank_import\tests\unit\UrlBuilderTest.php" line="184" assertions="1" time="0.001455"/>
        <testcase name="testGetUrlReturnsOnlyUrlString" class="Ksfraser\Tests\Unit\UrlBuilderTest" classname="Ksfraser.Tests.Unit.UrlBuilderTest" file="C:\Users\prote\Documents\software-devel\ksf_bank_import\tests\unit\UrlBuilderTest.php" line="203" assertions="1" time="0.002202"/>
        <testcase name="testEmptyParameterValue" class="Ksfraser\Tests\Unit\UrlBuilderTest" classname="Ksfraser.Tests.Unit.UrlBuilderTest" file="C:\Users\prote\Documents\software-devel\ksf_bank_import\tests\unit\UrlBuilderTest.php" line="221" assertions="1" time="0.000649"/>
        <testcase name="testZeroAsParameterValue" class="Ksfraser\Tests\Unit\UrlBuilderTest" classname="Ksfraser.Tests.Unit.UrlBuilderTest" file="C:\Users\prote\Documents\software-devel\ksf_bank_import\tests\unit\UrlBuilderTest.php" line="238" assertions="1" time="0.000660"/>
        <testcase name="testNumericParameterValues" class="Ksfraser\Tests\Unit\UrlBuilderTest" classname="Ksfraser.Tests.Unit.UrlBuilderTest" file="C:\Users\prote\Documents\software-devel\ksf_bank_import\tests\unit\UrlBuilderTest.php" line="255" assertions="2" time="0.000792"/>
        <testcase name="testBooleanParameterValues" class="Ksfraser\Tests\Unit\UrlBuilderTest" classname="Ksfraser.Tests.Unit.UrlBuilderTest" file="C:\Users\prote\Documents\software-devel\ksf_bank_import\tests\unit\UrlBuilderTest.php" line="272" assertions="2" time="0.003059"/>
        <testcase name="testSpecialCharactersInLinkText" class="Ksfraser\Tests\Unit\UrlBuilderTest" classname="Ksfraser.Tests.Unit.UrlBuilderTest" file="C:\Users\prote\Documents\software-devel\ksf_bank_import\tests\unit\UrlBuilderTest.php" line="289" assertions="1" time="0.004505"/>
        <testcase name="testAddParamsBatchMethod" class="Ksfraser\Tests\Unit\UrlBuilderTest" classname="Ksfraser.Tests.Unit.UrlBuilderTest" file="C:\Users\prote\Documents\software-devel\ksf_bank_import\tests\unit\UrlBuilderTest.php" line="306" assertions="1" time="0.000690"/>
      </testsuite>
      <testsuite name="Tests\Unit\Validators\StatementValidatorTest" file="C:\Users\prote\Documents\software-devel\ksf_bank_import\tests\unit\Validators\StatementValidatorTest.php" tests="14" assertions="37" errors="0" warnings="0" failures="0" skipped="0" time="0.078014">
        <testcase name="testValidStatementPassesAllRules" class="Tests\Unit\Validators\StatementValidatorTest" classname="Tests.Unit.Validators.StatementValidatorTest" file="C:\Users\prote\Documents\software-devel\ksf_bank_import\tests\unit\Validators\StatementValidatorTest.php" line="36" assertions="3" time="0.062019"/>
        <testcase name="testInvalidDateRangeExceedsMaximum" class="Tests\Unit\Validators\StatementValidatorTest" classname="Tests.Unit.Validators.StatementValidatorTest" file="C:\Users\prote\Documents\software-devel\ksf_bank_import\tests\unit\Validators\StatementValidatorTest.php" line="50" assertions="4" time="0.001383"/>
        <testcase name="testMissingTransactionAmounts" class="Tests\Unit\Validators\StatementValidatorTest" classname="Tests.Unit.Validators.StatementValidatorTest" file="C:\Users\prote\Documents\software-devel\ksf_bank_import\tests\unit\Validators\StatementValidatorTest.php" line="69" assertions="2" time="0.001286"/>
        <testcase name="testInsufficientMerchantDetails" class="Tests\Unit\Validators\StatementValidatorTest" classname="Tests.Unit.Validators.StatementValidatorTest" file="C:\Users\prote\Documents\software-devel\ksf_bank_import\tests\unit\Validators\StatementValidatorTest.php" line="94" assertions="3" time="0.001242"/>
        <testcase name="testTransactionCountTooLow" class="Tests\Unit\Validators\StatementValidatorTest" classname="Tests.Unit.Validators.StatementValidatorTest" file="C:\Users\prote\Documents\software-devel\ksf_bank_import\tests\unit\Validators\StatementValidatorTest.php" line="121" assertions="2" time="0.001077"/>
        <testcase name="testTransactionCountTooHigh" class="Tests\Unit\Validators\StatementValidatorTest" classname="Tests.Unit.Validators.StatementValidatorTest" file="C:\Users\prote\Documents\software-devel\ksf_bank_import\tests\unit\Validators\StatementValidatorTest.php" line="147" assertions="2" time="0.001536"/>
        <testcase name="testMissingAccountReference" class="Tests\Unit\Validators\StatementValidatorTest" classname="Tests.Unit.Validators.StatementValidatorTest" file="C:\Users\prote\Documents\software-devel\ksf_bank_import\tests\unit\Validators\StatementValidatorTest.php" line="181" assertions="2" time="0.001129"/>
        <testcase name="testInvalidAccountReferenceFormat" class="Tests\Unit\Validators\StatementValidatorTest" classname="Tests.Unit.Validators.StatementValidatorTest" file="C:\Users\prote\Documents\software-devel\ksf_bank_import\tests\unit\Validators\StatementValidatorTest.php" line="206" assertions="2" time="0.001098"/>
        <testcase name="testInvalidCurrencyCode" class="Tests\Unit\Validators\StatementValidatorTest" classname="Tests.Unit.Validators.StatementValidatorTest" file="C:\Users\prote\Documents\software-devel\ksf_bank_import\tests\unit\Validators\StatementValidatorTest.php" line="231" assertions="2" time="0.000948"/>
        <testcase name="testDuplicateTransactionsDetected" class="Tests\Unit\Validators\StatementValidatorTest" classname="Tests.Unit.Validators.StatementValidatorTest" file="C:\Users\prote\Documents\software-devel\ksf_bank_import\tests\unit\Validators\StatementValidatorTest.php" line="256" assertions="3" time="0.000978"/>
        <testcase name="testMultipleViolationsCollected" class="Tests\Unit\Validators\StatementValidatorTest" classname="Tests.Unit.Validators.StatementValidatorTest" file="C:\Users\prote\Documents\software-devel\ksf_bank_import\tests\unit\Validators\StatementValidatorTest.php" line="283" assertions="3" time="0.001194"/>
        <testcase name="testValidStatementWithVariousCurrencies" class="Tests\Unit\Validators\StatementValidatorTest" classname="Tests.Unit.Validators.StatementValidatorTest" file="C:\Users\prote\Documents\software-devel\ksf_bank_import\tests\unit\Validators\StatementValidatorTest.php" line="307" assertions="5" time="0.002339"/>
        <testcase name="testFluentInterfaceConfiguration" class="Tests\Unit\Validators\StatementValidatorTest" classname="Tests.Unit.Validators.StatementValidatorTest" file="C:\Users\prote\Documents\software-devel\ksf_bank_import\tests\unit\Validators\StatementValidatorTest.php" line="334" assertions="1" time="0.000738"/>
        <testcase name="testValidationResultSummary" class="Tests\Unit\Validators\StatementValidatorTest" classname="Tests.Unit.Validators.StatementValidatorTest" file="C:\Users\prote\Documents\software-devel\ksf_bank_import\tests\unit\Validators\StatementValidatorTest.php" line="348" assertions="3" time="0.001047"/>
      </testsuite>
      <testsuite name="KsfBankImport\Tests\Unit\Views\BankTransferPartnerTypeViewFinalTest" file="C:\Users\prote\Documents\software-devel\ksf_bank_import\tests\unit\views\BankTransferPartnerTypeViewFinalTest.php" tests="7" assertions="2" errors="5" warnings="0" failures="0" skipped="0" time="0.008535">
        <testcase name="testConstructorAcceptsAllParameters" class="KsfBankImport\Tests\Unit\Views\BankTransferPartnerTypeViewFinalTest" classname="KsfBankImport.Tests.Unit.Views.BankTransferPartnerTypeViewFinalTest" file="C:\Users\prote\Documents\software-devel\ksf_bank_import\tests\unit\views\BankTransferPartnerTypeViewFinalTest.php" line="60" assertions="1" time="0.000739"/>
        <testcase name="testGetHtmlReturnsString" class="KsfBankImport\Tests\Unit\Views\BankTransferPartnerTypeViewFinalTest" classname="KsfBankImport.Tests.Unit.Views.BankTransferPartnerTypeViewFinalTest" file="C:\Users\prote\Documents\software-devel\ksf_bank_import\tests\unit\views\BankTransferPartnerTypeViewFinalTest.php" line="77" assertions="0" time="0.001210">
          <error type="Error">KsfBankImport\Tests\Unit\Views\BankTransferPartnerTypeViewFinalTest::testGetHtmlReturnsString
Error: Undefined constant "Ksfraser\ANY_NUMERIC"

C:\Users\prote\Documents\software-devel\ksf_bank_import\src\Ksfraser\PartnerFormData.php:109
C:\Users\prote\Documents\software-devel\ksf_bank_import\views\BankTransferPartnerTypeView.v2.php:96
C:\Users\prote\Documents\software-devel\ksf_bank_import\tests\unit\views\BankTransferPartnerTypeViewFinalTest.php:86</error>
        </testcase>
        <testcase name="testCreditTransactionShowsFromDirection" class="KsfBankImport\Tests\Unit\Views\BankTransferPartnerTypeViewFinalTest" classname="KsfBankImport.Tests.Unit.Views.BankTransferPartnerTypeViewFinalTest" file="C:\Users\prote\Documents\software-devel\ksf_bank_import\tests\unit\views\BankTransferPartnerTypeViewFinalTest.php" line="96" assertions="0" time="0.001007">
          <error type="Error">KsfBankImport\Tests\Unit\Views\BankTransferPartnerTypeViewFinalTest::testCreditTransactionShowsFromDirection
Error: Undefined constant "Ksfraser\ANY_NUMERIC"

C:\Users\prote\Documents\software-devel\ksf_bank_import\src\Ksfraser\PartnerFormData.php:109
C:\Users\prote\Documents\software-devel\ksf_bank_import\views\BankTransferPartnerTypeView.v2.php:96
C:\Users\prote\Documents\software-devel\ksf_bank_import\tests\unit\views\BankTransferPartnerTypeViewFinalTest.php:105</error>
        </testcase>
        <testcase name="testDebitTransactionShowsToDirection" class="KsfBankImport\Tests\Unit\Views\BankTransferPartnerTypeViewFinalTest" classname="KsfBankImport.Tests.Unit.Views.BankTransferPartnerTypeViewFinalTest" file="C:\Users\prote\Documents\software-devel\ksf_bank_import\tests\unit\views\BankTransferPartnerTypeViewFinalTest.php" line="118" assertions="0" time="0.000865">
          <error type="Error">KsfBankImport\Tests\Unit\Views\BankTransferPartnerTypeViewFinalTest::testDebitTransactionShowsToDirection
Error: Undefined constant "Ksfraser\ANY_NUMERIC"

C:\Users\prote\Documents\software-devel\ksf_bank_import\src\Ksfraser\PartnerFormData.php:109
C:\Users\prote\Documents\software-devel\ksf_bank_import\views\BankTransferPartnerTypeView.v2.php:96
C:\Users\prote\Documents\software-devel\ksf_bank_import\tests\unit\views\BankTransferPartnerTypeViewFinalTest.php:127</error>
        </testcase>
        <testcase name="testUsesDataProviderForBankAccountData" class="KsfBankImport\Tests\Unit\Views\BankTransferPartnerTypeViewFinalTest" classname="KsfBankImport.Tests.Unit.Views.BankTransferPartnerTypeViewFinalTest" file="C:\Users\prote\Documents\software-devel\ksf_bank_import\tests\unit\views\BankTransferPartnerTypeViewFinalTest.php" line="140" assertions="0" time="0.001373">
          <error type="Error">KsfBankImport\Tests\Unit\Views\BankTransferPartnerTypeViewFinalTest::testUsesDataProviderForBankAccountData
Error: Undefined constant "Ksfraser\ANY_NUMERIC"

C:\Users\prote\Documents\software-devel\ksf_bank_import\src\Ksfraser\PartnerFormData.php:109
C:\Users\prote\Documents\software-devel\ksf_bank_import\views\BankTransferPartnerTypeView.v2.php:96
C:\Users\prote\Documents\software-devel\ksf_bank_import\tests\unit\views\BankTransferPartnerTypeViewFinalTest.php:158</error>
        </testcase>
        <testcase name="testDisplayMethodOutputsHtml" class="KsfBankImport\Tests\Unit\Views\BankTransferPartnerTypeViewFinalTest" classname="KsfBankImport.Tests.Unit.Views.BankTransferPartnerTypeViewFinalTest" file="C:\Users\prote\Documents\software-devel\ksf_bank_import\tests\unit\views\BankTransferPartnerTypeViewFinalTest.php" line="168" assertions="0" time="0.002632">
          <error type="Error">KsfBankImport\Tests\Unit\Views\BankTransferPartnerTypeViewFinalTest::testDisplayMethodOutputsHtml
Error: Undefined constant "Ksfraser\ANY_NUMERIC"

C:\Users\prote\Documents\software-devel\ksf_bank_import\src\Ksfraser\PartnerFormData.php:109
C:\Users\prote\Documents\software-devel\ksf_bank_import\views\BankTransferPartnerTypeView.v2.php:96
C:\Users\prote\Documents\software-devel\ksf_bank_import\views\BankTransferPartnerTypeView.v2.php:160
C:\Users\prote\Documents\software-devel\ksf_bank_import\tests\unit\views\BankTransferPartnerTypeViewFinalTest.php:178</error>
        </testcase>
        <testcase name="testConstructorWithAllOptionalParameters" class="KsfBankImport\Tests\Unit\Views\BankTransferPartnerTypeViewFinalTest" classname="KsfBankImport.Tests.Unit.Views.BankTransferPartnerTypeViewFinalTest" file="C:\Users\prote\Documents\software-devel\ksf_bank_import\tests\unit\views\BankTransferPartnerTypeViewFinalTest.php" line="189" assertions="1" time="0.000708"/>
      </testsuite>
      <testsuite name="Tests\Unit\Views\CommentSubmitViewTest" file="C:\Users\prote\Documents\software-devel\ksf_bank_import\tests\unit\views\CommentSubmitViewTest.php" tests="10" assertions="21" errors="0" warnings="1" failures="0" skipped="0" time="0.018439">
        <testcase name="testRenderReturnsHtmlFragment" class="Tests\Unit\Views\CommentSubmitViewTest" classname="Tests.Unit.Views.CommentSubmitViewTest" file="C:\Users\prote\Documents\software-devel\ksf_bank_import\tests\unit\views\CommentSubmitViewTest.php" line="22" assertions="1" time="0.001184"/>
        <testcase name="testDisplayOutputsHtml" class="Tests\Unit\Views\CommentSubmitViewTest" classname="Tests.Unit.Views.CommentSubmitViewTest" file="C:\Users\prote\Documents\software-devel\ksf_bank_import\tests\unit\views\CommentSubmitViewTest.php" line="41" assertions="2" time="0.001636"/>
        <testcase name="testCommentRowContainsInput" class="Tests\Unit\Views\CommentSubmitViewTest" classname="Tests.Unit.Views.CommentSubmitViewTest" file="C:\Users\prote\Documents\software-devel\ksf_bank_import\tests\unit\views\CommentSubmitViewTest.php" line="64" assertions="3" time="0.001678"/>
        <testcase name="testSubmitButtonRowRendered" class="Tests\Unit\Views\CommentSubmitViewTest" classname="Tests.Unit.Views.CommentSubmitViewTest" file="C:\Users\prote\Documents\software-devel\ksf_bank_import\tests\unit\views\CommentSubmitViewTest.php" line="86" assertions="3" time="0.003550"/>
        <testcase name="testEmptyCommentValue" class="Tests\Unit\Views\CommentSubmitViewTest" classname="Tests.Unit.Views.CommentSubmitViewTest" file="C:\Users\prote\Documents\software-devel\ksf_bank_import\tests\unit\views\CommentSubmitViewTest.php" line="108" assertions="2" time="0.001738"/>
        <testcase name="testHtmlEscapingInComment" class="Tests\Unit\Views\CommentSubmitViewTest" classname="Tests.Unit.Views.CommentSubmitViewTest" file="C:\Users\prote\Documents\software-devel\ksf_bank_import\tests\unit\views\CommentSubmitViewTest.php" line="129" assertions="2" time="0.001684"/>
        <testcase name="testCommentInputAttributes" class="Tests\Unit\Views\CommentSubmitViewTest" classname="Tests.Unit.Views.CommentSubmitViewTest" file="C:\Users\prote\Documents\software-devel\ksf_bank_import\tests\unit\views\CommentSubmitViewTest.php" line="150" assertions="3" time="0.001882">
          <warning type="PHPUnit\Framework\Warning">Tests\Unit\Views\CommentSubmitViewTest::testCommentInputAttributes
assertRegExp() is deprecated and will be removed in PHPUnit 10. Refactor your code to use assertMatchesRegularExpression() instead.</warning>
        </testcase>
        <testcase name="testSubmitButtonHasDefaultClass" class="Tests\Unit\Views\CommentSubmitViewTest" classname="Tests.Unit.Views.CommentSubmitViewTest" file="C:\Users\prote\Documents\software-devel\ksf_bank_import\tests\unit\views\CommentSubmitViewTest.php" line="176" assertions="1" time="0.001656"/>
        <testcase name="testLocalizedLabels" class="Tests\Unit\Views\CommentSubmitViewTest" classname="Tests.Unit.Views.CommentSubmitViewTest" file="C:\Users\prote\Documents\software-devel\ksf_bank_import\tests\unit\views\CommentSubmitViewTest.php" line="196" assertions="2" time="0.001608"/>
        <testcase name="testComposability" class="Tests\Unit\Views\CommentSubmitViewTest" classname="Tests.Unit.Views.CommentSubmitViewTest" file="C:\Users\prote\Documents\software-devel\ksf_bank_import\tests\unit\views\CommentSubmitViewTest.php" line="216" assertions="2" time="0.001824"/>
      </testsuite>
      <testsuite name="CustomerPartnerTypeViewV2Test" file="C:\Users\prote\Documents\software-devel\ksf_bank_import\tests\unit\views\CustomerPartnerTypeViewV2Test.php" tests="8" assertions="1" errors="7" warnings="0" failures="0" skipped="0" time="0.008589">
        <testcase name="testConstructorAcceptsAllParameters" class="CustomerPartnerTypeViewV2Test" classname="CustomerPartnerTypeViewV2Test" file="C:\Users\prote\Documents\software-devel\ksf_bank_import\tests\unit\views\CustomerPartnerTypeViewV2Test.php" line="84" assertions="1" time="0.000734"/>
        <testcase name="testGetHtmlReturnsRenderableOutput" class="CustomerPartnerTypeViewV2Test" classname="CustomerPartnerTypeViewV2Test" file="C:\Users\prote\Documents\software-devel\ksf_bank_import\tests\unit\views\CustomerPartnerTypeViewV2Test.php" line="103" assertions="0" time="0.001201">
          <error type="Error">CustomerPartnerTypeViewV2Test::testGetHtmlReturnsRenderableOutput
Error: Object of class ArrayIterator could not be converted to string

C:\Users\prote\Documents\software-devel\ksf_bank_import\vendor\ksfraser\famock\php\FaDbStubs.php:89
C:\Users\prote\Documents\software-devel\ksf_bank_import\views\DataProviders\CustomerDataProvider.php:380
C:\Users\prote\Documents\software-devel\ksf_bank_import\views\DataProviders\CustomerDataProvider.php:189
C:\Users\prote\Documents\software-devel\ksf_bank_import\views\CustomerPartnerTypeView.v2.php:164
C:\Users\prote\Documents\software-devel\ksf_bank_import\views\CustomerPartnerTypeView.v2.php:118
C:\Users\prote\Documents\software-devel\ksf_bank_import\tests\unit\views\CustomerPartnerTypeViewV2Test.php:114</error>
        </testcase>
        <testcase name="testHtmlContainsCustomerBranchLabel" class="CustomerPartnerTypeViewV2Test" classname="CustomerPartnerTypeViewV2Test" file="C:\Users\prote\Documents\software-devel\ksf_bank_import\tests\unit\views\CustomerPartnerTypeViewV2Test.php" line="127" assertions="0" time="0.001074">
          <error type="Error">CustomerPartnerTypeViewV2Test::testHtmlContainsCustomerBranchLabel
Error: Object of class ArrayIterator could not be converted to string

C:\Users\prote\Documents\software-devel\ksf_bank_import\vendor\ksfraser\famock\php\FaDbStubs.php:89
C:\Users\prote\Documents\software-devel\ksf_bank_import\views\DataProviders\CustomerDataProvider.php:380
C:\Users\prote\Documents\software-devel\ksf_bank_import\views\DataProviders\CustomerDataProvider.php:189
C:\Users\prote\Documents\software-devel\ksf_bank_import\views\CustomerPartnerTypeView.v2.php:164
C:\Users\prote\Documents\software-devel\ksf_bank_import\views\CustomerPartnerTypeView.v2.php:118
C:\Users\prote\Documents\software-devel\ksf_bank_import\tests\unit\views\CustomerPartnerTypeViewV2Test.php:138</error>
        </testcase>
        <testcase name="testHtmlContainsHiddenFields" class="CustomerPartnerTypeViewV2Test" classname="CustomerPartnerTypeViewV2Test" file="C:\Users\prote\Documents\software-devel\ksf_bank_import\tests\unit\views\CustomerPartnerTypeViewV2Test.php" line="155" assertions="0" time="0.001120">
          <error type="Error">CustomerPartnerTypeViewV2Test::testHtmlContainsHiddenFields
Error: Object of class ArrayIterator could not be converted to string

C:\Users\prote\Documents\software-devel\ksf_bank_import\vendor\ksfraser\famock\php\FaDbStubs.php:89
C:\Users\prote\Documents\software-devel\ksf_bank_import\views\DataProviders\CustomerDataProvider.php:380
C:\Users\prote\Documents\software-devel\ksf_bank_import\views\DataProviders\CustomerDataProvider.php:189
C:\Users\prote\Documents\software-devel\ksf_bank_import\views\CustomerPartnerTypeView.v2.php:164
C:\Users\prote\Documents\software-devel\ksf_bank_import\views\CustomerPartnerTypeView.v2.php:118
C:\Users\prote\Documents\software-devel\ksf_bank_import\tests\unit\views\CustomerPartnerTypeViewV2Test.php:166</error>
        </testcase>
        <testcase name="testUsesDataProviderForBranchChecking" class="CustomerPartnerTypeViewV2Test" classname="CustomerPartnerTypeViewV2Test" file="C:\Users\prote\Documents\software-devel\ksf_bank_import\tests\unit\views\CustomerPartnerTypeViewV2Test.php" line="184" assertions="0" time="0.001115">
          <error type="Error">CustomerPartnerTypeViewV2Test::testUsesDataProviderForBranchChecking
Error: Object of class ArrayIterator could not be converted to string

C:\Users\prote\Documents\software-devel\ksf_bank_import\vendor\ksfraser\famock\php\FaDbStubs.php:89
C:\Users\prote\Documents\software-devel\ksf_bank_import\views\DataProviders\CustomerDataProvider.php:380
C:\Users\prote\Documents\software-devel\ksf_bank_import\views\DataProviders\CustomerDataProvider.php:189
C:\Users\prote\Documents\software-devel\ksf_bank_import\views\CustomerPartnerTypeView.v2.php:164
C:\Users\prote\Documents\software-devel\ksf_bank_import\views\CustomerPartnerTypeView.v2.php:118
C:\Users\prote\Documents\software-devel\ksf_bank_import\tests\unit\views\CustomerPartnerTypeViewV2Test.php:199</error>
        </testcase>
        <testcase name="testDisplayMethodOutputsHtml" class="CustomerPartnerTypeViewV2Test" classname="CustomerPartnerTypeViewV2Test" file="C:\Users\prote\Documents\software-devel\ksf_bank_import\tests\unit\views\CustomerPartnerTypeViewV2Test.php" line="210" assertions="0" time="0.001142">
          <error type="Error">CustomerPartnerTypeViewV2Test::testDisplayMethodOutputsHtml
Error: Object of class ArrayIterator could not be converted to string

C:\Users\prote\Documents\software-devel\ksf_bank_import\vendor\ksfraser\famock\php\FaDbStubs.php:89
C:\Users\prote\Documents\software-devel\ksf_bank_import\views\DataProviders\CustomerDataProvider.php:380
C:\Users\prote\Documents\software-devel\ksf_bank_import\views\DataProviders\CustomerDataProvider.php:189
C:\Users\prote\Documents\software-devel\ksf_bank_import\views\CustomerPartnerTypeView.v2.php:164
C:\Users\prote\Documents\software-devel\ksf_bank_import\views\CustomerPartnerTypeView.v2.php:118
C:\Users\prote\Documents\software-devel\ksf_bank_import\views\CustomerPartnerTypeView.v2.php:280
C:\Users\prote\Documents\software-devel\ksf_bank_import\tests\unit\views\CustomerPartnerTypeViewV2Test.php:222</error>
        </testcase>
        <testcase name="testInvoiceAllocationIsOptional" class="CustomerPartnerTypeViewV2Test" classname="CustomerPartnerTypeViewV2Test" file="C:\Users\prote\Documents\software-devel\ksf_bank_import\tests\unit\views\CustomerPartnerTypeViewV2Test.php" line="238" assertions="0" time="0.001085">
          <error type="Error">CustomerPartnerTypeViewV2Test::testInvoiceAllocationIsOptional
Error: Object of class ArrayIterator could not be converted to string

C:\Users\prote\Documents\software-devel\ksf_bank_import\vendor\ksfraser\famock\php\FaDbStubs.php:89
C:\Users\prote\Documents\software-devel\ksf_bank_import\views\DataProviders\CustomerDataProvider.php:380
C:\Users\prote\Documents\software-devel\ksf_bank_import\views\DataProviders\CustomerDataProvider.php:189
C:\Users\prote\Documents\software-devel\ksf_bank_import\views\CustomerPartnerTypeView.v2.php:164
C:\Users\prote\Documents\software-devel\ksf_bank_import\views\CustomerPartnerTypeView.v2.php:118
C:\Users\prote\Documents\software-devel\ksf_bank_import\tests\unit\views\CustomerPartnerTypeViewV2Test.php:250</error>
        </testcase>
        <testcase name="testHtmlStructureIsWellFormed" class="CustomerPartnerTypeViewV2Test" classname="CustomerPartnerTypeViewV2Test" file="C:\Users\prote\Documents\software-devel\ksf_bank_import\tests\unit\views\CustomerPartnerTypeViewV2Test.php" line="263" assertions="0" time="0.001117">
          <error type="Error">CustomerPartnerTypeViewV2Test::testHtmlStructureIsWellFormed
Error: Object of class ArrayIterator could not be converted to string

C:\Users\prote\Documents\software-devel\ksf_bank_import\vendor\ksfraser\famock\php\FaDbStubs.php:89
C:\Users\prote\Documents\software-devel\ksf_bank_import\views\DataProviders\CustomerDataProvider.php:380
C:\Users\prote\Documents\software-devel\ksf_bank_import\views\DataProviders\CustomerDataProvider.php:189
C:\Users\prote\Documents\software-devel\ksf_bank_import\views\CustomerPartnerTypeView.v2.php:164
C:\Users\prote\Documents\software-devel\ksf_bank_import\views\CustomerPartnerTypeView.v2.php:118
C:\Users\prote\Documents\software-devel\ksf_bank_import\tests\unit\views\CustomerPartnerTypeViewV2Test.php:274</error>
        </testcase>
      </testsuite>
      <testsuite name="CustomerDataProviderTest" file="C:\Users\prote\Documents\software-devel\ksf_bank_import\tests\unit\views\DataProviders\CustomerDataProviderTest.php" tests="21" assertions="2" errors="19" warnings="0" failures="0" skipped="0" time="0.022549">
        <testcase name="testGetInstanceReturnsSameInstance" class="CustomerDataProviderTest" classname="CustomerDataProviderTest" file="C:\Users\prote\Documents\software-devel\ksf_bank_import\tests\unit\views\DataProviders\CustomerDataProviderTest.php" line="66" assertions="1" time="0.000702"/>
        <testcase name="testResetCreatesNewInstance" class="CustomerDataProviderTest" classname="CustomerDataProviderTest" file="C:\Users\prote\Documents\software-devel\ksf_bank_import\tests\unit\views\DataProviders\CustomerDataProviderTest.php" line="81" assertions="1" time="0.000674"/>
        <testcase name="testGetCustomersReturnsArray" class="CustomerDataProviderTest" classname="CustomerDataProviderTest" file="C:\Users\prote\Documents\software-devel\ksf_bank_import\tests\unit\views\DataProviders\CustomerDataProviderTest.php" line="96" assertions="0" time="0.000755">
          <error type="Error">CustomerDataProviderTest::testGetCustomersReturnsArray
Error: Object of class ArrayIterator could not be converted to string

C:\Users\prote\Documents\software-devel\ksf_bank_import\vendor\ksfraser\famock\php\FaDbStubs.php:89
C:\Users\prote\Documents\software-devel\ksf_bank_import\views\DataProviders\CustomerDataProvider.php:380
C:\Users\prote\Documents\software-devel\ksf_bank_import\views\DataProviders\CustomerDataProvider.php:189
C:\Users\prote\Documents\software-devel\ksf_bank_import\tests\unit\views\DataProviders\CustomerDataProviderTest.php:99</error>
        </testcase>
        <testcase name="testGetCustomersHasCorrectStructure" class="CustomerDataProviderTest" classname="CustomerDataProviderTest" file="C:\Users\prote\Documents\software-devel\ksf_bank_import\tests\unit\views\DataProviders\CustomerDataProviderTest.php" line="112" assertions="0" time="0.000789">
          <error type="Error">CustomerDataProviderTest::testGetCustomersHasCorrectStructure
Error: Object of class ArrayIterator could not be converted to string

C:\Users\prote\Documents\software-devel\ksf_bank_import\vendor\ksfraser\famock\php\FaDbStubs.php:89
C:\Users\prote\Documents\software-devel\ksf_bank_import\views\DataProviders\CustomerDataProvider.php:380
C:\Users\prote\Documents\software-devel\ksf_bank_import\views\DataProviders\CustomerDataProvider.php:189
C:\Users\prote\Documents\software-devel\ksf_bank_import\tests\unit\views\DataProviders\CustomerDataProviderTest.php:115</error>
        </testcase>
        <testcase name="testGetCustomerReturnsCorrectCustomer" class="CustomerDataProviderTest" classname="CustomerDataProviderTest" file="C:\Users\prote\Documents\software-devel\ksf_bank_import\tests\unit\views\DataProviders\CustomerDataProviderTest.php" line="134" assertions="0" time="0.000934">
          <error type="Error">CustomerDataProviderTest::testGetCustomerReturnsCorrectCustomer
Error: Object of class ArrayIterator could not be converted to string

C:\Users\prote\Documents\software-devel\ksf_bank_import\vendor\ksfraser\famock\php\FaDbStubs.php:89
C:\Users\prote\Documents\software-devel\ksf_bank_import\views\DataProviders\CustomerDataProvider.php:380
C:\Users\prote\Documents\software-devel\ksf_bank_import\views\DataProviders\CustomerDataProvider.php:189
C:\Users\prote\Documents\software-devel\ksf_bank_import\tests\unit\views\DataProviders\CustomerDataProviderTest.php:137</error>
        </testcase>
        <testcase name="testGetCustomerWithNonExistentIdReturnsNull" class="CustomerDataProviderTest" classname="CustomerDataProviderTest" file="C:\Users\prote\Documents\software-devel\ksf_bank_import\tests\unit\views\DataProviders\CustomerDataProviderTest.php" line="157" assertions="0" time="0.000802">
          <error type="Error">CustomerDataProviderTest::testGetCustomerWithNonExistentIdReturnsNull
Error: Object of class ArrayIterator could not be converted to string

C:\Users\prote\Documents\software-devel\ksf_bank_import\vendor\ksfraser\famock\php\FaDbStubs.php:89
C:\Users\prote\Documents\software-devel\ksf_bank_import\views\DataProviders\CustomerDataProvider.php:380
C:\Users\prote\Documents\software-devel\ksf_bank_import\views\DataProviders\CustomerDataProvider.php:206
C:\Users\prote\Documents\software-devel\ksf_bank_import\tests\unit\views\DataProviders\CustomerDataProviderTest.php:160</error>
        </testcase>
        <testcase name="testGetPartnersReturnsCustomers" class="CustomerDataProviderTest" classname="CustomerDataProviderTest" file="C:\Users\prote\Documents\software-devel\ksf_bank_import\tests\unit\views\DataProviders\CustomerDataProviderTest.php" line="171" assertions="0" time="0.001847">
          <error type="Error">CustomerDataProviderTest::testGetPartnersReturnsCustomers
Error: Object of class ArrayIterator could not be converted to string

C:\Users\prote\Documents\software-devel\ksf_bank_import\vendor\ksfraser\famock\php\FaDbStubs.php:89
C:\Users\prote\Documents\software-devel\ksf_bank_import\views\DataProviders\CustomerDataProvider.php:380
C:\Users\prote\Documents\software-devel\ksf_bank_import\views\DataProviders\CustomerDataProvider.php:189
C:\Users\prote\Documents\software-devel\ksf_bank_import\views\DataProviders\CustomerDataProvider.php:176
C:\Users\prote\Documents\software-devel\ksf_bank_import\tests\unit\views\DataProviders\CustomerDataProviderTest.php:174</error>
        </testcase>
        <testcase name="testGetPartnerLabelReturnsCustomerName" class="CustomerDataProviderTest" classname="CustomerDataProviderTest" file="C:\Users\prote\Documents\software-devel\ksf_bank_import\tests\unit\views\DataProviders\CustomerDataProviderTest.php" line="186" assertions="0" time="0.000784">
          <error type="Error">CustomerDataProviderTest::testGetPartnerLabelReturnsCustomerName
Error: Object of class ArrayIterator could not be converted to string

C:\Users\prote\Documents\software-devel\ksf_bank_import\vendor\ksfraser\famock\php\FaDbStubs.php:89
C:\Users\prote\Documents\software-devel\ksf_bank_import\views\DataProviders\CustomerDataProvider.php:380
C:\Users\prote\Documents\software-devel\ksf_bank_import\views\DataProviders\CustomerDataProvider.php:189
C:\Users\prote\Documents\software-devel\ksf_bank_import\tests\unit\views\DataProviders\CustomerDataProviderTest.php:189</error>
        </testcase>
        <testcase name="testGetPartnerLabelWithNonExistentIdReturnsNull" class="CustomerDataProviderTest" classname="CustomerDataProviderTest" file="C:\Users\prote\Documents\software-devel\ksf_bank_import\tests\unit\views\DataProviders\CustomerDataProviderTest.php" line="211" assertions="0" time="0.001672">
          <error type="Error">CustomerDataProviderTest::testGetPartnerLabelWithNonExistentIdReturnsNull
Error: Object of class ArrayIterator could not be converted to string

C:\Users\prote\Documents\software-devel\ksf_bank_import\vendor\ksfraser\famock\php\FaDbStubs.php:89
C:\Users\prote\Documents\software-devel\ksf_bank_import\views\DataProviders\CustomerDataProvider.php:380
C:\Users\prote\Documents\software-devel\ksf_bank_import\views\DataProviders\CustomerDataProvider.php:206
C:\Users\prote\Documents\software-devel\ksf_bank_import\views\DataProviders\CustomerDataProvider.php:309
C:\Users\prote\Documents\software-devel\ksf_bank_import\views\DataProviders\CustomerDataProvider.php:295
C:\Users\prote\Documents\software-devel\ksf_bank_import\tests\unit\views\DataProviders\CustomerDataProviderTest.php:214</error>
        </testcase>
        <testcase name="testHasPartnerReturnsTrueForExistingCustomer" class="CustomerDataProviderTest" classname="CustomerDataProviderTest" file="C:\Users\prote\Documents\software-devel\ksf_bank_import\tests\unit\views\DataProviders\CustomerDataProviderTest.php" line="225" assertions="0" time="0.000788">
          <error type="Error">CustomerDataProviderTest::testHasPartnerReturnsTrueForExistingCustomer
Error: Object of class ArrayIterator could not be converted to string

C:\Users\prote\Documents\software-devel\ksf_bank_import\vendor\ksfraser\famock\php\FaDbStubs.php:89
C:\Users\prote\Documents\software-devel\ksf_bank_import\views\DataProviders\CustomerDataProvider.php:380
C:\Users\prote\Documents\software-devel\ksf_bank_import\views\DataProviders\CustomerDataProvider.php:189
C:\Users\prote\Documents\software-devel\ksf_bank_import\tests\unit\views\DataProviders\CustomerDataProviderTest.php:228</error>
        </testcase>
        <testcase name="testHasPartnerReturnsFalseForNonExistentCustomer" class="CustomerDataProviderTest" classname="CustomerDataProviderTest" file="C:\Users\prote\Documents\software-devel\ksf_bank_import\tests\unit\views\DataProviders\CustomerDataProviderTest.php" line="247" assertions="0" time="0.000957">
          <error type="Error">CustomerDataProviderTest::testHasPartnerReturnsFalseForNonExistentCustomer
Error: Object of class ArrayIterator could not be converted to string

C:\Users\prote\Documents\software-devel\ksf_bank_import\vendor\ksfraser\famock\php\FaDbStubs.php:89
C:\Users\prote\Documents\software-devel\ksf_bank_import\views\DataProviders\CustomerDataProvider.php:380
C:\Users\prote\Documents\software-devel\ksf_bank_import\views\DataProviders\CustomerDataProvider.php:339
C:\Users\prote\Documents\software-devel\ksf_bank_import\views\DataProviders\CustomerDataProvider.php:324
C:\Users\prote\Documents\software-devel\ksf_bank_import\tests\unit\views\DataProviders\CustomerDataProviderTest.php:250</error>
        </testcase>
        <testcase name="testGetCountReturnsCorrectCount" class="CustomerDataProviderTest" classname="CustomerDataProviderTest" file="C:\Users\prote\Documents\software-devel\ksf_bank_import\tests\unit\views\DataProviders\CustomerDataProviderTest.php" line="261" assertions="0" time="0.000781">
          <error type="Error">CustomerDataProviderTest::testGetCountReturnsCorrectCount
Error: Object of class ArrayIterator could not be converted to string

C:\Users\prote\Documents\software-devel\ksf_bank_import\vendor\ksfraser\famock\php\FaDbStubs.php:89
C:\Users\prote\Documents\software-devel\ksf_bank_import\views\DataProviders\CustomerDataProvider.php:380
C:\Users\prote\Documents\software-devel\ksf_bank_import\views\DataProviders\CustomerDataProvider.php:189
C:\Users\prote\Documents\software-devel\ksf_bank_import\tests\unit\views\DataProviders\CustomerDataProviderTest.php:264</error>
        </testcase>
        <testcase name="testGetBranchesReturnsArray" class="CustomerDataProviderTest" classname="CustomerDataProviderTest" file="C:\Users\prote\Documents\software-devel\ksf_bank_import\tests\unit\views\DataProviders\CustomerDataProviderTest.php" line="276" assertions="0" time="0.001211">
          <error type="Error">CustomerDataProviderTest::testGetBranchesReturnsArray
Error: Object of class ArrayIterator could not be converted to string

C:\Users\prote\Documents\software-devel\ksf_bank_import\vendor\ksfraser\famock\php\FaDbStubs.php:89
C:\Users\prote\Documents\software-devel\ksf_bank_import\views\DataProviders\CustomerDataProvider.php:380
C:\Users\prote\Documents\software-devel\ksf_bank_import\views\DataProviders\CustomerDataProvider.php:189
C:\Users\prote\Documents\software-devel\ksf_bank_import\tests\unit\views\DataProviders\CustomerDataProviderTest.php:279</error>
        </testcase>
        <testcase name="testGetBranchesReturnsEmptyArrayForCustomerWithNoBranches" class="CustomerDataProviderTest" classname="CustomerDataProviderTest" file="C:\Users\prote\Documents\software-devel\ksf_bank_import\tests\unit\views\DataProviders\CustomerDataProviderTest.php" line="298" assertions="0" time="0.001125">
          <error type="Error">CustomerDataProviderTest::testGetBranchesReturnsEmptyArrayForCustomerWithNoBranches
Error: Object of class ArrayIterator could not be converted to string

C:\Users\prote\Documents\software-devel\ksf_bank_import\vendor\ksfraser\famock\php\FaDbStubs.php:89
C:\Users\prote\Documents\software-devel\ksf_bank_import\views\DataProviders\CustomerDataProvider.php:380
C:\Users\prote\Documents\software-devel\ksf_bank_import\views\DataProviders\CustomerDataProvider.php:223
C:\Users\prote\Documents\software-devel\ksf_bank_import\tests\unit\views\DataProviders\CustomerDataProviderTest.php:301</error>
        </testcase>
        <testcase name="testHasBranchesReturnsBoolean" class="CustomerDataProviderTest" classname="CustomerDataProviderTest" file="C:\Users\prote\Documents\software-devel\ksf_bank_import\tests\unit\views\DataProviders\CustomerDataProviderTest.php" line="313" assertions="0" time="0.000838">
          <error type="Error">CustomerDataProviderTest::testHasBranchesReturnsBoolean
Error: Object of class ArrayIterator could not be converted to string

C:\Users\prote\Documents\software-devel\ksf_bank_import\vendor\ksfraser\famock\php\FaDbStubs.php:89
C:\Users\prote\Documents\software-devel\ksf_bank_import\views\DataProviders\CustomerDataProvider.php:380
C:\Users\prote\Documents\software-devel\ksf_bank_import\views\DataProviders\CustomerDataProvider.php:277
C:\Users\prote\Documents\software-devel\ksf_bank_import\tests\unit\views\DataProviders\CustomerDataProviderTest.php:316</error>
        </testcase>
        <testcase name="testHasBranchesReturnsFalseForCustomerWithNoBranches" class="CustomerDataProviderTest" classname="CustomerDataProviderTest" file="C:\Users\prote\Documents\software-devel\ksf_bank_import\tests\unit\views\DataProviders\CustomerDataProviderTest.php" line="327" assertions="0" time="0.002819">
          <error type="Error">CustomerDataProviderTest::testHasBranchesReturnsFalseForCustomerWithNoBranches
Error: Object of class ArrayIterator could not be converted to string

C:\Users\prote\Documents\software-devel\ksf_bank_import\vendor\ksfraser\famock\php\FaDbStubs.php:89
C:\Users\prote\Documents\software-devel\ksf_bank_import\views\DataProviders\CustomerDataProvider.php:380
C:\Users\prote\Documents\software-devel\ksf_bank_import\views\DataProviders\CustomerDataProvider.php:277
C:\Users\prote\Documents\software-devel\ksf_bank_import\tests\unit\views\DataProviders\CustomerDataProviderTest.php:330</error>
        </testcase>
        <testcase name="testGetBranchReturnsCorrectBranch" class="CustomerDataProviderTest" classname="CustomerDataProviderTest" file="C:\Users\prote\Documents\software-devel\ksf_bank_import\tests\unit\views\DataProviders\CustomerDataProviderTest.php" line="341" assertions="0" time="0.000767">
          <error type="Error">CustomerDataProviderTest::testGetBranchReturnsCorrectBranch
Error: Object of class ArrayIterator could not be converted to string

C:\Users\prote\Documents\software-devel\ksf_bank_import\vendor\ksfraser\famock\php\FaDbStubs.php:89
C:\Users\prote\Documents\software-devel\ksf_bank_import\views\DataProviders\CustomerDataProvider.php:380
C:\Users\prote\Documents\software-devel\ksf_bank_import\views\DataProviders\CustomerDataProvider.php:189
C:\Users\prote\Documents\software-devel\ksf_bank_import\tests\unit\views\DataProviders\CustomerDataProviderTest.php:344</error>
        </testcase>
        <testcase name="testGetBranchReturnsNullForWrongCustomer" class="CustomerDataProviderTest" classname="CustomerDataProviderTest" file="C:\Users\prote\Documents\software-devel\ksf_bank_import\tests\unit\views\DataProviders\CustomerDataProviderTest.php" line="374" assertions="0" time="0.001341">
          <error type="Error">CustomerDataProviderTest::testGetBranchReturnsNullForWrongCustomer
Error: Object of class ArrayIterator could not be converted to string

C:\Users\prote\Documents\software-devel\ksf_bank_import\vendor\ksfraser\famock\php\FaDbStubs.php:89
C:\Users\prote\Documents\software-devel\ksf_bank_import\views\DataProviders\CustomerDataProvider.php:380
C:\Users\prote\Documents\software-devel\ksf_bank_import\views\DataProviders\CustomerDataProvider.php:189
C:\Users\prote\Documents\software-devel\ksf_bank_import\tests\unit\views\DataProviders\CustomerDataProviderTest.php:377</error>
        </testcase>
        <testcase name="testGetBranchReturnsNullForNonExistentBranch" class="CustomerDataProviderTest" classname="CustomerDataProviderTest" file="C:\Users\prote\Documents\software-devel\ksf_bank_import\tests\unit\views\DataProviders\CustomerDataProviderTest.php" line="407" assertions="0" time="0.001348">
          <error type="Error">CustomerDataProviderTest::testGetBranchReturnsNullForNonExistentBranch
Error: Object of class ArrayIterator could not be converted to string

C:\Users\prote\Documents\software-devel\ksf_bank_import\vendor\ksfraser\famock\php\FaDbStubs.php:89
C:\Users\prote\Documents\software-devel\ksf_bank_import\views\DataProviders\CustomerDataProvider.php:380
C:\Users\prote\Documents\software-devel\ksf_bank_import\views\DataProviders\CustomerDataProvider.php:189
C:\Users\prote\Documents\software-devel\ksf_bank_import\tests\unit\views\DataProviders\CustomerDataProviderTest.php:410</error>
        </testcase>
        <testcase name="testDataIsLoadedOnlyOnce" class="CustomerDataProviderTest" classname="CustomerDataProviderTest" file="C:\Users\prote\Documents\software-devel\ksf_bank_import\tests\unit\views\DataProviders\CustomerDataProviderTest.php" line="432" assertions="0" time="0.000826">
          <error type="Error">CustomerDataProviderTest::testDataIsLoadedOnlyOnce
Error: Object of class ArrayIterator could not be converted to string

C:\Users\prote\Documents\software-devel\ksf_bank_import\vendor\ksfraser\famock\php\FaDbStubs.php:89
C:\Users\prote\Documents\software-devel\ksf_bank_import\views\DataProviders\CustomerDataProvider.php:380
C:\Users\prote\Documents\software-devel\ksf_bank_import\views\DataProviders\CustomerDataProvider.php:189
C:\Users\prote\Documents\software-devel\ksf_bank_import\tests\unit\views\DataProviders\CustomerDataProviderTest.php:437</error>
        </testcase>
        <testcase name="testBranchRelationshipIntegrity" class="CustomerDataProviderTest" classname="CustomerDataProviderTest" file="C:\Users\prote\Documents\software-devel\ksf_bank_import\tests\unit\views\DataProviders\CustomerDataProviderTest.php" line="455" assertions="0" time="0.000790">
          <error type="Error">CustomerDataProviderTest::testBranchRelationshipIntegrity
Error: Object of class ArrayIterator could not be converted to string

C:\Users\prote\Documents\software-devel\ksf_bank_import\vendor\ksfraser\famock\php\FaDbStubs.php:89
C:\Users\prote\Documents\software-devel\ksf_bank_import\views\DataProviders\CustomerDataProvider.php:380
C:\Users\prote\Documents\software-devel\ksf_bank_import\views\DataProviders\CustomerDataProvider.php:189
C:\Users\prote\Documents\software-devel\ksf_bank_import\tests\unit\views\DataProviders\CustomerDataProviderTest.php:458</error>
        </testcase>
      </testsuite>
      <testsuite name="Tests\Unit\Views\DataProviders\QuickEntryDataProviderTest" file="C:\Users\prote\Documents\software-devel\ksf_bank_import\tests\unit\views\DataProviders\QuickEntryDataProviderTest.php" tests="12" assertions="4" errors="7" warnings="0" failures="0" skipped="1" time="0.009948">
        <testcase name="testForDepositReturnsSingletonInstance" class="Tests\Unit\Views\DataProviders\QuickEntryDataProviderTest" classname="Tests.Unit.Views.DataProviders.QuickEntryDataProviderTest" file="C:\Users\prote\Documents\software-devel\ksf_bank_import\tests\unit\views\DataProviders\QuickEntryDataProviderTest.php" line="68" assertions="1" time="0.000633"/>
        <testcase name="testForPaymentReturnsSingletonInstance" class="Tests\Unit\Views\DataProviders\QuickEntryDataProviderTest" classname="Tests.Unit.Views.DataProviders.QuickEntryDataProviderTest" file="C:\Users\prote\Documents\software-devel\ksf_bank_import\tests\unit\views\DataProviders\QuickEntryDataProviderTest.php" line="88" assertions="1" time="0.000826"/>
        <testcase name="testDepositAndPaymentAreSeparateInstances" class="Tests\Unit\Views\DataProviders\QuickEntryDataProviderTest" classname="Tests.Unit.Views.DataProviders.QuickEntryDataProviderTest" file="C:\Users\prote\Documents\software-devel\ksf_bank_import\tests\unit\views\DataProviders\QuickEntryDataProviderTest.php" line="109" assertions="1" time="0.000883"/>
        <testcase name="testResetClearsSingletonInstances" class="Tests\Unit\Views\DataProviders\QuickEntryDataProviderTest" classname="Tests.Unit.Views.DataProviders.QuickEntryDataProviderTest" file="C:\Users\prote\Documents\software-devel\ksf_bank_import\tests\unit\views\DataProviders\QuickEntryDataProviderTest.php" line="130" assertions="1" time="0.000903"/>
        <testcase name="testGetEntriesReturnsArray" class="Tests\Unit\Views\DataProviders\QuickEntryDataProviderTest" classname="Tests.Unit.Views.DataProviders.QuickEntryDataProviderTest" file="C:\Users\prote\Documents\software-devel\ksf_bank_import\tests\unit\views\DataProviders\QuickEntryDataProviderTest.php" line="154" assertions="0" time="0.000835">
          <error type="Error">Tests\Unit\Views\DataProviders\QuickEntryDataProviderTest::testGetEntriesReturnsArray
Error: Object of class ArrayIterator could not be converted to string

C:\Users\prote\Documents\software-devel\ksf_bank_import\vendor\ksfraser\famock\php\FaDbStubs.php:89
C:\Users\prote\Documents\software-devel\ksf_bank_import\views\DataProviders\QuickEntryDataProvider.php:274
C:\Users\prote\Documents\software-devel\ksf_bank_import\views\DataProviders\QuickEntryDataProvider.php:183
C:\Users\prote\Documents\software-devel\ksf_bank_import\tests\unit\views\DataProviders\QuickEntryDataProviderTest.php:157</error>
        </testcase>
        <testcase name="testGetCountReturnsInteger" class="Tests\Unit\Views\DataProviders\QuickEntryDataProviderTest" classname="Tests.Unit.Views.DataProviders.QuickEntryDataProviderTest" file="C:\Users\prote\Documents\software-devel\ksf_bank_import\tests\unit\views\DataProviders\QuickEntryDataProviderTest.php" line="173" assertions="0" time="0.000849">
          <error type="Error">Tests\Unit\Views\DataProviders\QuickEntryDataProviderTest::testGetCountReturnsInteger
Error: Object of class ArrayIterator could not be converted to string

C:\Users\prote\Documents\software-devel\ksf_bank_import\vendor\ksfraser\famock\php\FaDbStubs.php:89
C:\Users\prote\Documents\software-devel\ksf_bank_import\views\DataProviders\QuickEntryDataProvider.php:274
C:\Users\prote\Documents\software-devel\ksf_bank_import\views\DataProviders\QuickEntryDataProvider.php:247
C:\Users\prote\Documents\software-devel\ksf_bank_import\tests\unit\views\DataProviders\QuickEntryDataProviderTest.php:176</error>
        </testcase>
        <testcase name="testGetEntryReturnsNullForNonExistentEntry" class="Tests\Unit\Views\DataProviders\QuickEntryDataProviderTest" classname="Tests.Unit.Views.DataProviders.QuickEntryDataProviderTest" file="C:\Users\prote\Documents\software-devel\ksf_bank_import\tests\unit\views\DataProviders\QuickEntryDataProviderTest.php" line="198" assertions="0" time="0.000992">
          <error type="Error">Tests\Unit\Views\DataProviders\QuickEntryDataProviderTest::testGetEntryReturnsNullForNonExistentEntry
Error: Object of class ArrayIterator could not be converted to string

C:\Users\prote\Documents\software-devel\ksf_bank_import\vendor\ksfraser\famock\php\FaDbStubs.php:89
C:\Users\prote\Documents\software-devel\ksf_bank_import\views\DataProviders\QuickEntryDataProvider.php:274
C:\Users\prote\Documents\software-devel\ksf_bank_import\views\DataProviders\QuickEntryDataProvider.php:200
C:\Users\prote\Documents\software-devel\ksf_bank_import\tests\unit\views\DataProviders\QuickEntryDataProviderTest.php:203</error>
        </testcase>
        <testcase name="testHasEntryReturnsFalseForNonExistentEntry" class="Tests\Unit\Views\DataProviders\QuickEntryDataProviderTest" classname="Tests.Unit.Views.DataProviders.QuickEntryDataProviderTest" file="C:\Users\prote\Documents\software-devel\ksf_bank_import\tests\unit\views\DataProviders\QuickEntryDataProviderTest.php" line="219" assertions="0" time="0.000782">
          <error type="Error">Tests\Unit\Views\DataProviders\QuickEntryDataProviderTest::testHasEntryReturnsFalseForNonExistentEntry
Error: Object of class ArrayIterator could not be converted to string

C:\Users\prote\Documents\software-devel\ksf_bank_import\vendor\ksfraser\famock\php\FaDbStubs.php:89
C:\Users\prote\Documents\software-devel\ksf_bank_import\views\DataProviders\QuickEntryDataProvider.php:274
C:\Users\prote\Documents\software-devel\ksf_bank_import\views\DataProviders\QuickEntryDataProvider.php:232
C:\Users\prote\Documents\software-devel\ksf_bank_import\tests\unit\views\DataProviders\QuickEntryDataProviderTest.php:224</error>
        </testcase>
        <testcase name="testGetLabelReturnsNullForNonExistentEntry" class="Tests\Unit\Views\DataProviders\QuickEntryDataProviderTest" classname="Tests.Unit.Views.DataProviders.QuickEntryDataProviderTest" file="C:\Users\prote\Documents\software-devel\ksf_bank_import\tests\unit\views\DataProviders\QuickEntryDataProviderTest.php" line="240" assertions="0" time="0.000803">
          <error type="Error">Tests\Unit\Views\DataProviders\QuickEntryDataProviderTest::testGetLabelReturnsNullForNonExistentEntry
Error: Object of class ArrayIterator could not be converted to string

C:\Users\prote\Documents\software-devel\ksf_bank_import\vendor\ksfraser\famock\php\FaDbStubs.php:89
C:\Users\prote\Documents\software-devel\ksf_bank_import\views\DataProviders\QuickEntryDataProvider.php:274
C:\Users\prote\Documents\software-devel\ksf_bank_import\views\DataProviders\QuickEntryDataProvider.php:200
C:\Users\prote\Documents\software-devel\ksf_bank_import\views\DataProviders\QuickEntryDataProvider.php:216
C:\Users\prote\Documents\software-devel\ksf_bank_import\tests\unit\views\DataProviders\QuickEntryDataProviderTest.php:245</error>
        </testcase>
        <testcase name="testGetCountMatchesArrayCount" class="Tests\Unit\Views\DataProviders\QuickEntryDataProviderTest" classname="Tests.Unit.Views.DataProviders.QuickEntryDataProviderTest" file="C:\Users\prote\Documents\software-devel\ksf_bank_import\tests\unit\views\DataProviders\QuickEntryDataProviderTest.php" line="262" assertions="0" time="0.000821">
          <error type="Error">Tests\Unit\Views\DataProviders\QuickEntryDataProviderTest::testGetCountMatchesArrayCount
Error: Object of class ArrayIterator could not be converted to string

C:\Users\prote\Documents\software-devel\ksf_bank_import\vendor\ksfraser\famock\php\FaDbStubs.php:89
C:\Users\prote\Documents\software-devel\ksf_bank_import\views\DataProviders\QuickEntryDataProvider.php:274
C:\Users\prote\Documents\software-devel\ksf_bank_import\views\DataProviders\QuickEntryDataProvider.php:183
C:\Users\prote\Documents\software-devel\ksf_bank_import\tests\unit\views\DataProviders\QuickEntryDataProviderTest.php:266</error>
        </testcase>
        <testcase name="testEntriesAreLoadedOnlyOnce" class="Tests\Unit\Views\DataProviders\QuickEntryDataProviderTest" classname="Tests.Unit.Views.DataProviders.QuickEntryDataProviderTest" file="C:\Users\prote\Documents\software-devel\ksf_bank_import\tests\unit\views\DataProviders\QuickEntryDataProviderTest.php" line="288" assertions="0" time="0.000949">
          <error type="Error">Tests\Unit\Views\DataProviders\QuickEntryDataProviderTest::testEntriesAreLoadedOnlyOnce
Error: Object of class ArrayIterator could not be converted to string

C:\Users\prote\Documents\software-devel\ksf_bank_import\vendor\ksfraser\famock\php\FaDbStubs.php:89
C:\Users\prote\Documents\software-devel\ksf_bank_import\views\DataProviders\QuickEntryDataProvider.php:274
C:\Users\prote\Documents\software-devel\ksf_bank_import\views\DataProviders\QuickEntryDataProvider.php:183
C:\Users\prote\Documents\software-devel\ksf_bank_import\tests\unit\views\DataProviders\QuickEntryDataProviderTest.php:293</error>
        </testcase>
        <testcase name="testDepositProviderFiltersDepositEntries" class="Tests\Unit\Views\DataProviders\QuickEntryDataProviderTest" classname="Tests.Unit.Views.DataProviders.QuickEntryDataProviderTest" file="C:\Users\prote\Documents\software-devel\ksf_bank_import\tests\unit\views\DataProviders\QuickEntryDataProviderTest.php" line="324" assertions="0" time="0.000671">
          <skipped/>
        </testcase>
      </testsuite>
      <testsuite name="Tests\Unit\Views\DataProviders\SupplierDataProviderTest" file="C:\Users\prote\Documents\software-devel\ksf_bank_import\tests\unit\views\DataProviders\SupplierDataProviderTest.php" tests="14" assertions="3" errors="10" warnings="0" failures="0" skipped="1" time="0.016107">
        <testcase name="testGetInstanceReturnsSingletonInstance" class="Tests\Unit\Views\DataProviders\SupplierDataProviderTest" classname="Tests.Unit.Views.DataProviders.SupplierDataProviderTest" file="C:\Users\prote\Documents\software-devel\ksf_bank_import\tests\unit\views\DataProviders\SupplierDataProviderTest.php" line="60" assertions="1" time="0.000620"/>
        <testcase name="testResetClearsSingletonInstance" class="Tests\Unit\Views\DataProviders\SupplierDataProviderTest" classname="Tests.Unit.Views.DataProviders.SupplierDataProviderTest" file="C:\Users\prote\Documents\software-devel\ksf_bank_import\tests\unit\views\DataProviders\SupplierDataProviderTest.php" line="81" assertions="1" time="0.000639"/>
        <testcase name="testGetSuppliersReturnsArray" class="Tests\Unit\Views\DataProviders\SupplierDataProviderTest" classname="Tests.Unit.Views.DataProviders.SupplierDataProviderTest" file="C:\Users\prote\Documents\software-devel\ksf_bank_import\tests\unit\views\DataProviders\SupplierDataProviderTest.php" line="105" assertions="0" time="0.000712">
          <error type="Error">Tests\Unit\Views\DataProviders\SupplierDataProviderTest::testGetSuppliersReturnsArray
Error: Object of class ArrayIterator could not be converted to string

C:\Users\prote\Documents\software-devel\ksf_bank_import\vendor\ksfraser\famock\php\FaDbStubs.php:89
C:\Users\prote\Documents\software-devel\ksf_bank_import\views\DataProviders\SupplierDataProvider.php:275
C:\Users\prote\Documents\software-devel\ksf_bank_import\views\DataProviders\SupplierDataProvider.php:156
C:\Users\prote\Documents\software-devel\ksf_bank_import\tests\unit\views\DataProviders\SupplierDataProviderTest.php:108</error>
        </testcase>
        <testcase name="testGetPartnersDelegatesToGetSuppliers" class="Tests\Unit\Views\DataProviders\SupplierDataProviderTest" classname="Tests.Unit.Views.DataProviders.SupplierDataProviderTest" file="C:\Users\prote\Documents\software-devel\ksf_bank_import\tests\unit\views\DataProviders\SupplierDataProviderTest.php" line="125" assertions="0" time="0.000803">
          <error type="Error">Tests\Unit\Views\DataProviders\SupplierDataProviderTest::testGetPartnersDelegatesToGetSuppliers
Error: Object of class ArrayIterator could not be converted to string

C:\Users\prote\Documents\software-devel\ksf_bank_import\vendor\ksfraser\famock\php\FaDbStubs.php:89
C:\Users\prote\Documents\software-devel\ksf_bank_import\views\DataProviders\SupplierDataProvider.php:275
C:\Users\prote\Documents\software-devel\ksf_bank_import\views\DataProviders\SupplierDataProvider.php:156
C:\Users\prote\Documents\software-devel\ksf_bank_import\tests\unit\views\DataProviders\SupplierDataProviderTest.php:129</error>
        </testcase>
        <testcase name="testGetCountReturnsInteger" class="Tests\Unit\Views\DataProviders\SupplierDataProviderTest" classname="Tests.Unit.Views.DataProviders.SupplierDataProviderTest" file="C:\Users\prote\Documents\software-devel\ksf_bank_import\tests\unit\views\DataProviders\SupplierDataProviderTest.php" line="147" assertions="0" time="0.000953">
          <error type="Error">Tests\Unit\Views\DataProviders\SupplierDataProviderTest::testGetCountReturnsInteger
Error: Object of class ArrayIterator could not be converted to string

C:\Users\prote\Documents\software-devel\ksf_bank_import\vendor\ksfraser\famock\php\FaDbStubs.php:89
C:\Users\prote\Documents\software-devel\ksf_bank_import\views\DataProviders\SupplierDataProvider.php:275
C:\Users\prote\Documents\software-devel\ksf_bank_import\views\DataProviders\SupplierDataProvider.php:248
C:\Users\prote\Documents\software-devel\ksf_bank_import\tests\unit\views\DataProviders\SupplierDataProviderTest.php:150</error>
        </testcase>
        <testcase name="testGetSupplierReturnsNullForNonExistentSupplier" class="Tests\Unit\Views\DataProviders\SupplierDataProviderTest" classname="Tests.Unit.Views.DataProviders.SupplierDataProviderTest" file="C:\Users\prote\Documents\software-devel\ksf_bank_import\tests\unit\views\DataProviders\SupplierDataProviderTest.php" line="172" assertions="0" time="0.001498">
          <error type="Error">Tests\Unit\Views\DataProviders\SupplierDataProviderTest::testGetSupplierReturnsNullForNonExistentSupplier
Error: Object of class ArrayIterator could not be converted to string

C:\Users\prote\Documents\software-devel\ksf_bank_import\vendor\ksfraser\famock\php\FaDbStubs.php:89
C:\Users\prote\Documents\software-devel\ksf_bank_import\views\DataProviders\SupplierDataProvider.php:275
C:\Users\prote\Documents\software-devel\ksf_bank_import\views\DataProviders\SupplierDataProvider.php:173
C:\Users\prote\Documents\software-devel\ksf_bank_import\tests\unit\views\DataProviders\SupplierDataProviderTest.php:177</error>
        </testcase>
        <testcase name="testHasSupplierReturnsFalseForNonExistentSupplier" class="Tests\Unit\Views\DataProviders\SupplierDataProviderTest" classname="Tests.Unit.Views.DataProviders.SupplierDataProviderTest" file="C:\Users\prote\Documents\software-devel\ksf_bank_import\tests\unit\views\DataProviders\SupplierDataProviderTest.php" line="193" assertions="0" time="0.004484">
          <error type="Error">Tests\Unit\Views\DataProviders\SupplierDataProviderTest::testHasSupplierReturnsFalseForNonExistentSupplier
Error: Object of class ArrayIterator could not be converted to string

C:\Users\prote\Documents\software-devel\ksf_bank_import\vendor\ksfraser\famock\php\FaDbStubs.php:89
C:\Users\prote\Documents\software-devel\ksf_bank_import\views\DataProviders\SupplierDataProvider.php:275
C:\Users\prote\Documents\software-devel\ksf_bank_import\views\DataProviders\SupplierDataProvider.php:233
C:\Users\prote\Documents\software-devel\ksf_bank_import\tests\unit\views\DataProviders\SupplierDataProviderTest.php:198</error>
        </testcase>
        <testcase name="testHasPartnerDelegatesToHasSupplier" class="Tests\Unit\Views\DataProviders\SupplierDataProviderTest" classname="Tests.Unit.Views.DataProviders.SupplierDataProviderTest" file="C:\Users\prote\Documents\software-devel\ksf_bank_import\tests\unit\views\DataProviders\SupplierDataProviderTest.php" line="215" assertions="0" time="0.000863">
          <error type="Error">Tests\Unit\Views\DataProviders\SupplierDataProviderTest::testHasPartnerDelegatesToHasSupplier
Error: Object of class ArrayIterator could not be converted to string

C:\Users\prote\Documents\software-devel\ksf_bank_import\vendor\ksfraser\famock\php\FaDbStubs.php:89
C:\Users\prote\Documents\software-devel\ksf_bank_import\views\DataProviders\SupplierDataProvider.php:275
C:\Users\prote\Documents\software-devel\ksf_bank_import\views\DataProviders\SupplierDataProvider.php:233
C:\Users\prote\Documents\software-devel\ksf_bank_import\tests\unit\views\DataProviders\SupplierDataProviderTest.php:219</error>
        </testcase>
        <testcase name="testGetLabelReturnsNullForNonExistentSupplier" class="Tests\Unit\Views\DataProviders\SupplierDataProviderTest" classname="Tests.Unit.Views.DataProviders.SupplierDataProviderTest" file="C:\Users\prote\Documents\software-devel\ksf_bank_import\tests\unit\views\DataProviders\SupplierDataProviderTest.php" line="237" assertions="0" time="0.000804">
          <error type="Error">Tests\Unit\Views\DataProviders\SupplierDataProviderTest::testGetLabelReturnsNullForNonExistentSupplier
Error: Object of class ArrayIterator could not be converted to string

C:\Users\prote\Documents\software-devel\ksf_bank_import\vendor\ksfraser\famock\php\FaDbStubs.php:89
C:\Users\prote\Documents\software-devel\ksf_bank_import\views\DataProviders\SupplierDataProvider.php:275
C:\Users\prote\Documents\software-devel\ksf_bank_import\views\DataProviders\SupplierDataProvider.php:173
C:\Users\prote\Documents\software-devel\ksf_bank_import\views\DataProviders\SupplierDataProvider.php:203
C:\Users\prote\Documents\software-devel\ksf_bank_import\tests\unit\views\DataProviders\SupplierDataProviderTest.php:242</error>
        </testcase>
        <testcase name="testGetPartnerLabelDelegatesToGetLabel" class="Tests\Unit\Views\DataProviders\SupplierDataProviderTest" classname="Tests.Unit.Views.DataProviders.SupplierDataProviderTest" file="C:\Users\prote\Documents\software-devel\ksf_bank_import\tests\unit\views\DataProviders\SupplierDataProviderTest.php" line="259" assertions="0" time="0.000995">
          <error type="Error">Tests\Unit\Views\DataProviders\SupplierDataProviderTest::testGetPartnerLabelDelegatesToGetLabel
Error: Object of class ArrayIterator could not be converted to string

C:\Users\prote\Documents\software-devel\ksf_bank_import\vendor\ksfraser\famock\php\FaDbStubs.php:89
C:\Users\prote\Documents\software-devel\ksf_bank_import\views\DataProviders\SupplierDataProvider.php:275
C:\Users\prote\Documents\software-devel\ksf_bank_import\views\DataProviders\SupplierDataProvider.php:173
C:\Users\prote\Documents\software-devel\ksf_bank_import\views\DataProviders\SupplierDataProvider.php:203
C:\Users\prote\Documents\software-devel\ksf_bank_import\tests\unit\views\DataProviders\SupplierDataProviderTest.php:263</error>
        </testcase>
        <testcase name="testGetCountMatchesArrayCount" class="Tests\Unit\Views\DataProviders\SupplierDataProviderTest" classname="Tests.Unit.Views.DataProviders.SupplierDataProviderTest" file="C:\Users\prote\Documents\software-devel\ksf_bank_import\tests\unit\views\DataProviders\SupplierDataProviderTest.php" line="282" assertions="0" time="0.001535">
          <error type="Error">Tests\Unit\Views\DataProviders\SupplierDataProviderTest::testGetCountMatchesArrayCount
Error: Object of class ArrayIterator could not be converted to string

C:\Users\prote\Documents\software-devel\ksf_bank_import\vendor\ksfraser\famock\php\FaDbStubs.php:89
C:\Users\prote\Documents\software-devel\ksf_bank_import\views\DataProviders\SupplierDataProvider.php:275
C:\Users\prote\Documents\software-devel\ksf_bank_import\views\DataProviders\SupplierDataProvider.php:156
C:\Users\prote\Documents\software-devel\ksf_bank_import\tests\unit\views\DataProviders\SupplierDataProviderTest.php:286</error>
        </testcase>
        <testcase name="testSuppliersAreLoadedOnlyOnce" class="Tests\Unit\Views\DataProviders\SupplierDataProviderTest" classname="Tests.Unit.Views.DataProviders.SupplierDataProviderTest" file="C:\Users\prote\Documents\software-devel\ksf_bank_import\tests\unit\views\DataProviders\SupplierDataProviderTest.php" line="305" assertions="0" time="0.000822">
          <error type="Error">Tests\Unit\Views\DataProviders\SupplierDataProviderTest::testSuppliersAreLoadedOnlyOnce
Error: Object of class ArrayIterator could not be converted to string

C:\Users\prote\Documents\software-devel\ksf_bank_import\vendor\ksfraser\famock\php\FaDbStubs.php:89
C:\Users\prote\Documents\software-devel\ksf_bank_import\views\DataProviders\SupplierDataProvider.php:275
C:\Users\prote\Documents\software-devel\ksf_bank_import\views\DataProviders\SupplierDataProvider.php:156
C:\Users\prote\Documents\software-devel\ksf_bank_import\tests\unit\views\DataProviders\SupplierDataProviderTest.php:310</error>
        </testcase>
        <testcase name="testImplementsPartnerDataProviderInterface" class="Tests\Unit\Views\DataProviders\SupplierDataProviderTest" classname="Tests.Unit.Views.DataProviders.SupplierDataProviderTest" file="C:\Users\prote\Documents\software-devel\ksf_bank_import\tests\unit\views\DataProviders\SupplierDataProviderTest.php" line="337" assertions="1" time="0.000675"/>
        <testcase name="testSupplierDataStructure" class="Tests\Unit\Views\DataProviders\SupplierDataProviderTest" classname="Tests.Unit.Views.DataProviders.SupplierDataProviderTest" file="C:\Users\prote\Documents\software-devel\ksf_bank_import\tests\unit\views\DataProviders\SupplierDataProviderTest.php" line="359" assertions="0" time="0.000704">
          <skipped/>
        </testcase>
      </testsuite>
      <testsuite name="Tests\Unit\Views\HTML_TABLE_HtmlElementTest" file="C:\Users\prote\Documents\software-devel\ksf_bank_import\tests\unit\views\HTML_TABLE_HtmlElementTest.php" tests="3" assertions="5" errors="0" warnings="1" failures="1" skipped="0" time="0.006343">
        <testcase name="testAcceptsHtmlElementInterface" class="Tests\Unit\Views\HTML_TABLE_HtmlElementTest" classname="Tests.Unit.Views.HTML_TABLE_HtmlElementTest" file="C:\Users\prote\Documents\software-devel\ksf_bank_import\tests\unit\views\HTML_TABLE_HtmlElementTest.php" line="23" assertions="1" time="0.004389"/>
        <testcase name="testWrapsHtmlElementInRow" class="Tests\Unit\Views\HTML_TABLE_HtmlElementTest" classname="Tests.Unit.Views.HTML_TABLE_HtmlElementTest" file="C:\Users\prote\Documents\software-devel\ksf_bank_import\tests\unit\views\HTML_TABLE_HtmlElementTest.php" line="38" assertions="3" time="0.001147">
          <warning type="PHPUnit\Framework\Warning">Tests\Unit\Views\HTML_TABLE_HtmlElementTest::testWrapsHtmlElementInRow
assertRegExp() is deprecated and will be removed in PHPUnit 10. Refactor your code to use assertMatchesRegularExpression() instead.</warning>
        </testcase>
        <testcase name="testConstructorAcceptsNull" class="Tests\Unit\Views\HTML_TABLE_HtmlElementTest" classname="Tests.Unit.Views.HTML_TABLE_HtmlElementTest" file="C:\Users\prote\Documents\software-devel\ksf_bank_import\tests\unit\views\HTML_TABLE_HtmlElementTest.php" line="56" assertions="1" time="0.000807">
          <failure type="PHPUnit\Framework\ExpectationFailedException">Tests\Unit\Views\HTML_TABLE_HtmlElementTest::testConstructorAcceptsNull
Failed asserting that '&lt;table class="2"&gt;&lt;/table&gt;' contains "tablestyle2".

C:\Users\prote\Documents\software-devel\ksf_bank_import\tests\unit\views\HTML_TABLE_HtmlElementTest.php:61</failure>
        </testcase>
      </testsuite>
      <testsuite name="Tests\Unit\Views\LineitemDisplayLeftTest" file="C:\Users\prote\Documents\software-devel\ksf_bank_import\tests\unit\views\LineitemDisplayLeftTest.php" tests="4" assertions="7" errors="0" warnings="0" failures="0" skipped="0" time="0.015761">
        <testcase name="testCanBeInstantiated" class="Tests\Unit\Views\LineitemDisplayLeftTest" classname="Tests.Unit.Views.LineitemDisplayLeftTest" file="C:\Users\prote\Documents\software-devel\ksf_bank_import\tests\unit\views\LineitemDisplayLeftTest.php" line="60" assertions="1" time="0.002833"/>
        <testcase name="testGetHtmlReturnsString" class="Tests\Unit\Views\LineitemDisplayLeftTest" classname="Tests.Unit.Views.LineitemDisplayLeftTest" file="C:\Users\prote\Documents\software-devel\ksf_bank_import\tests\unit\views\LineitemDisplayLeftTest.php" line="71" assertions="2" time="0.004380"/>
        <testcase name="testGetHtmlContainsTableTags" class="Tests\Unit\Views\LineitemDisplayLeftTest" classname="Tests.Unit.Views.LineitemDisplayLeftTest" file="C:\Users\prote\Documents\software-devel\ksf_bank_import\tests\unit\views\LineitemDisplayLeftTest.php" line="85" assertions="2" time="0.003609"/>
        <testcase name="testToHtmlOutputsDirectly" class="Tests\Unit\Views\LineitemDisplayLeftTest" classname="Tests.Unit.Views.LineitemDisplayLeftTest" file="C:\Users\prote\Documents\software-devel\ksf_bank_import\tests\unit\views\LineitemDisplayLeftTest.php" line="99" assertions="2" time="0.004939"/>
      </testsuite>
      <testsuite name="PartnerTypeDisplayStrategyTest" file="C:\Users\prote\Documents\software-devel\ksf_bank_import\tests\unit\views\PartnerTypeDisplayStrategyTest.php" tests="16" assertions="37" errors="5" warnings="0" failures="0" skipped="1" time="0.024016">
        <testcase name="testValidatesPartnerTypeCodes" class="PartnerTypeDisplayStrategyTest" classname="PartnerTypeDisplayStrategyTest" file="C:\Users\prote\Documents\software-devel\ksf_bank_import\tests\unit\views\PartnerTypeDisplayStrategyTest.php" line="59" assertions="9" time="0.000991"/>
        <testcase name="testReturnsAvailablePartnerTypes" class="PartnerTypeDisplayStrategyTest" classname="PartnerTypeDisplayStrategyTest" file="C:\Users\prote\Documents\software-devel\ksf_bank_import\tests\unit\views\PartnerTypeDisplayStrategyTest.php" line="78" assertions="8" time="0.001075"/>
        <testcase name="testThrowsExceptionForUnknownPartnerType" class="PartnerTypeDisplayStrategyTest" classname="PartnerTypeDisplayStrategyTest" file="C:\Users\prote\Documents\software-devel\ksf_bank_import\tests\unit\views\PartnerTypeDisplayStrategyTest.php" line="97" assertions="2" time="0.000799"/>
        <testcase name="testDisplaysSupplierPartnerType" class="PartnerTypeDisplayStrategyTest" classname="PartnerTypeDisplayStrategyTest" file="C:\Users\prote\Documents\software-devel\ksf_bank_import\tests\unit\views\PartnerTypeDisplayStrategyTest.php" line="112" assertions="0" time="0.001478">
          <error type="Error">PartnerTypeDisplayStrategyTest::testDisplaysSupplierPartnerType
Error: Object of class ArrayIterator could not be converted to string

C:\Users\prote\Documents\software-devel\ksf_bank_import\vendor\ksfraser\famock\php\FaDbStubs.php:89
C:\Users\prote\Documents\software-devel\ksf_bank_import\views\DataProviders\SupplierDataProvider.php:275
C:\Users\prote\Documents\software-devel\ksf_bank_import\views\DataProviders\SupplierDataProvider.php:156
C:\Users\prote\Documents\software-devel\ksf_bank_import\views\SupplierPartnerTypeView.v2.php:130
C:\Users\prote\Documents\software-devel\ksf_bank_import\views\SupplierPartnerTypeView.v2.php:100
C:\Users\prote\Documents\software-devel\ksf_bank_import\views\PartnerTypeDisplayStrategy.php:210
C:\Users\prote\Documents\software-devel\ksf_bank_import\views\PartnerTypeDisplayStrategy.php:186
C:\Users\prote\Documents\software-devel\ksf_bank_import\views\PartnerTypeDisplayStrategy.php:155
C:\Users\prote\Documents\software-devel\ksf_bank_import\tests\unit\views\PartnerTypeDisplayStrategyTest.php:122</error>
        </testcase>
        <testcase name="testDisplaysCustomerPartnerType" class="PartnerTypeDisplayStrategyTest" classname="PartnerTypeDisplayStrategyTest" file="C:\Users\prote\Documents\software-devel\ksf_bank_import\tests\unit\views\PartnerTypeDisplayStrategyTest.php" line="132" assertions="0" time="0.001118">
          <error type="Error">PartnerTypeDisplayStrategyTest::testDisplaysCustomerPartnerType
Error: Object of class ArrayIterator could not be converted to string

C:\Users\prote\Documents\software-devel\ksf_bank_import\vendor\ksfraser\famock\php\FaDbStubs.php:89
C:\Users\prote\Documents\software-devel\ksf_bank_import\views\DataProviders\CustomerDataProvider.php:380
C:\Users\prote\Documents\software-devel\ksf_bank_import\views\DataProviders\CustomerDataProvider.php:189
C:\Users\prote\Documents\software-devel\ksf_bank_import\views\CustomerPartnerTypeView.v2.php:164
C:\Users\prote\Documents\software-devel\ksf_bank_import\views\CustomerPartnerTypeView.v2.php:118
C:\Users\prote\Documents\software-devel\ksf_bank_import\views\PartnerTypeDisplayStrategy.php:249
C:\Users\prote\Documents\software-devel\ksf_bank_import\views\PartnerTypeDisplayStrategy.php:186
C:\Users\prote\Documents\software-devel\ksf_bank_import\views\PartnerTypeDisplayStrategy.php:155
C:\Users\prote\Documents\software-devel\ksf_bank_import\tests\unit\views\PartnerTypeDisplayStrategyTest.php:141</error>
        </testcase>
        <testcase name="testDisplaysBankTransferPartnerType" class="PartnerTypeDisplayStrategyTest" classname="PartnerTypeDisplayStrategyTest" file="C:\Users\prote\Documents\software-devel\ksf_bank_import\tests\unit\views\PartnerTypeDisplayStrategyTest.php" line="150" assertions="0" time="0.001077">
          <error type="Error">PartnerTypeDisplayStrategyTest::testDisplaysBankTransferPartnerType
Error: Undefined constant "Ksfraser\ANY_NUMERIC"

C:\Users\prote\Documents\software-devel\ksf_bank_import\src\Ksfraser\PartnerFormData.php:109
C:\Users\prote\Documents\software-devel\ksf_bank_import\views\BankTransferPartnerTypeView.v2.php:96
C:\Users\prote\Documents\software-devel\ksf_bank_import\views\PartnerTypeDisplayStrategy.php:287
C:\Users\prote\Documents\software-devel\ksf_bank_import\views\PartnerTypeDisplayStrategy.php:186
C:\Users\prote\Documents\software-devel\ksf_bank_import\views\PartnerTypeDisplayStrategy.php:155
C:\Users\prote\Documents\software-devel\ksf_bank_import\tests\unit\views\PartnerTypeDisplayStrategyTest.php:159</error>
        </testcase>
        <testcase name="testDisplaysQuickEntryPartnerType" class="PartnerTypeDisplayStrategyTest" classname="PartnerTypeDisplayStrategyTest" file="C:\Users\prote\Documents\software-devel\ksf_bank_import\tests\unit\views\PartnerTypeDisplayStrategyTest.php" line="168" assertions="0" time="0.000975">
          <skipped/>
        </testcase>
        <testcase name="testDisplaysMatchedExistingPartnerType" class="PartnerTypeDisplayStrategyTest" classname="PartnerTypeDisplayStrategyTest" file="C:\Users\prote\Documents\software-devel\ksf_bank_import\tests\unit\views\PartnerTypeDisplayStrategyTest.php" line="189" assertions="4" time="0.002627"/>
        <testcase name="testDisplaysMatchedExistingWithoutMatchingTrans" class="PartnerTypeDisplayStrategyTest" classname="PartnerTypeDisplayStrategyTest" file="C:\Users\prote\Documents\software-devel\ksf_bank_import\tests\unit\views\PartnerTypeDisplayStrategyTest.php" line="213" assertions="1" time="0.000894"/>
        <testcase name="testHandlesAllPartnerTypesSequentially" class="PartnerTypeDisplayStrategyTest" classname="PartnerTypeDisplayStrategyTest" file="C:\Users\prote\Documents\software-devel\ksf_bank_import\tests\unit\views\PartnerTypeDisplayStrategyTest.php" line="231" assertions="0" time="0.001110">
          <error type="Error">PartnerTypeDisplayStrategyTest::testHandlesAllPartnerTypesSequentially
Error: Object of class ArrayIterator could not be converted to string

C:\Users\prote\Documents\software-devel\ksf_bank_import\vendor\ksfraser\famock\php\FaDbStubs.php:89
C:\Users\prote\Documents\software-devel\ksf_bank_import\views\DataProviders\SupplierDataProvider.php:275
C:\Users\prote\Documents\software-devel\ksf_bank_import\views\DataProviders\SupplierDataProvider.php:156
C:\Users\prote\Documents\software-devel\ksf_bank_import\views\SupplierPartnerTypeView.v2.php:130
C:\Users\prote\Documents\software-devel\ksf_bank_import\views\SupplierPartnerTypeView.v2.php:100
C:\Users\prote\Documents\software-devel\ksf_bank_import\views\PartnerTypeDisplayStrategy.php:210
C:\Users\prote\Documents\software-devel\ksf_bank_import\views\PartnerTypeDisplayStrategy.php:186
C:\Users\prote\Documents\software-devel\ksf_bank_import\views\PartnerTypeDisplayStrategy.php:155
C:\Users\prote\Documents\software-devel\ksf_bank_import\tests\unit\views\PartnerTypeDisplayStrategyTest.php:243</error>
        </testcase>
        <testcase name="testRequiresNecessaryDataFields" class="PartnerTypeDisplayStrategyTest" classname="PartnerTypeDisplayStrategyTest" file="C:\Users\prote\Documents\software-devel\ksf_bank_import\tests\unit\views\PartnerTypeDisplayStrategyTest.php" line="254" assertions="2" time="0.001027"/>
        <testcase name="testUsesViewFactoryForPartnerViews" class="PartnerTypeDisplayStrategyTest" classname="PartnerTypeDisplayStrategyTest" file="C:\Users\prote\Documents\software-devel\ksf_bank_import\tests\unit\views\PartnerTypeDisplayStrategyTest.php" line="276" assertions="0" time="0.001170">
          <error type="Error">PartnerTypeDisplayStrategyTest::testUsesViewFactoryForPartnerViews
Error: Object of class ArrayIterator could not be converted to string

C:\Users\prote\Documents\software-devel\ksf_bank_import\vendor\ksfraser\famock\php\FaDbStubs.php:89
C:\Users\prote\Documents\software-devel\ksf_bank_import\views\DataProviders\SupplierDataProvider.php:275
C:\Users\prote\Documents\software-devel\ksf_bank_import\views\DataProviders\SupplierDataProvider.php:156
C:\Users\prote\Documents\software-devel\ksf_bank_import\views\SupplierPartnerTypeView.v2.php:130
C:\Users\prote\Documents\software-devel\ksf_bank_import\views\SupplierPartnerTypeView.v2.php:100
C:\Users\prote\Documents\software-devel\ksf_bank_import\views\PartnerTypeDisplayStrategy.php:210
C:\Users\prote\Documents\software-devel\ksf_bank_import\views\PartnerTypeDisplayStrategy.php:186
C:\Users\prote\Documents\software-devel\ksf_bank_import\views\PartnerTypeDisplayStrategy.php:155
C:\Users\prote\Documents\software-devel\ksf_bank_import\tests\unit\views\PartnerTypeDisplayStrategyTest.php:291</error>
        </testcase>
        <testcase name="testMaintainsEncapsulation" class="PartnerTypeDisplayStrategyTest" classname="PartnerTypeDisplayStrategyTest" file="C:\Users\prote\Documents\software-devel\ksf_bank_import\tests\unit\views\PartnerTypeDisplayStrategyTest.php" line="304" assertions="2" time="0.000849"/>
        <testcase name="testRenderReturnsHtmlFragment" class="PartnerTypeDisplayStrategyTest" classname="PartnerTypeDisplayStrategyTest" file="C:\Users\prote\Documents\software-devel\ksf_bank_import\tests\unit\views\PartnerTypeDisplayStrategyTest.php" line="326" assertions="4" time="0.002947"/>
        <testcase name="testRenderAllowsComposition" class="PartnerTypeDisplayStrategyTest" classname="PartnerTypeDisplayStrategyTest" file="C:\Users\prote\Documents\software-devel\ksf_bank_import\tests\unit\views\PartnerTypeDisplayStrategyTest.php" line="347" assertions="3" time="0.003323"/>
        <testcase name="testDisplayMethodBackwardCompatibility" class="PartnerTypeDisplayStrategyTest" classname="PartnerTypeDisplayStrategyTest" file="C:\Users\prote\Documents\software-devel\ksf_bank_import\tests\unit\views\PartnerTypeDisplayStrategyTest.php" line="372" assertions="2" time="0.002556"/>
      </testsuite>
      <testsuite name="Tests\Unit\Views\PartnerTypeSelectorViewTest" file="C:\Users\prote\Documents\software-devel\ksf_bank_import\tests\unit\views\PartnerTypeSelectorViewTest.php" tests="11" assertions="23" errors="0" warnings="1" failures="0" skipped="0" time="0.016560">
        <testcase name="testRenderReturnsHtmlFragment" class="Tests\Unit\Views\PartnerTypeSelectorViewTest" classname="Tests.Unit.Views.PartnerTypeSelectorViewTest" file="C:\Users\prote\Documents\software-devel\ksf_bank_import\tests\unit\views\PartnerTypeSelectorViewTest.php" line="22" assertions="1" time="0.001854"/>
        <testcase name="testDisplayOutputsHtml" class="Tests\Unit\Views\PartnerTypeSelectorViewTest" classname="Tests.Unit.Views.PartnerTypeSelectorViewTest" file="C:\Users\prote\Documents\software-devel\ksf_bank_import\tests\unit\views\PartnerTypeSelectorViewTest.php" line="44" assertions="2" time="0.001293"/>
        <testcase name="testSelectorContainsCorrectName" class="Tests\Unit\Views\PartnerTypeSelectorViewTest" classname="Tests.Unit.Views.PartnerTypeSelectorViewTest" file="C:\Users\prote\Documents\software-devel\ksf_bank_import\tests\unit\views\PartnerTypeSelectorViewTest.php" line="70" assertions="2" time="0.001190"/>
        <testcase name="testSelectorHasCorrectSelection" class="Tests\Unit\Views\PartnerTypeSelectorViewTest" classname="Tests.Unit.Views.PartnerTypeSelectorViewTest" file="C:\Users\prote\Documents\software-devel\ksf_bank_import\tests\unit\views\PartnerTypeSelectorViewTest.php" line="94" assertions="1" time="0.001800">
          <warning type="PHPUnit\Framework\Warning">Tests\Unit\Views\PartnerTypeSelectorViewTest::testSelectorHasCorrectSelection
assertRegExp() is deprecated and will be removed in PHPUnit 10. Refactor your code to use assertMatchesRegularExpression() instead.</warning>
        </testcase>
        <testcase name="testAllOptionsRendered" class="Tests\Unit\Views\PartnerTypeSelectorViewTest" classname="Tests.Unit.Views.PartnerTypeSelectorViewTest" file="C:\Users\prote\Documents\software-devel\ksf_bank_import\tests\unit\views\PartnerTypeSelectorViewTest.php" line="118" assertions="8" time="0.001650"/>
        <testcase name="testSelectSubmitAddsOnchange" class="Tests\Unit\Views\PartnerTypeSelectorViewTest" classname="Tests.Unit.Views.PartnerTypeSelectorViewTest" file="C:\Users\prote\Documents\software-devel\ksf_bank_import\tests\unit\views\PartnerTypeSelectorViewTest.php" line="152" assertions="2" time="0.001689"/>
        <testcase name="testWithoutSelectSubmitNoOnchange" class="Tests\Unit\Views\PartnerTypeSelectorViewTest" classname="Tests.Unit.Views.PartnerTypeSelectorViewTest" file="C:\Users\prote\Documents\software-devel\ksf_bank_import\tests\unit\views\PartnerTypeSelectorViewTest.php" line="176" assertions="1" time="0.001311"/>
        <testcase name="testHtmlEscapingInOptions" class="Tests\Unit\Views\PartnerTypeSelectorViewTest" classname="Tests.Unit.Views.PartnerTypeSelectorViewTest" file="C:\Users\prote\Documents\software-devel\ksf_bank_import\tests\unit\views\PartnerTypeSelectorViewTest.php" line="199" assertions="2" time="0.001300"/>
        <testcase name="testLabelRendered" class="Tests\Unit\Views\PartnerTypeSelectorViewTest" classname="Tests.Unit.Views.PartnerTypeSelectorViewTest" file="C:\Users\prote\Documents\software-devel\ksf_bank_import\tests\unit\views\PartnerTypeSelectorViewTest.php" line="223" assertions="1" time="0.001083"/>
        <testcase name="testComposability" class="Tests\Unit\Views\PartnerTypeSelectorViewTest" classname="Tests.Unit.Views.PartnerTypeSelectorViewTest" file="C:\Users\prote\Documents\software-devel\ksf_bank_import\tests\unit\views\PartnerTypeSelectorViewTest.php" line="244" assertions="2" time="0.002218"/>
        <testcase name="testEmptySelectedValue" class="Tests\Unit\Views\PartnerTypeSelectorViewTest" classname="Tests.Unit.Views.PartnerTypeSelectorViewTest" file="C:\Users\prote\Documents\software-devel\ksf_bank_import\tests\unit\views\PartnerTypeSelectorViewTest.php" line="272" assertions="1" time="0.001171"/>
      </testsuite>
      <testsuite name="KsfBankImport\Tests\Unit\Views\QuickEntryPartnerTypeViewTest" file="C:\Users\prote\Documents\software-devel\ksf_bank_import\tests\unit\views\QuickEntryPartnerTypeViewTest.php" tests="10" assertions="1" errors="9" warnings="0" failures="0" skipped="0" time="0.012849">
        <testcase name="testConstructorAcceptsAllParameters" class="KsfBankImport\Tests\Unit\Views\QuickEntryPartnerTypeViewTest" classname="KsfBankImport.Tests.Unit.Views.QuickEntryPartnerTypeViewTest" file="C:\Users\prote\Documents\software-devel\ksf_bank_import\tests\unit\views\QuickEntryPartnerTypeViewTest.php" line="60" assertions="1" time="0.000723"/>
        <testcase name="testGetHtmlReturnsString" class="KsfBankImport\Tests\Unit\Views\QuickEntryPartnerTypeViewTest" classname="KsfBankImport.Tests.Unit.Views.QuickEntryPartnerTypeViewTest" file="C:\Users\prote\Documents\software-devel\ksf_bank_import\tests\unit\views\QuickEntryPartnerTypeViewTest.php" line="76" assertions="0" time="0.001020">
          <error type="Error">KsfBankImport\Tests\Unit\Views\QuickEntryPartnerTypeViewTest::testGetHtmlReturnsString
Error: Object of class ArrayIterator could not be converted to string

C:\Users\prote\Documents\software-devel\ksf_bank_import\vendor\ksfraser\famock\php\FaDbStubs.php:89
C:\Users\prote\Documents\software-devel\ksf_bank_import\views\DataProviders\QuickEntryDataProvider.php:274
C:\Users\prote\Documents\software-devel\ksf_bank_import\views\DataProviders\QuickEntryDataProvider.php:183
C:\Users\prote\Documents\software-devel\ksf_bank_import\views\QuickEntryPartnerTypeView.v2.php:227
C:\Users\prote\Documents\software-devel\ksf_bank_import\views\QuickEntryPartnerTypeView.v2.php:184
C:\Users\prote\Documents\software-devel\ksf_bank_import\tests\unit\views\QuickEntryPartnerTypeViewTest.php:84</error>
        </testcase>
        <testcase name="testHtmlContainsQuickEntryLabel" class="KsfBankImport\Tests\Unit\Views\QuickEntryPartnerTypeViewTest" classname="KsfBankImport.Tests.Unit.Views.QuickEntryPartnerTypeViewTest" file="C:\Users\prote\Documents\software-devel\ksf_bank_import\tests\unit\views\QuickEntryPartnerTypeViewTest.php" line="100" assertions="0" time="0.000955">
          <error type="Error">KsfBankImport\Tests\Unit\Views\QuickEntryPartnerTypeViewTest::testHtmlContainsQuickEntryLabel
Error: Object of class ArrayIterator could not be converted to string

C:\Users\prote\Documents\software-devel\ksf_bank_import\vendor\ksfraser\famock\php\FaDbStubs.php:89
C:\Users\prote\Documents\software-devel\ksf_bank_import\views\DataProviders\QuickEntryDataProvider.php:274
C:\Users\prote\Documents\software-devel\ksf_bank_import\views\DataProviders\QuickEntryDataProvider.php:183
C:\Users\prote\Documents\software-devel\ksf_bank_import\views\QuickEntryPartnerTypeView.v2.php:227
C:\Users\prote\Documents\software-devel\ksf_bank_import\views\QuickEntryPartnerTypeView.v2.php:184
C:\Users\prote\Documents\software-devel\ksf_bank_import\tests\unit\views\QuickEntryPartnerTypeViewTest.php:108</error>
        </testcase>
        <testcase name="testUsesDataProviderForQuickEntryChecking" class="KsfBankImport\Tests\Unit\Views\QuickEntryPartnerTypeViewTest" classname="KsfBankImport.Tests.Unit.Views.QuickEntryPartnerTypeViewTest" file="C:\Users\prote\Documents\software-devel\ksf_bank_import\tests\unit\views\QuickEntryPartnerTypeViewTest.php" line="120" assertions="0" time="0.001349">
          <error type="Error">KsfBankImport\Tests\Unit\Views\QuickEntryPartnerTypeViewTest::testUsesDataProviderForQuickEntryChecking
Error: Object of class ArrayIterator could not be converted to string

C:\Users\prote\Documents\software-devel\ksf_bank_import\vendor\ksfraser\famock\php\FaDbStubs.php:89
C:\Users\prote\Documents\software-devel\ksf_bank_import\views\DataProviders\QuickEntryDataProvider.php:274
C:\Users\prote\Documents\software-devel\ksf_bank_import\views\DataProviders\QuickEntryDataProvider.php:183
C:\Users\prote\Documents\software-devel\ksf_bank_import\views\QuickEntryPartnerTypeView.v2.php:227
C:\Users\prote\Documents\software-devel\ksf_bank_import\views\QuickEntryPartnerTypeView.v2.php:184
C:\Users\prote\Documents\software-devel\ksf_bank_import\tests\unit\views\QuickEntryPartnerTypeViewTest.php:131</error>
        </testcase>
        <testcase name="testDisplayMethodOutputsHtml" class="KsfBankImport\Tests\Unit\Views\QuickEntryPartnerTypeViewTest" classname="KsfBankImport.Tests.Unit.Views.QuickEntryPartnerTypeViewTest" file="C:\Users\prote\Documents\software-devel\ksf_bank_import\tests\unit\views\QuickEntryPartnerTypeViewTest.php" line="143" assertions="0" time="0.001660">
          <error type="Error">KsfBankImport\Tests\Unit\Views\QuickEntryPartnerTypeViewTest::testDisplayMethodOutputsHtml
Error: Object of class ArrayIterator could not be converted to string

C:\Users\prote\Documents\software-devel\ksf_bank_import\vendor\ksfraser\famock\php\FaDbStubs.php:89
C:\Users\prote\Documents\software-devel\ksf_bank_import\views\DataProviders\QuickEntryDataProvider.php:274
C:\Users\prote\Documents\software-devel\ksf_bank_import\views\DataProviders\QuickEntryDataProvider.php:183
C:\Users\prote\Documents\software-devel\ksf_bank_import\views\QuickEntryPartnerTypeView.v2.php:227
C:\Users\prote\Documents\software-devel\ksf_bank_import\views\QuickEntryPartnerTypeView.v2.php:184
C:\Users\prote\Documents\software-devel\ksf_bank_import\views\QuickEntryPartnerTypeView.v2.php:287
C:\Users\prote\Documents\software-devel\ksf_bank_import\tests\unit\views\QuickEntryPartnerTypeViewTest.php:152</error>
        </testcase>
        <testcase name="testHtmlStructureIsWellFormed" class="KsfBankImport\Tests\Unit\Views\QuickEntryPartnerTypeViewTest" classname="KsfBankImport.Tests.Unit.Views.QuickEntryPartnerTypeViewTest" file="C:\Users\prote\Documents\software-devel\ksf_bank_import\tests\unit\views\QuickEntryPartnerTypeViewTest.php" line="165" assertions="0" time="0.001119">
          <error type="Error">KsfBankImport\Tests\Unit\Views\QuickEntryPartnerTypeViewTest::testHtmlStructureIsWellFormed
Error: Object of class ArrayIterator could not be converted to string

C:\Users\prote\Documents\software-devel\ksf_bank_import\vendor\ksfraser\famock\php\FaDbStubs.php:89
C:\Users\prote\Documents\software-devel\ksf_bank_import\views\DataProviders\QuickEntryDataProvider.php:274
C:\Users\prote\Documents\software-devel\ksf_bank_import\views\DataProviders\QuickEntryDataProvider.php:183
C:\Users\prote\Documents\software-devel\ksf_bank_import\views\QuickEntryPartnerTypeView.v2.php:227
C:\Users\prote\Documents\software-devel\ksf_bank_import\views\QuickEntryPartnerTypeView.v2.php:184
C:\Users\prote\Documents\software-devel\ksf_bank_import\tests\unit\views\QuickEntryPartnerTypeViewTest.php:173</error>
        </testcase>
        <testcase name="testDepositTransactionTypeUsesQeDeposit" class="KsfBankImport\Tests\Unit\Views\QuickEntryPartnerTypeViewTest" classname="KsfBankImport.Tests.Unit.Views.QuickEntryPartnerTypeViewTest" file="C:\Users\prote\Documents\software-devel\ksf_bank_import\tests\unit\views\QuickEntryPartnerTypeViewTest.php" line="186" assertions="0" time="0.001800">
          <error type="Error">KsfBankImport\Tests\Unit\Views\QuickEntryPartnerTypeViewTest::testDepositTransactionTypeUsesQeDeposit
Error: Object of class ArrayIterator could not be converted to string

C:\Users\prote\Documents\software-devel\ksf_bank_import\vendor\ksfraser\famock\php\FaDbStubs.php:89
C:\Users\prote\Documents\software-devel\ksf_bank_import\views\DataProviders\QuickEntryDataProvider.php:274
C:\Users\prote\Documents\software-devel\ksf_bank_import\views\DataProviders\QuickEntryDataProvider.php:183
C:\Users\prote\Documents\software-devel\ksf_bank_import\views\QuickEntryPartnerTypeView.v2.php:227
C:\Users\prote\Documents\software-devel\ksf_bank_import\views\QuickEntryPartnerTypeView.v2.php:184
C:\Users\prote\Documents\software-devel\ksf_bank_import\tests\unit\views\QuickEntryPartnerTypeViewTest.php:194</error>
        </testcase>
        <testcase name="testPaymentTransactionTypeUsesQePayment" class="KsfBankImport\Tests\Unit\Views\QuickEntryPartnerTypeViewTest" classname="KsfBankImport.Tests.Unit.Views.QuickEntryPartnerTypeViewTest" file="C:\Users\prote\Documents\software-devel\ksf_bank_import\tests\unit\views\QuickEntryPartnerTypeViewTest.php" line="206" assertions="0" time="0.001876">
          <error type="Error">KsfBankImport\Tests\Unit\Views\QuickEntryPartnerTypeViewTest::testPaymentTransactionTypeUsesQePayment
Error: Object of class ArrayIterator could not be converted to string

C:\Users\prote\Documents\software-devel\ksf_bank_import\vendor\ksfraser\famock\php\FaDbStubs.php:89
C:\Users\prote\Documents\software-devel\ksf_bank_import\views\DataProviders\QuickEntryDataProvider.php:274
C:\Users\prote\Documents\software-devel\ksf_bank_import\views\DataProviders\QuickEntryDataProvider.php:183
C:\Users\prote\Documents\software-devel\ksf_bank_import\views\QuickEntryPartnerTypeView.v2.php:227
C:\Users\prote\Documents\software-devel\ksf_bank_import\views\QuickEntryPartnerTypeView.v2.php:184
C:\Users\prote\Documents\software-devel\ksf_bank_import\tests\unit\views\QuickEntryPartnerTypeViewTest.php:217</error>
        </testcase>
        <testcase name="testRendersBaseDescriptionWhenEntryIsSelected" class="KsfBankImport\Tests\Unit\Views\QuickEntryPartnerTypeViewTest" classname="KsfBankImport.Tests.Unit.Views.QuickEntryPartnerTypeViewTest" file="C:\Users\prote\Documents\software-devel\ksf_bank_import\tests\unit\views\QuickEntryPartnerTypeViewTest.php" line="229" assertions="0" time="0.001409">
          <error type="Error">KsfBankImport\Tests\Unit\Views\QuickEntryPartnerTypeViewTest::testRendersBaseDescriptionWhenEntryIsSelected
Error: Object of class ArrayIterator could not be converted to string

C:\Users\prote\Documents\software-devel\ksf_bank_import\vendor\ksfraser\famock\php\FaDbStubs.php:89
C:\Users\prote\Documents\software-devel\ksf_bank_import\views\DataProviders\QuickEntryDataProvider.php:274
C:\Users\prote\Documents\software-devel\ksf_bank_import\views\DataProviders\QuickEntryDataProvider.php:183
C:\Users\prote\Documents\software-devel\ksf_bank_import\views\QuickEntryPartnerTypeView.v2.php:227
C:\Users\prote\Documents\software-devel\ksf_bank_import\views\QuickEntryPartnerTypeView.v2.php:184
C:\Users\prote\Documents\software-devel\ksf_bank_import\tests\unit\views\QuickEntryPartnerTypeViewTest.php:240</error>
        </testcase>
        <testcase name="testNoDescriptionRenderedWhenNoEntrySelected" class="KsfBankImport\Tests\Unit\Views\QuickEntryPartnerTypeViewTest" classname="KsfBankImport.Tests.Unit.Views.QuickEntryPartnerTypeViewTest" file="C:\Users\prote\Documents\software-devel\ksf_bank_import\tests\unit\views\QuickEntryPartnerTypeViewTest.php" line="252" assertions="0" time="0.000938">
          <error type="Error">KsfBankImport\Tests\Unit\Views\QuickEntryPartnerTypeViewTest::testNoDescriptionRenderedWhenNoEntrySelected
Error: Object of class ArrayIterator could not be converted to string

C:\Users\prote\Documents\software-devel\ksf_bank_import\vendor\ksfraser\famock\php\FaDbStubs.php:89
C:\Users\prote\Documents\software-devel\ksf_bank_import\views\DataProviders\QuickEntryDataProvider.php:274
C:\Users\prote\Documents\software-devel\ksf_bank_import\views\DataProviders\QuickEntryDataProvider.php:183
C:\Users\prote\Documents\software-devel\ksf_bank_import\views\QuickEntryPartnerTypeView.v2.php:227
C:\Users\prote\Documents\software-devel\ksf_bank_import\views\QuickEntryPartnerTypeView.v2.php:184
C:\Users\prote\Documents\software-devel\ksf_bank_import\tests\unit\views\QuickEntryPartnerTypeViewTest.php:262</error>
        </testcase>
      </testsuite>
      <testsuite name="KsfBankImport\Tests\Unit\Views\SupplierPartnerTypeViewFinalTest" file="C:\Users\prote\Documents\software-devel\ksf_bank_import\tests\unit\views\SupplierPartnerTypeViewFinalTest.php" tests="6" assertions="1" errors="5" warnings="0" failures="0" skipped="0" time="0.006158">
        <testcase name="testConstructorAcceptsAllParameters" class="KsfBankImport\Tests\Unit\Views\SupplierPartnerTypeViewFinalTest" classname="KsfBankImport.Tests.Unit.Views.SupplierPartnerTypeViewFinalTest" file="C:\Users\prote\Documents\software-devel\ksf_bank_import\tests\unit\views\SupplierPartnerTypeViewFinalTest.php" line="78" assertions="1" time="0.001062"/>
        <testcase name="testGetHtmlReturnsRenderableOutput" class="KsfBankImport\Tests\Unit\Views\SupplierPartnerTypeViewFinalTest" classname="KsfBankImport.Tests.Unit.Views.SupplierPartnerTypeViewFinalTest" file="C:\Users\prote\Documents\software-devel\ksf_bank_import\tests\unit\views\SupplierPartnerTypeViewFinalTest.php" line="95" assertions="0" time="0.000979">
          <error type="Error">KsfBankImport\Tests\Unit\Views\SupplierPartnerTypeViewFinalTest::testGetHtmlReturnsRenderableOutput
Error: Object of class ArrayIterator could not be converted to string

C:\Users\prote\Documents\software-devel\ksf_bank_import\vendor\ksfraser\famock\php\FaDbStubs.php:89
C:\Users\prote\Documents\software-devel\ksf_bank_import\views\DataProviders\SupplierDataProvider.php:275
C:\Users\prote\Documents\software-devel\ksf_bank_import\views\DataProviders\SupplierDataProvider.php:156
C:\Users\prote\Documents\software-devel\ksf_bank_import\views\SupplierPartnerTypeView.v2.php:130
C:\Users\prote\Documents\software-devel\ksf_bank_import\views\SupplierPartnerTypeView.v2.php:100
C:\Users\prote\Documents\software-devel\ksf_bank_import\tests\unit\views\SupplierPartnerTypeViewFinalTest.php:104</error>
        </testcase>
        <testcase name="testHtmlContainsPaymentToLabel" class="KsfBankImport\Tests\Unit\Views\SupplierPartnerTypeViewFinalTest" classname="KsfBankImport.Tests.Unit.Views.SupplierPartnerTypeViewFinalTest" file="C:\Users\prote\Documents\software-devel\ksf_bank_import\tests\unit\views\SupplierPartnerTypeViewFinalTest.php" line="114" assertions="0" time="0.001019">
          <error type="Error">KsfBankImport\Tests\Unit\Views\SupplierPartnerTypeViewFinalTest::testHtmlContainsPaymentToLabel
Error: Object of class ArrayIterator could not be converted to string

C:\Users\prote\Documents\software-devel\ksf_bank_import\vendor\ksfraser\famock\php\FaDbStubs.php:89
C:\Users\prote\Documents\software-devel\ksf_bank_import\views\DataProviders\SupplierDataProvider.php:275
C:\Users\prote\Documents\software-devel\ksf_bank_import\views\DataProviders\SupplierDataProvider.php:156
C:\Users\prote\Documents\software-devel\ksf_bank_import\views\SupplierPartnerTypeView.v2.php:130
C:\Users\prote\Documents\software-devel\ksf_bank_import\views\SupplierPartnerTypeView.v2.php:100
C:\Users\prote\Documents\software-devel\ksf_bank_import\tests\unit\views\SupplierPartnerTypeViewFinalTest.php:123</error>
        </testcase>
        <testcase name="testUsesDataProviderForSupplierChecking" class="KsfBankImport\Tests\Unit\Views\SupplierPartnerTypeViewFinalTest" classname="KsfBankImport.Tests.Unit.Views.SupplierPartnerTypeViewFinalTest" file="C:\Users\prote\Documents\software-devel\ksf_bank_import\tests\unit\views\SupplierPartnerTypeViewFinalTest.php" line="138" assertions="0" time="0.000976">
          <error type="Error">KsfBankImport\Tests\Unit\Views\SupplierPartnerTypeViewFinalTest::testUsesDataProviderForSupplierChecking
Error: Object of class ArrayIterator could not be converted to string

C:\Users\prote\Documents\software-devel\ksf_bank_import\vendor\ksfraser\famock\php\FaDbStubs.php:89
C:\Users\prote\Documents\software-devel\ksf_bank_import\views\DataProviders\SupplierDataProvider.php:275
C:\Users\prote\Documents\software-devel\ksf_bank_import\views\DataProviders\SupplierDataProvider.php:156
C:\Users\prote\Documents\software-devel\ksf_bank_import\views\SupplierPartnerTypeView.v2.php:130
C:\Users\prote\Documents\software-devel\ksf_bank_import\views\SupplierPartnerTypeView.v2.php:100
C:\Users\prote\Documents\software-devel\ksf_bank_import\tests\unit\views\SupplierPartnerTypeViewFinalTest.php:152</error>
        </testcase>
        <testcase name="testDisplayMethodOutputsHtml" class="KsfBankImport\Tests\Unit\Views\SupplierPartnerTypeViewFinalTest" classname="KsfBankImport.Tests.Unit.Views.SupplierPartnerTypeViewFinalTest" file="C:\Users\prote\Documents\software-devel\ksf_bank_import\tests\unit\views\SupplierPartnerTypeViewFinalTest.php" line="161" assertions="0" time="0.001043">
          <error type="Error">KsfBankImport\Tests\Unit\Views\SupplierPartnerTypeViewFinalTest::testDisplayMethodOutputsHtml
Error: Object of class ArrayIterator could not be converted to string

C:\Users\prote\Documents\software-devel\ksf_bank_import\vendor\ksfraser\famock\php\FaDbStubs.php:89
C:\Users\prote\Documents\software-devel\ksf_bank_import\views\DataProviders\SupplierDataProvider.php:275
C:\Users\prote\Documents\software-devel\ksf_bank_import\views\DataProviders\SupplierDataProvider.php:156
C:\Users\prote\Documents\software-devel\ksf_bank_import\views\SupplierPartnerTypeView.v2.php:130
C:\Users\prote\Documents\software-devel\ksf_bank_import\views\SupplierPartnerTypeView.v2.php:100
C:\Users\prote\Documents\software-devel\ksf_bank_import\views\SupplierPartnerTypeView.v2.php:162
C:\Users\prote\Documents\software-devel\ksf_bank_import\tests\unit\views\SupplierPartnerTypeViewFinalTest.php:171</error>
        </testcase>
        <testcase name="testHtmlStructureIsWellFormed" class="KsfBankImport\Tests\Unit\Views\SupplierPartnerTypeViewFinalTest" classname="KsfBankImport.Tests.Unit.Views.SupplierPartnerTypeViewFinalTest" file="C:\Users\prote\Documents\software-devel\ksf_bank_import\tests\unit\views\SupplierPartnerTypeViewFinalTest.php" line="186" assertions="0" time="0.001079">
          <error type="Error">KsfBankImport\Tests\Unit\Views\SupplierPartnerTypeViewFinalTest::testHtmlStructureIsWellFormed
Error: Object of class ArrayIterator could not be converted to string

C:\Users\prote\Documents\software-devel\ksf_bank_import\vendor\ksfraser\famock\php\FaDbStubs.php:89
C:\Users\prote\Documents\software-devel\ksf_bank_import\views\DataProviders\SupplierDataProvider.php:275
C:\Users\prote\Documents\software-devel\ksf_bank_import\views\DataProviders\SupplierDataProvider.php:156
C:\Users\prote\Documents\software-devel\ksf_bank_import\views\SupplierPartnerTypeView.v2.php:130
C:\Users\prote\Documents\software-devel\ksf_bank_import\views\SupplierPartnerTypeView.v2.php:100
C:\Users\prote\Documents\software-devel\ksf_bank_import\tests\unit\views\SupplierPartnerTypeViewFinalTest.php:195</error>
        </testcase>
      </testsuite>
      <testsuite name="Tests\Unit\Views\TransDateTest" file="C:\Users\prote\Documents\software-devel\ksf_bank_import\tests\unit\views\TransDateTest.php" tests="6" assertions="12" errors="0" warnings="0" failures="0" skipped="0" time="0.007594">
        <testcase name="testCanBeInstantiated" class="Tests\Unit\Views\TransDateTest" classname="Tests.Unit.Views.TransDateTest" file="C:\Users\prote\Documents\software-devel\ksf_bank_import\tests\unit\views\TransDateTest.php" line="33" assertions="1" time="0.000849"/>
        <testcase name="testGetHtmlReturnsString" class="Tests\Unit\Views\TransDateTest" classname="Tests.Unit.Views.TransDateTest" file="C:\Users\prote\Documents\software-devel\ksf_bank_import\tests\unit\views\TransDateTest.php" line="44" assertions="2" time="0.001228"/>
        <testcase name="testGetHtmlContainsDateValues" class="Tests\Unit\Views\TransDateTest" classname="Tests.Unit.Views.TransDateTest" file="C:\Users\prote\Documents\software-devel\ksf_bank_import\tests\unit\views\TransDateTest.php" line="58" assertions="3" time="0.000991"/>
        <testcase name="testGetHtmlContainsLabel" class="Tests\Unit\Views\TransDateTest" classname="Tests.Unit.Views.TransDateTest" file="C:\Users\prote\Documents\software-devel\ksf_bank_import\tests\unit\views\TransDateTest.php" line="73" assertions="1" time="0.000976"/>
        <testcase name="testGetHtmlContainsTableRow" class="Tests\Unit\Views\TransDateTest" classname="Tests.Unit.Views.TransDateTest" file="C:\Users\prote\Documents\software-devel\ksf_bank_import\tests\unit\views\TransDateTest.php" line="86" assertions="3" time="0.002374"/>
        <testcase name="testToHtmlOutputsDirectly" class="Tests\Unit\Views\TransDateTest" classname="Tests.Unit.Views.TransDateTest" file="C:\Users\prote\Documents\software-devel\ksf_bank_import\tests\unit\views\TransDateTest.php" line="101" assertions="2" time="0.001177"/>
      </testsuite>
      <testsuite name="Tests\Unit\Views\TransTypeTest" file="C:\Users\prote\Documents\software-devel\ksf_bank_import\tests\unit\views\TransTypeTest.php" tests="14" assertions="49" errors="1" warnings="0" failures="1" skipped="0" time="0.092320">
        <testcase name="testCreditTransactionType" class="Tests\Unit\Views\TransTypeTest" classname="Tests.Unit.Views.TransTypeTest" file="C:\Users\prote\Documents\software-devel\ksf_bank_import\tests\unit\views\TransTypeTest.php" line="31" assertions="4" time="0.071675"/>
        <testcase name="testBankTransferTransactionType" class="Tests\Unit\Views\TransTypeTest" classname="Tests.Unit.Views.TransTypeTest" file="C:\Users\prote\Documents\software-devel\ksf_bank_import\tests\unit\views\TransTypeTest.php" line="47" assertions="4" time="0.001490"/>
        <testcase name="testDebitTransactionType" class="Tests\Unit\Views\TransTypeTest" classname="Tests.Unit.Views.TransTypeTest" file="C:\Users\prote\Documents\software-devel\ksf_bank_import\tests\unit\views\TransTypeTest.php" line="63" assertions="4" time="0.001147"/>
        <testcase name="testInvalidTransactionTypeDefaultsToDebit" class="Tests\Unit\Views\TransTypeTest" classname="Tests.Unit.Views.TransTypeTest" file="C:\Users\prote\Documents\software-devel\ksf_bank_import\tests\unit\views\TransTypeTest.php" line="79" assertions="4" time="0.001196"/>
        <testcase name="testNullTransactionTypeDefaultsToDebit" class="Tests\Unit\Views\TransTypeTest" classname="Tests.Unit.Views.TransTypeTest" file="C:\Users\prote\Documents\software-devel\ksf_bank_import\tests\unit\views\TransTypeTest.php" line="95" assertions="3" time="0.001187"/>
        <testcase name="testEmptyTransactionTypeDefaultsToDebit" class="Tests\Unit\Views\TransTypeTest" classname="Tests.Unit.Views.TransTypeTest" file="C:\Users\prote\Documents\software-devel\ksf_bank_import\tests\unit\views\TransTypeTest.php" line="110" assertions="3" time="0.001118"/>
        <testcase name="testNumericTransactionTypeDefaultsToDebit" class="Tests\Unit\Views\TransTypeTest" classname="Tests.Unit.Views.TransTypeTest" file="C:\Users\prote\Documents\software-devel\ksf_bank_import\tests\unit\views\TransTypeTest.php" line="125" assertions="3" time="0.001029"/>
        <testcase name="testLowercaseTransactionTypeDefaultsToDebit" class="Tests\Unit\Views\TransTypeTest" classname="Tests.Unit.Views.TransTypeTest" file="C:\Users\prote\Documents\software-devel\ksf_bank_import\tests\unit\views\TransTypeTest.php" line="140" assertions="3" time="0.001448"/>
        <testcase name="testMissingTransactionDCProperty" class="Tests\Unit\Views\TransTypeTest" classname="Tests.Unit.Views.TransTypeTest" file="C:\Users\prote\Documents\software-devel\ksf_bank_import\tests\unit\views\TransTypeTest.php" line="155" assertions="0" time="0.000711">
          <error type="PHPUnit\Framework\Error\Warning">Tests\Unit\Views\TransTypeTest::testMissingTransactionDCProperty
Undefined property: stdClass::$transactionDC

C:\Users\prote\Documents\software-devel\ksf_bank_import\src\Ksfraser\FaBankImport\views\TransType.php:23
C:\Users\prote\Documents\software-devel\ksf_bank_import\tests\unit\views\TransTypeTest.php:158</error>
        </testcase>
        <testcase name="testHtmlOutputStructure" class="Tests\Unit\Views\TransTypeTest" classname="Tests.Unit.Views.TransTypeTest" file="C:\Users\prote\Documents\software-devel\ksf_bank_import\tests\unit\views\TransTypeTest.php" line="169" assertions="3" time="0.001762">
          <failure type="PHPUnit\Framework\ExpectationFailedException">Tests\Unit\Views\TransTypeTest::testHtmlOutputStructure
Failed asserting that '&lt;tr&gt;&lt;td  class="label" width="25%" width="25%" class="label"  &gt;Trans Type:&lt;/td&gt;&lt;td   &gt;Credit&lt;/td&gt;&lt;/tr&gt;' does not contain "C".

C:\Users\prote\Documents\software-devel\ksf_bank_import\tests\unit\views\TransTypeTest.php:181</failure>
        </testcase>
        <testcase name="testImplementsHtmlElementInterface" class="Tests\Unit\Views\TransTypeTest" classname="Tests.Unit.Views.TransTypeTest" file="C:\Users\prote\Documents\software-devel\ksf_bank_import\tests\unit\views\TransTypeTest.php" line="191" assertions="2" time="0.001027"/>
        <testcase name="testToHtmlOutputsDirectly" class="Tests\Unit\Views\TransTypeTest" classname="Tests.Unit.Views.TransTypeTest" file="C:\Users\prote\Documents\software-devel\ksf_bank_import\tests\unit\views\TransTypeTest.php" line="203" assertions="3" time="0.001058"/>
        <testcase name="testAllValidTransactionTypes" class="Tests\Unit\Views\TransTypeTest" classname="Tests.Unit.Views.TransTypeTest" file="C:\Users\prote\Documents\software-devel\ksf_bank_import\tests\unit\views\TransTypeTest.php" line="220" assertions="3" time="0.002452"/>
        <testcase name="testInvalidValuesDefaultToDebit" class="Tests\Unit\Views\TransTypeTest" classname="Tests.Unit.Views.TransTypeTest" file="C:\Users\prote\Documents\software-devel\ksf_bank_import\tests\unit\views\TransTypeTest.php" line="241" assertions="10" time="0.005018"/>
      </testsuite>
      <testsuite name="KsfBankImport\Tests\Unit\Views\ViewFactoryTest" file="C:\Users\prote\Documents\software-devel\ksf_bank_import\tests\unit\views\ViewFactoryTest.php" tests="12" assertions="17" errors="1" warnings="0" failures="0" skipped="0" time="0.010459">
        <testcase name="testCreatesSupplierView" class="KsfBankImport\Tests\Unit\Views\ViewFactoryTest" classname="KsfBankImport.Tests.Unit.Views.ViewFactoryTest" file="C:\Users\prote\Documents\software-devel\ksf_bank_import\tests\unit\views\ViewFactoryTest.php" line="54" assertions="1" time="0.000676"/>
        <testcase name="testCreatesCustomerView" class="KsfBankImport\Tests\Unit\Views\ViewFactoryTest" classname="KsfBankImport.Tests.Unit.Views.ViewFactoryTest" file="C:\Users\prote\Documents\software-devel\ksf_bank_import\tests\unit\views\ViewFactoryTest.php" line="74" assertions="1" time="0.001317"/>
        <testcase name="testCreatesBankTransferView" class="KsfBankImport\Tests\Unit\Views\ViewFactoryTest" classname="KsfBankImport.Tests.Unit.Views.ViewFactoryTest" file="C:\Users\prote\Documents\software-devel\ksf_bank_import\tests\unit\views\ViewFactoryTest.php" line="96" assertions="1" time="0.000762"/>
        <testcase name="testCreatesQuickEntryViewForDeposit" class="KsfBankImport\Tests\Unit\Views\ViewFactoryTest" classname="KsfBankImport.Tests.Unit.Views.ViewFactoryTest" file="C:\Users\prote\Documents\software-devel\ksf_bank_import\tests\unit\views\ViewFactoryTest.php" line="118" assertions="1" time="0.000626"/>
        <testcase name="testCreatesQuickEntryViewForPayment" class="KsfBankImport\Tests\Unit\Views\ViewFactoryTest" classname="KsfBankImport.Tests.Unit.Views.ViewFactoryTest" file="C:\Users\prote\Documents\software-devel\ksf_bank_import\tests\unit\views\ViewFactoryTest.php" line="135" assertions="1" time="0.000614"/>
        <testcase name="testThrowsExceptionForUnknownPartnerType" class="KsfBankImport\Tests\Unit\Views\ViewFactoryTest" classname="KsfBankImport.Tests.Unit.Views.ViewFactoryTest" file="C:\Users\prote\Documents\software-devel\ksf_bank_import\tests\unit\views\ViewFactoryTest.php" line="151" assertions="2" time="0.000670"/>
        <testcase name="testUsesConstantsForPartnerTypes" class="KsfBankImport\Tests\Unit\Views\ViewFactoryTest" classname="KsfBankImport.Tests.Unit.Views.ViewFactoryTest" file="C:\Users\prote\Documents\software-devel\ksf_bank_import\tests\unit\views\ViewFactoryTest.php" line="168" assertions="1" time="0.000602"/>
        <testcase name="testGetValidPartnerTypesReturnsArray" class="KsfBankImport\Tests\Unit\Views\ViewFactoryTest" classname="KsfBankImport.Tests.Unit.Views.ViewFactoryTest" file="C:\Users\prote\Documents\software-devel\ksf_bank_import\tests\unit\views\ViewFactoryTest.php" line="184" assertions="6" time="0.002051"/>
        <testcase name="testSupplierViewWithMinimalContext" class="KsfBankImport\Tests\Unit\Views\ViewFactoryTest" classname="KsfBankImport.Tests.Unit.Views.ViewFactoryTest" file="C:\Users\prote\Documents\software-devel\ksf_bank_import\tests\unit\views\ViewFactoryTest.php" line="201" assertions="1" time="0.000938"/>
        <testcase name="testCustomerViewWithMinimalContext" class="KsfBankImport\Tests\Unit\Views\ViewFactoryTest" classname="KsfBankImport.Tests.Unit.Views.ViewFactoryTest" file="C:\Users\prote\Documents\software-devel\ksf_bank_import\tests\unit\views\ViewFactoryTest.php" line="217" assertions="1" time="0.000663"/>
        <testcase name="testBankTransferViewWithMinimalContext" class="KsfBankImport\Tests\Unit\Views\ViewFactoryTest" classname="KsfBankImport.Tests.Unit.Views.ViewFactoryTest" file="C:\Users\prote\Documents\software-devel\ksf_bank_import\tests\unit\views\ViewFactoryTest.php" line="233" assertions="1" time="0.000615"/>
        <testcase name="testCreatedViewsCanGenerateHtml" class="KsfBankImport\Tests\Unit\Views\ViewFactoryTest" classname="KsfBankImport.Tests.Unit.Views.ViewFactoryTest" file="C:\Users\prote\Documents\software-devel\ksf_bank_import\tests\unit\views\ViewFactoryTest.php" line="249" assertions="0" time="0.000924">
          <error type="Error">KsfBankImport\Tests\Unit\Views\ViewFactoryTest::testCreatedViewsCanGenerateHtml
Error: Object of class ArrayIterator could not be converted to string

C:\Users\prote\Documents\software-devel\ksf_bank_import\vendor\ksfraser\famock\php\FaDbStubs.php:89
C:\Users\prote\Documents\software-devel\ksf_bank_import\views\DataProviders\SupplierDataProvider.php:275
C:\Users\prote\Documents\software-devel\ksf_bank_import\views\DataProviders\SupplierDataProvider.php:156
C:\Users\prote\Documents\software-devel\ksf_bank_import\views\SupplierPartnerTypeView.v2.php:130
C:\Users\prote\Documents\software-devel\ksf_bank_import\views\SupplierPartnerTypeView.v2.php:100
C:\Users\prote\Documents\software-devel\ksf_bank_import\tests\unit\views\ViewFactoryTest.php:257</error>
        </testcase>
      </testsuite>
    </testsuite>
    <testsuite name="Integration (Legacy)" tests="338" assertions="461" errors="22" warnings="1" failures="15" skipped="159" time="2.208607">
      <testsuite name="Tests\Integration\BankAccountMapping\ImportPipelineTest" file="C:\Users\prote\Documents\software-devel\ksf_bank_import\tests\integration\BankAccountMapping\ImportPipelineTest.php" tests="18" assertions="30" errors="0" warnings="0" failures="8" skipped="0" time="0.048439">
        <testcase name="test_import_statements_extracts_mapping_from_ofx_data" class="Tests\Integration\BankAccountMapping\ImportPipelineTest" classname="Tests.Integration.BankAccountMapping.ImportPipelineTest" file="C:\Users\prote\Documents\software-devel\ksf_bank_import\tests\integration\BankAccountMapping\ImportPipelineTest.php" line="94" assertions="4" time="0.019174"/>
        <testcase name="test_import_normalizes_ofx_identifiers_correctly" class="Tests\Integration\BankAccountMapping\ImportPipelineTest" classname="Tests.Integration.BankAccountMapping.ImportPipelineTest" file="C:\Users\prote\Documents\software-devel\ksf_bank_import\tests\integration\BankAccountMapping\ImportPipelineTest.php" line="110" assertions="3" time="0.000663"/>
        <testcase name="test_import_handles_null_identifiers_safely" class="Tests\Integration\BankAccountMapping\ImportPipelineTest" classname="Tests.Integration.BankAccountMapping.ImportPipelineTest" file="C:\Users\prote\Documents\software-devel\ksf_bank_import\tests\integration\BankAccountMapping\ImportPipelineTest.php" line="129" assertions="4" time="0.000727"/>
        <testcase name="test_import_handles_multiple_currencies" class="Tests\Integration\BankAccountMapping\ImportPipelineTest" classname="Tests.Integration.BankAccountMapping.ImportPipelineTest" file="C:\Users\prote\Documents\software-devel\ksf_bank_import\tests\integration\BankAccountMapping\ImportPipelineTest.php" line="145" assertions="4" time="0.001224"/>
        <testcase name="test_import_performance_extraction_baseline" class="Tests\Integration\BankAccountMapping\ImportPipelineTest" classname="Tests.Integration.BankAccountMapping.ImportPipelineTest" file="C:\Users\prote\Documents\software-devel\ksf_bank_import\tests\integration\BankAccountMapping\ImportPipelineTest.php" line="161" assertions="1" time="0.007702"/>
        <testcase name="test_import_statements_stores_mapping_in_repository" class="Tests\Integration\BankAccountMapping\ImportPipelineTest" classname="Tests.Integration.BankAccountMapping.ImportPipelineTest" file="C:\Users\prote\Documents\software-devel\ksf_bank_import\tests\integration\BankAccountMapping\ImportPipelineTest.php" line="181" assertions="1" time="0.000933">
          <failure type="PHPUnit\Framework\ExpectationFailedException">Tests\Integration\BankAccountMapping\ImportPipelineTest::test_import_statements_stores_mapping_in_repository
Failed asserting that 0 is greater than 0.

C:\Users\prote\Documents\software-devel\ksf_bank_import\tests\integration\BankAccountMapping\ImportPipelineTest.php:185</failure>
        </testcase>
        <testcase name="test_process_statements_cascades_mapping_to_transactions" class="Tests\Integration\BankAccountMapping\ImportPipelineTest" classname="Tests.Integration.BankAccountMapping.ImportPipelineTest" file="C:\Users\prote\Documents\software-devel\ksf_bank_import\tests\integration\BankAccountMapping\ImportPipelineTest.php" line="189" assertions="1" time="0.001152">
          <failure type="PHPUnit\Framework\ExpectationFailedException">Tests\Integration\BankAccountMapping\ImportPipelineTest::test_process_statements_cascades_mapping_to_transactions
Failed asserting that null is not null.

C:\Users\prote\Documents\software-devel\ksf_bank_import\tests\integration\BankAccountMapping\ImportPipelineTest.php:196</failure>
        </testcase>
        <testcase name="test_import_handles_duplicate_mappings_gracefully" class="Tests\Integration\BankAccountMapping\ImportPipelineTest" classname="Tests.Integration.BankAccountMapping.ImportPipelineTest" file="C:\Users\prote\Documents\software-devel\ksf_bank_import\tests\integration\BankAccountMapping\ImportPipelineTest.php" line="200" assertions="1" time="0.000791"/>
        <testcase name="test_import_conflict_resolution_strategy" class="Tests\Integration\BankAccountMapping\ImportPipelineTest" classname="Tests.Integration.BankAccountMapping.ImportPipelineTest" file="C:\Users\prote\Documents\software-devel\ksf_bank_import\tests\integration\BankAccountMapping\ImportPipelineTest.php" line="208" assertions="1" time="0.002237">
          <failure type="PHPUnit\Framework\ExpectationFailedException">Tests\Integration\BankAccountMapping\ImportPipelineTest::test_import_conflict_resolution_strategy
Failed asserting that null is not null.

C:\Users\prote\Documents\software-devel\ksf_bank_import\tests\integration\BankAccountMapping\ImportPipelineTest.php:215</failure>
        </testcase>
        <testcase name="test_import_maintains_audit_trail" class="Tests\Integration\BankAccountMapping\ImportPipelineTest" classname="Tests.Integration.BankAccountMapping.ImportPipelineTest" file="C:\Users\prote\Documents\software-devel\ksf_bank_import\tests\integration\BankAccountMapping\ImportPipelineTest.php" line="218" assertions="1" time="0.000973">
          <failure type="PHPUnit\Framework\ExpectationFailedException">Tests\Integration\BankAccountMapping\ImportPipelineTest::test_import_maintains_audit_trail
Failed asserting that null is not null.

C:\Users\prote\Documents\software-devel\ksf_bank_import\tests\integration\BankAccountMapping\ImportPipelineTest.php:223</failure>
        </testcase>
        <testcase name="test_complete_ofx_import_to_match_flow" class="Tests\Integration\BankAccountMapping\ImportPipelineTest" classname="Tests.Integration.BankAccountMapping.ImportPipelineTest" file="C:\Users\prote\Documents\software-devel\ksf_bank_import\tests\integration\BankAccountMapping\ImportPipelineTest.php" line="231" assertions="2" time="0.001070">
          <failure type="PHPUnit\Framework\ExpectationFailedException">Tests\Integration\BankAccountMapping\ImportPipelineTest::test_complete_ofx_import_to_match_flow
Failed asserting that 0 is greater than 0.

C:\Users\prote\Documents\software-devel\ksf_bank_import\tests\integration\BankAccountMapping\ImportPipelineTest.php:240</failure>
        </testcase>
        <testcase name="test_import_idempotency_repeated_imports_safe" class="Tests\Integration\BankAccountMapping\ImportPipelineTest" classname="Tests.Integration.BankAccountMapping.ImportPipelineTest" file="C:\Users\prote\Documents\software-devel\ksf_bank_import\tests\integration\BankAccountMapping\ImportPipelineTest.php" line="245" assertions="1" time="0.001106"/>
        <testcase name="test_import_performance_batch_acceptable" class="Tests\Integration\BankAccountMapping\ImportPipelineTest" classname="Tests.Integration.BankAccountMapping.ImportPipelineTest" file="C:\Users\prote\Documents\software-devel\ksf_bank_import\tests\integration\BankAccountMapping\ImportPipelineTest.php" line="260" assertions="1" time="0.005188"/>
        <testcase name="test_regression_import_statements_unchanged_functionality" class="Tests\Integration\BankAccountMapping\ImportPipelineTest" classname="Tests.Integration.BankAccountMapping.ImportPipelineTest" file="C:\Users\prote\Documents\software-devel\ksf_bank_import\tests\integration\BankAccountMapping\ImportPipelineTest.php" line="278" assertions="1" time="0.000660"/>
        <testcase name="test_regression_no_data_loss_during_import" class="Tests\Integration\BankAccountMapping\ImportPipelineTest" classname="Tests.Integration.BankAccountMapping.ImportPipelineTest" file="C:\Users\prote\Documents\software-devel\ksf_bank_import\tests\integration\BankAccountMapping\ImportPipelineTest.php" line="291" assertions="1" time="0.000942">
          <failure type="PHPUnit\Framework\ExpectationFailedException">Tests\Integration\BankAccountMapping\ImportPipelineTest::test_regression_no_data_loss_during_import
Failed asserting that null is not null.

C:\Users\prote\Documents\software-devel\ksf_bank_import\tests\integration\BankAccountMapping\ImportPipelineTest.php:302</failure>
        </testcase>
        <testcase name="test_import_conflict_handling_strategy" class="Tests\Integration\BankAccountMapping\ImportPipelineTest" classname="Tests.Integration.BankAccountMapping.ImportPipelineTest" file="C:\Users\prote\Documents\software-devel\ksf_bank_import\tests\integration\BankAccountMapping\ImportPipelineTest.php" line="307" assertions="1" time="0.002216">
          <failure type="PHPUnit\Framework\ExpectationFailedException">Tests\Integration\BankAccountMapping\ImportPipelineTest::test_import_conflict_handling_strategy
Mapping not found for [test_bank_p3, test_acct_p3, intuit_test_p3]
Failed asserting that null is not null.

C:\Users\prote\Documents\software-devel\ksf_bank_import\tests\integration\BankAccountMapping\ImportPipelineTest.php:87
C:\Users\prote\Documents\software-devel\ksf_bank_import\tests\integration\BankAccountMapping\ImportPipelineTest.php:310</failure>
        </testcase>
        <testcase name="test_import_updates_existing_mapping_links" class="Tests\Integration\BankAccountMapping\ImportPipelineTest" classname="Tests.Integration.BankAccountMapping.ImportPipelineTest" file="C:\Users\prote\Documents\software-devel\ksf_bank_import\tests\integration\BankAccountMapping\ImportPipelineTest.php" line="314" assertions="1" time="0.000767"/>
        <testcase name="test_regression_process_statements_unchanged_functionality" class="Tests\Integration\BankAccountMapping\ImportPipelineTest" classname="Tests.Integration.BankAccountMapping.ImportPipelineTest" file="C:\Users\prote\Documents\software-devel\ksf_bank_import\tests\integration\BankAccountMapping\ImportPipelineTest.php" line="325" assertions="1" time="0.000915">
          <failure type="PHPUnit\Framework\ExpectationFailedException">Tests\Integration\BankAccountMapping\ImportPipelineTest::test_regression_process_statements_unchanged_functionality
Failed asserting that null is not null.

C:\Users\prote\Documents\software-devel\ksf_bank_import\tests\integration\BankAccountMapping\ImportPipelineTest.php:331</failure>
        </testcase>
      </testsuite>
      <testsuite name="KsfBankImport\Tests\Integration\BiCounterpartyModelProductionBaselineTest" file="C:\Users\prote\Documents\software-devel\ksf_bank_import\tests\integration\BiCounterpartyModelProductionBaselineTest.php" tests="10" assertions="20" errors="0" warnings="0" failures="3" skipped="1" time="0.008270">
        <testcase name="testProdBaseline_ClassExistsAndExtendsBaseModel" class="KsfBankImport\Tests\Integration\BiCounterpartyModelProductionBaselineTest" classname="KsfBankImport.Tests.Integration.BiCounterpartyModelProductionBaselineTest" file="C:\Users\prote\Documents\software-devel\ksf_bank_import\tests\integration\BiCounterpartyModelProductionBaselineTest.php" line="27" assertions="2" time="0.001033">
          <failure type="PHPUnit\Framework\ExpectationFailedException">KsfBankImport\Tests\Integration\BiCounterpartyModelProductionBaselineTest::testProdBaseline_ClassExistsAndExtendsBaseModel
PROD: bi_counterparty_model should extend generic_fa_interface_model
Failed asserting that '&lt;?php\r\n
\r\n
/**\r\n
 * @author Kevin Fraser\r\n
 * @since 20250409\r\n
 */\r\n
\r\n
/****************************************************************************************\r\n
 * Table and handling class for staging of imported financial data\r\n
 *\r\n
 * This table will hold each record that we are importing.  That way we can check if\r\n
 * we have already seen the record when re-processing the same file, or perhaps one\r\n
 * from the same source that overlaps dates so we would have duplicate data.\r\n
 *\r\n
 * *************************************************************************************/\r\n
\r\n
\r\n
/*******************************************\r\n
 * If you change the list of properties below, ensure that you also modify\r\n
 * build_write_properties_array\r\n
 * */\r\n
\r\n
/*\r\n
 *\r\n
 * Each import type needs to read in the source document, and process line by line placing a record into this class.\r\n
 * This class then needs to insert the record.\r\n
 *\r\n
 * This table should not have any views (forms).\r\n
 * */\r\n
\r\n
\r\n
/**//**************************************************************************************************************\r\n
* A DATA class to handle the storage and retrieval of bank records.  STAGE the records before processing into FA.\r\n
*\r\n
*	Various bank account info providers have different fields/formats for their data.\r\n
*	We also will handle QuickBookd QIF, as well as Quicken/MS Money/OFX files\r\n
*\r\n
*	Looking at bank_import (which processes MT940 files) they have 2 staging tables - Statements and Transactions.\r\n
*		MT940 is used by the SWIFT network\r\n
*	BI also has 2 CSV parsers.  I was able to extend to parse WMMC. 20240112\r\n
*\r\n
*	Bank Statements show \r\n
*		Money In \r\n
*			Bank Deposits\r\n
*			Account Transfer\r\n
*			Interest\r\n
*		Money Out\r\n
*			Bill Payments\r\n
*			Account Transfers\r\n
*			Interest and Fees\r\n
*	CC Statements show\r\n
*		Money In\r\n
*			Payments (from a bank account)\r\n
*			Vendor Transactions (Refunds)\r\n
*		Money Out\r\n
*			Vendor Transactions (Purchases)\r\n
*			Interest\r\n
*			Fees\r\n
*	Square / Paypal / Dream / ... show\r\n
*		Money In\r\n
*			Customers purchases (Sales)\r\n
*				Customer Info\r\n
*				Transaction Info\r\n
*		Money Out\r\n
*			Bank Account Transfer\r\n
*			Customer Refunds\r\n
*			Fees\r\n
*			Interest??\r\n
*\r\n
*\r\n
*	***** WARNING *** WARNING *** WARNING *****\r\n
*	MySQL has a row limit of 4k.  Having a bunch of large fields can lead to errors and issues.\r\n
*\r\n
******************************************************************************************************************/\r\n
class bi_counterparty_model {\r\n
	use Ksfraser\GenericInterface\GenericFaInterfaceTrait;\r\n
	var $id_bi_counterparty_model;	//!&lt; Index of table\r\n
\r\n
	protected $card_type;			//Dream Payments\r\n
	protected $card_number;			//Dream Payments\r\n
	protected $receipt_sent;		//Dream Payments\r\n
	public $receipt_email;		//Dream Payments\r\n
	public $receipt_mobile_number;	//Dream Payments\r\n
	public $bank_id;									//OFX BANKID		//MT940 BI\r\n
	public $bank_name;\r\n
	public $account_id;									//OFX ACCTID		//MT940\r\n
	public $FID;										//OFX FITID or FID\r\n
	public $org;										//OFX ORG\r\n
	public $memo;									//OFX MEMO				//PAYPAL NOTE\r\n
	public $name;									//OFX NAME - TRANSFER, CHEQUE, DEPOSIT	//Paypal\r\n
	public $currency;									//OFX CURRDEF		//MT940 	//Paypal\r\n
	public $inserted_fa;	//!&lt;bool has this record been added to customers/suppliers?\r\n
	public $vendor_SIC;									//OFX SIC\r\n
	public $accountName;	//!&lt;char(60)										//MT940\r\n
	public $from_email;														//Paypal\r\n
	public $to_email;														//Paypal\r\n
	public $shipping_address;													//Paypal\r\n
	public $ship_addr_status;													//Paypal CONFIRMED\r\n
	public $address1;														//Paypal\r\n
	public $address2;														//Paypal\r\n
	public $city;														//Paypal\r\n
	public $state;														//Paypal\r\n
	public $zip;															//Paypal\r\n
	public $country;														//Paypal\r\n
	public $phone;														//Paypal\r\n
	public $subject;														//Paypal\r\n
	public $country_code;													//Paypal\r\n
	public $counterpartyType;	//Supplier, Customer.  Eventually Employee?\r\n
	public $counterpartyId;	//The ID of the customer/supplier.\r\n
\r\n
	function __construct()\r\n
	{\r\n
		// parent::__construct(); // Removed: no parent class after trait refactor\r\n
	}\r\n
	function define_table()\r\n
	{\r\n
		$ind = "id_" . $this-&gt;iam;\r\n
		$this-&gt;fields_array[] = array('name' =&gt; $ind, 'type' =&gt; 'int(11)', 'auto_increment' =&gt; 'yes', 'readwrite' =&gt; 'read' );\r\n
		$this-&gt;fields_array[] = array('name' =&gt; 'updated_ts', 'type' =&gt; 'timestamp', 'null' =&gt; 'NOT NULL', 'default' =&gt; 'CURRENT_TIMESTAMP', 'readwrite' =&gt; 'read' );\r\n
		$this-&gt;table_details['tablename'] = $this-&gt;company_prefix . $this-&gt;iam;\r\n
		$this-&gt;table_details['primarykey'] = $ind;\r\n
		$this-&gt;table_details['orderby'] = 'transaction_date, transaction_id';\r\n
		$this-&gt;table_details['index'][0]['type'] = 'unique';\r\n
		$this-&gt;table_details['index'][0]['columns'] = "transaction_id";\r\n
		$this-&gt;table_details['index'][0]['keyname'] = "transaction_id";\r\n
		//$this-&gt;fields_array[] = array('name' =&gt; 'stock_id', 'label' =&gt; 'SKU', 'type' =&gt; 'varchar(256)', 'null' =&gt; 'NOT NULL',  'readwrite' =&gt; 'readwrite');\r\n
		//$sidl = 'varchar(' . STOCK_ID_LENGTH . ')';\r\n
		//$descl = 'varchar(' . DESCRIPTION_LENGTH . ')';\r\n
\r\n
		$this-&gt;fields_array[] = array('name' =&gt; 'inserted_fa', 'label' =&gt; 'Inserted into FA', 'type' =&gt; 'bool', 'null' =&gt; 'NOT NULL',  'readwrite' =&gt; 'readwrite', 'default' =&gt; '0' );\r\n
		$this-&gt;fields_array[] = array('name' =&gt; 'card_type', 'label' =&gt; 'card_type', 'type' =&gt; 'varchar(STOCK_ID_LENGTH)', 'null' =&gt; 'NOT NULL',  'readwrite' =&gt; 'readwrite', 'comment' =&gt; '		Dream Payments ' );\r\n
		$this-&gt;fields_array[] = array('name' =&gt; 'card_number', 'label' =&gt; 'card_number', 'type' =&gt; 'varchar(STOCK_ID_LENGTH)', 'null' =&gt; 'NOT NULL',  'readwrite' =&gt; 'readwrite', 'comment' =&gt; '		Dream Payments ' );\r\n
		$this-&gt;fields_array[] = array('name' =&gt; 'receipt_sent', 'label' =&gt; 'receipt_sent', 'type' =&gt; 'varchar(STOCK_ID_LENGTH)', 'null' =&gt; 'NOT NULL',  'readwrite' =&gt; 'readwrite', 'comment' =&gt; '	Dream Payments ' );\r\n
		$this-&gt;fields_array[] = array('name' =&gt; 'receipt_email', 'label' =&gt; 'receipt_email', 'type' =&gt; 'varchar(STOCK_ID_LENGTH)', 'null' =&gt; 'NOT NULL',  'readwrite' =&gt; 'readwrite', 'comment' =&gt; '	Dream Payments ' );\r\n
		$this-&gt;fields_array[] = array('name' =&gt; 'receipt_mobile_number', 'label' =&gt; 'receipt_mobile_number', 'type' =&gt; 'varchar(STOCK_ID_LENGTH)', 'null' =&gt; 'NOT NULL',  'readwrite' =&gt; 'readwrite', 'comment' =&gt; 'Dream Payments ' );\r\n
	\r\n
		$this-&gt;fields_array[] = array('name' =&gt; 'bank_id', 'label' =&gt; 'OFX BANKID', 'type' =&gt; 'varchar(STOCK_ID_LENGTH)', 'null' =&gt; 'NOT NULL',  'readwrite' =&gt; 'readwrite', 'comment' =&gt; 'OFX BANKID' );\r\n
		$this-&gt;fields_array[] = array('name' =&gt; 'bank_name', 'label' =&gt; 'Bank Name', 'type' =&gt; 'varchar(STOCK_ID_LENGTH)', 'null' =&gt; 'NOT NULL',  'readwrite' =&gt; 'readwrite', 'comment' =&gt; 'Bank Name' );\r\n
		$this-&gt;fields_array[] = array('name' =&gt; 'account_id', 'label' =&gt; 'OFX ACCTID', 'type' =&gt; 'varchar(STOCK_ID_LENGTH)', 'null' =&gt; 'NOT NULL',  'readwrite' =&gt; 'readwrite', 'comment' =&gt; 'OFX ACCTID ' );			\r\n
		$this-&gt;fields_array[] = array('name' =&gt; 'FID', 'label' =&gt; 'OFX FITID or FID', 'type' =&gt; 'varchar(STOCK_ID_LENGTH)', 'null' =&gt; 'NOT NULL',  'readwrite' =&gt; 'readwrite', 'comment' =&gt; 'OFX FITID or FID ' );	\r\n
		$this-&gt;fields_array[] = array('name' =&gt; 'org', 'label' =&gt; 'OFX ORG', 'type' =&gt; 'varchar(STOCK_ID_LENGTH)', 'null' =&gt; 'NOT NULL',  'readwrite' =&gt; 'readwrite', 'comment' =&gt; 'OFX ORG ' );\r\n
		$this-&gt;fields_array[] = array('name' =&gt; 'memo', 'label' =&gt; 'OFX MEMO', 'type' =&gt; 'varchar(STOCK_ID_LENGTH)', 'null' =&gt; 'NOT NULL',  'readwrite' =&gt; 'readwrite', 'comment' =&gt; 'OFX MEMO ' );\r\n
		$this-&gt;fields_array[] = array('name' =&gt; 'name', 'label' =&gt; 'OFX NAME', 'type' =&gt; 'varchar(STOCK_ID_LENGTH)', 'null' =&gt; 'NOT NULL',  'readwrite' =&gt; 'readwrite', 'comment' =&gt; 'OFX NAME ' );	// - TRABSFER, CHEQUE, DEPOSIT\r\n
		$this-&gt;fields_array[] = array('name' =&gt; 'currency', 'label' =&gt; 'OFX CURRDEF', 'type' =&gt; 'varchar(STOCK_ID_LENGTH)', 'null' =&gt; 'NOT NULL',  'readwrite' =&gt; 'readwrite', 'comment' =&gt; 'OFX CURRDEF ' );\r\n
\r\n
		$this-&gt;fields_array[] = array('name' =&gt; 'vendor_SIC', 'label' =&gt; 'Vendor Store ID Code', 'type' =&gt; 'varchar(STOCK_ID_LENGTH)', 'null' =&gt; 'NOT NULL',  'readwrite' =&gt; 'readwrite', 'comment' =&gt; 'Store ID from OFX' );\r\n
		$this-&gt;fields_array[] = array('name' =&gt; 'accountName', 'label' =&gt; 'Account Name', 'type' =&gt; 'varchar(STOCK_ID_LENGTH)', 'null' =&gt; 'NOT NULL',  'readwrite' =&gt; 'readwrite', 'comment' =&gt; 'mt940 ' );			\r\n
\r\n
		$this-&gt;fields_array[] = array('name' =&gt; 'from_email', 'label' =&gt; 'From Email', 'type' =&gt; 'varchar(STOCK_ID_LENGTH)', 'null' =&gt; 'NOT NULL',  'readwrite' =&gt; 'readwrite', 'comment' =&gt; '' );				\r\n
		$this-&gt;fields_array[] = array('name' =&gt; 'to_email', 'label' =&gt; 'To Email', 'type' =&gt; 'varchar(STOCK_ID_LENGTH)', 'null' =&gt; 'NOT NULL',  'readwrite' =&gt; 'readwrite', 'comment' =&gt; '' );				\r\n
		$this-&gt;fields_array[] = array('name' =&gt; 'shipping_address', 'label' =&gt; 'Shipping Address', 'type' =&gt; 'varchar(STOCK_ID_LENGTH)', 'null' =&gt; 'NOT NULL',  'readwrite' =&gt; 'readwrite', 'comment' =&gt; '' );					\r\n
		$this-&gt;fields_array[] = array('name' =&gt; 'ship_addr_status', 'label' =&gt; 'Shipping Address Status', 'type' =&gt; 'varchar(STOCK_ID_LENGTH)', 'null' =&gt; 'NOT NULL',  'readwrite' =&gt; 'readwrite', 'comment' =&gt; '' ); //CONFIRMED\r\n
		$this-&gt;fields_array[] = array('name' =&gt; 'address1', 'label' =&gt; 'Address 1', 'type' =&gt; 'varchar(STOCK_ID_LENGTH)', 'null' =&gt; 'NOT NULL',  'readwrite' =&gt; 'readwrite', 'comment' =&gt; '' );		\r\n
		$this-&gt;fields_array[] = array('name' =&gt; 'address2', 'label' =&gt; 'Address 2', 'type' =&gt; 'varchar(STOCK_ID_LENGTH)', 'null' =&gt; 'NOT NULL',  'readwrite' =&gt; 'readwrite', 'comment' =&gt; '' );		\r\n
		$this-&gt;fields_array[] = array('name' =&gt; 'city', 'label' =&gt; 'City', 'type' =&gt; 'varchar(STOCK_ID_LENGTH)', 'null' =&gt; 'NOT NULL',  'readwrite' =&gt; 'readwrite', 'comment' =&gt; '' );			\r\n
		$this-&gt;fields_array[] = array('name' =&gt; 'state', 'label' =&gt; 'State', 'type' =&gt; 'varchar(STOCK_ID_LENGTH)', 'null' =&gt; 'NOT NULL',  'readwrite' =&gt; 'readwrite', 'comment' =&gt; '' );			\r\n
		$this-&gt;fields_array[] = array('name' =&gt; 'zip', 'label' =&gt; 'Postal Code', 'type' =&gt; 'varchar(STOCK_ID_LENGTH)', 'null' =&gt; 'NOT NULL',  'readwrite' =&gt; 'readwrite', 'comment' =&gt; '' );				\r\n
		$this-&gt;fields_array[] = array('name' =&gt; 'country', 'label' =&gt; 'Country', 'type' =&gt; 'varchar(STOCK_ID_LENGTH)', 'null' =&gt; 'NOT NULL',  'readwrite' =&gt; 'readwrite', 'comment' =&gt; '' );		\r\n
		$this-&gt;fields_array[] = array('name' =&gt; 'phone', 'label' =&gt; 'Phone Number', 'type' =&gt; 'varchar(STOCK_ID_LENGTH)', 'null' =&gt; 'NOT NULL',  'readwrite' =&gt; 'readwrite', 'comment' =&gt; '' );			\r\n
		$this-&gt;fields_array[] = array('name' =&gt; 'subject', 'label' =&gt; 'Subject', 'type' =&gt; 'varchar(STOCK_ID_LENGTH)', 'null' =&gt; 'NOT NULL',  'readwrite' =&gt; 'readwrite', 'comment' =&gt; '' );			\r\n
		$this-&gt;fields_array[] = array('name' =&gt; 'country_code', 'label' =&gt; 'Country Code', 'type' =&gt; 'varchar(STOCK_ID_LENGTH)', 'null' =&gt; 'NOT NULL',  'readwrite' =&gt; 'readwrite', 'comment' =&gt; '' );			\r\n
		$this-&gt;fields_array[] = array('name' =&gt; 'counterpartyType', 'label' =&gt; 'Type of Counterparty', 'type' =&gt; 'int(11)', 'auto_increment' =&gt; 'no', 'null' =&gt; 'NOT NULL', 'readwrite' =&gt; 'readwrite' );\r\n
		$this-&gt;fields_array[] = array('name' =&gt; 'counterpartyId', 'label' =&gt; 'Counterparty ID', 'type' =&gt; 'int(11)', 'auto_increment' =&gt; 'no', 'null' =&gt; 'NOT NULL', 'readwrite' =&gt; 'readwrite' );\r\n
	}\r\n
	function insert_transaction()\r\n
	{\r\n
		$this-&gt;insert_data( get_object_vars($this) );\r\n
	}\r\n
\r\n
	\r\n
}\r\n
' contains "class bi_counterparty_model extends generic_fa_interface_model".

C:\Users\prote\Documents\software-devel\ksf_bank_import\tests\integration\BiCounterpartyModelProductionBaselineTest.php:33</failure>
        </testcase>
        <testcase name="testProdBaseline_HasAuthorAnnotations" class="KsfBankImport\Tests\Integration\BiCounterpartyModelProductionBaselineTest" classname="KsfBankImport.Tests.Integration.BiCounterpartyModelProductionBaselineTest" file="C:\Users\prote\Documents\software-devel\ksf_bank_import\tests\integration\BiCounterpartyModelProductionBaselineTest.php" line="43" assertions="2" time="0.000788"/>
        <testcase name="testProdBaseline_UsesNamespaceStatements" class="KsfBankImport\Tests\Integration\BiCounterpartyModelProductionBaselineTest" classname="KsfBankImport.Tests.Integration.BiCounterpartyModelProductionBaselineTest" file="C:\Users\prote\Documents\software-devel\ksf_bank_import\tests\integration\BiCounterpartyModelProductionBaselineTest.php" line="64" assertions="1" time="0.001176">
          <failure type="PHPUnit\Framework\ExpectationFailedException">KsfBankImport\Tests\Integration\BiCounterpartyModelProductionBaselineTest::testProdBaseline_UsesNamespaceStatements
PROD BASELINE: Should use namespace "use" statement (changed to require_once in main)
Failed asserting that '&lt;?php\r\n
\r\n
/**\r\n
 * @author Kevin Fraser\r\n
 * @since 20250409\r\n
 */\r\n
\r\n
/****************************************************************************************\r\n
 * Table and handling class for staging of imported financial data\r\n
 *\r\n
 * This table will hold each record that we are importing.  That way we can check if\r\n
 * we have already seen the record when re-processing the same file, or perhaps one\r\n
 * from the same source that overlaps dates so we would have duplicate data.\r\n
 *\r\n
 * *************************************************************************************/\r\n
\r\n
\r\n
/*******************************************\r\n
 * If you change the list of properties below, ensure that you also modify\r\n
 * build_write_properties_array\r\n
 * */\r\n
\r\n
/*\r\n
 *\r\n
 * Each import type needs to read in the source document, and process line by line placing a record into this class.\r\n
 * This class then needs to insert the record.\r\n
 *\r\n
 * This table should not have any views (forms).\r\n
 * */\r\n
\r\n
\r\n
/**//**************************************************************************************************************\r\n
* A DATA class to handle the storage and retrieval of bank records.  STAGE the records before processing into FA.\r\n
*\r\n
*	Various bank account info providers have different fields/formats for their data.\r\n
*	We also will handle QuickBookd QIF, as well as Quicken/MS Money/OFX files\r\n
*\r\n
*	Looking at bank_import (which processes MT940 files) they have 2 staging tables - Statements and Transactions.\r\n
*		MT940 is used by the SWIFT network\r\n
*	BI also has 2 CSV parsers.  I was able to extend to parse WMMC. 20240112\r\n
*\r\n
*	Bank Statements show \r\n
*		Money In \r\n
*			Bank Deposits\r\n
*			Account Transfer\r\n
*			Interest\r\n
*		Money Out\r\n
*			Bill Payments\r\n
*			Account Transfers\r\n
*			Interest and Fees\r\n
*	CC Statements show\r\n
*		Money In\r\n
*			Payments (from a bank account)\r\n
*			Vendor Transactions (Refunds)\r\n
*		Money Out\r\n
*			Vendor Transactions (Purchases)\r\n
*			Interest\r\n
*			Fees\r\n
*	Square / Paypal / Dream / ... show\r\n
*		Money In\r\n
*			Customers purchases (Sales)\r\n
*				Customer Info\r\n
*				Transaction Info\r\n
*		Money Out\r\n
*			Bank Account Transfer\r\n
*			Customer Refunds\r\n
*			Fees\r\n
*			Interest??\r\n
*\r\n
*\r\n
*	***** WARNING *** WARNING *** WARNING *****\r\n
*	MySQL has a row limit of 4k.  Having a bunch of large fields can lead to errors and issues.\r\n
*\r\n
******************************************************************************************************************/\r\n
class bi_counterparty_model {\r\n
	use Ksfraser\GenericInterface\GenericFaInterfaceTrait;\r\n
	var $id_bi_counterparty_model;	//!&lt; Index of table\r\n
\r\n
	protected $card_type;			//Dream Payments\r\n
	protected $card_number;			//Dream Payments\r\n
	protected $receipt_sent;		//Dream Payments\r\n
	public $receipt_email;		//Dream Payments\r\n
	public $receipt_mobile_number;	//Dream Payments\r\n
	public $bank_id;									//OFX BANKID		//MT940 BI\r\n
	public $bank_name;\r\n
	public $account_id;									//OFX ACCTID		//MT940\r\n
	public $FID;										//OFX FITID or FID\r\n
	public $org;										//OFX ORG\r\n
	public $memo;									//OFX MEMO				//PAYPAL NOTE\r\n
	public $name;									//OFX NAME - TRANSFER, CHEQUE, DEPOSIT	//Paypal\r\n
	public $currency;									//OFX CURRDEF		//MT940 	//Paypal\r\n
	public $inserted_fa;	//!&lt;bool has this record been added to customers/suppliers?\r\n
	public $vendor_SIC;									//OFX SIC\r\n
	public $accountName;	//!&lt;char(60)										//MT940\r\n
	public $from_email;														//Paypal\r\n
	public $to_email;														//Paypal\r\n
	public $shipping_address;													//Paypal\r\n
	public $ship_addr_status;													//Paypal CONFIRMED\r\n
	public $address1;														//Paypal\r\n
	public $address2;														//Paypal\r\n
	public $city;														//Paypal\r\n
	public $state;														//Paypal\r\n
	public $zip;															//Paypal\r\n
	public $country;														//Paypal\r\n
	public $phone;														//Paypal\r\n
	public $subject;														//Paypal\r\n
	public $country_code;													//Paypal\r\n
	public $counterpartyType;	//Supplier, Customer.  Eventually Employee?\r\n
	public $counterpartyId;	//The ID of the customer/supplier.\r\n
\r\n
	function __construct()\r\n
	{\r\n
		// parent::__construct(); // Removed: no parent class after trait refactor\r\n
	}\r\n
	function define_table()\r\n
	{\r\n
		$ind = "id_" . $this-&gt;iam;\r\n
		$this-&gt;fields_array[] = array('name' =&gt; $ind, 'type' =&gt; 'int(11)', 'auto_increment' =&gt; 'yes', 'readwrite' =&gt; 'read' );\r\n
		$this-&gt;fields_array[] = array('name' =&gt; 'updated_ts', 'type' =&gt; 'timestamp', 'null' =&gt; 'NOT NULL', 'default' =&gt; 'CURRENT_TIMESTAMP', 'readwrite' =&gt; 'read' );\r\n
		$this-&gt;table_details['tablename'] = $this-&gt;company_prefix . $this-&gt;iam;\r\n
		$this-&gt;table_details['primarykey'] = $ind;\r\n
		$this-&gt;table_details['orderby'] = 'transaction_date, transaction_id';\r\n
		$this-&gt;table_details['index'][0]['type'] = 'unique';\r\n
		$this-&gt;table_details['index'][0]['columns'] = "transaction_id";\r\n
		$this-&gt;table_details['index'][0]['keyname'] = "transaction_id";\r\n
		//$this-&gt;fields_array[] = array('name' =&gt; 'stock_id', 'label' =&gt; 'SKU', 'type' =&gt; 'varchar(256)', 'null' =&gt; 'NOT NULL',  'readwrite' =&gt; 'readwrite');\r\n
		//$sidl = 'varchar(' . STOCK_ID_LENGTH . ')';\r\n
		//$descl = 'varchar(' . DESCRIPTION_LENGTH . ')';\r\n
\r\n
		$this-&gt;fields_array[] = array('name' =&gt; 'inserted_fa', 'label' =&gt; 'Inserted into FA', 'type' =&gt; 'bool', 'null' =&gt; 'NOT NULL',  'readwrite' =&gt; 'readwrite', 'default' =&gt; '0' );\r\n
		$this-&gt;fields_array[] = array('name' =&gt; 'card_type', 'label' =&gt; 'card_type', 'type' =&gt; 'varchar(STOCK_ID_LENGTH)', 'null' =&gt; 'NOT NULL',  'readwrite' =&gt; 'readwrite', 'comment' =&gt; '		Dream Payments ' );\r\n
		$this-&gt;fields_array[] = array('name' =&gt; 'card_number', 'label' =&gt; 'card_number', 'type' =&gt; 'varchar(STOCK_ID_LENGTH)', 'null' =&gt; 'NOT NULL',  'readwrite' =&gt; 'readwrite', 'comment' =&gt; '		Dream Payments ' );\r\n
		$this-&gt;fields_array[] = array('name' =&gt; 'receipt_sent', 'label' =&gt; 'receipt_sent', 'type' =&gt; 'varchar(STOCK_ID_LENGTH)', 'null' =&gt; 'NOT NULL',  'readwrite' =&gt; 'readwrite', 'comment' =&gt; '	Dream Payments ' );\r\n
		$this-&gt;fields_array[] = array('name' =&gt; 'receipt_email', 'label' =&gt; 'receipt_email', 'type' =&gt; 'varchar(STOCK_ID_LENGTH)', 'null' =&gt; 'NOT NULL',  'readwrite' =&gt; 'readwrite', 'comment' =&gt; '	Dream Payments ' );\r\n
		$this-&gt;fields_array[] = array('name' =&gt; 'receipt_mobile_number', 'label' =&gt; 'receipt_mobile_number', 'type' =&gt; 'varchar(STOCK_ID_LENGTH)', 'null' =&gt; 'NOT NULL',  'readwrite' =&gt; 'readwrite', 'comment' =&gt; 'Dream Payments ' );\r\n
	\r\n
		$this-&gt;fields_array[] = array('name' =&gt; 'bank_id', 'label' =&gt; 'OFX BANKID', 'type' =&gt; 'varchar(STOCK_ID_LENGTH)', 'null' =&gt; 'NOT NULL',  'readwrite' =&gt; 'readwrite', 'comment' =&gt; 'OFX BANKID' );\r\n
		$this-&gt;fields_array[] = array('name' =&gt; 'bank_name', 'label' =&gt; 'Bank Name', 'type' =&gt; 'varchar(STOCK_ID_LENGTH)', 'null' =&gt; 'NOT NULL',  'readwrite' =&gt; 'readwrite', 'comment' =&gt; 'Bank Name' );\r\n
		$this-&gt;fields_array[] = array('name' =&gt; 'account_id', 'label' =&gt; 'OFX ACCTID', 'type' =&gt; 'varchar(STOCK_ID_LENGTH)', 'null' =&gt; 'NOT NULL',  'readwrite' =&gt; 'readwrite', 'comment' =&gt; 'OFX ACCTID ' );			\r\n
		$this-&gt;fields_array[] = array('name' =&gt; 'FID', 'label' =&gt; 'OFX FITID or FID', 'type' =&gt; 'varchar(STOCK_ID_LENGTH)', 'null' =&gt; 'NOT NULL',  'readwrite' =&gt; 'readwrite', 'comment' =&gt; 'OFX FITID or FID ' );	\r\n
		$this-&gt;fields_array[] = array('name' =&gt; 'org', 'label' =&gt; 'OFX ORG', 'type' =&gt; 'varchar(STOCK_ID_LENGTH)', 'null' =&gt; 'NOT NULL',  'readwrite' =&gt; 'readwrite', 'comment' =&gt; 'OFX ORG ' );\r\n
		$this-&gt;fields_array[] = array('name' =&gt; 'memo', 'label' =&gt; 'OFX MEMO', 'type' =&gt; 'varchar(STOCK_ID_LENGTH)', 'null' =&gt; 'NOT NULL',  'readwrite' =&gt; 'readwrite', 'comment' =&gt; 'OFX MEMO ' );\r\n
		$this-&gt;fields_array[] = array('name' =&gt; 'name', 'label' =&gt; 'OFX NAME', 'type' =&gt; 'varchar(STOCK_ID_LENGTH)', 'null' =&gt; 'NOT NULL',  'readwrite' =&gt; 'readwrite', 'comment' =&gt; 'OFX NAME ' );	// - TRABSFER, CHEQUE, DEPOSIT\r\n
		$this-&gt;fields_array[] = array('name' =&gt; 'currency', 'label' =&gt; 'OFX CURRDEF', 'type' =&gt; 'varchar(STOCK_ID_LENGTH)', 'null' =&gt; 'NOT NULL',  'readwrite' =&gt; 'readwrite', 'comment' =&gt; 'OFX CURRDEF ' );\r\n
\r\n
		$this-&gt;fields_array[] = array('name' =&gt; 'vendor_SIC', 'label' =&gt; 'Vendor Store ID Code', 'type' =&gt; 'varchar(STOCK_ID_LENGTH)', 'null' =&gt; 'NOT NULL',  'readwrite' =&gt; 'readwrite', 'comment' =&gt; 'Store ID from OFX' );\r\n
		$this-&gt;fields_array[] = array('name' =&gt; 'accountName', 'label' =&gt; 'Account Name', 'type' =&gt; 'varchar(STOCK_ID_LENGTH)', 'null' =&gt; 'NOT NULL',  'readwrite' =&gt; 'readwrite', 'comment' =&gt; 'mt940 ' );			\r\n
\r\n
		$this-&gt;fields_array[] = array('name' =&gt; 'from_email', 'label' =&gt; 'From Email', 'type' =&gt; 'varchar(STOCK_ID_LENGTH)', 'null' =&gt; 'NOT NULL',  'readwrite' =&gt; 'readwrite', 'comment' =&gt; '' );				\r\n
		$this-&gt;fields_array[] = array('name' =&gt; 'to_email', 'label' =&gt; 'To Email', 'type' =&gt; 'varchar(STOCK_ID_LENGTH)', 'null' =&gt; 'NOT NULL',  'readwrite' =&gt; 'readwrite', 'comment' =&gt; '' );				\r\n
		$this-&gt;fields_array[] = array('name' =&gt; 'shipping_address', 'label' =&gt; 'Shipping Address', 'type' =&gt; 'varchar(STOCK_ID_LENGTH)', 'null' =&gt; 'NOT NULL',  'readwrite' =&gt; 'readwrite', 'comment' =&gt; '' );					\r\n
		$this-&gt;fields_array[] = array('name' =&gt; 'ship_addr_status', 'label' =&gt; 'Shipping Address Status', 'type' =&gt; 'varchar(STOCK_ID_LENGTH)', 'null' =&gt; 'NOT NULL',  'readwrite' =&gt; 'readwrite', 'comment' =&gt; '' ); //CONFIRMED\r\n
		$this-&gt;fields_array[] = array('name' =&gt; 'address1', 'label' =&gt; 'Address 1', 'type' =&gt; 'varchar(STOCK_ID_LENGTH)', 'null' =&gt; 'NOT NULL',  'readwrite' =&gt; 'readwrite', 'comment' =&gt; '' );		\r\n
		$this-&gt;fields_array[] = array('name' =&gt; 'address2', 'label' =&gt; 'Address 2', 'type' =&gt; 'varchar(STOCK_ID_LENGTH)', 'null' =&gt; 'NOT NULL',  'readwrite' =&gt; 'readwrite', 'comment' =&gt; '' );		\r\n
		$this-&gt;fields_array[] = array('name' =&gt; 'city', 'label' =&gt; 'City', 'type' =&gt; 'varchar(STOCK_ID_LENGTH)', 'null' =&gt; 'NOT NULL',  'readwrite' =&gt; 'readwrite', 'comment' =&gt; '' );			\r\n
		$this-&gt;fields_array[] = array('name' =&gt; 'state', 'label' =&gt; 'State', 'type' =&gt; 'varchar(STOCK_ID_LENGTH)', 'null' =&gt; 'NOT NULL',  'readwrite' =&gt; 'readwrite', 'comment' =&gt; '' );			\r\n
		$this-&gt;fields_array[] = array('name' =&gt; 'zip', 'label' =&gt; 'Postal Code', 'type' =&gt; 'varchar(STOCK_ID_LENGTH)', 'null' =&gt; 'NOT NULL',  'readwrite' =&gt; 'readwrite', 'comment' =&gt; '' );				\r\n
		$this-&gt;fields_array[] = array('name' =&gt; 'country', 'label' =&gt; 'Country', 'type' =&gt; 'varchar(STOCK_ID_LENGTH)', 'null' =&gt; 'NOT NULL',  'readwrite' =&gt; 'readwrite', 'comment' =&gt; '' );		\r\n
		$this-&gt;fields_array[] = array('name' =&gt; 'phone', 'label' =&gt; 'Phone Number', 'type' =&gt; 'varchar(STOCK_ID_LENGTH)', 'null' =&gt; 'NOT NULL',  'readwrite' =&gt; 'readwrite', 'comment' =&gt; '' );			\r\n
		$this-&gt;fields_array[] = array('name' =&gt; 'subject', 'label' =&gt; 'Subject', 'type' =&gt; 'varchar(STOCK_ID_LENGTH)', 'null' =&gt; 'NOT NULL',  'readwrite' =&gt; 'readwrite', 'comment' =&gt; '' );			\r\n
		$this-&gt;fields_array[] = array('name' =&gt; 'country_code', 'label' =&gt; 'Country Code', 'type' =&gt; 'varchar(STOCK_ID_LENGTH)', 'null' =&gt; 'NOT NULL',  'readwrite' =&gt; 'readwrite', 'comment' =&gt; '' );			\r\n
		$this-&gt;fields_array[] = array('name' =&gt; 'counterpartyType', 'label' =&gt; 'Type of Counterparty', 'type' =&gt; 'int(11)', 'auto_increment' =&gt; 'no', 'null' =&gt; 'NOT NULL', 'readwrite' =&gt; 'readwrite' );\r\n
		$this-&gt;fields_array[] = array('name' =&gt; 'counterpartyId', 'label' =&gt; 'Counterparty ID', 'type' =&gt; 'int(11)', 'auto_increment' =&gt; 'no', 'null' =&gt; 'NOT NULL', 'readwrite' =&gt; 'readwrite' );\r\n
	}\r\n
	function insert_transaction()\r\n
	{\r\n
		$this-&gt;insert_data( get_object_vars($this) );\r\n
	}\r\n
\r\n
	\r\n
}\r\n
' contains "use Ksfraser\common\GenericFaInterface".

C:\Users\prote\Documents\software-devel\ksf_bank_import\tests\integration\BiCounterpartyModelProductionBaselineTest.php:70</failure>
        </testcase>
        <testcase name="testProdBaseline_HasCounterpartyProperties" class="KsfBankImport\Tests\Integration\BiCounterpartyModelProductionBaselineTest" classname="KsfBankImport.Tests.Integration.BiCounterpartyModelProductionBaselineTest" file="C:\Users\prote\Documents\software-devel\ksf_bank_import\tests\integration\BiCounterpartyModelProductionBaselineTest.php" line="92" assertions="5" time="0.001122"/>
        <testcase name="testProdBaseline_DocumentsPaymentProviders" class="KsfBankImport\Tests\Integration\BiCounterpartyModelProductionBaselineTest" classname="KsfBankImport.Tests.Integration.BiCounterpartyModelProductionBaselineTest" file="C:\Users\prote\Documents\software-devel\ksf_bank_import\tests\integration\BiCounterpartyModelProductionBaselineTest.php" line="118" assertions="3" time="0.000739"/>
        <testcase name="testProdBaseline_CounterpartyDataModel" class="KsfBankImport\Tests\Integration\BiCounterpartyModelProductionBaselineTest" classname="KsfBankImport.Tests.Integration.BiCounterpartyModelProductionBaselineTest" file="C:\Users\prote\Documents\software-devel\ksf_bank_import\tests\integration\BiCounterpartyModelProductionBaselineTest.php" line="144" assertions="1" time="0.000487"/>
        <testcase name="testProdBaseline_PureDataModel" class="KsfBankImport\Tests\Integration\BiCounterpartyModelProductionBaselineTest" classname="KsfBankImport.Tests.Integration.BiCounterpartyModelProductionBaselineTest" file="C:\Users\prote\Documents\software-devel\ksf_bank_import\tests\integration\BiCounterpartyModelProductionBaselineTest.php" line="158" assertions="3" time="0.000756"/>
        <testcase name="testProdBaseline_StandardDataModelStructure" class="KsfBankImport\Tests\Integration\BiCounterpartyModelProductionBaselineTest" classname="KsfBankImport.Tests.Integration.BiCounterpartyModelProductionBaselineTest" file="C:\Users\prote\Documents\software-devel\ksf_bank_import\tests\integration\BiCounterpartyModelProductionBaselineTest.php" line="185" assertions="1" time="0.000794">
          <failure type="PHPUnit\Framework\ExpectationFailedException">KsfBankImport\Tests\Integration\BiCounterpartyModelProductionBaselineTest::testProdBaseline_StandardDataModelStructure
PROD: Should extend generic_fa_interface_model
Failed asserting that '&lt;?php\r\n
\r\n
/**\r\n
 * @author Kevin Fraser\r\n
 * @since 20250409\r\n
 */\r\n
\r\n
/****************************************************************************************\r\n
 * Table and handling class for staging of imported financial data\r\n
 *\r\n
 * This table will hold each record that we are importing.  That way we can check if\r\n
 * we have already seen the record when re-processing the same file, or perhaps one\r\n
 * from the same source that overlaps dates so we would have duplicate data.\r\n
 *\r\n
 * *************************************************************************************/\r\n
\r\n
\r\n
/*******************************************\r\n
 * If you change the list of properties below, ensure that you also modify\r\n
 * build_write_properties_array\r\n
 * */\r\n
\r\n
/*\r\n
 *\r\n
 * Each import type needs to read in the source document, and process line by line placing a record into this class.\r\n
 * This class then needs to insert the record.\r\n
 *\r\n
 * This table should not have any views (forms).\r\n
 * */\r\n
\r\n
\r\n
/**//**************************************************************************************************************\r\n
* A DATA class to handle the storage and retrieval of bank records.  STAGE the records before processing into FA.\r\n
*\r\n
*	Various bank account info providers have different fields/formats for their data.\r\n
*	We also will handle QuickBookd QIF, as well as Quicken/MS Money/OFX files\r\n
*\r\n
*	Looking at bank_import (which processes MT940 files) they have 2 staging tables - Statements and Transactions.\r\n
*		MT940 is used by the SWIFT network\r\n
*	BI also has 2 CSV parsers.  I was able to extend to parse WMMC. 20240112\r\n
*\r\n
*	Bank Statements show \r\n
*		Money In \r\n
*			Bank Deposits\r\n
*			Account Transfer\r\n
*			Interest\r\n
*		Money Out\r\n
*			Bill Payments\r\n
*			Account Transfers\r\n
*			Interest and Fees\r\n
*	CC Statements show\r\n
*		Money In\r\n
*			Payments (from a bank account)\r\n
*			Vendor Transactions (Refunds)\r\n
*		Money Out\r\n
*			Vendor Transactions (Purchases)\r\n
*			Interest\r\n
*			Fees\r\n
*	Square / Paypal / Dream / ... show\r\n
*		Money In\r\n
*			Customers purchases (Sales)\r\n
*				Customer Info\r\n
*				Transaction Info\r\n
*		Money Out\r\n
*			Bank Account Transfer\r\n
*			Customer Refunds\r\n
*			Fees\r\n
*			Interest??\r\n
*\r\n
*\r\n
*	***** WARNING *** WARNING *** WARNING *****\r\n
*	MySQL has a row limit of 4k.  Having a bunch of large fields can lead to errors and issues.\r\n
*\r\n
******************************************************************************************************************/\r\n
class bi_counterparty_model {\r\n
	use Ksfraser\GenericInterface\GenericFaInterfaceTrait;\r\n
	var $id_bi_counterparty_model;	//!&lt; Index of table\r\n
\r\n
	protected $card_type;			//Dream Payments\r\n
	protected $card_number;			//Dream Payments\r\n
	protected $receipt_sent;		//Dream Payments\r\n
	public $receipt_email;		//Dream Payments\r\n
	public $receipt_mobile_number;	//Dream Payments\r\n
	public $bank_id;									//OFX BANKID		//MT940 BI\r\n
	public $bank_name;\r\n
	public $account_id;									//OFX ACCTID		//MT940\r\n
	public $FID;										//OFX FITID or FID\r\n
	public $org;										//OFX ORG\r\n
	public $memo;									//OFX MEMO				//PAYPAL NOTE\r\n
	public $name;									//OFX NAME - TRANSFER, CHEQUE, DEPOSIT	//Paypal\r\n
	public $currency;									//OFX CURRDEF		//MT940 	//Paypal\r\n
	public $inserted_fa;	//!&lt;bool has this record been added to customers/suppliers?\r\n
	public $vendor_SIC;									//OFX SIC\r\n
	public $accountName;	//!&lt;char(60)										//MT940\r\n
	public $from_email;														//Paypal\r\n
	public $to_email;														//Paypal\r\n
	public $shipping_address;													//Paypal\r\n
	public $ship_addr_status;													//Paypal CONFIRMED\r\n
	public $address1;														//Paypal\r\n
	public $address2;														//Paypal\r\n
	public $city;														//Paypal\r\n
	public $state;														//Paypal\r\n
	public $zip;															//Paypal\r\n
	public $country;														//Paypal\r\n
	public $phone;														//Paypal\r\n
	public $subject;														//Paypal\r\n
	public $country_code;													//Paypal\r\n
	public $counterpartyType;	//Supplier, Customer.  Eventually Employee?\r\n
	public $counterpartyId;	//The ID of the customer/supplier.\r\n
\r\n
	function __construct()\r\n
	{\r\n
		// parent::__construct(); // Removed: no parent class after trait refactor\r\n
	}\r\n
	function define_table()\r\n
	{\r\n
		$ind = "id_" . $this-&gt;iam;\r\n
		$this-&gt;fields_array[] = array('name' =&gt; $ind, 'type' =&gt; 'int(11)', 'auto_increment' =&gt; 'yes', 'readwrite' =&gt; 'read' );\r\n
		$this-&gt;fields_array[] = array('name' =&gt; 'updated_ts', 'type' =&gt; 'timestamp', 'null' =&gt; 'NOT NULL', 'default' =&gt; 'CURRENT_TIMESTAMP', 'readwrite' =&gt; 'read' );\r\n
		$this-&gt;table_details['tablename'] = $this-&gt;company_prefix . $this-&gt;iam;\r\n
		$this-&gt;table_details['primarykey'] = $ind;\r\n
		$this-&gt;table_details['orderby'] = 'transaction_date, transaction_id';\r\n
		$this-&gt;table_details['index'][0]['type'] = 'unique';\r\n
		$this-&gt;table_details['index'][0]['columns'] = "transaction_id";\r\n
		$this-&gt;table_details['index'][0]['keyname'] = "transaction_id";\r\n
		//$this-&gt;fields_array[] = array('name' =&gt; 'stock_id', 'label' =&gt; 'SKU', 'type' =&gt; 'varchar(256)', 'null' =&gt; 'NOT NULL',  'readwrite' =&gt; 'readwrite');\r\n
		//$sidl = 'varchar(' . STOCK_ID_LENGTH . ')';\r\n
		//$descl = 'varchar(' . DESCRIPTION_LENGTH . ')';\r\n
\r\n
		$this-&gt;fields_array[] = array('name' =&gt; 'inserted_fa', 'label' =&gt; 'Inserted into FA', 'type' =&gt; 'bool', 'null' =&gt; 'NOT NULL',  'readwrite' =&gt; 'readwrite', 'default' =&gt; '0' );\r\n
		$this-&gt;fields_array[] = array('name' =&gt; 'card_type', 'label' =&gt; 'card_type', 'type' =&gt; 'varchar(STOCK_ID_LENGTH)', 'null' =&gt; 'NOT NULL',  'readwrite' =&gt; 'readwrite', 'comment' =&gt; '		Dream Payments ' );\r\n
		$this-&gt;fields_array[] = array('name' =&gt; 'card_number', 'label' =&gt; 'card_number', 'type' =&gt; 'varchar(STOCK_ID_LENGTH)', 'null' =&gt; 'NOT NULL',  'readwrite' =&gt; 'readwrite', 'comment' =&gt; '		Dream Payments ' );\r\n
		$this-&gt;fields_array[] = array('name' =&gt; 'receipt_sent', 'label' =&gt; 'receipt_sent', 'type' =&gt; 'varchar(STOCK_ID_LENGTH)', 'null' =&gt; 'NOT NULL',  'readwrite' =&gt; 'readwrite', 'comment' =&gt; '	Dream Payments ' );\r\n
		$this-&gt;fields_array[] = array('name' =&gt; 'receipt_email', 'label' =&gt; 'receipt_email', 'type' =&gt; 'varchar(STOCK_ID_LENGTH)', 'null' =&gt; 'NOT NULL',  'readwrite' =&gt; 'readwrite', 'comment' =&gt; '	Dream Payments ' );\r\n
		$this-&gt;fields_array[] = array('name' =&gt; 'receipt_mobile_number', 'label' =&gt; 'receipt_mobile_number', 'type' =&gt; 'varchar(STOCK_ID_LENGTH)', 'null' =&gt; 'NOT NULL',  'readwrite' =&gt; 'readwrite', 'comment' =&gt; 'Dream Payments ' );\r\n
	\r\n
		$this-&gt;fields_array[] = array('name' =&gt; 'bank_id', 'label' =&gt; 'OFX BANKID', 'type' =&gt; 'varchar(STOCK_ID_LENGTH)', 'null' =&gt; 'NOT NULL',  'readwrite' =&gt; 'readwrite', 'comment' =&gt; 'OFX BANKID' );\r\n
		$this-&gt;fields_array[] = array('name' =&gt; 'bank_name', 'label' =&gt; 'Bank Name', 'type' =&gt; 'varchar(STOCK_ID_LENGTH)', 'null' =&gt; 'NOT NULL',  'readwrite' =&gt; 'readwrite', 'comment' =&gt; 'Bank Name' );\r\n
		$this-&gt;fields_array[] = array('name' =&gt; 'account_id', 'label' =&gt; 'OFX ACCTID', 'type' =&gt; 'varchar(STOCK_ID_LENGTH)', 'null' =&gt; 'NOT NULL',  'readwrite' =&gt; 'readwrite', 'comment' =&gt; 'OFX ACCTID ' );			\r\n
		$this-&gt;fields_array[] = array('name' =&gt; 'FID', 'label' =&gt; 'OFX FITID or FID', 'type' =&gt; 'varchar(STOCK_ID_LENGTH)', 'null' =&gt; 'NOT NULL',  'readwrite' =&gt; 'readwrite', 'comment' =&gt; 'OFX FITID or FID ' );	\r\n
		$this-&gt;fields_array[] = array('name' =&gt; 'org', 'label' =&gt; 'OFX ORG', 'type' =&gt; 'varchar(STOCK_ID_LENGTH)', 'null' =&gt; 'NOT NULL',  'readwrite' =&gt; 'readwrite', 'comment' =&gt; 'OFX ORG ' );\r\n
		$this-&gt;fields_array[] = array('name' =&gt; 'memo', 'label' =&gt; 'OFX MEMO', 'type' =&gt; 'varchar(STOCK_ID_LENGTH)', 'null' =&gt; 'NOT NULL',  'readwrite' =&gt; 'readwrite', 'comment' =&gt; 'OFX MEMO ' );\r\n
		$this-&gt;fields_array[] = array('name' =&gt; 'name', 'label' =&gt; 'OFX NAME', 'type' =&gt; 'varchar(STOCK_ID_LENGTH)', 'null' =&gt; 'NOT NULL',  'readwrite' =&gt; 'readwrite', 'comment' =&gt; 'OFX NAME ' );	// - TRABSFER, CHEQUE, DEPOSIT\r\n
		$this-&gt;fields_array[] = array('name' =&gt; 'currency', 'label' =&gt; 'OFX CURRDEF', 'type' =&gt; 'varchar(STOCK_ID_LENGTH)', 'null' =&gt; 'NOT NULL',  'readwrite' =&gt; 'readwrite', 'comment' =&gt; 'OFX CURRDEF ' );\r\n
\r\n
		$this-&gt;fields_array[] = array('name' =&gt; 'vendor_SIC', 'label' =&gt; 'Vendor Store ID Code', 'type' =&gt; 'varchar(STOCK_ID_LENGTH)', 'null' =&gt; 'NOT NULL',  'readwrite' =&gt; 'readwrite', 'comment' =&gt; 'Store ID from OFX' );\r\n
		$this-&gt;fields_array[] = array('name' =&gt; 'accountName', 'label' =&gt; 'Account Name', 'type' =&gt; 'varchar(STOCK_ID_LENGTH)', 'null' =&gt; 'NOT NULL',  'readwrite' =&gt; 'readwrite', 'comment' =&gt; 'mt940 ' );			\r\n
\r\n
		$this-&gt;fields_array[] = array('name' =&gt; 'from_email', 'label' =&gt; 'From Email', 'type' =&gt; 'varchar(STOCK_ID_LENGTH)', 'null' =&gt; 'NOT NULL',  'readwrite' =&gt; 'readwrite', 'comment' =&gt; '' );				\r\n
		$this-&gt;fields_array[] = array('name' =&gt; 'to_email', 'label' =&gt; 'To Email', 'type' =&gt; 'varchar(STOCK_ID_LENGTH)', 'null' =&gt; 'NOT NULL',  'readwrite' =&gt; 'readwrite', 'comment' =&gt; '' );				\r\n
		$this-&gt;fields_array[] = array('name' =&gt; 'shipping_address', 'label' =&gt; 'Shipping Address', 'type' =&gt; 'varchar(STOCK_ID_LENGTH)', 'null' =&gt; 'NOT NULL',  'readwrite' =&gt; 'readwrite', 'comment' =&gt; '' );					\r\n
		$this-&gt;fields_array[] = array('name' =&gt; 'ship_addr_status', 'label' =&gt; 'Shipping Address Status', 'type' =&gt; 'varchar(STOCK_ID_LENGTH)', 'null' =&gt; 'NOT NULL',  'readwrite' =&gt; 'readwrite', 'comment' =&gt; '' ); //CONFIRMED\r\n
		$this-&gt;fields_array[] = array('name' =&gt; 'address1', 'label' =&gt; 'Address 1', 'type' =&gt; 'varchar(STOCK_ID_LENGTH)', 'null' =&gt; 'NOT NULL',  'readwrite' =&gt; 'readwrite', 'comment' =&gt; '' );		\r\n
		$this-&gt;fields_array[] = array('name' =&gt; 'address2', 'label' =&gt; 'Address 2', 'type' =&gt; 'varchar(STOCK_ID_LENGTH)', 'null' =&gt; 'NOT NULL',  'readwrite' =&gt; 'readwrite', 'comment' =&gt; '' );		\r\n
		$this-&gt;fields_array[] = array('name' =&gt; 'city', 'label' =&gt; 'City', 'type' =&gt; 'varchar(STOCK_ID_LENGTH)', 'null' =&gt; 'NOT NULL',  'readwrite' =&gt; 'readwrite', 'comment' =&gt; '' );			\r\n
		$this-&gt;fields_array[] = array('name' =&gt; 'state', 'label' =&gt; 'State', 'type' =&gt; 'varchar(STOCK_ID_LENGTH)', 'null' =&gt; 'NOT NULL',  'readwrite' =&gt; 'readwrite', 'comment' =&gt; '' );			\r\n
		$this-&gt;fields_array[] = array('name' =&gt; 'zip', 'label' =&gt; 'Postal Code', 'type' =&gt; 'varchar(STOCK_ID_LENGTH)', 'null' =&gt; 'NOT NULL',  'readwrite' =&gt; 'readwrite', 'comment' =&gt; '' );				\r\n
		$this-&gt;fields_array[] = array('name' =&gt; 'country', 'label' =&gt; 'Country', 'type' =&gt; 'varchar(STOCK_ID_LENGTH)', 'null' =&gt; 'NOT NULL',  'readwrite' =&gt; 'readwrite', 'comment' =&gt; '' );		\r\n
		$this-&gt;fields_array[] = array('name' =&gt; 'phone', 'label' =&gt; 'Phone Number', 'type' =&gt; 'varchar(STOCK_ID_LENGTH)', 'null' =&gt; 'NOT NULL',  'readwrite' =&gt; 'readwrite', 'comment' =&gt; '' );			\r\n
		$this-&gt;fields_array[] = array('name' =&gt; 'subject', 'label' =&gt; 'Subject', 'type' =&gt; 'varchar(STOCK_ID_LENGTH)', 'null' =&gt; 'NOT NULL',  'readwrite' =&gt; 'readwrite', 'comment' =&gt; '' );			\r\n
		$this-&gt;fields_array[] = array('name' =&gt; 'country_code', 'label' =&gt; 'Country Code', 'type' =&gt; 'varchar(STOCK_ID_LENGTH)', 'null' =&gt; 'NOT NULL',  'readwrite' =&gt; 'readwrite', 'comment' =&gt; '' );			\r\n
		$this-&gt;fields_array[] = array('name' =&gt; 'counterpartyType', 'label' =&gt; 'Type of Counterparty', 'type' =&gt; 'int(11)', 'auto_increment' =&gt; 'no', 'null' =&gt; 'NOT NULL', 'readwrite' =&gt; 'readwrite' );\r\n
		$this-&gt;fields_array[] = array('name' =&gt; 'counterpartyId', 'label' =&gt; 'Counterparty ID', 'type' =&gt; 'int(11)', 'auto_increment' =&gt; 'no', 'null' =&gt; 'NOT NULL', 'readwrite' =&gt; 'readwrite' );\r\n
	}\r\n
	function insert_transaction()\r\n
	{\r\n
		$this-&gt;insert_data( get_object_vars($this) );\r\n
	}\r\n
\r\n
	\r\n
}\r\n
' contains "class bi_counterparty_model extends generic_fa_interface_model".

C:\Users\prote\Documents\software-devel\ksf_bank_import\tests\integration\BiCounterpartyModelProductionBaselineTest.php:191</failure>
        </testcase>
        <testcase name="testProdBaseline_StagingTableDocumentation" class="KsfBankImport\Tests\Integration\BiCounterpartyModelProductionBaselineTest" classname="KsfBankImport.Tests.Integration.BiCounterpartyModelProductionBaselineTest" file="C:\Users\prote\Documents\software-devel\ksf_bank_import\tests\integration\BiCounterpartyModelProductionBaselineTest.php" line="208" assertions="2" time="0.000800"/>
        <testcase name="testProdBaseline_NamespaceApproach" class="KsfBankImport\Tests\Integration\BiCounterpartyModelProductionBaselineTest" classname="KsfBankImport.Tests.Integration.BiCounterpartyModelProductionBaselineTest" file="C:\Users\prote\Documents\software-devel\ksf_bank_import\tests\integration\BiCounterpartyModelProductionBaselineTest.php" line="228" assertions="0" time="0.000575">
          <skipped/>
        </testcase>
      </testsuite>
      <testsuite name="BiLineItemBackwardCompatibilityTest" file="C:\Users\prote\Documents\software-devel\ksf_bank_import\tests\integration\BiLineItemBackwardCompatibilityTest.php" tests="10" assertions="11" errors="0" warnings="0" failures="0" skipped="0" time="0.005857">
        <testcase name="testEmptyMatches_BackwardCompatible" class="BiLineItemBackwardCompatibilityTest" classname="BiLineItemBackwardCompatibilityTest" file="C:\Users\prote\Documents\software-devel\ksf_bank_import\tests\integration\BiLineItemBackwardCompatibilityTest.php" line="19" assertions="1" time="0.000860"/>
        <testcase name="testLowScore_BackwardCompatible" class="BiLineItemBackwardCompatibilityTest" classname="BiLineItemBackwardCompatibilityTest" file="C:\Users\prote\Documents\software-devel\ksf_bank_import\tests\integration\BiLineItemBackwardCompatibilityTest.php" line="31" assertions="1" time="0.000620"/>
        <testcase name="testInvoiceMatch_BackwardCompatible" class="BiLineItemBackwardCompatibilityTest" classname="BiLineItemBackwardCompatibilityTest" file="C:\Users\prote\Documents\software-devel\ksf_bank_import\tests\integration\BiLineItemBackwardCompatibilityTest.php" line="49" assertions="1" time="0.000595"/>
        <testcase name="testThreeMatches_BackwardCompatible" class="BiLineItemBackwardCompatibilityTest" classname="BiLineItemBackwardCompatibilityTest" file="C:\Users\prote\Documents\software-devel\ksf_bank_import\tests\integration\BiLineItemBackwardCompatibilityTest.php" line="69" assertions="1" time="0.000522"/>
        <testcase name="testGenericType_BackwardCompatible" class="BiLineItemBackwardCompatibilityTest" classname="BiLineItemBackwardCompatibilityTest" file="C:\Users\prote\Documents\software-devel\ksf_bank_import\tests\integration\BiLineItemBackwardCompatibilityTest.php" line="89" assertions="1" time="0.000554"/>
        <testcase name="testPartnerTypeRouting_SP_BackwardCompatible" class="BiLineItemBackwardCompatibilityTest" classname="BiLineItemBackwardCompatibilityTest" file="C:\Users\prote\Documents\software-devel\ksf_bank_import\tests\integration\BiLineItemBackwardCompatibilityTest.php" line="107" assertions="1" time="0.000550"/>
        <testcase name="testPartnerTypeRouting_CU_BackwardCompatible" class="BiLineItemBackwardCompatibilityTest" classname="BiLineItemBackwardCompatibilityTest" file="C:\Users\prote\Documents\software-devel\ksf_bank_import\tests\integration\BiLineItemBackwardCompatibilityTest.php" line="119" assertions="1" time="0.000505"/>
        <testcase name="testPartnerTypeRouting_BT_BackwardCompatible" class="BiLineItemBackwardCompatibilityTest" classname="BiLineItemBackwardCompatibilityTest" file="C:\Users\prote\Documents\software-devel\ksf_bank_import\tests\integration\BiLineItemBackwardCompatibilityTest.php" line="131" assertions="1" time="0.000504"/>
        <testcase name="testPartnerTypeRouting_ZZ_BackwardCompatible" class="BiLineItemBackwardCompatibilityTest" classname="BiLineItemBackwardCompatibilityTest" file="C:\Users\prote\Documents\software-devel\ksf_bank_import\tests\integration\BiLineItemBackwardCompatibilityTest.php" line="143" assertions="2" time="0.000562"/>
        <testcase name="testTwoMatches_BackwardCompatible" class="BiLineItemBackwardCompatibilityTest" classname="BiLineItemBackwardCompatibilityTest" file="C:\Users\prote\Documents\software-devel\ksf_bank_import\tests\integration\BiLineItemBackwardCompatibilityTest.php" line="158" assertions="1" time="0.000585"/>
      </testsuite>
      <testsuite name="BiLineItemMainBranchRegressionTest" file="C:\Users\prote\Documents\software-devel\ksf_bank_import\tests\integration\BiLineItemMainBranchRegressionTest.php" tests="10" assertions="0" errors="0" warnings="0" failures="0" skipped="10" time="0.738271">
        <testcase name="testMain_EmptyMatchingTransactions" class="BiLineItemMainBranchRegressionTest" classname="BiLineItemMainBranchRegressionTest" file="C:\Users\prote\Documents\software-devel\ksf_bank_import\tests\integration\BiLineItemMainBranchRegressionTest.php" line="35" assertions="0" time="0.170945">
          <skipped/>
        </testcase>
        <testcase name="testMain_SingleMatchBelowThreshold" class="BiLineItemMainBranchRegressionTest" classname="BiLineItemMainBranchRegressionTest" file="C:\Users\prote\Documents\software-devel\ksf_bank_import\tests\integration\BiLineItemMainBranchRegressionTest.php" line="48" assertions="0" time="0.074788">
          <skipped/>
        </testcase>
        <testcase name="testMain_SingleMatchAtThreshold_Invoice" class="BiLineItemMainBranchRegressionTest" classname="BiLineItemMainBranchRegressionTest" file="C:\Users\prote\Documents\software-devel\ksf_bank_import\tests\integration\BiLineItemMainBranchRegressionTest.php" line="66" assertions="0" time="0.060572">
          <skipped/>
        </testcase>
        <testcase name="testMain_SingleMatchBankPayment_WithQEFeature" class="BiLineItemMainBranchRegressionTest" classname="BiLineItemMainBranchRegressionTest" file="C:\Users\prote\Documents\software-devel\ksf_bank_import\tests\integration\BiLineItemMainBranchRegressionTest.php" line="85" assertions="0" time="0.059422">
          <skipped/>
        </testcase>
        <testcase name="testMain_SingleMatchBankDeposit_WithQEFeature" class="BiLineItemMainBranchRegressionTest" classname="BiLineItemMainBranchRegressionTest" file="C:\Users\prote\Documents\software-devel\ksf_bank_import\tests\integration\BiLineItemMainBranchRegressionTest.php" line="105" assertions="0" time="0.059788">
          <skipped/>
        </testcase>
        <testcase name="testMain_TwoMatchesAutoProcess" class="BiLineItemMainBranchRegressionTest" classname="BiLineItemMainBranchRegressionTest" file="C:\Users\prote\Documents\software-devel\ksf_bank_import\tests\integration\BiLineItemMainBranchRegressionTest.php" line="125" assertions="0" time="0.059177">
          <skipped/>
        </testcase>
        <testcase name="testMain_ThreeMatchesRequireManualSort" class="BiLineItemMainBranchRegressionTest" classname="BiLineItemMainBranchRegressionTest" file="C:\Users\prote\Documents\software-devel\ksf_bank_import\tests\integration\BiLineItemMainBranchRegressionTest.php" line="154" assertions="0" time="0.074510">
          <skipped/>
        </testcase>
        <testcase name="testMain_FourMatchesRequireManualSort" class="BiLineItemMainBranchRegressionTest" classname="BiLineItemMainBranchRegressionTest" file="C:\Users\prote\Documents\software-devel\ksf_bank_import\tests\integration\BiLineItemMainBranchRegressionTest.php" line="171" assertions="0" time="0.060429">
          <skipped/>
        </testcase>
        <testcase name="testMain_QuickEntryDetection" class="BiLineItemMainBranchRegressionTest" classname="BiLineItemMainBranchRegressionTest" file="C:\Users\prote\Documents\software-devel\ksf_bank_import\tests\integration\BiLineItemMainBranchRegressionTest.php" line="189" assertions="0" time="0.059167">
          <skipped/>
        </testcase>
        <testcase name="testMain_GenericMatchingStillWorks" class="BiLineItemMainBranchRegressionTest" classname="BiLineItemMainBranchRegressionTest" file="C:\Users\prote\Documents\software-devel\ksf_bank_import\tests\integration\BiLineItemMainBranchRegressionTest.php" line="215" assertions="0" time="0.059475">
          <skipped/>
        </testcase>
      </testsuite>
      <testsuite name="BiLineItemModelProductionBaselineTest" file="C:\Users\prote\Documents\software-devel\ksf_bank_import\tests\integration\BiLineItemModelProductionBaselineTest.php" tests="10" assertions="0" errors="0" warnings="0" failures="0" skipped="10" time="0.639707">
        <testcase name="testProdBaseline_DeterminePartnerTypeMethodDoesNotExist" class="BiLineItemModelProductionBaselineTest" classname="BiLineItemModelProductionBaselineTest" file="C:\Users\prote\Documents\software-devel\ksf_bank_import\tests\integration\BiLineItemModelProductionBaselineTest.php" line="36" assertions="0" time="0.057116">
          <skipped/>
        </testcase>
        <testcase name="testProdBaseline_FindMatchingDoesNotDeterminePartnerType" class="BiLineItemModelProductionBaselineTest" classname="BiLineItemModelProductionBaselineTest" file="C:\Users\prote\Documents\software-devel\ksf_bank_import\tests\integration\BiLineItemModelProductionBaselineTest.php" line="48" assertions="0" time="0.089241">
          <skipped/>
        </testcase>
        <testcase name="testProdBaseline_EmptyMatchesReturnsEmptyArray" class="BiLineItemModelProductionBaselineTest" classname="BiLineItemModelProductionBaselineTest" file="C:\Users\prote\Documents\software-devel\ksf_bank_import\tests\integration\BiLineItemModelProductionBaselineTest.php" line="67" assertions="0" time="0.074998">
          <skipped/>
        </testcase>
        <testcase name="testProdBaseline_InvoiceMatchNoAutoType" class="BiLineItemModelProductionBaselineTest" classname="BiLineItemModelProductionBaselineTest" file="C:\Users\prote\Documents\software-devel\ksf_bank_import\tests\integration\BiLineItemModelProductionBaselineTest.php" line="80" assertions="0" time="0.059386">
          <skipped/>
        </testcase>
        <testcase name="testProdBaseline_BankPaymentMatchNoQEDetection" class="BiLineItemModelProductionBaselineTest" classname="BiLineItemModelProductionBaselineTest" file="C:\Users\prote\Documents\software-devel\ksf_bank_import\tests\integration\BiLineItemModelProductionBaselineTest.php" line="96" assertions="0" time="0.058650">
          <skipped/>
        </testcase>
        <testcase name="testProdBaseline_BankDepositMatchNoQEDetection" class="BiLineItemModelProductionBaselineTest" classname="BiLineItemModelProductionBaselineTest" file="C:\Users\prote\Documents\software-devel\ksf_bank_import\tests\integration\BiLineItemModelProductionBaselineTest.php" line="113" assertions="0" time="0.060681">
          <skipped/>
        </testcase>
        <testcase name="testProdBaseline_LowScoreStillReturnsMatches" class="BiLineItemModelProductionBaselineTest" classname="BiLineItemModelProductionBaselineTest" file="C:\Users\prote\Documents\software-devel\ksf_bank_import\tests\integration\BiLineItemModelProductionBaselineTest.php" line="129" assertions="0" time="0.058472">
          <skipped/>
        </testcase>
        <testcase name="testProdBaseline_MultipleMatchesNoSpecialHandling" class="BiLineItemModelProductionBaselineTest" classname="BiLineItemModelProductionBaselineTest" file="C:\Users\prote\Documents\software-devel\ksf_bank_import\tests\integration\BiLineItemModelProductionBaselineTest.php" line="145" assertions="0" time="0.059399">
          <skipped/>
        </testcase>
        <testcase name="testProdBaseline_GenericTypeNoZZAssignment" class="BiLineItemModelProductionBaselineTest" classname="BiLineItemModelProductionBaselineTest" file="C:\Users\prote\Documents\software-devel\ksf_bank_import\tests\integration\BiLineItemModelProductionBaselineTest.php" line="163" assertions="0" time="0.060529">
          <skipped/>
        </testcase>
        <testcase name="testProdBaseline_ModelOnlyFindsViewsHandleLogic" class="BiLineItemModelProductionBaselineTest" classname="BiLineItemModelProductionBaselineTest" file="C:\Users\prote\Documents\software-devel\ksf_bank_import\tests\integration\BiLineItemModelProductionBaselineTest.php" line="179" assertions="0" time="0.061235">
          <skipped/>
        </testcase>
      </testsuite>
      <testsuite name="BiLineItemProductionBaselineTest" file="C:\Users\prote\Documents\software-devel\ksf_bank_import\tests\integration\BiLineItemProductionBaselineTest.php" tests="10" assertions="19" errors="0" warnings="0" failures="0" skipped="0" time="0.007343">
        <testcase name="testProdBaseline_EmptyMatchingTransactions" class="BiLineItemProductionBaselineTest" classname="BiLineItemProductionBaselineTest" file="C:\Users\prote\Documents\software-devel\ksf_bank_import\tests\integration\BiLineItemProductionBaselineTest.php" line="45" assertions="2" time="0.000790"/>
        <testcase name="testProdBaseline_SingleMatchBelowThreshold" class="BiLineItemProductionBaselineTest" classname="BiLineItemProductionBaselineTest" file="C:\Users\prote\Documents\software-devel\ksf_bank_import\tests\integration\BiLineItemProductionBaselineTest.php" line="65" assertions="2" time="0.000740"/>
        <testcase name="testProdBaseline_SingleMatchAtThreshold_Invoice" class="BiLineItemProductionBaselineTest" classname="BiLineItemProductionBaselineTest" file="C:\Users\prote\Documents\software-devel\ksf_bank_import\tests\integration\BiLineItemProductionBaselineTest.php" line="87" assertions="2" time="0.000705"/>
        <testcase name="testProdBaseline_SingleMatchBankPayment_NoQEFeature" class="BiLineItemProductionBaselineTest" classname="BiLineItemProductionBaselineTest" file="C:\Users\prote\Documents\software-devel\ksf_bank_import\tests\integration\BiLineItemProductionBaselineTest.php" line="110" assertions="1" time="0.000587"/>
        <testcase name="testProdBaseline_SingleMatchBankDeposit_NoQEFeature" class="BiLineItemProductionBaselineTest" classname="BiLineItemProductionBaselineTest" file="C:\Users\prote\Documents\software-devel\ksf_bank_import\tests\integration\BiLineItemProductionBaselineTest.php" line="133" assertions="1" time="0.000583"/>
        <testcase name="testProdBaseline_TwoMatchesAutoProcess" class="BiLineItemProductionBaselineTest" classname="BiLineItemProductionBaselineTest" file="C:\Users\prote\Documents\software-devel\ksf_bank_import\tests\integration\BiLineItemProductionBaselineTest.php" line="156" assertions="2" time="0.000636"/>
        <testcase name="testProdBaseline_ThreeMatchesRequireManualSort" class="BiLineItemProductionBaselineTest" classname="BiLineItemProductionBaselineTest" file="C:\Users\prote\Documents\software-devel\ksf_bank_import\tests\integration\BiLineItemProductionBaselineTest.php" line="186" assertions="2" time="0.000654"/>
        <testcase name="testProdBaseline_FourMatchesRequireManualSort" class="BiLineItemProductionBaselineTest" classname="BiLineItemProductionBaselineTest" file="C:\Users\prote\Documents\software-devel\ksf_bank_import\tests\integration\BiLineItemProductionBaselineTest.php" line="206" assertions="2" time="0.000760"/>
        <testcase name="testProdBaseline_NoQuickEntryDetection" class="BiLineItemProductionBaselineTest" classname="BiLineItemProductionBaselineTest" file="C:\Users\prote\Documents\software-devel\ksf_bank_import\tests\integration\BiLineItemProductionBaselineTest.php" line="275" assertions="2" time="0.001041"/>
        <testcase name="testDocumentExpectedChangesInMainBranch" class="BiLineItemProductionBaselineTest" classname="BiLineItemProductionBaselineTest" file="C:\Users\prote\Documents\software-devel\ksf_bank_import\tests\integration\BiLineItemProductionBaselineTest.php" line="302" assertions="3" time="0.000846"/>
      </testsuite>
      <testsuite name="KsfBankImport\Tests\Integration\BiStatementsProductionBaselineTest" file="C:\Users\prote\Documents\software-devel\ksf_bank_import\tests\integration\BiStatementsProductionBaselineTest.php" tests="10" assertions="18" errors="0" warnings="0" failures="3" skipped="1" time="0.008412">
        <testcase name="testProdBaseline_ClassExistsAndExtendsBaseModel" class="KsfBankImport\Tests\Integration\BiStatementsProductionBaselineTest" classname="KsfBankImport.Tests.Integration.BiStatementsProductionBaselineTest" file="C:\Users\prote\Documents\software-devel\ksf_bank_import\tests\integration\BiStatementsProductionBaselineTest.php" line="27" assertions="2" time="0.001154">
          <failure type="PHPUnit\Framework\ExpectationFailedException">KsfBankImport\Tests\Integration\BiStatementsProductionBaselineTest::testProdBaseline_ClassExistsAndExtendsBaseModel
PROD: bi_statements_model should extend generic_fa_interface_model
Failed asserting that '&lt;?php\r\n
\r\n
/****************************************************************************************\r\n
 * Table and handling class for staging of imported financial data\r\n
 *\r\n
 * This table will hold each record that we are importing.  That way we can check if\r\n
 * we have already seen the record when re-processing the same file, or perhaps one\r\n
 * from the same source that overlaps dates so we would have duplicate data.\r\n
 *\r\n
 * *************************************************************************************/\r\n
\r\n
use Ksfraser\ModulesDAO\Schema\DatabaseSchemaToolsTrait;\r\n
\r\n
\r\n
$path_to_root = "../..";\r\n
\r\n
/*******************************************\r\n
 * If you change the list of properties below, ensure that you also modify\r\n
 * build_write_properties_array\r\n
 * */\r\n
\r\n
//TODO\r\n
//	Update the queries in the functions to use $this-&gt;table_details['tablename'] instead of .TB_PREF."bi_transactions \r\n
\r\n
/*\r\n
 *\r\n
 * Each import type needs to read in the source document, and process line by line placing a record into this class.\r\n
 * This class then needs to insert the record.\r\n
 *\r\n
 * This table should not have any views (forms).\r\n
 * */\r\n
\r\n
//display_notification( __FILE__ . "::" . __LINE__ );\r\n
\r\n
$commonDir = __DIR__ . '/../ksf_modules_common';\r\n
$commonInterface = $commonDir . '/class.generic_fa_interface.php';\r\n
$commonDefines = $commonDir . '/defines.inc.php';\r\n
$faTypesInc = $commonDir . '/../../includes/types.inc';\r\n
$faEnv = strtolower((string)getenv('KSF_FA_ENV'));\r\n
$useFaMocks = strtolower((string)getenv('KSF_USE_FA_MOCKS'));\r\n
$forceMocks = ($useFaMocks === '1' || $useFaMocks === 'true' || $faEnv === 'dev' || $faEnv === 'test');\r\n
\r\n
if (!$forceMocks &amp;&amp; is_file($commonInterface) &amp;&amp; is_file($commonDefines) &amp;&amp; is_file($faTypesInc)) {\r\n
	require_once($commonInterface);\r\n
	require_once($commonDefines);\r\n
}\r\n
\r\n
\r\n
\r\n
/**//**************************************************************************************************************\r\n
* A DATA class to handle the storage and retrieval of bank records.  STAGE the records before processing into FA.\r\n
*\r\n
*\r\n
*\r\n
*	***** WARNING *** WARNING *** WARNING *****\r\n
*	MySQL has a row limit of 4k.  Having a bunch of large fields can lead to errors and issues.\r\n
*\r\n
*	+---------------------+--------------+------+-----+---------+----------------+\r\n
*	| Field               | Type         | Null | Key | Default | Extra          |\r\n
*	+---------------------+--------------+------+-----+---------+----------------+\r\n
*	| id           | int(11)     | NO   | PRI | NULL    | auto_increment |\r\n
*	| bank         | varchar(22) | YES  | MUL | NULL    |                |\r\n
*	| account      | varchar(24) | YES  |     | NULL    |                |\r\n
*	| currency     | varchar(3)  | YES  |     | NULL    |                |\r\n
*	| startBalance | double      | YES  |     | NULL    |                |\r\n
*	| endBalance   | double      | YES  |     | NULL    |                |\r\n
*	| smtDate      | date        | YES  |     | NULL    |                |\r\n
*	| number       | int(11)     | YES  |     | NULL    |                |\r\n
*	| seq          | int(11)     | YES  |     | NULL    |                |\r\n
*	| statementId  | varchar(64) | YES  |     | NULL    |                |\r\n
*	| acctid       | varchar(64) | YES  |     | NULL    |                |\r\n
*	| fitid        | varchar(64) | YES  |     | NULL    |                |\r\n
*	| bankid       | varchar(64) | YES  |     | NULL    |                |\r\n
*	| intu_bid     | varchar(64) | YES  |     | NULL    |                |\r\n
*	+---------------------+--------------+------+-----+---------+----------------+\r\n
*	\r\n
*\r\n
******************************************************************************************************************/\r\n
\r\n
\r\n
class bi_statements_model \r\n
{\r\n
	use DatabaseSchemaToolsTrait;\r\n
	use Ksfraser\GenericInterface\GenericFaInterfaceTrait;\r\n
\r\n
\r\n
	/**\r\n
	 * Ensure the staging table schema is present (idempotent, non-destructive).\r\n
	 * Table creation is handled by sql/update.sql during module activation; this only\r\n
	 * repairs drift (missing columns/index) for older installs.\r\n
	 */\r\n
	public function ensure_schema(): void\r\n
	{\r\n
		$table = TB_PREF . 'bi_statements';\r\n
		if (!$this-&gt;tableExists($table)) {\r\n
			return;\r\n
		}\r\n
		$this-&gt;ensureColumn($table, 'updated_ts', "TIMESTAMP NOT NULL DEFAULT CURRENT_TIMESTAMP");\r\n
		$this-&gt;ensureColumn($table, 'acctid', "VARCHAR(64) NULL");\r\n
		$this-&gt;ensureColumn($table, 'fitid', "VARCHAR(64) NULL");\r\n
		$this-&gt;ensureColumn($table, 'bankid', "VARCHAR(64) NULL");\r\n
		$this-&gt;ensureColumn($table, 'intu_bid', "VARCHAR(64) NULL");\r\n
		$this-&gt;ensureUniqueIndex($table, 'unique_smt', array('bank', 'statementId'));\r\n
	}\r\n
\r\n
	/**\r\n
	 * Cache of table columns to keep INSERT generation schema-tolerant.\r\n
	 *\r\n
	 * @var array&lt;string, array&lt;string, bool&gt;&gt;\r\n
	 */\r\n
	private static $tableColumnsCache = [];\r\n
\r\n
	public $id;\r\n
	public $bank;        // varchar(22) | YES  | MUL | NULL    |                |\r\n
	public $account;		// varchar(24) | YES  |     | NULL    |                |\r\n
	public $currency;		// varchar(3)  | YES  |     | NULL    |                |\r\n
	public $startBalance;	// double      | YES  |     | NULL    |                |\r\n
	public $endBalance;		// double      | YES  |     | NULL    |                |\r\n
	public $smtDate;		// date        | YES  |     | NULL    |                |\r\n
	public $number;		// int(11)     | YES  |     | NULL    |                |\r\n
	public $seq;			// int(11)     | YES  |     | NULL    |                |\r\n
	public $statementId;		// varchar(64) | YES  |     | NULL    |                |\r\n
	public $acctid;		// varchar(64) | YES  |     | NULL    |                |\r\n
	public $fitid;		// varchar(64) | YES  |     | NULL    |                |\r\n
	public $bankid;		// varchar(64) | YES  |     | NULL    |                |\r\n
	public $intu_bid;		// varchar(64) | YES  |     | NULL    |                |\r\n
\r\n
\r\n
\r\n
	function __construct()\r\n
	{\r\n
		$this-&gt;initSchemaTools('db_query', 'db_escape', 'db_num_rows');\r\n
		$this-&gt;iam = "bi_statements";\r\n
		$this-&gt;define_table();\r\n
	}\r\n
	function define_table()\r\n
	{\r\n
		$ind = "id";\r\n
		//$ind = "id_" . $this-&gt;iam;\r\n
//All of these array assignments error out:\r\n
//	Indirect modification of overloaded property bi_transactions_model::$fields_array has no effect in file\r\n
//Cause would be -&gt; varaibles below are temporary - craeted by __get so that __set might set them.\r\n
//Looks like these fields aren't declared anywhere in the inheritance chain, hence the temporary (created by __get)\r\n
		$this-&gt;fields_array[] = array('name' =&gt; $ind, 'type' =&gt; 'int(11)', 'auto_increment' =&gt; 'yes', 'readwrite' =&gt; 'read' );\r\n
		$this-&gt;fields_array[] = array('name' =&gt; 'updated_ts', 'type' =&gt; 'timestamp', 'null' =&gt; 'NOT NULL', 'default' =&gt; 'CURRENT_TIMESTAMP', 'readwrite' =&gt; 'read' );\r\n
		if( strlen( $this-&gt;company_prefix ) &lt; 2 )\r\n
		{\r\n
			$this-&gt;company_prefix = TB_PREF;\r\n
		}\r\n
		//display_notification( __FILE__ . "::" . __LINE__ . ":" . print_r( $this-&gt;table_details, true ) );\r\n
		//display_notification( __FILE__ . "::" . __LINE__ . ":" . print_r( $this, true ) );\r\n
		$this-&gt;table_details['tablename'] = $this-&gt;company_prefix . $this-&gt;iam;\r\n
		$this-&gt;table_details['primarykey'] = $ind;\r\n
		//$this-&gt;table_details['orderby'] = 'valueTimestamp, id';\r\n
		//$this-&gt;table_details['orderby'] = 'transaction_date, transaction_id';\r\n
/*\r\n
		$this-&gt;table_details['index'][0]['type'] = 'unique';\r\n
		$this-&gt;table_details['index'][0]['columns'] = "transaction_id";\r\n
		$this-&gt;table_details['index'][0]['keyname'] = "transaction_id";\r\n
*/\r\n
		//$sidl = 'varchar(' . STOCK_ID_LENGTH . ')';\r\n
		//$descl = 'varchar(' . DESCRIPTION_LENGTH . ')';\r\n
\r\n
		$this-&gt;fields_array[] = array('name'=&gt; 'id', 'label' =&gt; 'ID', 	'type' =&gt; 'int(11)', 	'null' =&gt; 'NOT NULL', 'readwrite' =&gt; 'readwrite', 'comment' =&gt; '', 'default' =&gt; 'NULL' );\r\n
		$this-&gt;fields_array[] = array('name'=&gt; 'bank', 'label' =&gt; 'Bank	', 'type' =&gt; ' varchar(64)  ', 'null' =&gt; 'NULL', 'readwrite' =&gt; 'readwrite', 'comment' =&gt; '', 'default' =&gt; 'NULL' );    \r\n
		$this-&gt;fields_array[] = array('name'=&gt; 'account', 'label' =&gt; 'Account', 'type' =&gt; ' varchar(64)  ', 'null' =&gt; 'NULL', 'readwrite' =&gt; 'readwrite', 'comment' =&gt; '', 'default' =&gt; 'NULL' );    \r\n
		$this-&gt;fields_array[] = array('name'=&gt; 'currency', 'label' =&gt; 'Currency', 'type' =&gt; ' varchar(3)   ', 'null' =&gt; 'NULL', 'readwrite' =&gt; 'readwrite', 'comment' =&gt; '', 'default' =&gt; 'NULL' );    \r\n
		$this-&gt;fields_array[] = array('name'=&gt; 'startBalance', 'label' =&gt; 'Start Balance','type' =&gt; ' double ', 'null' =&gt; 'NULL', 'readwrite' =&gt; 'readwrite', 'comment' =&gt; '', 'default' =&gt; 'NULL' );    \r\n
		$this-&gt;fields_array[] = array('name'=&gt; 'endBalance', 'label' =&gt; 'End Balance',	'type' =&gt; ' double ', 'null' =&gt; 'NULL', 'readwrite' =&gt; 'readwrite', 'comment' =&gt; '', 'default' =&gt; 'NULL' );    \r\n
		$this-&gt;fields_array[] = array('name'=&gt; 'smtDate', 'label' =&gt; 'Statement Date',	'type' =&gt; ' date   ', 'null' =&gt; 'NULL', 'readwrite' =&gt; 'readwrite', 'comment' =&gt; '', 'default' =&gt; 'NULL' );    \r\n
		$this-&gt;fields_array[] = array('name'=&gt; 'number', 'label' =&gt; 'Number','type' =&gt; ' int(11)', 'null' =&gt; 'NULL', 'readwrite' =&gt; 'readwrite', 'comment' =&gt; '', 'default' =&gt; 'NULL' );    \r\n
		$this-&gt;fields_array[] = array('name'=&gt; 'seq', 'label' =&gt; 'Sequence', 'type' =&gt; ' int(11)', 'null' =&gt; 'NULL', 'readwrite' =&gt; 'readwrite', 'comment' =&gt; '', 'default' =&gt; 'NULL' );    \r\n
		$this-&gt;fields_array[] = array('name'=&gt; 'statementId', 'label' =&gt; 'Statement ID','type' =&gt; ' varchar(64)  ', 'null' =&gt; 'NULL', 'readwrite' =&gt; 'readwrite', 'comment' =&gt; '', 'default' =&gt; 'NULL' );    \r\n
		$this-&gt;fields_array[] = array('name'=&gt; 'acctid', 'label' =&gt; 'Account ID','type' =&gt; ' varchar(64)  ', 'null' =&gt; 'NULL', 'readwrite' =&gt; 'readwrite', 'comment' =&gt; '', 'default' =&gt; 'NULL' );    \r\n
		$this-&gt;fields_array[] = array('name'=&gt; 'fitid', 'label' =&gt; 'Financial Institute Transaction ID','type' =&gt; ' varchar(64)  ', 'null' =&gt; 'NULL', 'readwrite' =&gt; 'readwrite', 'comment' =&gt; '', 'default' =&gt; 'NULL' );    \r\n
		$this-&gt;fields_array[] = array('name'=&gt; 'bankid', 'label' =&gt; 'Bank ID','type' =&gt; ' varchar(64)  ', 'null' =&gt; 'NULL', 'readwrite' =&gt; 'readwrite', 'comment' =&gt; '', 'default' =&gt; 'NULL' );    \r\n
		$this-&gt;fields_array[] = array('name'=&gt; 'intu_bid', 'label' =&gt; 'Institute ID','type' =&gt; ' varchar(64)  ', 'null' =&gt; 'NULL', 'readwrite' =&gt; 'readwrite', 'comment' =&gt; '', 'default' =&gt; 'NULL' );    \r\n
		//display_notification( __FILE__ . "::" . __LINE__ . ":" . print_r( $this-&gt;table_details['tablename'], true ) );\r\n
		//display_notification( __FILE__ . "::" . __LINE__ . ":" . print_r( $this-&gt;table_details, true ) );\r\n
	}\r\n
	function insert_transaction()\r\n
	{\r\n
		$this-&gt;insert_data( get_object_vars($this) );\r\n
	}\r\n
	/**//*************************************************************************\r\n
	* Update bi_trans with the related info to FA gl transactions\r\n
	*\r\n
	*       Hooks db_prevoid does similar\r\n
	*\r\n
	* @param none\r\n
	* @returns none\r\n
	******************************************************************************/\r\n
	function update_statement()\r\n
	{\r\n
		$sql = "\r\n
			UPDATE " . $this-&gt;table_details['tablename'] .\r\n
			" SET startBalance=". db_escape( $this-&gt;startBalance ) . ", " .\r\n
				"endBalance=" . db_escape($this-&gt;endBalance) . \r\n
			" WHERE id=" . db_escape( $this-&gt;id );\r\n
		//display_notification( __FILE__ . "::" . __LINE__ . " : " . $sql);\r\n
		db_query($sql, 'Could not update trans');\r\n
	}\r\n
	/**//*************************************************************************\r\n
	* Reset TBD           when the related FA gl transaction is voided\r\n
	*\r\n
	* @param int the Transaction Type (JE/BP/SP/...)\r\n
	* @param int The transaction number\r\n
	* @returns none\r\n
	******************************************************************************/\r\n
	function db_prevoid( $trans_type, $trans_no )\r\n
	{\r\n
	}\r\n
	/**//**********************************************************************\r\n
	* Get a specific transaction's details\r\n
	*\r\n
	* @param int index\r\n
	* @returns array transaction row from db\r\n
	***************************************************************************/\r\n
	function get_statement( $tid = null) \r\n
	{\r\n
		if( $tid == null )\r\n
		{\r\n
			if( isset( $this-&gt;id ) )\r\n
				$tid = $this-&gt;id;\r\n
			else\r\n
				throw new Exception( "No ID set to search for" );\r\n
		}\r\n
	        $sql = "\r\n
	              SELECT * FROM ". $this-&gt;table_details['tablename'] .\r\n
	             "WHERE id=" . db_escape($tid);\r\n
	        $result = db_query($sql, "could not get statement with id $tid");\r\n
	        return db_fetch($result);\r\n
	}\r\n
	/**//************************************************************\r\n
	* Hand build the INSERT statement\r\n
	*\r\n
	* @param none\r\n
	* @returns string SQL statement\r\n
	*****************************************************************/\r\n
	function hand_insert_sql()\r\n
	{\r\n
		$table = $this-&gt;table_details['tablename'];\r\n
		$cols = $this-&gt;get_table_columns($table);\r\n
\r\n
		// Build candidate values from whatever properties exist on this model/statement.\r\n
		$smtDateValue = null;\r\n
		if (isset($this-&gt;smtDate)) {\r\n
			$smtDateValue = $this-&gt;smtDate;\r\n
		} elseif (isset($this-&gt;timestamp)) {\r\n
			$smtDateValue = $this-&gt;timestamp;\r\n
		}\r\n
\r\n
		$seqValue = null;\r\n
		if (isset($this-&gt;seq)) {\r\n
			$seqValue = $this-&gt;seq;\r\n
		} elseif (isset($this-&gt;sequence)) {\r\n
			$seqValue = $this-&gt;sequence;\r\n
		}\r\n
\r\n
		$candidates = [\r\n
			'bank' =&gt; $this-&gt;bank ?? null,\r\n
			'account' =&gt; $this-&gt;account ?? null,\r\n
			'currency' =&gt; $this-&gt;currency ?? null,\r\n
			'startBalance' =&gt; $this-&gt;startBalance ?? null,\r\n
			'endBalance' =&gt; $this-&gt;endBalance ?? null,\r\n
			'smtDate' =&gt; $smtDateValue,\r\n
			'number' =&gt; $this-&gt;number ?? null,\r\n
			'seq' =&gt; $seqValue,\r\n
			'statementId' =&gt; $this-&gt;statementId ?? null,\r\n
			'acctid' =&gt; $this-&gt;acctid ?? null,\r\n
			'fitid' =&gt; $this-&gt;fitid ?? null,\r\n
			'bankid' =&gt; $this-&gt;bankid ?? null,\r\n
			'intu_bid' =&gt; $this-&gt;intu_bid ?? null,\r\n
		];\r\n
\r\n
		$fields = [];\r\n
		$values = [];\r\n
		foreach ($candidates as $field =&gt; $value) {\r\n
			if (!isset($cols[$field])) {\r\n
				continue;\r\n
			}\r\n
			$fields[] = $field;\r\n
			$values[] = db_escape($value);\r\n
		}\r\n
\r\n
		if (empty($fields)) {\r\n
			throw new Exception('No matching columns found for bi_statements insert.');\r\n
		}\r\n
\r\n
		return "INSERT IGNORE INTO {$table} (" . implode(', ', $fields) . ") VALUES (" . implode(', ', $values) . ")";\r\n
	}\r\n
\r\n
	/**\r\n
	 * @return array&lt;string,bool&gt;\r\n
	 */\r\n
	private function get_table_columns(string $tableName): array\r\n
	{\r\n
		if (isset(self::$tableColumnsCache[$tableName])) {\r\n
			return self::$tableColumnsCache[$tableName];\r\n
		}\r\n
\r\n
		$cols = [];\r\n
		try {\r\n
			$res = db_query("SHOW COLUMNS FROM {$tableName}", 'Could not read table columns');\r\n
			while ($row = db_fetch($res)) {\r\n
				if (!empty($row['Field'])) {\r\n
					$cols[(string)$row['Field']] = true;\r\n
				}\r\n
			}\r\n
		} catch (Exception $e) {\r\n
			// If introspection fails, fall back to the historical column set.\r\n
			foreach (['bank','account','currency','startBalance','endBalance','smtDate','number','seq','statementId','acctid','fitid','bankid','intu_bid'] as $f) {\r\n
				$cols[$f] = true;\r\n
			}\r\n
		}\r\n
\r\n
		self::$tableColumnsCache[$tableName] = $cols;\r\n
		return $cols;\r\n
	}\r\n
	/**//************************************************************\r\n
	* Determine if this particular statement already exists in the staging table\r\n
	*\r\n
	*	We need to do duplicate checking.  Most banks allow a person to select a date range for their transactions.\r\n
	*\r\n
	*	We can have the same total for the same vendor on the same date and not automatically be a duplicate\r\n
	*		Example when I buy flats of coke on sale limit 4 per transaction. \r\n
	*\r\n
	*\r\n
	* @param none\r\n
	* @returns bool already exists? \r\n
	*****************************************************************/\r\n
	function statement_exists()\r\n
	{\r\n
                $sql = "\r\n
                      SELECT * FROM ". $this-&gt;table_details['tablename'] .\r\n
                     " WHERE bank=".db_escape($this-&gt;bank)." AND statementId=".db_escape($this-&gt;statementId);\r\n
		$tid = $this-&gt;statementId;\r\n
		//display_notification( __FILE__ . "::" . __LINE__ . " $sql" );\r\n
		try\r\n
		{\r\n
	                $result = db_query($sql, "could not get statement with id $tid");\r\n
			$myrow = db_fetch($result);\r\n
			if( empty($myrow)) \r\n
			{\r\n
				return false;\r\n
			}\r\n
			else\r\n
			{\r\n
				$this-&gt;arr2obj( $myrow );\r\n
				//display_notification( __FILE__ . "::" . __LINE__ . print_r( $this, true ) );\r\n
			}\r\n
		}\r\n
		catch( Exception $e )\r\n
		{\r\n
			display_notification( __FILE__ . "::" . __LINE__ . $e-&gt;getMessage() );\r\n
		}\r\n
		return true;\r\n
	}\r\n
\r\n
	// =====================================================================\r\n
	// BankAccountMapping Cross-Reference Methods (Phase 2)\r\n
	// =====================================================================\r\n
\r\n
	/**\r\n
	 * Get the BankAccountMapping entity for this statement\r\n
	 * \r\n
	 * Retrieves or creates the cross-reference mapping of OFX identifiers\r\n
	 * to FA bank account for this statement.\r\n
	 * \r\n
	 * @return \Ksfraser\FaBankImport\Shared\Entities\BankAccountMapping|null\r\n
	 */\r\n
	public function getBankAccountMapping(): ?\Ksfraser\FaBankImport\Shared\Entities\BankAccountMapping\r\n
	{\r\n
		return $this-&gt;extractBankAccountMapping();\r\n
	}\r\n
\r\n
	/**\r\n
	 * Get the FA bank account ID mapped to this statement\r\n
	 * \r\n
	 * Returns the FrontAccounting bank account that this statement's OFX\r\n
	 * identifiers are linked to, or null if no mapping exists.\r\n
	 * Delegates all validation to the Repository.\r\n
	 * \r\n
	 * @return int|null\r\n
	 */\r\n
	public function getFABankAccountId(): ?int\r\n
	{\r\n
		try {\r\n
			if (!class_exists('\Ksfraser\FaBankImport\Shared\Repositories\BankAccountMappingRepository')) {\r\n
				return null;\r\n
			}\r\n
			\r\n
			// Repository handles all validation and null/empty checks\r\n
			$statementData = [\r\n
				'bankid' =&gt; $this-&gt;bankid,\r\n
				'acctid' =&gt; $this-&gt;acctid,\r\n
				'intu_bid' =&gt; $this-&gt;intu_bid\r\n
			];\r\n
			\r\n
			return \Ksfraser\FaBankImport\Shared\Repositories\BankAccountMappingRepository::getFABankAccountIdFromStatement($statementData);\r\n
		} catch (\Exception $e) {\r\n
			return null;\r\n
		}\r\n
	}\r\n
\r\n
	/**\r\n
	 * Extract BankAccountMapping from this statement's OFX identifiers\r\n
	 * \r\n
	 * Creates a BankAccountMapping entity from the OFX identifiers\r\n
	 * stored in this statement (bankid, acctid, intu_bid).\r\n
	 * Delegates validation to the Repository.\r\n
	 * \r\n
	 * @return \Ksfraser\FaBankImport\Shared\Entities\BankAccountMapping|null\r\n
	 */\r\n
	public function extractBankAccountMapping(): ?\Ksfraser\FaBankImport\Shared\Entities\BankAccountMapping\r\n
	{\r\n
		try {\r\n
			if (!class_exists('\Ksfraser\FaBankImport\Shared\Repositories\BankAccountMappingRepository')) {\r\n
				return null;\r\n
			}\r\n
			\r\n
			// Repository handles all validation and null/empty checks\r\n
			$statementData = [\r\n
				'bankid' =&gt; $this-&gt;bankid,\r\n
				'acctid' =&gt; $this-&gt;acctid,\r\n
				'intu_bid' =&gt; $this-&gt;intu_bid,\r\n
				'curdef' =&gt; $this-&gt;currency\r\n
			];\r\n
			\r\n
			return \Ksfraser\FaBankImport\Shared\Repositories\BankAccountMappingRepository::findByStatementData($statementData);\r\n
		} catch (\Exception $e) {\r\n
			return null;\r\n
		}\r\n
	}\r\n
\r\n
	/**\r\n
	 * Store BankAccountMapping in repository and link to FA account\r\n
	 * \r\n
	 * Creates or updates the mapping of this statement's OFX identifiers\r\n
	 * to a FrontAccounting bank account. Operation is idempotent.\r\n
	 * \r\n
	 * @param \Ksfraser\FaBankImport\Shared\Entities\BankAccountMapping $mapping The mapping to store\r\n
	 * @param int $faAccountId The FA bank account ID to link to\r\n
	 * @return bool True on success, false on failure\r\n
	 */\r\n
	public function storeBankAccountMapping(\r\n
		\Ksfraser\FaBankImport\Shared\Entities\BankAccountMapping $mapping,\r\n
		int $faAccountId\r\n
	): bool\r\n
	{\r\n
		try {\r\n
			if (!class_exists('\Ksfraser\FaBankImport\Shared\Repositories\BankAccountMappingRepository')) {\r\n
				return false;\r\n
			}\r\n
			\r\n
			// Upsert in repository (idempotent)\r\n
			\Ksfraser\FaBankImport\Shared\Repositories\BankAccountMappingRepository::upsert($mapping, $faAccountId);\r\n
			\r\n
			return true;\r\n
		} catch (\Exception $e) {\r\n
			return false;\r\n
		}\r\n
	}\r\n
\r\n
	/**\r\n
	 * Relink this statement's mapping to a different FA account\r\n
	 * \r\n
	 * Updates the association of this statement's mapping to point to\r\n
	 * a different FrontAccounting bank account. Useful when user changes\r\n
	 * which FA account a bank account is linked to.\r\n
	 * \r\n
	 * @param int $newFAAccountId The new FA bank account ID\r\n
	 * @return bool True on success, false on failure\r\n
	 */\r\n
	public function relinkBankAccountMapping(int $newFAAccountId): bool\r\n
	{\r\n
		try {\r\n
			if (!class_exists('\Ksfraser\FaBankImport\Shared\Repositories\BankAccountMappingRepository')) {\r\n
				return false;\r\n
			}\r\n
			\r\n
			// Find existing mapping\r\n
			$mapping = \Ksfraser\FaBankImport\Shared\Repositories\BankAccountMappingRepository::findByOFXIdentifiers(\r\n
				$this-&gt;bankid, \r\n
				$this-&gt;acctid, \r\n
				$this-&gt;intu_bid\r\n
			);\r\n
			\r\n
			if (!$mapping) {\r\n
				return false;\r\n
			}\r\n
			\r\n
			// Update mapping with new account ID\r\n
			$mapping-&gt;bank_account_id = $newFAAccountId;\r\n
			\Ksfraser\FaBankImport\Shared\Repositories\BankAccountMappingRepository::upsert($mapping, $newFAAccountId);\r\n
			\r\n
			return true;\r\n
		} catch (\Exception $e) {\r\n
			return false;\r\n
		}\r\n
	}\r\n
\r\n
	/**\r\n
	 * Find statements by BankAccountMapping ID\r\n
	 * \r\n
	 * Static method to retrieve all statements that share the same\r\n
	 * BankAccountMapping ID. Useful for cross-referencing and auditing.\r\n
	 * \r\n
	 * @param int $mappingId The BankAccountMapping ID\r\n
	 * @return array Array of statement rows or empty array\r\n
	 */\r\n
	public static function findByBankAccountMappingId(int $mappingId): array\r\n
	{\r\n
		try {\r\n
			if (!class_exists('\Ksfraser\FaBankImport\Shared\Repositories\BankAccountMappingRepository')) {\r\n
				return [];\r\n
			}\r\n
			\r\n
			// Get the mapping first\r\n
			$mapping = \Ksfraser\FaBankImport\Shared\Repositories\BankAccountMappingRepository::findById($mappingId);\r\n
			if (!$mapping) {\r\n
				return [];\r\n
			}\r\n
			\r\n
			// Find all statements with matching OFX identifiers\r\n
			$table = TB_PREF . 'bi_statements';\r\n
			$sql = "SELECT * FROM `{$table}`\r\n
					WHERE (bankid=" . db_escape($mapping-&gt;bankid) . " OR bankid IS NULL) \r\n
					  AND (acctid=" . db_escape($mapping-&gt;acctid) . " OR acctid IS NULL)\r\n
					  AND (intu_bid=" . db_escape($mapping-&gt;intu_bid) . " OR intu_bid IS NULL)\r\n
					ORDER BY id DESC";\r\n
			\r\n
			$result = @db_query($sql, 'Could not find statements by mapping');\r\n
			\r\n
			$statements = [];\r\n
			if (is_object($result)) {\r\n
				while ($row = db_fetch($result)) {\r\n
					if (is_array($row)) {\r\n
						$statements[] = $row;\r\n
					}\r\n
				}\r\n
			}\r\n
			\r\n
			return $statements;\r\n
		} catch (\Exception $e) {\r\n
			return [];\r\n
		}\r\n
	}\r\n
\r\n
}\r\n
////I've copied this into ORIGIN.\r\n
//	/**//**********************************************************************\r\n
//	* Convert Statement class to this object\r\n
//	*\r\n
//	* @param class\r\n
//	* @returns int how many fields did we copy\r\n
//	**************************************************************************/\r\n
//	function obj2obj( $obj )\r\n
//	{\r\n
//		//display_notification( __FILE__ . "::" . __LINE__ . print_r( $obj, true ) );\r\n
//		if( is_array( $obj ) )\r\n
//			return $this-&gt;arr2obj( $obj );\r\n
//		if( ! is_object( $obj ) )\r\n
//			throw new Exception( "Passed in data is neither an array nor an object.  We can't handle here!" );\r\n
//\r\n
//		$cnt = 0;\r\n
//		foreach( get_object_vars($this) as $key =&gt; $value )\r\n
//		{\r\n
//			//display_notification( __FILE__ . "::" . __LINE__ . " " . print_r( $key, true ) );\r\n
//			if( isset( $obj-&gt;$key ) )\r\n
//			{\r\n
//				//display_notification( __FILE__ . "::" . __LINE__ . " $key $obj-&gt;$key" );\r\n
//				//$this-&gt;$key = $obj-&gt;$key;	\r\n
//				$this-&gt;set( $key, $obj-&gt;$key );	\r\n
//				//	display_notification( __FILE__ . "::" . __LINE__ . " " . print_r( $this-&gt;$key, true ) );\r\n
//				$cnt++;\r\n
//			}\r\n
//			else\r\n
//			{\r\n
//				//display_notification( __FILE__ . "::" . __LINE__ . " $key not set in " . print_r( $obj, true ) );\r\n
//			}\r\n
//		}\r\n
//		//	display_notification( __FILE__ . "::" . __LINE__ . print_r( $this, true ) );\r\n
//		return $cnt;\r\n
//	}\r\n
//	/**//**********************************************************************\r\n
//	* Convert Transaction array to this object\r\n
//	*\r\n
//	* @param array\r\n
//	* @returns int how many fields did we copy\r\n
//	**************************************************************************/\r\n
//	function arr2obj( $arr )\r\n
//	{\r\n
//		//display_notification( __FILE__ . "::" . __LINE__ . print_r( $arr, true ) );\r\n
//		if( is_object( $arr ) )\r\n
//			return $this-&gt;obj2obj( $arr );\r\n
//		if( ! is_array( $arr ) )\r\n
//			throw new Exception( "Passed in data is neither an array nor an object.  We can't handle here!" );\r\n
//\r\n
//		$cnt = 0;\r\n
//		foreach( get_object_vars($this) as $key =&gt; $value )\r\n
//		{\r\n
//			//display_notification( __FILE__ . "::" . __LINE__ . " " . print_r( $key, true ) );\r\n
//			if( isset( $arr[$key] ) )\r\n
//			{\r\n
//				//display_notification( __FILE__ . "::" . __LINE__ . " $key $arr[$key]" );\r\n
//				//$this-&gt;$key = $arr[$key];	\r\n
//				$this-&gt;set( $key, $arr[$key] );	\r\n
//				//	display_notification( __FILE__ . "::" . __LINE__ . " " . print_r( $this-&gt;$key, true ) );\r\n
//				$cnt++;\r\n
//			}\r\n
//			else\r\n
//			{\r\n
//				//display_notification( __FILE__ . "::" . __LINE__ . " $key not set in " . print_r( $arr, true ) );\r\n
//			}\r\n
//		}\r\n
//		//	display_notification( __FILE__ . "::" . __LINE__ . print_r( $this, true ) );\r\n
//		return $cnt;\r\n
//	}\r\n
////display_notification( __FILE__ . "::" . __LINE__ );\r\n
' contains "class bi_statements_model extends generic_fa_interface_model".

C:\Users\prote\Documents\software-devel\ksf_bank_import\tests\integration\BiStatementsProductionBaselineTest.php:33</failure>
        </testcase>
        <testcase name="testProdBaseline_HasAllDatabaseProperties" class="KsfBankImport\Tests\Integration\BiStatementsProductionBaselineTest" classname="KsfBankImport.Tests.Integration.BiStatementsProductionBaselineTest" file="C:\Users\prote\Documents\software-devel\ksf_bank_import\tests\integration\BiStatementsProductionBaselineTest.php" line="43" assertions="1" time="0.001063">
          <failure type="PHPUnit\Framework\ExpectationFailedException">KsfBankImport\Tests\Integration\BiStatementsProductionBaselineTest::testProdBaseline_HasAllDatabaseProperties
PROD BASELINE: Property protected $id should exist
Failed asserting that '&lt;?php\r\n
\r\n
/****************************************************************************************\r\n
 * Table and handling class for staging of imported financial data\r\n
 *\r\n
 * This table will hold each record that we are importing.  That way we can check if\r\n
 * we have already seen the record when re-processing the same file, or perhaps one\r\n
 * from the same source that overlaps dates so we would have duplicate data.\r\n
 *\r\n
 * *************************************************************************************/\r\n
\r\n
use Ksfraser\ModulesDAO\Schema\DatabaseSchemaToolsTrait;\r\n
\r\n
\r\n
$path_to_root = "../..";\r\n
\r\n
/*******************************************\r\n
 * If you change the list of properties below, ensure that you also modify\r\n
 * build_write_properties_array\r\n
 * */\r\n
\r\n
//TODO\r\n
//	Update the queries in the functions to use $this-&gt;table_details['tablename'] instead of .TB_PREF."bi_transactions \r\n
\r\n
/*\r\n
 *\r\n
 * Each import type needs to read in the source document, and process line by line placing a record into this class.\r\n
 * This class then needs to insert the record.\r\n
 *\r\n
 * This table should not have any views (forms).\r\n
 * */\r\n
\r\n
//display_notification( __FILE__ . "::" . __LINE__ );\r\n
\r\n
$commonDir = __DIR__ . '/../ksf_modules_common';\r\n
$commonInterface = $commonDir . '/class.generic_fa_interface.php';\r\n
$commonDefines = $commonDir . '/defines.inc.php';\r\n
$faTypesInc = $commonDir . '/../../includes/types.inc';\r\n
$faEnv = strtolower((string)getenv('KSF_FA_ENV'));\r\n
$useFaMocks = strtolower((string)getenv('KSF_USE_FA_MOCKS'));\r\n
$forceMocks = ($useFaMocks === '1' || $useFaMocks === 'true' || $faEnv === 'dev' || $faEnv === 'test');\r\n
\r\n
if (!$forceMocks &amp;&amp; is_file($commonInterface) &amp;&amp; is_file($commonDefines) &amp;&amp; is_file($faTypesInc)) {\r\n
	require_once($commonInterface);\r\n
	require_once($commonDefines);\r\n
}\r\n
\r\n
\r\n
\r\n
/**//**************************************************************************************************************\r\n
* A DATA class to handle the storage and retrieval of bank records.  STAGE the records before processing into FA.\r\n
*\r\n
*\r\n
*\r\n
*	***** WARNING *** WARNING *** WARNING *****\r\n
*	MySQL has a row limit of 4k.  Having a bunch of large fields can lead to errors and issues.\r\n
*\r\n
*	+---------------------+--------------+------+-----+---------+----------------+\r\n
*	| Field               | Type         | Null | Key | Default | Extra          |\r\n
*	+---------------------+--------------+------+-----+---------+----------------+\r\n
*	| id           | int(11)     | NO   | PRI | NULL    | auto_increment |\r\n
*	| bank         | varchar(22) | YES  | MUL | NULL    |                |\r\n
*	| account      | varchar(24) | YES  |     | NULL    |                |\r\n
*	| currency     | varchar(3)  | YES  |     | NULL    |                |\r\n
*	| startBalance | double      | YES  |     | NULL    |                |\r\n
*	| endBalance   | double      | YES  |     | NULL    |                |\r\n
*	| smtDate      | date        | YES  |     | NULL    |                |\r\n
*	| number       | int(11)     | YES  |     | NULL    |                |\r\n
*	| seq          | int(11)     | YES  |     | NULL    |                |\r\n
*	| statementId  | varchar(64) | YES  |     | NULL    |                |\r\n
*	| acctid       | varchar(64) | YES  |     | NULL    |                |\r\n
*	| fitid        | varchar(64) | YES  |     | NULL    |                |\r\n
*	| bankid       | varchar(64) | YES  |     | NULL    |                |\r\n
*	| intu_bid     | varchar(64) | YES  |     | NULL    |                |\r\n
*	+---------------------+--------------+------+-----+---------+----------------+\r\n
*	\r\n
*\r\n
******************************************************************************************************************/\r\n
\r\n
\r\n
class bi_statements_model \r\n
{\r\n
	use DatabaseSchemaToolsTrait;\r\n
	use Ksfraser\GenericInterface\GenericFaInterfaceTrait;\r\n
\r\n
\r\n
	/**\r\n
	 * Ensure the staging table schema is present (idempotent, non-destructive).\r\n
	 * Table creation is handled by sql/update.sql during module activation; this only\r\n
	 * repairs drift (missing columns/index) for older installs.\r\n
	 */\r\n
	public function ensure_schema(): void\r\n
	{\r\n
		$table = TB_PREF . 'bi_statements';\r\n
		if (!$this-&gt;tableExists($table)) {\r\n
			return;\r\n
		}\r\n
		$this-&gt;ensureColumn($table, 'updated_ts', "TIMESTAMP NOT NULL DEFAULT CURRENT_TIMESTAMP");\r\n
		$this-&gt;ensureColumn($table, 'acctid', "VARCHAR(64) NULL");\r\n
		$this-&gt;ensureColumn($table, 'fitid', "VARCHAR(64) NULL");\r\n
		$this-&gt;ensureColumn($table, 'bankid', "VARCHAR(64) NULL");\r\n
		$this-&gt;ensureColumn($table, 'intu_bid', "VARCHAR(64) NULL");\r\n
		$this-&gt;ensureUniqueIndex($table, 'unique_smt', array('bank', 'statementId'));\r\n
	}\r\n
\r\n
	/**\r\n
	 * Cache of table columns to keep INSERT generation schema-tolerant.\r\n
	 *\r\n
	 * @var array&lt;string, array&lt;string, bool&gt;&gt;\r\n
	 */\r\n
	private static $tableColumnsCache = [];\r\n
\r\n
	public $id;\r\n
	public $bank;        // varchar(22) | YES  | MUL | NULL    |                |\r\n
	public $account;		// varchar(24) | YES  |     | NULL    |                |\r\n
	public $currency;		// varchar(3)  | YES  |     | NULL    |                |\r\n
	public $startBalance;	// double      | YES  |     | NULL    |                |\r\n
	public $endBalance;		// double      | YES  |     | NULL    |                |\r\n
	public $smtDate;		// date        | YES  |     | NULL    |                |\r\n
	public $number;		// int(11)     | YES  |     | NULL    |                |\r\n
	public $seq;			// int(11)     | YES  |     | NULL    |                |\r\n
	public $statementId;		// varchar(64) | YES  |     | NULL    |                |\r\n
	public $acctid;		// varchar(64) | YES  |     | NULL    |                |\r\n
	public $fitid;		// varchar(64) | YES  |     | NULL    |                |\r\n
	public $bankid;		// varchar(64) | YES  |     | NULL    |                |\r\n
	public $intu_bid;		// varchar(64) | YES  |     | NULL    |                |\r\n
\r\n
\r\n
\r\n
	function __construct()\r\n
	{\r\n
		$this-&gt;initSchemaTools('db_query', 'db_escape', 'db_num_rows');\r\n
		$this-&gt;iam = "bi_statements";\r\n
		$this-&gt;define_table();\r\n
	}\r\n
	function define_table()\r\n
	{\r\n
		$ind = "id";\r\n
		//$ind = "id_" . $this-&gt;iam;\r\n
//All of these array assignments error out:\r\n
//	Indirect modification of overloaded property bi_transactions_model::$fields_array has no effect in file\r\n
//Cause would be -&gt; varaibles below are temporary - craeted by __get so that __set might set them.\r\n
//Looks like these fields aren't declared anywhere in the inheritance chain, hence the temporary (created by __get)\r\n
		$this-&gt;fields_array[] = array('name' =&gt; $ind, 'type' =&gt; 'int(11)', 'auto_increment' =&gt; 'yes', 'readwrite' =&gt; 'read' );\r\n
		$this-&gt;fields_array[] = array('name' =&gt; 'updated_ts', 'type' =&gt; 'timestamp', 'null' =&gt; 'NOT NULL', 'default' =&gt; 'CURRENT_TIMESTAMP', 'readwrite' =&gt; 'read' );\r\n
		if( strlen( $this-&gt;company_prefix ) &lt; 2 )\r\n
		{\r\n
			$this-&gt;company_prefix = TB_PREF;\r\n
		}\r\n
		//display_notification( __FILE__ . "::" . __LINE__ . ":" . print_r( $this-&gt;table_details, true ) );\r\n
		//display_notification( __FILE__ . "::" . __LINE__ . ":" . print_r( $this, true ) );\r\n
		$this-&gt;table_details['tablename'] = $this-&gt;company_prefix . $this-&gt;iam;\r\n
		$this-&gt;table_details['primarykey'] = $ind;\r\n
		//$this-&gt;table_details['orderby'] = 'valueTimestamp, id';\r\n
		//$this-&gt;table_details['orderby'] = 'transaction_date, transaction_id';\r\n
/*\r\n
		$this-&gt;table_details['index'][0]['type'] = 'unique';\r\n
		$this-&gt;table_details['index'][0]['columns'] = "transaction_id";\r\n
		$this-&gt;table_details['index'][0]['keyname'] = "transaction_id";\r\n
*/\r\n
		//$sidl = 'varchar(' . STOCK_ID_LENGTH . ')';\r\n
		//$descl = 'varchar(' . DESCRIPTION_LENGTH . ')';\r\n
\r\n
		$this-&gt;fields_array[] = array('name'=&gt; 'id', 'label' =&gt; 'ID', 	'type' =&gt; 'int(11)', 	'null' =&gt; 'NOT NULL', 'readwrite' =&gt; 'readwrite', 'comment' =&gt; '', 'default' =&gt; 'NULL' );\r\n
		$this-&gt;fields_array[] = array('name'=&gt; 'bank', 'label' =&gt; 'Bank	', 'type' =&gt; ' varchar(64)  ', 'null' =&gt; 'NULL', 'readwrite' =&gt; 'readwrite', 'comment' =&gt; '', 'default' =&gt; 'NULL' );    \r\n
		$this-&gt;fields_array[] = array('name'=&gt; 'account', 'label' =&gt; 'Account', 'type' =&gt; ' varchar(64)  ', 'null' =&gt; 'NULL', 'readwrite' =&gt; 'readwrite', 'comment' =&gt; '', 'default' =&gt; 'NULL' );    \r\n
		$this-&gt;fields_array[] = array('name'=&gt; 'currency', 'label' =&gt; 'Currency', 'type' =&gt; ' varchar(3)   ', 'null' =&gt; 'NULL', 'readwrite' =&gt; 'readwrite', 'comment' =&gt; '', 'default' =&gt; 'NULL' );    \r\n
		$this-&gt;fields_array[] = array('name'=&gt; 'startBalance', 'label' =&gt; 'Start Balance','type' =&gt; ' double ', 'null' =&gt; 'NULL', 'readwrite' =&gt; 'readwrite', 'comment' =&gt; '', 'default' =&gt; 'NULL' );    \r\n
		$this-&gt;fields_array[] = array('name'=&gt; 'endBalance', 'label' =&gt; 'End Balance',	'type' =&gt; ' double ', 'null' =&gt; 'NULL', 'readwrite' =&gt; 'readwrite', 'comment' =&gt; '', 'default' =&gt; 'NULL' );    \r\n
		$this-&gt;fields_array[] = array('name'=&gt; 'smtDate', 'label' =&gt; 'Statement Date',	'type' =&gt; ' date   ', 'null' =&gt; 'NULL', 'readwrite' =&gt; 'readwrite', 'comment' =&gt; '', 'default' =&gt; 'NULL' );    \r\n
		$this-&gt;fields_array[] = array('name'=&gt; 'number', 'label' =&gt; 'Number','type' =&gt; ' int(11)', 'null' =&gt; 'NULL', 'readwrite' =&gt; 'readwrite', 'comment' =&gt; '', 'default' =&gt; 'NULL' );    \r\n
		$this-&gt;fields_array[] = array('name'=&gt; 'seq', 'label' =&gt; 'Sequence', 'type' =&gt; ' int(11)', 'null' =&gt; 'NULL', 'readwrite' =&gt; 'readwrite', 'comment' =&gt; '', 'default' =&gt; 'NULL' );    \r\n
		$this-&gt;fields_array[] = array('name'=&gt; 'statementId', 'label' =&gt; 'Statement ID','type' =&gt; ' varchar(64)  ', 'null' =&gt; 'NULL', 'readwrite' =&gt; 'readwrite', 'comment' =&gt; '', 'default' =&gt; 'NULL' );    \r\n
		$this-&gt;fields_array[] = array('name'=&gt; 'acctid', 'label' =&gt; 'Account ID','type' =&gt; ' varchar(64)  ', 'null' =&gt; 'NULL', 'readwrite' =&gt; 'readwrite', 'comment' =&gt; '', 'default' =&gt; 'NULL' );    \r\n
		$this-&gt;fields_array[] = array('name'=&gt; 'fitid', 'label' =&gt; 'Financial Institute Transaction ID','type' =&gt; ' varchar(64)  ', 'null' =&gt; 'NULL', 'readwrite' =&gt; 'readwrite', 'comment' =&gt; '', 'default' =&gt; 'NULL' );    \r\n
		$this-&gt;fields_array[] = array('name'=&gt; 'bankid', 'label' =&gt; 'Bank ID','type' =&gt; ' varchar(64)  ', 'null' =&gt; 'NULL', 'readwrite' =&gt; 'readwrite', 'comment' =&gt; '', 'default' =&gt; 'NULL' );    \r\n
		$this-&gt;fields_array[] = array('name'=&gt; 'intu_bid', 'label' =&gt; 'Institute ID','type' =&gt; ' varchar(64)  ', 'null' =&gt; 'NULL', 'readwrite' =&gt; 'readwrite', 'comment' =&gt; '', 'default' =&gt; 'NULL' );    \r\n
		//display_notification( __FILE__ . "::" . __LINE__ . ":" . print_r( $this-&gt;table_details['tablename'], true ) );\r\n
		//display_notification( __FILE__ . "::" . __LINE__ . ":" . print_r( $this-&gt;table_details, true ) );\r\n
	}\r\n
	function insert_transaction()\r\n
	{\r\n
		$this-&gt;insert_data( get_object_vars($this) );\r\n
	}\r\n
	/**//*************************************************************************\r\n
	* Update bi_trans with the related info to FA gl transactions\r\n
	*\r\n
	*       Hooks db_prevoid does similar\r\n
	*\r\n
	* @param none\r\n
	* @returns none\r\n
	******************************************************************************/\r\n
	function update_statement()\r\n
	{\r\n
		$sql = "\r\n
			UPDATE " . $this-&gt;table_details['tablename'] .\r\n
			" SET startBalance=". db_escape( $this-&gt;startBalance ) . ", " .\r\n
				"endBalance=" . db_escape($this-&gt;endBalance) . \r\n
			" WHERE id=" . db_escape( $this-&gt;id );\r\n
		//display_notification( __FILE__ . "::" . __LINE__ . " : " . $sql);\r\n
		db_query($sql, 'Could not update trans');\r\n
	}\r\n
	/**//*************************************************************************\r\n
	* Reset TBD           when the related FA gl transaction is voided\r\n
	*\r\n
	* @param int the Transaction Type (JE/BP/SP/...)\r\n
	* @param int The transaction number\r\n
	* @returns none\r\n
	******************************************************************************/\r\n
	function db_prevoid( $trans_type, $trans_no )\r\n
	{\r\n
	}\r\n
	/**//**********************************************************************\r\n
	* Get a specific transaction's details\r\n
	*\r\n
	* @param int index\r\n
	* @returns array transaction row from db\r\n
	***************************************************************************/\r\n
	function get_statement( $tid = null) \r\n
	{\r\n
		if( $tid == null )\r\n
		{\r\n
			if( isset( $this-&gt;id ) )\r\n
				$tid = $this-&gt;id;\r\n
			else\r\n
				throw new Exception( "No ID set to search for" );\r\n
		}\r\n
	        $sql = "\r\n
	              SELECT * FROM ". $this-&gt;table_details['tablename'] .\r\n
	             "WHERE id=" . db_escape($tid);\r\n
	        $result = db_query($sql, "could not get statement with id $tid");\r\n
	        return db_fetch($result);\r\n
	}\r\n
	/**//************************************************************\r\n
	* Hand build the INSERT statement\r\n
	*\r\n
	* @param none\r\n
	* @returns string SQL statement\r\n
	*****************************************************************/\r\n
	function hand_insert_sql()\r\n
	{\r\n
		$table = $this-&gt;table_details['tablename'];\r\n
		$cols = $this-&gt;get_table_columns($table);\r\n
\r\n
		// Build candidate values from whatever properties exist on this model/statement.\r\n
		$smtDateValue = null;\r\n
		if (isset($this-&gt;smtDate)) {\r\n
			$smtDateValue = $this-&gt;smtDate;\r\n
		} elseif (isset($this-&gt;timestamp)) {\r\n
			$smtDateValue = $this-&gt;timestamp;\r\n
		}\r\n
\r\n
		$seqValue = null;\r\n
		if (isset($this-&gt;seq)) {\r\n
			$seqValue = $this-&gt;seq;\r\n
		} elseif (isset($this-&gt;sequence)) {\r\n
			$seqValue = $this-&gt;sequence;\r\n
		}\r\n
\r\n
		$candidates = [\r\n
			'bank' =&gt; $this-&gt;bank ?? null,\r\n
			'account' =&gt; $this-&gt;account ?? null,\r\n
			'currency' =&gt; $this-&gt;currency ?? null,\r\n
			'startBalance' =&gt; $this-&gt;startBalance ?? null,\r\n
			'endBalance' =&gt; $this-&gt;endBalance ?? null,\r\n
			'smtDate' =&gt; $smtDateValue,\r\n
			'number' =&gt; $this-&gt;number ?? null,\r\n
			'seq' =&gt; $seqValue,\r\n
			'statementId' =&gt; $this-&gt;statementId ?? null,\r\n
			'acctid' =&gt; $this-&gt;acctid ?? null,\r\n
			'fitid' =&gt; $this-&gt;fitid ?? null,\r\n
			'bankid' =&gt; $this-&gt;bankid ?? null,\r\n
			'intu_bid' =&gt; $this-&gt;intu_bid ?? null,\r\n
		];\r\n
\r\n
		$fields = [];\r\n
		$values = [];\r\n
		foreach ($candidates as $field =&gt; $value) {\r\n
			if (!isset($cols[$field])) {\r\n
				continue;\r\n
			}\r\n
			$fields[] = $field;\r\n
			$values[] = db_escape($value);\r\n
		}\r\n
\r\n
		if (empty($fields)) {\r\n
			throw new Exception('No matching columns found for bi_statements insert.');\r\n
		}\r\n
\r\n
		return "INSERT IGNORE INTO {$table} (" . implode(', ', $fields) . ") VALUES (" . implode(', ', $values) . ")";\r\n
	}\r\n
\r\n
	/**\r\n
	 * @return array&lt;string,bool&gt;\r\n
	 */\r\n
	private function get_table_columns(string $tableName): array\r\n
	{\r\n
		if (isset(self::$tableColumnsCache[$tableName])) {\r\n
			return self::$tableColumnsCache[$tableName];\r\n
		}\r\n
\r\n
		$cols = [];\r\n
		try {\r\n
			$res = db_query("SHOW COLUMNS FROM {$tableName}", 'Could not read table columns');\r\n
			while ($row = db_fetch($res)) {\r\n
				if (!empty($row['Field'])) {\r\n
					$cols[(string)$row['Field']] = true;\r\n
				}\r\n
			}\r\n
		} catch (Exception $e) {\r\n
			// If introspection fails, fall back to the historical column set.\r\n
			foreach (['bank','account','currency','startBalance','endBalance','smtDate','number','seq','statementId','acctid','fitid','bankid','intu_bid'] as $f) {\r\n
				$cols[$f] = true;\r\n
			}\r\n
		}\r\n
\r\n
		self::$tableColumnsCache[$tableName] = $cols;\r\n
		return $cols;\r\n
	}\r\n
	/**//************************************************************\r\n
	* Determine if this particular statement already exists in the staging table\r\n
	*\r\n
	*	We need to do duplicate checking.  Most banks allow a person to select a date range for their transactions.\r\n
	*\r\n
	*	We can have the same total for the same vendor on the same date and not automatically be a duplicate\r\n
	*		Example when I buy flats of coke on sale limit 4 per transaction. \r\n
	*\r\n
	*\r\n
	* @param none\r\n
	* @returns bool already exists? \r\n
	*****************************************************************/\r\n
	function statement_exists()\r\n
	{\r\n
                $sql = "\r\n
                      SELECT * FROM ". $this-&gt;table_details['tablename'] .\r\n
                     " WHERE bank=".db_escape($this-&gt;bank)." AND statementId=".db_escape($this-&gt;statementId);\r\n
		$tid = $this-&gt;statementId;\r\n
		//display_notification( __FILE__ . "::" . __LINE__ . " $sql" );\r\n
		try\r\n
		{\r\n
	                $result = db_query($sql, "could not get statement with id $tid");\r\n
			$myrow = db_fetch($result);\r\n
			if( empty($myrow)) \r\n
			{\r\n
				return false;\r\n
			}\r\n
			else\r\n
			{\r\n
				$this-&gt;arr2obj( $myrow );\r\n
				//display_notification( __FILE__ . "::" . __LINE__ . print_r( $this, true ) );\r\n
			}\r\n
		}\r\n
		catch( Exception $e )\r\n
		{\r\n
			display_notification( __FILE__ . "::" . __LINE__ . $e-&gt;getMessage() );\r\n
		}\r\n
		return true;\r\n
	}\r\n
\r\n
	// =====================================================================\r\n
	// BankAccountMapping Cross-Reference Methods (Phase 2)\r\n
	// =====================================================================\r\n
\r\n
	/**\r\n
	 * Get the BankAccountMapping entity for this statement\r\n
	 * \r\n
	 * Retrieves or creates the cross-reference mapping of OFX identifiers\r\n
	 * to FA bank account for this statement.\r\n
	 * \r\n
	 * @return \Ksfraser\FaBankImport\Shared\Entities\BankAccountMapping|null\r\n
	 */\r\n
	public function getBankAccountMapping(): ?\Ksfraser\FaBankImport\Shared\Entities\BankAccountMapping\r\n
	{\r\n
		return $this-&gt;extractBankAccountMapping();\r\n
	}\r\n
\r\n
	/**\r\n
	 * Get the FA bank account ID mapped to this statement\r\n
	 * \r\n
	 * Returns the FrontAccounting bank account that this statement's OFX\r\n
	 * identifiers are linked to, or null if no mapping exists.\r\n
	 * Delegates all validation to the Repository.\r\n
	 * \r\n
	 * @return int|null\r\n
	 */\r\n
	public function getFABankAccountId(): ?int\r\n
	{\r\n
		try {\r\n
			if (!class_exists('\Ksfraser\FaBankImport\Shared\Repositories\BankAccountMappingRepository')) {\r\n
				return null;\r\n
			}\r\n
			\r\n
			// Repository handles all validation and null/empty checks\r\n
			$statementData = [\r\n
				'bankid' =&gt; $this-&gt;bankid,\r\n
				'acctid' =&gt; $this-&gt;acctid,\r\n
				'intu_bid' =&gt; $this-&gt;intu_bid\r\n
			];\r\n
			\r\n
			return \Ksfraser\FaBankImport\Shared\Repositories\BankAccountMappingRepository::getFABankAccountIdFromStatement($statementData);\r\n
		} catch (\Exception $e) {\r\n
			return null;\r\n
		}\r\n
	}\r\n
\r\n
	/**\r\n
	 * Extract BankAccountMapping from this statement's OFX identifiers\r\n
	 * \r\n
	 * Creates a BankAccountMapping entity from the OFX identifiers\r\n
	 * stored in this statement (bankid, acctid, intu_bid).\r\n
	 * Delegates validation to the Repository.\r\n
	 * \r\n
	 * @return \Ksfraser\FaBankImport\Shared\Entities\BankAccountMapping|null\r\n
	 */\r\n
	public function extractBankAccountMapping(): ?\Ksfraser\FaBankImport\Shared\Entities\BankAccountMapping\r\n
	{\r\n
		try {\r\n
			if (!class_exists('\Ksfraser\FaBankImport\Shared\Repositories\BankAccountMappingRepository')) {\r\n
				return null;\r\n
			}\r\n
			\r\n
			// Repository handles all validation and null/empty checks\r\n
			$statementData = [\r\n
				'bankid' =&gt; $this-&gt;bankid,\r\n
				'acctid' =&gt; $this-&gt;acctid,\r\n
				'intu_bid' =&gt; $this-&gt;intu_bid,\r\n
				'curdef' =&gt; $this-&gt;currency\r\n
			];\r\n
			\r\n
			return \Ksfraser\FaBankImport\Shared\Repositories\BankAccountMappingRepository::findByStatementData($statementData);\r\n
		} catch (\Exception $e) {\r\n
			return null;\r\n
		}\r\n
	}\r\n
\r\n
	/**\r\n
	 * Store BankAccountMapping in repository and link to FA account\r\n
	 * \r\n
	 * Creates or updates the mapping of this statement's OFX identifiers\r\n
	 * to a FrontAccounting bank account. Operation is idempotent.\r\n
	 * \r\n
	 * @param \Ksfraser\FaBankImport\Shared\Entities\BankAccountMapping $mapping The mapping to store\r\n
	 * @param int $faAccountId The FA bank account ID to link to\r\n
	 * @return bool True on success, false on failure\r\n
	 */\r\n
	public function storeBankAccountMapping(\r\n
		\Ksfraser\FaBankImport\Shared\Entities\BankAccountMapping $mapping,\r\n
		int $faAccountId\r\n
	): bool\r\n
	{\r\n
		try {\r\n
			if (!class_exists('\Ksfraser\FaBankImport\Shared\Repositories\BankAccountMappingRepository')) {\r\n
				return false;\r\n
			}\r\n
			\r\n
			// Upsert in repository (idempotent)\r\n
			\Ksfraser\FaBankImport\Shared\Repositories\BankAccountMappingRepository::upsert($mapping, $faAccountId);\r\n
			\r\n
			return true;\r\n
		} catch (\Exception $e) {\r\n
			return false;\r\n
		}\r\n
	}\r\n
\r\n
	/**\r\n
	 * Relink this statement's mapping to a different FA account\r\n
	 * \r\n
	 * Updates the association of this statement's mapping to point to\r\n
	 * a different FrontAccounting bank account. Useful when user changes\r\n
	 * which FA account a bank account is linked to.\r\n
	 * \r\n
	 * @param int $newFAAccountId The new FA bank account ID\r\n
	 * @return bool True on success, false on failure\r\n
	 */\r\n
	public function relinkBankAccountMapping(int $newFAAccountId): bool\r\n
	{\r\n
		try {\r\n
			if (!class_exists('\Ksfraser\FaBankImport\Shared\Repositories\BankAccountMappingRepository')) {\r\n
				return false;\r\n
			}\r\n
			\r\n
			// Find existing mapping\r\n
			$mapping = \Ksfraser\FaBankImport\Shared\Repositories\BankAccountMappingRepository::findByOFXIdentifiers(\r\n
				$this-&gt;bankid, \r\n
				$this-&gt;acctid, \r\n
				$this-&gt;intu_bid\r\n
			);\r\n
			\r\n
			if (!$mapping) {\r\n
				return false;\r\n
			}\r\n
			\r\n
			// Update mapping with new account ID\r\n
			$mapping-&gt;bank_account_id = $newFAAccountId;\r\n
			\Ksfraser\FaBankImport\Shared\Repositories\BankAccountMappingRepository::upsert($mapping, $newFAAccountId);\r\n
			\r\n
			return true;\r\n
		} catch (\Exception $e) {\r\n
			return false;\r\n
		}\r\n
	}\r\n
\r\n
	/**\r\n
	 * Find statements by BankAccountMapping ID\r\n
	 * \r\n
	 * Static method to retrieve all statements that share the same\r\n
	 * BankAccountMapping ID. Useful for cross-referencing and auditing.\r\n
	 * \r\n
	 * @param int $mappingId The BankAccountMapping ID\r\n
	 * @return array Array of statement rows or empty array\r\n
	 */\r\n
	public static function findByBankAccountMappingId(int $mappingId): array\r\n
	{\r\n
		try {\r\n
			if (!class_exists('\Ksfraser\FaBankImport\Shared\Repositories\BankAccountMappingRepository')) {\r\n
				return [];\r\n
			}\r\n
			\r\n
			// Get the mapping first\r\n
			$mapping = \Ksfraser\FaBankImport\Shared\Repositories\BankAccountMappingRepository::findById($mappingId);\r\n
			if (!$mapping) {\r\n
				return [];\r\n
			}\r\n
			\r\n
			// Find all statements with matching OFX identifiers\r\n
			$table = TB_PREF . 'bi_statements';\r\n
			$sql = "SELECT * FROM `{$table}`\r\n
					WHERE (bankid=" . db_escape($mapping-&gt;bankid) . " OR bankid IS NULL) \r\n
					  AND (acctid=" . db_escape($mapping-&gt;acctid) . " OR acctid IS NULL)\r\n
					  AND (intu_bid=" . db_escape($mapping-&gt;intu_bid) . " OR intu_bid IS NULL)\r\n
					ORDER BY id DESC";\r\n
			\r\n
			$result = @db_query($sql, 'Could not find statements by mapping');\r\n
			\r\n
			$statements = [];\r\n
			if (is_object($result)) {\r\n
				while ($row = db_fetch($result)) {\r\n
					if (is_array($row)) {\r\n
						$statements[] = $row;\r\n
					}\r\n
				}\r\n
			}\r\n
			\r\n
			return $statements;\r\n
		} catch (\Exception $e) {\r\n
			return [];\r\n
		}\r\n
	}\r\n
\r\n
}\r\n
////I've copied this into ORIGIN.\r\n
//	/**//**********************************************************************\r\n
//	* Convert Statement class to this object\r\n
//	*\r\n
//	* @param class\r\n
//	* @returns int how many fields did we copy\r\n
//	**************************************************************************/\r\n
//	function obj2obj( $obj )\r\n
//	{\r\n
//		//display_notification( __FILE__ . "::" . __LINE__ . print_r( $obj, true ) );\r\n
//		if( is_array( $obj ) )\r\n
//			return $this-&gt;arr2obj( $obj );\r\n
//		if( ! is_object( $obj ) )\r\n
//			throw new Exception( "Passed in data is neither an array nor an object.  We can't handle here!" );\r\n
//\r\n
//		$cnt = 0;\r\n
//		foreach( get_object_vars($this) as $key =&gt; $value )\r\n
//		{\r\n
//			//display_notification( __FILE__ . "::" . __LINE__ . " " . print_r( $key, true ) );\r\n
//			if( isset( $obj-&gt;$key ) )\r\n
//			{\r\n
//				//display_notification( __FILE__ . "::" . __LINE__ . " $key $obj-&gt;$key" );\r\n
//				//$this-&gt;$key = $obj-&gt;$key;	\r\n
//				$this-&gt;set( $key, $obj-&gt;$key );	\r\n
//				//	display_notification( __FILE__ . "::" . __LINE__ . " " . print_r( $this-&gt;$key, true ) );\r\n
//				$cnt++;\r\n
//			}\r\n
//			else\r\n
//			{\r\n
//				//display_notification( __FILE__ . "::" . __LINE__ . " $key not set in " . print_r( $obj, true ) );\r\n
//			}\r\n
//		}\r\n
//		//	display_notification( __FILE__ . "::" . __LINE__ . print_r( $this, true ) );\r\n
//		return $cnt;\r\n
//	}\r\n
//	/**//**********************************************************************\r\n
//	* Convert Transaction array to this object\r\n
//	*\r\n
//	* @param array\r\n
//	* @returns int how many fields did we copy\r\n
//	**************************************************************************/\r\n
//	function arr2obj( $arr )\r\n
//	{\r\n
//		//display_notification( __FILE__ . "::" . __LINE__ . print_r( $arr, true ) );\r\n
//		if( is_object( $arr ) )\r\n
//			return $this-&gt;obj2obj( $arr );\r\n
//		if( ! is_array( $arr ) )\r\n
//			throw new Exception( "Passed in data is neither an array nor an object.  We can't handle here!" );\r\n
//\r\n
//		$cnt = 0;\r\n
//		foreach( get_object_vars($this) as $key =&gt; $value )\r\n
//		{\r\n
//			//display_notification( __FILE__ . "::" . __LINE__ . " " . print_r( $key, true ) );\r\n
//			if( isset( $arr[$key] ) )\r\n
//			{\r\n
//				//display_notification( __FILE__ . "::" . __LINE__ . " $key $arr[$key]" );\r\n
//				//$this-&gt;$key = $arr[$key];	\r\n
//				$this-&gt;set( $key, $arr[$key] );	\r\n
//				//	display_notification( __FILE__ . "::" . __LINE__ . " " . print_r( $this-&gt;$key, true ) );\r\n
//				$cnt++;\r\n
//			}\r\n
//			else\r\n
//			{\r\n
//				//display_notification( __FILE__ . "::" . __LINE__ . " $key not set in " . print_r( $arr, true ) );\r\n
//			}\r\n
//		}\r\n
//		//	display_notification( __FILE__ . "::" . __LINE__ . print_r( $this, true ) );\r\n
//		return $cnt;\r\n
//	}\r\n
////display_notification( __FILE__ . "::" . __LINE__ );\r\n
' contains "protected $id".

C:\Users\prote\Documents\software-devel\ksf_bank_import\tests\integration\BiStatementsProductionBaselineTest.php:67</failure>
        </testcase>
        <testcase name="testProdBaseline_NoMethodAnnotations" class="KsfBankImport\Tests\Integration\BiStatementsProductionBaselineTest" classname="KsfBankImport.Tests.Integration.BiStatementsProductionBaselineTest" file="C:\Users\prote\Documents\software-devel\ksf_bank_import\tests\integration\BiStatementsProductionBaselineTest.php" line="78" assertions="3" time="0.001021"/>
        <testcase name="testProdBaseline_ConstructorExists" class="KsfBankImport\Tests\Integration\BiStatementsProductionBaselineTest" classname="KsfBankImport.Tests.Integration.BiStatementsProductionBaselineTest" file="C:\Users\prote\Documents\software-devel\ksf_bank_import\tests\integration\BiStatementsProductionBaselineTest.php" line="104" assertions="1" time="0.000719"/>
        <testcase name="testProdBaseline_InheritsCRUDMethods" class="KsfBankImport\Tests\Integration\BiStatementsProductionBaselineTest" classname="KsfBankImport.Tests.Integration.BiStatementsProductionBaselineTest" file="C:\Users\prote\Documents\software-devel\ksf_bank_import\tests\integration\BiStatementsProductionBaselineTest.php" line="120" assertions="0" time="0.000519">
          <skipped/>
        </testcase>
        <testcase name="testProdBaseline_PureDataModel" class="KsfBankImport\Tests\Integration\BiStatementsProductionBaselineTest" classname="KsfBankImport.Tests.Integration.BiStatementsProductionBaselineTest" file="C:\Users\prote\Documents\software-devel\ksf_bank_import\tests\integration\BiStatementsProductionBaselineTest.php" line="133" assertions="3" time="0.000779"/>
        <testcase name="testProdBaseline_DatabaseTableDocumentation" class="KsfBankImport\Tests\Integration\BiStatementsProductionBaselineTest" classname="KsfBankImport.Tests.Integration.BiStatementsProductionBaselineTest" file="C:\Users\prote\Documents\software-devel\ksf_bank_import\tests\integration\BiStatementsProductionBaselineTest.php" line="161" assertions="3" time="0.000750"/>
        <testcase name="testProdBaseline_FileStructure" class="KsfBankImport\Tests\Integration\BiStatementsProductionBaselineTest" classname="KsfBankImport.Tests.Integration.BiStatementsProductionBaselineTest" file="C:\Users\prote\Documents\software-devel\ksf_bank_import\tests\integration\BiStatementsProductionBaselineTest.php" line="187" assertions="2" time="0.001024">
          <failure type="PHPUnit\Framework\ExpectationFailedException">KsfBankImport\Tests\Integration\BiStatementsProductionBaselineTest::testProdBaseline_FileStructure
PROD: Should require defines.inc.php
Failed asserting that '&lt;?php\r\n
\r\n
/****************************************************************************************\r\n
 * Table and handling class for staging of imported financial data\r\n
 *\r\n
 * This table will hold each record that we are importing.  That way we can check if\r\n
 * we have already seen the record when re-processing the same file, or perhaps one\r\n
 * from the same source that overlaps dates so we would have duplicate data.\r\n
 *\r\n
 * *************************************************************************************/\r\n
\r\n
use Ksfraser\ModulesDAO\Schema\DatabaseSchemaToolsTrait;\r\n
\r\n
\r\n
$path_to_root = "../..";\r\n
\r\n
/*******************************************\r\n
 * If you change the list of properties below, ensure that you also modify\r\n
 * build_write_properties_array\r\n
 * */\r\n
\r\n
//TODO\r\n
//	Update the queries in the functions to use $this-&gt;table_details['tablename'] instead of .TB_PREF."bi_transactions \r\n
\r\n
/*\r\n
 *\r\n
 * Each import type needs to read in the source document, and process line by line placing a record into this class.\r\n
 * This class then needs to insert the record.\r\n
 *\r\n
 * This table should not have any views (forms).\r\n
 * */\r\n
\r\n
//display_notification( __FILE__ . "::" . __LINE__ );\r\n
\r\n
$commonDir = __DIR__ . '/../ksf_modules_common';\r\n
$commonInterface = $commonDir . '/class.generic_fa_interface.php';\r\n
$commonDefines = $commonDir . '/defines.inc.php';\r\n
$faTypesInc = $commonDir . '/../../includes/types.inc';\r\n
$faEnv = strtolower((string)getenv('KSF_FA_ENV'));\r\n
$useFaMocks = strtolower((string)getenv('KSF_USE_FA_MOCKS'));\r\n
$forceMocks = ($useFaMocks === '1' || $useFaMocks === 'true' || $faEnv === 'dev' || $faEnv === 'test');\r\n
\r\n
if (!$forceMocks &amp;&amp; is_file($commonInterface) &amp;&amp; is_file($commonDefines) &amp;&amp; is_file($faTypesInc)) {\r\n
	require_once($commonInterface);\r\n
	require_once($commonDefines);\r\n
}\r\n
\r\n
\r\n
\r\n
/**//**************************************************************************************************************\r\n
* A DATA class to handle the storage and retrieval of bank records.  STAGE the records before processing into FA.\r\n
*\r\n
*\r\n
*\r\n
*	***** WARNING *** WARNING *** WARNING *****\r\n
*	MySQL has a row limit of 4k.  Having a bunch of large fields can lead to errors and issues.\r\n
*\r\n
*	+---------------------+--------------+------+-----+---------+----------------+\r\n
*	| Field               | Type         | Null | Key | Default | Extra          |\r\n
*	+---------------------+--------------+------+-----+---------+----------------+\r\n
*	| id           | int(11)     | NO   | PRI | NULL    | auto_increment |\r\n
*	| bank         | varchar(22) | YES  | MUL | NULL    |                |\r\n
*	| account      | varchar(24) | YES  |     | NULL    |                |\r\n
*	| currency     | varchar(3)  | YES  |     | NULL    |                |\r\n
*	| startBalance | double      | YES  |     | NULL    |                |\r\n
*	| endBalance   | double      | YES  |     | NULL    |                |\r\n
*	| smtDate      | date        | YES  |     | NULL    |                |\r\n
*	| number       | int(11)     | YES  |     | NULL    |                |\r\n
*	| seq          | int(11)     | YES  |     | NULL    |                |\r\n
*	| statementId  | varchar(64) | YES  |     | NULL    |                |\r\n
*	| acctid       | varchar(64) | YES  |     | NULL    |                |\r\n
*	| fitid        | varchar(64) | YES  |     | NULL    |                |\r\n
*	| bankid       | varchar(64) | YES  |     | NULL    |                |\r\n
*	| intu_bid     | varchar(64) | YES  |     | NULL    |                |\r\n
*	+---------------------+--------------+------+-----+---------+----------------+\r\n
*	\r\n
*\r\n
******************************************************************************************************************/\r\n
\r\n
\r\n
class bi_statements_model \r\n
{\r\n
	use DatabaseSchemaToolsTrait;\r\n
	use Ksfraser\GenericInterface\GenericFaInterfaceTrait;\r\n
\r\n
\r\n
	/**\r\n
	 * Ensure the staging table schema is present (idempotent, non-destructive).\r\n
	 * Table creation is handled by sql/update.sql during module activation; this only\r\n
	 * repairs drift (missing columns/index) for older installs.\r\n
	 */\r\n
	public function ensure_schema(): void\r\n
	{\r\n
		$table = TB_PREF . 'bi_statements';\r\n
		if (!$this-&gt;tableExists($table)) {\r\n
			return;\r\n
		}\r\n
		$this-&gt;ensureColumn($table, 'updated_ts', "TIMESTAMP NOT NULL DEFAULT CURRENT_TIMESTAMP");\r\n
		$this-&gt;ensureColumn($table, 'acctid', "VARCHAR(64) NULL");\r\n
		$this-&gt;ensureColumn($table, 'fitid', "VARCHAR(64) NULL");\r\n
		$this-&gt;ensureColumn($table, 'bankid', "VARCHAR(64) NULL");\r\n
		$this-&gt;ensureColumn($table, 'intu_bid', "VARCHAR(64) NULL");\r\n
		$this-&gt;ensureUniqueIndex($table, 'unique_smt', array('bank', 'statementId'));\r\n
	}\r\n
\r\n
	/**\r\n
	 * Cache of table columns to keep INSERT generation schema-tolerant.\r\n
	 *\r\n
	 * @var array&lt;string, array&lt;string, bool&gt;&gt;\r\n
	 */\r\n
	private static $tableColumnsCache = [];\r\n
\r\n
	public $id;\r\n
	public $bank;        // varchar(22) | YES  | MUL | NULL    |                |\r\n
	public $account;		// varchar(24) | YES  |     | NULL    |                |\r\n
	public $currency;		// varchar(3)  | YES  |     | NULL    |                |\r\n
	public $startBalance;	// double      | YES  |     | NULL    |                |\r\n
	public $endBalance;		// double      | YES  |     | NULL    |                |\r\n
	public $smtDate;		// date        | YES  |     | NULL    |                |\r\n
	public $number;		// int(11)     | YES  |     | NULL    |                |\r\n
	public $seq;			// int(11)     | YES  |     | NULL    |                |\r\n
	public $statementId;		// varchar(64) | YES  |     | NULL    |                |\r\n
	public $acctid;		// varchar(64) | YES  |     | NULL    |                |\r\n
	public $fitid;		// varchar(64) | YES  |     | NULL    |                |\r\n
	public $bankid;		// varchar(64) | YES  |     | NULL    |                |\r\n
	public $intu_bid;		// varchar(64) | YES  |     | NULL    |                |\r\n
\r\n
\r\n
\r\n
	function __construct()\r\n
	{\r\n
		$this-&gt;initSchemaTools('db_query', 'db_escape', 'db_num_rows');\r\n
		$this-&gt;iam = "bi_statements";\r\n
		$this-&gt;define_table();\r\n
	}\r\n
	function define_table()\r\n
	{\r\n
		$ind = "id";\r\n
		//$ind = "id_" . $this-&gt;iam;\r\n
//All of these array assignments error out:\r\n
//	Indirect modification of overloaded property bi_transactions_model::$fields_array has no effect in file\r\n
//Cause would be -&gt; varaibles below are temporary - craeted by __get so that __set might set them.\r\n
//Looks like these fields aren't declared anywhere in the inheritance chain, hence the temporary (created by __get)\r\n
		$this-&gt;fields_array[] = array('name' =&gt; $ind, 'type' =&gt; 'int(11)', 'auto_increment' =&gt; 'yes', 'readwrite' =&gt; 'read' );\r\n
		$this-&gt;fields_array[] = array('name' =&gt; 'updated_ts', 'type' =&gt; 'timestamp', 'null' =&gt; 'NOT NULL', 'default' =&gt; 'CURRENT_TIMESTAMP', 'readwrite' =&gt; 'read' );\r\n
		if( strlen( $this-&gt;company_prefix ) &lt; 2 )\r\n
		{\r\n
			$this-&gt;company_prefix = TB_PREF;\r\n
		}\r\n
		//display_notification( __FILE__ . "::" . __LINE__ . ":" . print_r( $this-&gt;table_details, true ) );\r\n
		//display_notification( __FILE__ . "::" . __LINE__ . ":" . print_r( $this, true ) );\r\n
		$this-&gt;table_details['tablename'] = $this-&gt;company_prefix . $this-&gt;iam;\r\n
		$this-&gt;table_details['primarykey'] = $ind;\r\n
		//$this-&gt;table_details['orderby'] = 'valueTimestamp, id';\r\n
		//$this-&gt;table_details['orderby'] = 'transaction_date, transaction_id';\r\n
/*\r\n
		$this-&gt;table_details['index'][0]['type'] = 'unique';\r\n
		$this-&gt;table_details['index'][0]['columns'] = "transaction_id";\r\n
		$this-&gt;table_details['index'][0]['keyname'] = "transaction_id";\r\n
*/\r\n
		//$sidl = 'varchar(' . STOCK_ID_LENGTH . ')';\r\n
		//$descl = 'varchar(' . DESCRIPTION_LENGTH . ')';\r\n
\r\n
		$this-&gt;fields_array[] = array('name'=&gt; 'id', 'label' =&gt; 'ID', 	'type' =&gt; 'int(11)', 	'null' =&gt; 'NOT NULL', 'readwrite' =&gt; 'readwrite', 'comment' =&gt; '', 'default' =&gt; 'NULL' );\r\n
		$this-&gt;fields_array[] = array('name'=&gt; 'bank', 'label' =&gt; 'Bank	', 'type' =&gt; ' varchar(64)  ', 'null' =&gt; 'NULL', 'readwrite' =&gt; 'readwrite', 'comment' =&gt; '', 'default' =&gt; 'NULL' );    \r\n
		$this-&gt;fields_array[] = array('name'=&gt; 'account', 'label' =&gt; 'Account', 'type' =&gt; ' varchar(64)  ', 'null' =&gt; 'NULL', 'readwrite' =&gt; 'readwrite', 'comment' =&gt; '', 'default' =&gt; 'NULL' );    \r\n
		$this-&gt;fields_array[] = array('name'=&gt; 'currency', 'label' =&gt; 'Currency', 'type' =&gt; ' varchar(3)   ', 'null' =&gt; 'NULL', 'readwrite' =&gt; 'readwrite', 'comment' =&gt; '', 'default' =&gt; 'NULL' );    \r\n
		$this-&gt;fields_array[] = array('name'=&gt; 'startBalance', 'label' =&gt; 'Start Balance','type' =&gt; ' double ', 'null' =&gt; 'NULL', 'readwrite' =&gt; 'readwrite', 'comment' =&gt; '', 'default' =&gt; 'NULL' );    \r\n
		$this-&gt;fields_array[] = array('name'=&gt; 'endBalance', 'label' =&gt; 'End Balance',	'type' =&gt; ' double ', 'null' =&gt; 'NULL', 'readwrite' =&gt; 'readwrite', 'comment' =&gt; '', 'default' =&gt; 'NULL' );    \r\n
		$this-&gt;fields_array[] = array('name'=&gt; 'smtDate', 'label' =&gt; 'Statement Date',	'type' =&gt; ' date   ', 'null' =&gt; 'NULL', 'readwrite' =&gt; 'readwrite', 'comment' =&gt; '', 'default' =&gt; 'NULL' );    \r\n
		$this-&gt;fields_array[] = array('name'=&gt; 'number', 'label' =&gt; 'Number','type' =&gt; ' int(11)', 'null' =&gt; 'NULL', 'readwrite' =&gt; 'readwrite', 'comment' =&gt; '', 'default' =&gt; 'NULL' );    \r\n
		$this-&gt;fields_array[] = array('name'=&gt; 'seq', 'label' =&gt; 'Sequence', 'type' =&gt; ' int(11)', 'null' =&gt; 'NULL', 'readwrite' =&gt; 'readwrite', 'comment' =&gt; '', 'default' =&gt; 'NULL' );    \r\n
		$this-&gt;fields_array[] = array('name'=&gt; 'statementId', 'label' =&gt; 'Statement ID','type' =&gt; ' varchar(64)  ', 'null' =&gt; 'NULL', 'readwrite' =&gt; 'readwrite', 'comment' =&gt; '', 'default' =&gt; 'NULL' );    \r\n
		$this-&gt;fields_array[] = array('name'=&gt; 'acctid', 'label' =&gt; 'Account ID','type' =&gt; ' varchar(64)  ', 'null' =&gt; 'NULL', 'readwrite' =&gt; 'readwrite', 'comment' =&gt; '', 'default' =&gt; 'NULL' );    \r\n
		$this-&gt;fields_array[] = array('name'=&gt; 'fitid', 'label' =&gt; 'Financial Institute Transaction ID','type' =&gt; ' varchar(64)  ', 'null' =&gt; 'NULL', 'readwrite' =&gt; 'readwrite', 'comment' =&gt; '', 'default' =&gt; 'NULL' );    \r\n
		$this-&gt;fields_array[] = array('name'=&gt; 'bankid', 'label' =&gt; 'Bank ID','type' =&gt; ' varchar(64)  ', 'null' =&gt; 'NULL', 'readwrite' =&gt; 'readwrite', 'comment' =&gt; '', 'default' =&gt; 'NULL' );    \r\n
		$this-&gt;fields_array[] = array('name'=&gt; 'intu_bid', 'label' =&gt; 'Institute ID','type' =&gt; ' varchar(64)  ', 'null' =&gt; 'NULL', 'readwrite' =&gt; 'readwrite', 'comment' =&gt; '', 'default' =&gt; 'NULL' );    \r\n
		//display_notification( __FILE__ . "::" . __LINE__ . ":" . print_r( $this-&gt;table_details['tablename'], true ) );\r\n
		//display_notification( __FILE__ . "::" . __LINE__ . ":" . print_r( $this-&gt;table_details, true ) );\r\n
	}\r\n
	function insert_transaction()\r\n
	{\r\n
		$this-&gt;insert_data( get_object_vars($this) );\r\n
	}\r\n
	/**//*************************************************************************\r\n
	* Update bi_trans with the related info to FA gl transactions\r\n
	*\r\n
	*       Hooks db_prevoid does similar\r\n
	*\r\n
	* @param none\r\n
	* @returns none\r\n
	******************************************************************************/\r\n
	function update_statement()\r\n
	{\r\n
		$sql = "\r\n
			UPDATE " . $this-&gt;table_details['tablename'] .\r\n
			" SET startBalance=". db_escape( $this-&gt;startBalance ) . ", " .\r\n
				"endBalance=" . db_escape($this-&gt;endBalance) . \r\n
			" WHERE id=" . db_escape( $this-&gt;id );\r\n
		//display_notification( __FILE__ . "::" . __LINE__ . " : " . $sql);\r\n
		db_query($sql, 'Could not update trans');\r\n
	}\r\n
	/**//*************************************************************************\r\n
	* Reset TBD           when the related FA gl transaction is voided\r\n
	*\r\n
	* @param int the Transaction Type (JE/BP/SP/...)\r\n
	* @param int The transaction number\r\n
	* @returns none\r\n
	******************************************************************************/\r\n
	function db_prevoid( $trans_type, $trans_no )\r\n
	{\r\n
	}\r\n
	/**//**********************************************************************\r\n
	* Get a specific transaction's details\r\n
	*\r\n
	* @param int index\r\n
	* @returns array transaction row from db\r\n
	***************************************************************************/\r\n
	function get_statement( $tid = null) \r\n
	{\r\n
		if( $tid == null )\r\n
		{\r\n
			if( isset( $this-&gt;id ) )\r\n
				$tid = $this-&gt;id;\r\n
			else\r\n
				throw new Exception( "No ID set to search for" );\r\n
		}\r\n
	        $sql = "\r\n
	              SELECT * FROM ". $this-&gt;table_details['tablename'] .\r\n
	             "WHERE id=" . db_escape($tid);\r\n
	        $result = db_query($sql, "could not get statement with id $tid");\r\n
	        return db_fetch($result);\r\n
	}\r\n
	/**//************************************************************\r\n
	* Hand build the INSERT statement\r\n
	*\r\n
	* @param none\r\n
	* @returns string SQL statement\r\n
	*****************************************************************/\r\n
	function hand_insert_sql()\r\n
	{\r\n
		$table = $this-&gt;table_details['tablename'];\r\n
		$cols = $this-&gt;get_table_columns($table);\r\n
\r\n
		// Build candidate values from whatever properties exist on this model/statement.\r\n
		$smtDateValue = null;\r\n
		if (isset($this-&gt;smtDate)) {\r\n
			$smtDateValue = $this-&gt;smtDate;\r\n
		} elseif (isset($this-&gt;timestamp)) {\r\n
			$smtDateValue = $this-&gt;timestamp;\r\n
		}\r\n
\r\n
		$seqValue = null;\r\n
		if (isset($this-&gt;seq)) {\r\n
			$seqValue = $this-&gt;seq;\r\n
		} elseif (isset($this-&gt;sequence)) {\r\n
			$seqValue = $this-&gt;sequence;\r\n
		}\r\n
\r\n
		$candidates = [\r\n
			'bank' =&gt; $this-&gt;bank ?? null,\r\n
			'account' =&gt; $this-&gt;account ?? null,\r\n
			'currency' =&gt; $this-&gt;currency ?? null,\r\n
			'startBalance' =&gt; $this-&gt;startBalance ?? null,\r\n
			'endBalance' =&gt; $this-&gt;endBalance ?? null,\r\n
			'smtDate' =&gt; $smtDateValue,\r\n
			'number' =&gt; $this-&gt;number ?? null,\r\n
			'seq' =&gt; $seqValue,\r\n
			'statementId' =&gt; $this-&gt;statementId ?? null,\r\n
			'acctid' =&gt; $this-&gt;acctid ?? null,\r\n
			'fitid' =&gt; $this-&gt;fitid ?? null,\r\n
			'bankid' =&gt; $this-&gt;bankid ?? null,\r\n
			'intu_bid' =&gt; $this-&gt;intu_bid ?? null,\r\n
		];\r\n
\r\n
		$fields = [];\r\n
		$values = [];\r\n
		foreach ($candidates as $field =&gt; $value) {\r\n
			if (!isset($cols[$field])) {\r\n
				continue;\r\n
			}\r\n
			$fields[] = $field;\r\n
			$values[] = db_escape($value);\r\n
		}\r\n
\r\n
		if (empty($fields)) {\r\n
			throw new Exception('No matching columns found for bi_statements insert.');\r\n
		}\r\n
\r\n
		return "INSERT IGNORE INTO {$table} (" . implode(', ', $fields) . ") VALUES (" . implode(', ', $values) . ")";\r\n
	}\r\n
\r\n
	/**\r\n
	 * @return array&lt;string,bool&gt;\r\n
	 */\r\n
	private function get_table_columns(string $tableName): array\r\n
	{\r\n
		if (isset(self::$tableColumnsCache[$tableName])) {\r\n
			return self::$tableColumnsCache[$tableName];\r\n
		}\r\n
\r\n
		$cols = [];\r\n
		try {\r\n
			$res = db_query("SHOW COLUMNS FROM {$tableName}", 'Could not read table columns');\r\n
			while ($row = db_fetch($res)) {\r\n
				if (!empty($row['Field'])) {\r\n
					$cols[(string)$row['Field']] = true;\r\n
				}\r\n
			}\r\n
		} catch (Exception $e) {\r\n
			// If introspection fails, fall back to the historical column set.\r\n
			foreach (['bank','account','currency','startBalance','endBalance','smtDate','number','seq','statementId','acctid','fitid','bankid','intu_bid'] as $f) {\r\n
				$cols[$f] = true;\r\n
			}\r\n
		}\r\n
\r\n
		self::$tableColumnsCache[$tableName] = $cols;\r\n
		return $cols;\r\n
	}\r\n
	/**//************************************************************\r\n
	* Determine if this particular statement already exists in the staging table\r\n
	*\r\n
	*	We need to do duplicate checking.  Most banks allow a person to select a date range for their transactions.\r\n
	*\r\n
	*	We can have the same total for the same vendor on the same date and not automatically be a duplicate\r\n
	*		Example when I buy flats of coke on sale limit 4 per transaction. \r\n
	*\r\n
	*\r\n
	* @param none\r\n
	* @returns bool already exists? \r\n
	*****************************************************************/\r\n
	function statement_exists()\r\n
	{\r\n
                $sql = "\r\n
                      SELECT * FROM ". $this-&gt;table_details['tablename'] .\r\n
                     " WHERE bank=".db_escape($this-&gt;bank)." AND statementId=".db_escape($this-&gt;statementId);\r\n
		$tid = $this-&gt;statementId;\r\n
		//display_notification( __FILE__ . "::" . __LINE__ . " $sql" );\r\n
		try\r\n
		{\r\n
	                $result = db_query($sql, "could not get statement with id $tid");\r\n
			$myrow = db_fetch($result);\r\n
			if( empty($myrow)) \r\n
			{\r\n
				return false;\r\n
			}\r\n
			else\r\n
			{\r\n
				$this-&gt;arr2obj( $myrow );\r\n
				//display_notification( __FILE__ . "::" . __LINE__ . print_r( $this, true ) );\r\n
			}\r\n
		}\r\n
		catch( Exception $e )\r\n
		{\r\n
			display_notification( __FILE__ . "::" . __LINE__ . $e-&gt;getMessage() );\r\n
		}\r\n
		return true;\r\n
	}\r\n
\r\n
	// =====================================================================\r\n
	// BankAccountMapping Cross-Reference Methods (Phase 2)\r\n
	// =====================================================================\r\n
\r\n
	/**\r\n
	 * Get the BankAccountMapping entity for this statement\r\n
	 * \r\n
	 * Retrieves or creates the cross-reference mapping of OFX identifiers\r\n
	 * to FA bank account for this statement.\r\n
	 * \r\n
	 * @return \Ksfraser\FaBankImport\Shared\Entities\BankAccountMapping|null\r\n
	 */\r\n
	public function getBankAccountMapping(): ?\Ksfraser\FaBankImport\Shared\Entities\BankAccountMapping\r\n
	{\r\n
		return $this-&gt;extractBankAccountMapping();\r\n
	}\r\n
\r\n
	/**\r\n
	 * Get the FA bank account ID mapped to this statement\r\n
	 * \r\n
	 * Returns the FrontAccounting bank account that this statement's OFX\r\n
	 * identifiers are linked to, or null if no mapping exists.\r\n
	 * Delegates all validation to the Repository.\r\n
	 * \r\n
	 * @return int|null\r\n
	 */\r\n
	public function getFABankAccountId(): ?int\r\n
	{\r\n
		try {\r\n
			if (!class_exists('\Ksfraser\FaBankImport\Shared\Repositories\BankAccountMappingRepository')) {\r\n
				return null;\r\n
			}\r\n
			\r\n
			// Repository handles all validation and null/empty checks\r\n
			$statementData = [\r\n
				'bankid' =&gt; $this-&gt;bankid,\r\n
				'acctid' =&gt; $this-&gt;acctid,\r\n
				'intu_bid' =&gt; $this-&gt;intu_bid\r\n
			];\r\n
			\r\n
			return \Ksfraser\FaBankImport\Shared\Repositories\BankAccountMappingRepository::getFABankAccountIdFromStatement($statementData);\r\n
		} catch (\Exception $e) {\r\n
			return null;\r\n
		}\r\n
	}\r\n
\r\n
	/**\r\n
	 * Extract BankAccountMapping from this statement's OFX identifiers\r\n
	 * \r\n
	 * Creates a BankAccountMapping entity from the OFX identifiers\r\n
	 * stored in this statement (bankid, acctid, intu_bid).\r\n
	 * Delegates validation to the Repository.\r\n
	 * \r\n
	 * @return \Ksfraser\FaBankImport\Shared\Entities\BankAccountMapping|null\r\n
	 */\r\n
	public function extractBankAccountMapping(): ?\Ksfraser\FaBankImport\Shared\Entities\BankAccountMapping\r\n
	{\r\n
		try {\r\n
			if (!class_exists('\Ksfraser\FaBankImport\Shared\Repositories\BankAccountMappingRepository')) {\r\n
				return null;\r\n
			}\r\n
			\r\n
			// Repository handles all validation and null/empty checks\r\n
			$statementData = [\r\n
				'bankid' =&gt; $this-&gt;bankid,\r\n
				'acctid' =&gt; $this-&gt;acctid,\r\n
				'intu_bid' =&gt; $this-&gt;intu_bid,\r\n
				'curdef' =&gt; $this-&gt;currency\r\n
			];\r\n
			\r\n
			return \Ksfraser\FaBankImport\Shared\Repositories\BankAccountMappingRepository::findByStatementData($statementData);\r\n
		} catch (\Exception $e) {\r\n
			return null;\r\n
		}\r\n
	}\r\n
\r\n
	/**\r\n
	 * Store BankAccountMapping in repository and link to FA account\r\n
	 * \r\n
	 * Creates or updates the mapping of this statement's OFX identifiers\r\n
	 * to a FrontAccounting bank account. Operation is idempotent.\r\n
	 * \r\n
	 * @param \Ksfraser\FaBankImport\Shared\Entities\BankAccountMapping $mapping The mapping to store\r\n
	 * @param int $faAccountId The FA bank account ID to link to\r\n
	 * @return bool True on success, false on failure\r\n
	 */\r\n
	public function storeBankAccountMapping(\r\n
		\Ksfraser\FaBankImport\Shared\Entities\BankAccountMapping $mapping,\r\n
		int $faAccountId\r\n
	): bool\r\n
	{\r\n
		try {\r\n
			if (!class_exists('\Ksfraser\FaBankImport\Shared\Repositories\BankAccountMappingRepository')) {\r\n
				return false;\r\n
			}\r\n
			\r\n
			// Upsert in repository (idempotent)\r\n
			\Ksfraser\FaBankImport\Shared\Repositories\BankAccountMappingRepository::upsert($mapping, $faAccountId);\r\n
			\r\n
			return true;\r\n
		} catch (\Exception $e) {\r\n
			return false;\r\n
		}\r\n
	}\r\n
\r\n
	/**\r\n
	 * Relink this statement's mapping to a different FA account\r\n
	 * \r\n
	 * Updates the association of this statement's mapping to point to\r\n
	 * a different FrontAccounting bank account. Useful when user changes\r\n
	 * which FA account a bank account is linked to.\r\n
	 * \r\n
	 * @param int $newFAAccountId The new FA bank account ID\r\n
	 * @return bool True on success, false on failure\r\n
	 */\r\n
	public function relinkBankAccountMapping(int $newFAAccountId): bool\r\n
	{\r\n
		try {\r\n
			if (!class_exists('\Ksfraser\FaBankImport\Shared\Repositories\BankAccountMappingRepository')) {\r\n
				return false;\r\n
			}\r\n
			\r\n
			// Find existing mapping\r\n
			$mapping = \Ksfraser\FaBankImport\Shared\Repositories\BankAccountMappingRepository::findByOFXIdentifiers(\r\n
				$this-&gt;bankid, \r\n
				$this-&gt;acctid, \r\n
				$this-&gt;intu_bid\r\n
			);\r\n
			\r\n
			if (!$mapping) {\r\n
				return false;\r\n
			}\r\n
			\r\n
			// Update mapping with new account ID\r\n
			$mapping-&gt;bank_account_id = $newFAAccountId;\r\n
			\Ksfraser\FaBankImport\Shared\Repositories\BankAccountMappingRepository::upsert($mapping, $newFAAccountId);\r\n
			\r\n
			return true;\r\n
		} catch (\Exception $e) {\r\n
			return false;\r\n
		}\r\n
	}\r\n
\r\n
	/**\r\n
	 * Find statements by BankAccountMapping ID\r\n
	 * \r\n
	 * Static method to retrieve all statements that share the same\r\n
	 * BankAccountMapping ID. Useful for cross-referencing and auditing.\r\n
	 * \r\n
	 * @param int $mappingId The BankAccountMapping ID\r\n
	 * @return array Array of statement rows or empty array\r\n
	 */\r\n
	public static function findByBankAccountMappingId(int $mappingId): array\r\n
	{\r\n
		try {\r\n
			if (!class_exists('\Ksfraser\FaBankImport\Shared\Repositories\BankAccountMappingRepository')) {\r\n
				return [];\r\n
			}\r\n
			\r\n
			// Get the mapping first\r\n
			$mapping = \Ksfraser\FaBankImport\Shared\Repositories\BankAccountMappingRepository::findById($mappingId);\r\n
			if (!$mapping) {\r\n
				return [];\r\n
			}\r\n
			\r\n
			// Find all statements with matching OFX identifiers\r\n
			$table = TB_PREF . 'bi_statements';\r\n
			$sql = "SELECT * FROM `{$table}`\r\n
					WHERE (bankid=" . db_escape($mapping-&gt;bankid) . " OR bankid IS NULL) \r\n
					  AND (acctid=" . db_escape($mapping-&gt;acctid) . " OR acctid IS NULL)\r\n
					  AND (intu_bid=" . db_escape($mapping-&gt;intu_bid) . " OR intu_bid IS NULL)\r\n
					ORDER BY id DESC";\r\n
			\r\n
			$result = @db_query($sql, 'Could not find statements by mapping');\r\n
			\r\n
			$statements = [];\r\n
			if (is_object($result)) {\r\n
				while ($row = db_fetch($result)) {\r\n
					if (is_array($row)) {\r\n
						$statements[] = $row;\r\n
					}\r\n
				}\r\n
			}\r\n
			\r\n
			return $statements;\r\n
		} catch (\Exception $e) {\r\n
			return [];\r\n
		}\r\n
	}\r\n
\r\n
}\r\n
////I've copied this into ORIGIN.\r\n
//	/**//**********************************************************************\r\n
//	* Convert Statement class to this object\r\n
//	*\r\n
//	* @param class\r\n
//	* @returns int how many fields did we copy\r\n
//	**************************************************************************/\r\n
//	function obj2obj( $obj )\r\n
//	{\r\n
//		//display_notification( __FILE__ . "::" . __LINE__ . print_r( $obj, true ) );\r\n
//		if( is_array( $obj ) )\r\n
//			return $this-&gt;arr2obj( $obj );\r\n
//		if( ! is_object( $obj ) )\r\n
//			throw new Exception( "Passed in data is neither an array nor an object.  We can't handle here!" );\r\n
//\r\n
//		$cnt = 0;\r\n
//		foreach( get_object_vars($this) as $key =&gt; $value )\r\n
//		{\r\n
//			//display_notification( __FILE__ . "::" . __LINE__ . " " . print_r( $key, true ) );\r\n
//			if( isset( $obj-&gt;$key ) )\r\n
//			{\r\n
//				//display_notification( __FILE__ . "::" . __LINE__ . " $key $obj-&gt;$key" );\r\n
//				//$this-&gt;$key = $obj-&gt;$key;	\r\n
//				$this-&gt;set( $key, $obj-&gt;$key );	\r\n
//				//	display_notification( __FILE__ . "::" . __LINE__ . " " . print_r( $this-&gt;$key, true ) );\r\n
//				$cnt++;\r\n
//			}\r\n
//			else\r\n
//			{\r\n
//				//display_notification( __FILE__ . "::" . __LINE__ . " $key not set in " . print_r( $obj, true ) );\r\n
//			}\r\n
//		}\r\n
//		//	display_notification( __FILE__ . "::" . __LINE__ . print_r( $this, true ) );\r\n
//		return $cnt;\r\n
//	}\r\n
//	/**//**********************************************************************\r\n
//	* Convert Transaction array to this object\r\n
//	*\r\n
//	* @param array\r\n
//	* @returns int how many fields did we copy\r\n
//	**************************************************************************/\r\n
//	function arr2obj( $arr )\r\n
//	{\r\n
//		//display_notification( __FILE__ . "::" . __LINE__ . print_r( $arr, true ) );\r\n
//		if( is_object( $arr ) )\r\n
//			return $this-&gt;obj2obj( $arr );\r\n
//		if( ! is_array( $arr ) )\r\n
//			throw new Exception( "Passed in data is neither an array nor an object.  We can't handle here!" );\r\n
//\r\n
//		$cnt = 0;\r\n
//		foreach( get_object_vars($this) as $key =&gt; $value )\r\n
//		{\r\n
//			//display_notification( __FILE__ . "::" . __LINE__ . " " . print_r( $key, true ) );\r\n
//			if( isset( $arr[$key] ) )\r\n
//			{\r\n
//				//display_notification( __FILE__ . "::" . __LINE__ . " $key $arr[$key]" );\r\n
//				//$this-&gt;$key = $arr[$key];	\r\n
//				$this-&gt;set( $key, $arr[$key] );	\r\n
//				//	display_notification( __FILE__ . "::" . __LINE__ . " " . print_r( $this-&gt;$key, true ) );\r\n
//				$cnt++;\r\n
//			}\r\n
//			else\r\n
//			{\r\n
//				//display_notification( __FILE__ . "::" . __LINE__ . " $key not set in " . print_r( $arr, true ) );\r\n
//			}\r\n
//		}\r\n
//		//	display_notification( __FILE__ . "::" . __LINE__ . print_r( $this, true ) );\r\n
//		return $cnt;\r\n
//	}\r\n
////display_notification( __FILE__ . "::" . __LINE__ );\r\n
' contains "require_once( '../ksf_modules_common/defines.inc.php' )".

C:\Users\prote\Documents\software-devel\ksf_bank_import\tests\integration\BiStatementsProductionBaselineTest.php:198</failure>
        </testcase>
        <testcase name="testProdBaseline_ClassPurposeDocumented" class="KsfBankImport\Tests\Integration\BiStatementsProductionBaselineTest" classname="KsfBankImport.Tests.Integration.BiStatementsProductionBaselineTest" file="C:\Users\prote\Documents\software-devel\ksf_bank_import\tests\integration\BiStatementsProductionBaselineTest.php" line="215" assertions="2" time="0.000821"/>
        <testcase name="testProdBaseline_StagingTableArchitecture" class="KsfBankImport\Tests\Integration\BiStatementsProductionBaselineTest" classname="KsfBankImport.Tests.Integration.BiStatementsProductionBaselineTest" file="C:\Users\prote\Documents\software-devel\ksf_bank_import\tests\integration\BiStatementsProductionBaselineTest.php" line="236" assertions="1" time="0.000562"/>
      </testsuite>
      <testsuite name="BiTransactionsBackwardCompatibilityTest" file="C:\Users\prote\Documents\software-devel\ksf_bank_import\tests\integration\BiTransactionsBackwardCompatibilityTest.php" tests="13" assertions="23" errors="0" warnings="0" failures="0" skipped="0" time="0.009270">
        <testcase name="testUpdateTransactions_MatchedFlag_BackwardCompatible" class="BiTransactionsBackwardCompatibilityTest" classname="BiTransactionsBackwardCompatibilityTest" file="C:\Users\prote\Documents\software-devel\ksf_bank_import\tests\integration\BiTransactionsBackwardCompatibilityTest.php" line="26" assertions="3" time="0.000679"/>
        <testcase name="testUpdateTransactions_CreatedFlag_BackwardCompatible" class="BiTransactionsBackwardCompatibilityTest" classname="BiTransactionsBackwardCompatibilityTest" file="C:\Users\prote\Documents\software-devel\ksf_bank_import\tests\integration\BiTransactionsBackwardCompatibilityTest.php" line="50" assertions="2" time="0.000967"/>
        <testcase name="testUpdateTransactions_GPartner_BackwardCompatible" class="BiTransactionsBackwardCompatibilityTest" classname="BiTransactionsBackwardCompatibilityTest" file="C:\Users\prote\Documents\software-devel\ksf_bank_import\tests\integration\BiTransactionsBackwardCompatibilityTest.php" line="74" assertions="2" time="0.000822"/>
        <testcase name="testUpdateTransactions_NullGPartner_BackwardCompatible" class="BiTransactionsBackwardCompatibilityTest" classname="BiTransactionsBackwardCompatibilityTest" file="C:\Users\prote\Documents\software-devel\ksf_bank_import\tests\integration\BiTransactionsBackwardCompatibilityTest.php" line="100" assertions="2" time="0.000757"/>
        <testcase name="testResetTransactions_BackwardCompatible" class="BiTransactionsBackwardCompatibilityTest" classname="BiTransactionsBackwardCompatibilityTest" file="C:\Users\prote\Documents\software-devel\ksf_bank_import\tests\integration\BiTransactionsBackwardCompatibilityTest.php" line="124" assertions="5" time="0.000829"/>
        <testcase name="testGetTransactions_StatusFilter_BackwardCompatible" class="BiTransactionsBackwardCompatibilityTest" classname="BiTransactionsBackwardCompatibilityTest" file="C:\Users\prote\Documents\software-devel\ksf_bank_import\tests\integration\BiTransactionsBackwardCompatibilityTest.php" line="142" assertions="2" time="0.000627"/>
        <testcase name="testGetTransactions_NoStatusFilter_BackwardCompatible" class="BiTransactionsBackwardCompatibilityTest" classname="BiTransactionsBackwardCompatibilityTest" file="C:\Users\prote\Documents\software-devel\ksf_bank_import\tests\integration\BiTransactionsBackwardCompatibilityTest.php" line="156" assertions="1" time="0.000575"/>
        <testcase name="testGetTransactions_Limit_BackwardCompatible" class="BiTransactionsBackwardCompatibilityTest" classname="BiTransactionsBackwardCompatibilityTest" file="C:\Users\prote\Documents\software-devel\ksf_bank_import\tests\integration\BiTransactionsBackwardCompatibilityTest.php" line="169" assertions="1" time="0.000563"/>
        <testcase name="testToggleDebitCredit_DtoC_BackwardCompatible" class="BiTransactionsBackwardCompatibilityTest" classname="BiTransactionsBackwardCompatibilityTest" file="C:\Users\prote\Documents\software-devel\ksf_bank_import\tests\integration\BiTransactionsBackwardCompatibilityTest.php" line="181" assertions="1" time="0.000739"/>
        <testcase name="testToggleDebitCredit_CtoD_BackwardCompatible" class="BiTransactionsBackwardCompatibilityTest" classname="BiTransactionsBackwardCompatibilityTest" file="C:\Users\prote\Documents\software-devel\ksf_bank_import\tests\integration\BiTransactionsBackwardCompatibilityTest.php" line="193" assertions="1" time="0.000580"/>
        <testcase name="testTransExists_NoDuplicates_BackwardCompatible" class="BiTransactionsBackwardCompatibilityTest" classname="BiTransactionsBackwardCompatibilityTest" file="C:\Users\prote\Documents\software-devel\ksf_bank_import\tests\integration\BiTransactionsBackwardCompatibilityTest.php" line="205" assertions="1" time="0.000799"/>
        <testcase name="testTransExists_OneDuplicate_BackwardCompatible" class="BiTransactionsBackwardCompatibilityTest" classname="BiTransactionsBackwardCompatibilityTest" file="C:\Users\prote\Documents\software-devel\ksf_bank_import\tests\integration\BiTransactionsBackwardCompatibilityTest.php" line="218" assertions="1" time="0.000747"/>
        <testcase name="testTransExists_MultipleDuplicates_BackwardCompatible" class="BiTransactionsBackwardCompatibilityTest" classname="BiTransactionsBackwardCompatibilityTest" file="C:\Users\prote\Documents\software-devel\ksf_bank_import\tests\integration\BiTransactionsBackwardCompatibilityTest.php" line="231" assertions="1" time="0.000586"/>
      </testsuite>
      <testsuite name="KsfBankImport\Tests\Integration\ConfigProductionBaselineTest" file="C:\Users\prote\Documents\software-devel\ksf_bank_import\tests\integration\ConfigProductionBaselineTest.php" tests="10" assertions="29" errors="0" warnings="0" failures="0" skipped="0" time="0.008540">
        <testcase name="testProdBaseline_ClassExists" class="KsfBankImport\Tests\Integration\ConfigProductionBaselineTest" classname="KsfBankImport.Tests.Integration.ConfigProductionBaselineTest" file="C:\Users\prote\Documents\software-devel\ksf_bank_import\tests\integration\ConfigProductionBaselineTest.php" line="36" assertions="1" time="0.000539"/>
        <testcase name="testProdBaseline_ImplementsSingletonPattern" class="KsfBankImport\Tests\Integration\ConfigProductionBaselineTest" classname="KsfBankImport.Tests.Integration.ConfigProductionBaselineTest" file="C:\Users\prote\Documents\software-devel\ksf_bank_import\tests\integration\ConfigProductionBaselineTest.php" line="48" assertions="2" time="0.000657"/>
        <testcase name="testProdBaseline_HasDatabaseConfig" class="KsfBankImport\Tests\Integration\ConfigProductionBaselineTest" classname="KsfBankImport.Tests.Integration.ConfigProductionBaselineTest" file="C:\Users\prote\Documents\software-devel\ksf_bank_import\tests\integration\ConfigProductionBaselineTest.php" line="70" assertions="5" time="0.000902"/>
        <testcase name="testProdBaseline_HasLoggingConfig" class="KsfBankImport\Tests\Integration\ConfigProductionBaselineTest" classname="KsfBankImport.Tests.Integration.ConfigProductionBaselineTest" file="C:\Users\prote\Documents\software-devel\ksf_bank_import\tests\integration\ConfigProductionBaselineTest.php" line="90" assertions="3" time="0.001897"/>
        <testcase name="testProdBaseline_HasTransactionConfig" class="KsfBankImport\Tests\Integration\ConfigProductionBaselineTest" classname="KsfBankImport.Tests.Integration.ConfigProductionBaselineTest" file="C:\Users\prote\Documents\software-devel\ksf_bank_import\tests\integration\ConfigProductionBaselineTest.php" line="114" assertions="3" time="0.000756"/>
        <testcase name="testProdBaseline_NoUploadConfig" class="KsfBankImport\Tests\Integration\ConfigProductionBaselineTest" classname="KsfBankImport.Tests.Integration.ConfigProductionBaselineTest" file="C:\Users\prote\Documents\software-devel\ksf_bank_import\tests\integration\ConfigProductionBaselineTest.php" line="140" assertions="4" time="0.000729"/>
        <testcase name="testProdBaseline_GetSupportsDotNotation" class="KsfBankImport\Tests\Integration\ConfigProductionBaselineTest" classname="KsfBankImport.Tests.Integration.ConfigProductionBaselineTest" file="C:\Users\prote\Documents\software-devel\ksf_bank_import\tests\integration\ConfigProductionBaselineTest.php" line="169" assertions="2" time="0.000651"/>
        <testcase name="testProdBaseline_SetSupportsDotNotation" class="KsfBankImport\Tests\Integration\ConfigProductionBaselineTest" classname="KsfBankImport.Tests.Integration.ConfigProductionBaselineTest" file="C:\Users\prote\Documents\software-devel\ksf_bank_import\tests\integration\ConfigProductionBaselineTest.php" line="190" assertions="2" time="0.000687"/>
        <testcase name="testProdBaseline_DatabaseConfigUsesEnvVariables" class="KsfBankImport\Tests\Integration\ConfigProductionBaselineTest" classname="KsfBankImport.Tests.Integration.ConfigProductionBaselineTest" file="C:\Users\prote\Documents\software-devel\ksf_bank_import\tests\integration\ConfigProductionBaselineTest.php" line="217" assertions="3" time="0.000884"/>
        <testcase name="testProdBaseline_HasExactlyThreeConfigSections" class="KsfBankImport\Tests\Integration\ConfigProductionBaselineTest" classname="KsfBankImport.Tests.Integration.ConfigProductionBaselineTest" file="C:\Users\prote\Documents\software-devel\ksf_bank_import\tests\integration\ConfigProductionBaselineTest.php" line="236" assertions="4" time="0.000838"/>
      </testsuite>
      <testsuite name="Tests\Integration\ConfigurationIntegrationTest" file="C:\Users\prote\Documents\software-devel\ksf_bank_import\tests\integration\ConfigurationIntegrationTest.php" tests="8" assertions="9" errors="6" warnings="0" failures="0" skipped="0" time="0.008398">
        <testcase name="it_integrates_configuration_with_quick_entry_handler" class="Tests\Integration\ConfigurationIntegrationTest" classname="Tests.Integration.ConfigurationIntegrationTest" file="C:\Users\prote\Documents\software-devel\ksf_bank_import\tests\integration\ConfigurationIntegrationTest.php" line="50" assertions="0" time="0.001108">
          <error type="InvalidArgumentException">Tests\Integration\ConfigurationIntegrationTest::it_integrates_configuration_with_quick_entry_handler
InvalidArgumentException: GL account '1550' does not exist

C:\Users\prote\Documents\software-devel\ksf_bank_import\src\Ksfraser\FaBankImport\config\BankImportConfig.php:109
C:\Users\prote\Documents\software-devel\ksf_bank_import\tests\integration\ConfigurationIntegrationTest.php:54</error>
        </testcase>
        <testcase name="it_persists_configuration_across_requests" class="Tests\Integration\ConfigurationIntegrationTest" classname="Tests.Integration.ConfigurationIntegrationTest" file="C:\Users\prote\Documents\software-devel\ksf_bank_import\tests\integration\ConfigurationIntegrationTest.php" line="68" assertions="0" time="0.000854">
          <error type="InvalidArgumentException">Tests\Integration\ConfigurationIntegrationTest::it_persists_configuration_across_requests
InvalidArgumentException: GL account '2000' does not exist

C:\Users\prote\Documents\software-devel\ksf_bank_import\src\Ksfraser\FaBankImport\config\BankImportConfig.php:109
C:\Users\prote\Documents\software-devel\ksf_bank_import\tests\integration\ConfigurationIntegrationTest.php:72</error>
        </testcase>
        <testcase name="it_provides_correct_default_values" class="Tests\Integration\ConfigurationIntegrationTest" classname="Tests.Integration.ConfigurationIntegrationTest" file="C:\Users\prote\Documents\software-devel\ksf_bank_import\tests\integration\ConfigurationIntegrationTest.php" line="90" assertions="2" time="0.000752"/>
        <testcase name="it_resets_configuration_to_defaults" class="Tests\Integration\ConfigurationIntegrationTest" classname="Tests.Integration.ConfigurationIntegrationTest" file="C:\Users\prote\Documents\software-devel\ksf_bank_import\tests\integration\ConfigurationIntegrationTest.php" line="112" assertions="0" time="0.000842">
          <error type="InvalidArgumentException">Tests\Integration\ConfigurationIntegrationTest::it_resets_configuration_to_defaults
InvalidArgumentException: GL account '9999' does not exist

C:\Users\prote\Documents\software-devel\ksf_bank_import\src\Ksfraser\FaBankImport\config\BankImportConfig.php:109
C:\Users\prote\Documents\software-devel\ksf_bank_import\tests\integration\ConfigurationIntegrationTest.php:116</error>
        </testcase>
        <testcase name="it_validates_gl_account_exists" class="Tests\Integration\ConfigurationIntegrationTest" classname="Tests.Integration.ConfigurationIntegrationTest" file="C:\Users\prote\Documents\software-devel\ksf_bank_import\tests\integration\ConfigurationIntegrationTest.php" line="133" assertions="0" time="0.000955">
          <error type="InvalidArgumentException">Tests\Integration\ConfigurationIntegrationTest::it_validates_gl_account_exists
InvalidArgumentException: GL account '1000' does not exist

C:\Users\prote\Documents\software-devel\ksf_bank_import\src\Ksfraser\FaBankImport\config\BankImportConfig.php:109
C:\Users\prote\Documents\software-devel\ksf_bank_import\tests\integration\ConfigurationIntegrationTest.php:139</error>
        </testcase>
        <testcase name="it_exports_all_settings_as_array" class="Tests\Integration\ConfigurationIntegrationTest" classname="Tests.Integration.ConfigurationIntegrationTest" file="C:\Users\prote\Documents\software-devel\ksf_bank_import\tests\integration\ConfigurationIntegrationTest.php" line="150" assertions="0" time="0.000845">
          <error type="InvalidArgumentException">Tests\Integration\ConfigurationIntegrationTest::it_exports_all_settings_as_array
InvalidArgumentException: GL account '1550' does not exist

C:\Users\prote\Documents\software-devel\ksf_bank_import\src\Ksfraser\FaBankImport\config\BankImportConfig.php:109
C:\Users\prote\Documents\software-devel\ksf_bank_import\tests\integration\ConfigurationIntegrationTest.php:154</error>
        </testcase>
        <testcase name="it_maintains_consistent_state_across_multiple_operations" class="Tests\Integration\ConfigurationIntegrationTest" classname="Tests.Integration.ConfigurationIntegrationTest" file="C:\Users\prote\Documents\software-devel\ksf_bank_import\tests\integration\ConfigurationIntegrationTest.php" line="174" assertions="1" time="0.001179">
          <error type="InvalidArgumentException">Tests\Integration\ConfigurationIntegrationTest::it_maintains_consistent_state_across_multiple_operations
InvalidArgumentException: GL account '1000' does not exist

C:\Users\prote\Documents\software-devel\ksf_bank_import\src\Ksfraser\FaBankImport\config\BankImportConfig.php:109
C:\Users\prote\Documents\software-devel\ksf_bank_import\tests\integration\ConfigurationIntegrationTest.php:180</error>
        </testcase>
        <testcase name="it_uses_static_methods_for_thread_safety" class="Tests\Integration\ConfigurationIntegrationTest" classname="Tests.Integration.ConfigurationIntegrationTest" file="C:\Users\prote\Documents\software-devel\ksf_bank_import\tests\integration\ConfigurationIntegrationTest.php" line="198" assertions="6" time="0.001863"/>
      </testsuite>
      <testsuite name="Tests\Ksfraser\FaBankImport\Integration\ContactWorkflowIntegrationTest" file="C:\Users\prote\Documents\software-devel\ksf_bank_import\tests\integration\ContactWorkflowIntegrationTest.php" tests="10" assertions="23" errors="3" warnings="0" failures="1" skipped="1" time="0.038309">
        <testcase name="testEndToEndQFXTransactionMatchingWithFACustomer" class="Tests\Ksfraser\FaBankImport\Integration\ContactWorkflowIntegrationTest" classname="Tests.Ksfraser.FaBankImport.Integration.ContactWorkflowIntegrationTest" file="C:\Users\prote\Documents\software-devel\ksf_bank_import\tests\integration\ContactWorkflowIntegrationTest.php" line="63" assertions="2" time="0.028754">
          <failure type="PHPUnit\Framework\ExpectationFailedException">Tests\Ksfraser\FaBankImport\Integration\ContactWorkflowIntegrationTest::testEndToEndQFXTransactionMatchingWithFACustomer
Failed asserting that two strings are equal.
--- Expected
+++ Actual
@@ @@
-'Acme Corporation'
+'ACME CORP INC'

C:\Users\prote\Documents\software-devel\ksf_bank_import\tests\integration\ContactWorkflowIntegrationTest.php:95</failure>
          <system-out>
Deprecated: Creation of dynamic property Ksfraser\Contact\DTO\ContactData::$address is deprecated in C:\Users\prote\Documents\software-devel\ksf_bank_import\src\Ksfraser\FaBankImport\services\ContactDataFactory.php on line 141

Deprecated: Creation of dynamic property Ksfraser\Contact\DTO\ContactData::$reference is deprecated in C:\Users\prote\Documents\software-devel\ksf_bank_import\src\Ksfraser\FaBankImport\services\ContactDataFactory.php on line 163

Deprecated: Creation of dynamic property Ksfraser\Contact\DTO\ContactData::$source_reference is deprecated in C:\Users\prote\Documents\software-devel\ksf_bank_import\src\Ksfraser\FaBankImport\services\ContactDataFactory.php on line 167

Deprecated: Creation of dynamic property Ksfraser\Contact\DTO\ContactData::$context is deprecated in C:\Users\prote\Documents\software-devel\ksf_bank_import\src\Ksfraser\FaBankImport\services\ContactDataFactory.php on line 170
</system-out>
        </testcase>
        <testcase name="testEndToEndCSVTransactionWithDuplicateDetection" class="Tests\Ksfraser\FaBankImport\Integration\ContactWorkflowIntegrationTest" classname="Tests.Ksfraser.FaBankImport.Integration.ContactWorkflowIntegrationTest" file="C:\Users\prote\Documents\software-devel\ksf_bank_import\tests\integration\ContactWorkflowIntegrationTest.php" line="119" assertions="4" time="0.001335">
          <error type="PHPUnit\Framework\Error\Warning">Tests\Ksfraser\FaBankImport\Integration\ContactWorkflowIntegrationTest::testEndToEndCSVTransactionWithDuplicateDetection
Attempt to read property "id" on false

C:\Users\prote\Documents\software-devel\ksf_bank_import\tests\integration\ContactWorkflowIntegrationTest.php:149</error>
          <system-out>
Deprecated: Creation of dynamic property Ksfraser\Contact\DTO\ContactData::$source_reference is deprecated in C:\Users\prote\Documents\software-devel\ksf_bank_import\src\Ksfraser\FaBankImport\services\ContactDataFactory.php on line 82

Deprecated: Creation of dynamic property Ksfraser\Contact\DTO\ContactData::$context is deprecated in C:\Users\prote\Documents\software-devel\ksf_bank_import\src\Ksfraser\FaBankImport\services\ContactDataFactory.php on line 85
</system-out>
        </testcase>
        <testcase name="testEndToEndMultiCriteriaSearchWorkflow" class="Tests\Ksfraser\FaBankImport\Integration\ContactWorkflowIntegrationTest" classname="Tests.Ksfraser.FaBankImport.Integration.ContactWorkflowIntegrationTest" file="C:\Users\prote\Documents\software-devel\ksf_bank_import\tests\integration\ContactWorkflowIntegrationTest.php" line="162" assertions="3" time="0.000921"/>
        <testcase name="testEndToEndCreateNewContactWorkflow" class="Tests\Ksfraser\FaBankImport\Integration\ContactWorkflowIntegrationTest" classname="Tests.Ksfraser.FaBankImport.Integration.ContactWorkflowIntegrationTest" file="C:\Users\prote\Documents\software-devel\ksf_bank_import\tests\integration\ContactWorkflowIntegrationTest.php" line="199" assertions="2" time="0.001096">
          <error type="PHPUnit\Framework\Error\Warning">Tests\Ksfraser\FaBankImport\Integration\ContactWorkflowIntegrationTest::testEndToEndCreateNewContactWorkflow
Attempt to read property "id" on false

C:\Users\prote\Documents\software-devel\ksf_bank_import\tests\integration\ContactWorkflowIntegrationTest.php:218</error>
        </testcase>
        <testcase name="testEndToEndBatchTransactionProcessing" class="Tests\Ksfraser\FaBankImport\Integration\ContactWorkflowIntegrationTest" classname="Tests.Ksfraser.FaBankImport.Integration.ContactWorkflowIntegrationTest" file="C:\Users\prote\Documents\software-devel\ksf_bank_import\tests\integration\ContactWorkflowIntegrationTest.php" line="234" assertions="5" time="0.001613">
          <system-out>
Deprecated: Creation of dynamic property Ksfraser\Contact\DTO\ContactData::$source_reference is deprecated in C:\Users\prote\Documents\software-devel\ksf_bank_import\src\Ksfraser\FaBankImport\services\ContactDataFactory.php on line 200

Deprecated: Creation of dynamic property Ksfraser\Contact\DTO\ContactData::$context is deprecated in C:\Users\prote\Documents\software-devel\ksf_bank_import\src\Ksfraser\FaBankImport\services\ContactDataFactory.php on line 203

Deprecated: Creation of dynamic property Ksfraser\Contact\DTO\ContactData::$source_reference is deprecated in C:\Users\prote\Documents\software-devel\ksf_bank_import\src\Ksfraser\FaBankImport\services\ContactDataFactory.php on line 200

Deprecated: Creation of dynamic property Ksfraser\Contact\DTO\ContactData::$context is deprecated in C:\Users\prote\Documents\software-devel\ksf_bank_import\src\Ksfraser\FaBankImport\services\ContactDataFactory.php on line 203

Deprecated: Creation of dynamic property Ksfraser\Contact\DTO\ContactData::$source_reference is deprecated in C:\Users\prote\Documents\software-devel\ksf_bank_import\src\Ksfraser\FaBankImport\services\ContactDataFactory.php on line 200

Deprecated: Creation of dynamic property Ksfraser\Contact\DTO\ContactData::$context is deprecated in C:\Users\prote\Documents\software-devel\ksf_bank_import\src\Ksfraser\FaBankImport\services\ContactDataFactory.php on line 203
</system-out>
        </testcase>
        <testcase name="testEndToEndMatchingThresholdAdjustment" class="Tests\Ksfraser\FaBankImport\Integration\ContactWorkflowIntegrationTest" classname="Tests.Ksfraser.FaBankImport.Integration.ContactWorkflowIntegrationTest" file="C:\Users\prote\Documents\software-devel\ksf_bank_import\tests\integration\ContactWorkflowIntegrationTest.php" line="297" assertions="2" time="0.001136"/>
        <testcase name="testEndToEndErrorHandling" class="Tests\Ksfraser\FaBankImport\Integration\ContactWorkflowIntegrationTest" classname="Tests.Ksfraser.FaBankImport.Integration.ContactWorkflowIntegrationTest" file="C:\Users\prote\Documents\software-devel\ksf_bank_import\tests\integration\ContactWorkflowIntegrationTest.php" line="320" assertions="2" time="0.000827"/>
        <testcase name="testEndToEndPerformanceWithLargeContactDatabase" class="Tests\Ksfraser\FaBankImport\Integration\ContactWorkflowIntegrationTest" classname="Tests.Ksfraser.FaBankImport.Integration.ContactWorkflowIntegrationTest" file="C:\Users\prote\Documents\software-devel\ksf_bank_import\tests\integration\ContactWorkflowIntegrationTest.php" line="356" assertions="3" time="0.001088"/>
        <testcase name="testEndToEndMultiFormatParsingConsistency" class="Tests\Ksfraser\FaBankImport\Integration\ContactWorkflowIntegrationTest" classname="Tests.Ksfraser.FaBankImport.Integration.ContactWorkflowIntegrationTest" file="C:\Users\prote\Documents\software-devel\ksf_bank_import\tests\integration\ContactWorkflowIntegrationTest.php" line="387" assertions="0" time="0.000779">
          <error type="TypeError">Tests\Ksfraser\FaBankImport\Integration\ContactWorkflowIntegrationTest::testEndToEndMultiFormatParsingConsistency
TypeError: Ksfraser\FaBankImport\Services\ContactDataFactory::buildFromTransaction(): Argument #1 ($transaction) must be of type array, string given, called in C:\Users\prote\Documents\software-devel\ksf_bank_import\tests\integration\ContactWorkflowIntegrationTest.php on line 410

C:\Users\prote\Documents\software-devel\ksf_bank_import\src\Ksfraser\FaBankImport\services\ContactDataFactory.php:188
C:\Users\prote\Documents\software-devel\ksf_bank_import\tests\integration\ContactWorkflowIntegrationTest.php:410</error>
        </testcase>
        <testcase name="testFullEndToEndHappyPath" class="Tests\Ksfraser\FaBankImport\Integration\ContactWorkflowIntegrationTest" classname="Tests.Ksfraser.FaBankImport.Integration.ContactWorkflowIntegrationTest" file="C:\Users\prote\Documents\software-devel\ksf_bank_import\tests\integration\ContactWorkflowIntegrationTest.php" line="437" assertions="0" time="0.000761">
          <skipped/>
        </testcase>
      </testsuite>
      <testsuite name="Tests\Integration\HandlerDiscoveryIntegrationTest" file="C:\Users\prote\Documents\software-devel\ksf_bank_import\tests\integration\HandlerDiscoveryIntegrationTest.php" tests="6" assertions="24" errors="0" warnings="0" failures="0" skipped="0" time="0.130942">
        <testcase name="it_discovers_all_handlers_automatically" class="Tests\Integration\HandlerDiscoveryIntegrationTest" classname="Tests.Integration.HandlerDiscoveryIntegrationTest" file="C:\Users\prote\Documents\software-devel\ksf_bank_import\tests\integration\HandlerDiscoveryIntegrationTest.php" line="48" assertions="8" time="0.116255"/>
        <testcase name="it_discovers_handlers_within_performance_budget" class="Tests\Integration\HandlerDiscoveryIntegrationTest" classname="Tests.Integration.HandlerDiscoveryIntegrationTest" file="C:\Users\prote\Documents\software-devel\ksf_bank_import\tests\integration\HandlerDiscoveryIntegrationTest.php" line="90" assertions="1" time="0.003864"/>
        <testcase name="it_skips_abstract_classes_during_discovery" class="Tests\Integration\HandlerDiscoveryIntegrationTest" classname="Tests.Integration.HandlerDiscoveryIntegrationTest" file="C:\Users\prote\Documents\software-devel\ksf_bank_import\tests\integration\HandlerDiscoveryIntegrationTest.php" line="122" assertions="6" time="0.002293"/>
        <testcase name="it_only_discovers_classes_implementing_handler_interface" class="Tests\Integration\HandlerDiscoveryIntegrationTest" classname="Tests.Integration.HandlerDiscoveryIntegrationTest" file="C:\Users\prote\Documents\software-devel\ksf_bank_import\tests\integration\HandlerDiscoveryIntegrationTest.php" line="144" assertions="6" time="0.002435"/>
        <testcase name="it_handles_invalid_handler_files_gracefully" class="Tests\Integration\HandlerDiscoveryIntegrationTest" classname="Tests.Integration.HandlerDiscoveryIntegrationTest" file="C:\Users\prote\Documents\software-devel\ksf_bank_import\tests\integration\HandlerDiscoveryIntegrationTest.php" line="166" assertions="2" time="0.002094"/>
        <testcase name="it_handles_empty_handlers_directory_gracefully" class="Tests\Integration\HandlerDiscoveryIntegrationTest" classname="Tests.Integration.HandlerDiscoveryIntegrationTest" file="C:\Users\prote\Documents\software-devel\ksf_bank_import\tests\integration\HandlerDiscoveryIntegrationTest.php" line="186" assertions="1" time="0.004000"/>
      </testsuite>
      <testsuite name="KsfBankImport\Tests\Integration\HooksProductionBaselineTest" file="C:\Users\prote\Documents\software-devel\ksf_bank_import\tests\integration\HooksProductionBaselineTest.php" tests="9" assertions="0" errors="0" warnings="0" failures="0" skipped="9" time="0.005806">
        <testcase name="testProdBaseline_ClassExists" class="KsfBankImport\Tests\Integration\HooksProductionBaselineTest" classname="KsfBankImport.Tests.Integration.HooksProductionBaselineTest" file="C:\Users\prote\Documents\software-devel\ksf_bank_import\tests\integration\HooksProductionBaselineTest.php" line="45" assertions="0" time="0.000621">
          <skipped/>
        </testcase>
        <testcase name="testProdBaseline_HasModuleNameProperty" class="KsfBankImport\Tests\Integration\HooksProductionBaselineTest" classname="KsfBankImport.Tests.Integration.HooksProductionBaselineTest" file="C:\Users\prote\Documents\software-devel\ksf_bank_import\tests\integration\HooksProductionBaselineTest.php" line="66" assertions="0" time="0.000572">
          <skipped/>
        </testcase>
        <testcase name="testProdBaseline_HasInstallOptionsMethod" class="KsfBankImport\Tests\Integration\HooksProductionBaselineTest" classname="KsfBankImport.Tests.Integration.HooksProductionBaselineTest" file="C:\Users\prote\Documents\software-devel\ksf_bank_import\tests\integration\HooksProductionBaselineTest.php" line="81" assertions="0" time="0.000561">
          <skipped/>
        </testcase>
        <testcase name="testProdBaseline_HasActivateExtensionMethod" class="KsfBankImport\Tests\Integration\HooksProductionBaselineTest" classname="KsfBankImport.Tests.Integration.HooksProductionBaselineTest" file="C:\Users\prote\Documents\software-devel\ksf_bank_import\tests\integration\HooksProductionBaselineTest.php" line="96" assertions="0" time="0.000562">
          <skipped/>
        </testcase>
        <testcase name="testProdBaseline_HasDbPrevoidMethod" class="KsfBankImport\Tests\Integration\HooksProductionBaselineTest" classname="KsfBankImport.Tests.Integration.HooksProductionBaselineTest" file="C:\Users\prote\Documents\software-devel\ksf_bank_import\tests\integration\HooksProductionBaselineTest.php" line="111" assertions="0" time="0.000755">
          <skipped/>
        </testcase>
        <testcase name="testProdBaseline_DefinesMenuImportConstant" class="KsfBankImport\Tests\Integration\HooksProductionBaselineTest" classname="KsfBankImport.Tests.Integration.HooksProductionBaselineTest" file="C:\Users\prote\Documents\software-devel\ksf_bank_import\tests\integration\HooksProductionBaselineTest.php" line="126" assertions="0" time="0.000599">
          <skipped/>
        </testcase>
        <testcase name="testProdBaseline_MenuItemsUseStandardMenus" class="KsfBankImport\Tests\Integration\HooksProductionBaselineTest" classname="KsfBankImport.Tests.Integration.HooksProductionBaselineTest" file="C:\Users\prote\Documents\software-devel\ksf_bank_import\tests\integration\HooksProductionBaselineTest.php" line="147" assertions="0" time="0.000628">
          <skipped/>
        </testcase>
        <testcase name="testProdBaseline_InstallsGLAppMenuItems" class="KsfBankImport\Tests\Integration\HooksProductionBaselineTest" classname="KsfBankImport.Tests.Integration.HooksProductionBaselineTest" file="C:\Users\prote\Documents\software-devel\ksf_bank_import\tests\integration\HooksProductionBaselineTest.php" line="175" assertions="0" time="0.000623">
          <skipped/>
        </testcase>
        <testcase name="testProdBaseline_DbPrevoidClearsTransactionLinkages" class="KsfBankImport\Tests\Integration\HooksProductionBaselineTest" classname="KsfBankImport.Tests.Integration.HooksProductionBaselineTest" file="C:\Users\prote\Documents\software-devel\ksf_bank_import\tests\integration\HooksProductionBaselineTest.php" line="237" assertions="0" time="0.000884">
          <skipped/>
        </testcase>
      </testsuite>
      <testsuite name="Tests\Integration\ImportStatementsIntegrationTest" file="C:\Users\prote\Documents\software-devel\ksf_bank_import\tests\integration\ImportStatementsIntegrationTest.php" tests="14" assertions="0" errors="0" warnings="0" failures="0" skipped="14" time="0.008542">
        <testcase name="testDoUploadFormRendersCorrectly" class="Tests\Integration\ImportStatementsIntegrationTest" classname="Tests.Integration.ImportStatementsIntegrationTest" file="C:\Users\prote\Documents\software-devel\ksf_bank_import\tests\integration\ImportStatementsIntegrationTest.php" line="51" assertions="0" time="0.000512">
          <skipped/>
        </testcase>
        <testcase name="testDoUploadFormWithError" class="Tests\Integration\ImportStatementsIntegrationTest" classname="Tests.Integration.ImportStatementsIntegrationTest" file="C:\Users\prote\Documents\software-devel\ksf_bank_import\tests\integration\ImportStatementsIntegrationTest.php" line="75" assertions="0" time="0.000993">
          <skipped/>
        </testcase>
        <testcase name="testImportStatementNewStatement" class="Tests\Integration\ImportStatementsIntegrationTest" classname="Tests.Integration.ImportStatementsIntegrationTest" file="C:\Users\prote\Documents\software-devel\ksf_bank_import\tests\integration\ImportStatementsIntegrationTest.php" line="91" assertions="0" time="0.000598">
          <skipped/>
        </testcase>
        <testcase name="testParseUploadedFilesValidatesUploads" class="Tests\Integration\ImportStatementsIntegrationTest" classname="Tests.Integration.ImportStatementsIntegrationTest" file="C:\Users\prote\Documents\software-devel\ksf_bank_import\tests\integration\ImportStatementsIntegrationTest.php" line="114" assertions="0" time="0.000850">
          <skipped/>
        </testcase>
        <testcase name="testFaBankAccountNumberExists" class="Tests\Integration\ImportStatementsIntegrationTest" classname="Tests.Integration.ImportStatementsIntegrationTest" file="C:\Users\prote\Documents\software-devel\ksf_bank_import\tests\integration\ImportStatementsIntegrationTest.php" line="145" assertions="0" time="0.000583">
          <skipped/>
        </testcase>
        <testcase name="testFaGetBankAccountIdByNumber" class="Tests\Integration\ImportStatementsIntegrationTest" classname="Tests.Integration.ImportStatementsIntegrationTest" file="C:\Users\prote\Documents\software-devel\ksf_bank_import\tests\integration\ImportStatementsIntegrationTest.php" line="164" assertions="0" time="0.000519">
          <skipped/>
        </testcase>
        <testcase name="testBiBankAccountsTableExists" class="Tests\Integration\ImportStatementsIntegrationTest" classname="Tests.Integration.ImportStatementsIntegrationTest" file="C:\Users\prote\Documents\software-devel\ksf_bank_import\tests\integration\ImportStatementsIntegrationTest.php" line="176" assertions="0" time="0.000539">
          <skipped/>
        </testcase>
        <testcase name="testCollectDesiredBiBankAccountsRows" class="Tests\Integration\ImportStatementsIntegrationTest" classname="Tests.Integration.ImportStatementsIntegrationTest" file="C:\Users\prote\Documents\software-devel\ksf_bank_import\tests\integration\ImportStatementsIntegrationTest.php" line="185" assertions="0" time="0.000508">
          <skipped/>
        </testcase>
        <testcase name="testBiBankAccountsMetaDiffers" class="Tests\Integration\ImportStatementsIntegrationTest" classname="Tests.Integration.ImportStatementsIntegrationTest" file="C:\Users\prote\Documents\software-devel\ksf_bank_import\tests\integration\ImportStatementsIntegrationTest.php" line="210" assertions="0" time="0.000595">
          <skipped/>
        </testcase>
        <testcase name="testRenderParserManagement" class="Tests\Integration\ImportStatementsIntegrationTest" classname="Tests.Integration.ImportStatementsIntegrationTest" file="C:\Users\prote\Documents\software-devel\ksf_bank_import\tests\integration\ImportStatementsIntegrationTest.php" line="236" assertions="0" time="0.000599">
          <skipped/>
        </testcase>
        <testcase name="testHandleParserManagement" class="Tests\Integration\ImportStatementsIntegrationTest" classname="Tests.Integration.ImportStatementsIntegrationTest" file="C:\Users\prote\Documents\software-devel\ksf_bank_import\tests\integration\ImportStatementsIntegrationTest.php" line="259" assertions="0" time="0.000594">
          <skipped/>
        </testcase>
        <testcase name="testBankImportGetLogger" class="Tests\Integration\ImportStatementsIntegrationTest" classname="Tests.Integration.ImportStatementsIntegrationTest" file="C:\Users\prote\Documents\software-devel\ksf_bank_import\tests\integration\ImportStatementsIntegrationTest.php" line="277" assertions="0" time="0.000571">
          <skipped/>
        </testcase>
        <testcase name="testBankImportLogEvent" class="Tests\Integration\ImportStatementsIntegrationTest" classname="Tests.Integration.ImportStatementsIntegrationTest" file="C:\Users\prote\Documents\software-devel\ksf_bank_import\tests\integration\ImportStatementsIntegrationTest.php" line="294" assertions="0" time="0.000543">
          <skipped/>
        </testcase>
        <testcase name="testBankImportLogEventWithNullLogger" class="Tests\Integration\ImportStatementsIntegrationTest" classname="Tests.Integration.ImportStatementsIntegrationTest" file="C:\Users\prote\Documents\software-devel\ksf_bank_import\tests\integration\ImportStatementsIntegrationTest.php" line="307" assertions="0" time="0.000538">
          <skipped/>
        </testcase>
      </testsuite>
      <testsuite name="KsfBankImport\Tests\Integration\PairedTransferIntegrationTest" file="C:\Users\prote\Documents\software-devel\ksf_bank_import\tests\integration\PairedTransferIntegrationTest.php" tests="10" assertions="0" errors="0" warnings="0" failures="0" skipped="10" time="0.009062">
        <testcase name="testCompletePairedTransferWorkflow" class="KsfBankImport\Tests\Integration\PairedTransferIntegrationTest" classname="KsfBankImport.Tests.Integration.PairedTransferIntegrationTest" file="C:\Users\prote\Documents\software-devel\ksf_bank_import\tests\integration\PairedTransferIntegrationTest.php" line="57" assertions="0" time="0.001009">
          <skipped/>
        </testcase>
        <testcase name="testManulifeToCIBCHISATransfer" class="KsfBankImport\Tests\Integration\PairedTransferIntegrationTest" classname="KsfBankImport.Tests.Integration.PairedTransferIntegrationTest" file="C:\Users\prote\Documents\software-devel\ksf_bank_import\tests\integration\PairedTransferIntegrationTest.php" line="83" assertions="0" time="0.000767">
          <skipped/>
        </testcase>
        <testcase name="testCIBCInternalTransfer" class="KsfBankImport\Tests\Integration\PairedTransferIntegrationTest" classname="KsfBankImport.Tests.Integration.PairedTransferIntegrationTest" file="C:\Users\prote\Documents\software-devel\ksf_bank_import\tests\integration\PairedTransferIntegrationTest.php" line="109" assertions="0" time="0.001099">
          <skipped/>
        </testcase>
        <testcase name="testVendorListCachingPerformance" class="KsfBankImport\Tests\Integration\PairedTransferIntegrationTest" classname="KsfBankImport.Tests.Integration.PairedTransferIntegrationTest" file="C:\Users\prote\Documents\software-devel\ksf_bank_import\tests\integration\PairedTransferIntegrationTest.php" line="129" assertions="0" time="0.000619">
          <skipped/>
        </testcase>
        <testcase name="testOperationTypesCaching" class="KsfBankImport\Tests\Integration\PairedTransferIntegrationTest" classname="KsfBankImport.Tests.Integration.PairedTransferIntegrationTest" file="C:\Users\prote\Documents\software-devel\ksf_bank_import\tests\integration\PairedTransferIntegrationTest.php" line="149" assertions="0" time="0.000624">
          <skipped/>
        </testcase>
        <testcase name="testDatabaseTransactionRollback" class="KsfBankImport\Tests\Integration\PairedTransferIntegrationTest" classname="KsfBankImport.Tests.Integration.PairedTransferIntegrationTest" file="C:\Users\prote\Documents\software-devel\ksf_bank_import\tests\integration\PairedTransferIntegrationTest.php" line="170" assertions="0" time="0.000612">
          <skipped/>
        </testcase>
        <testcase name="testVisualIndicatorsDisplay" class="KsfBankImport\Tests\Integration\PairedTransferIntegrationTest" classname="KsfBankImport.Tests.Integration.PairedTransferIntegrationTest" file="C:\Users\prote\Documents\software-devel\ksf_bank_import\tests\integration\PairedTransferIntegrationTest.php" line="193" assertions="0" time="0.000679">
          <skipped/>
        </testcase>
        <testcase name="testTwoDayMatchingWindow" class="KsfBankImport\Tests\Integration\PairedTransferIntegrationTest" classname="KsfBankImport.Tests.Integration.PairedTransferIntegrationTest" file="C:\Users\prote\Documents\software-devel\ksf_bank_import\tests\integration\PairedTransferIntegrationTest.php" line="213" assertions="0" time="0.000870">
          <skipped/>
        </testcase>
        <testcase name="testMissingPartnerTransactionError" class="KsfBankImport\Tests\Integration\PairedTransferIntegrationTest" classname="KsfBankImport.Tests.Integration.PairedTransferIntegrationTest" file="C:\Users\prote\Documents\software-devel\ksf_bank_import\tests\integration\PairedTransferIntegrationTest.php" line="233" assertions="0" time="0.000810">
          <skipped/>
        </testcase>
        <testcase name="testInvalidAccountError" class="KsfBankImport\Tests\Integration\PairedTransferIntegrationTest" classname="KsfBankImport.Tests.Integration.PairedTransferIntegrationTest" file="C:\Users\prote\Documents\software-devel\ksf_bank_import\tests\integration\PairedTransferIntegrationTest.php" line="253" assertions="0" time="0.001974">
          <skipped/>
        </testcase>
      </testsuite>
      <testsuite name="ProcessStatementsBackwardCompatibilityTest" file="C:\Users\prote\Documents\software-devel\ksf_bank_import\tests\integration\ProcessStatementsBackwardCompatibilityTest.php" tests="13" assertions="44" errors="0" warnings="0" failures="0" skipped="0" time="0.247965">
        <testcase name="testStatusFilterWorkflowLogic_BackwardCompatible" class="ProcessStatementsBackwardCompatibilityTest" classname="ProcessStatementsBackwardCompatibilityTest" file="C:\Users\prote\Documents\software-devel\ksf_bank_import\tests\integration\ProcessStatementsBackwardCompatibilityTest.php" line="49" assertions="4" time="0.000736"/>
        <testcase name="testProcessTransactionMissingPartnerId_BackwardCompatible" class="ProcessStatementsBackwardCompatibilityTest" classname="ProcessStatementsBackwardCompatibilityTest" file="C:\Users\prote\Documents\software-devel\ksf_bank_import\tests\integration\ProcessStatementsBackwardCompatibilityTest.php" line="84" assertions="1" time="0.000636"/>
        <testcase name="testProcessTransactionWithPartnerId_BackwardCompatible" class="ProcessStatementsBackwardCompatibilityTest" classname="ProcessStatementsBackwardCompatibilityTest" file="C:\Users\prote\Documents\software-devel\ksf_bank_import\tests\integration\ProcessStatementsBackwardCompatibilityTest.php" line="119" assertions="1" time="0.000629"/>
        <testcase name="testPartnerTypeConstants_BackwardCompatible" class="ProcessStatementsBackwardCompatibilityTest" classname="ProcessStatementsBackwardCompatibilityTest" file="C:\Users\prote\Documents\software-devel\ksf_bank_import\tests\integration\ProcessStatementsBackwardCompatibilityTest.php" line="157" assertions="8" time="0.001366"/>
        <testcase name="testBankAccountValidationWorkflow_BackwardCompatible" class="ProcessStatementsBackwardCompatibilityTest" classname="ProcessStatementsBackwardCompatibilityTest" file="C:\Users\prote\Documents\software-devel\ksf_bank_import\tests\integration\ProcessStatementsBackwardCompatibilityTest.php" line="198" assertions="2" time="0.000718"/>
        <testcase name="testChargeCalculationWorkflow_BackwardCompatible" class="ProcessStatementsBackwardCompatibilityTest" classname="ProcessStatementsBackwardCompatibilityTest" file="C:\Users\prote\Documents\software-devel\ksf_bank_import\tests\integration\ProcessStatementsBackwardCompatibilityTest.php" line="228" assertions="5" time="0.000846"/>
        <testcase name="testAllPartnerTypesHaveHandlers_BackwardCompatible" class="ProcessStatementsBackwardCompatibilityTest" classname="ProcessStatementsBackwardCompatibilityTest" file="C:\Users\prote\Documents\software-devel\ksf_bank_import\tests\integration\ProcessStatementsBackwardCompatibilityTest.php" line="266" assertions="8" time="0.008256"/>
        <testcase name="testCommandPatternFeatureFlag_BackwardCompatible" class="ProcessStatementsBackwardCompatibilityTest" classname="ProcessStatementsBackwardCompatibilityTest" file="C:\Users\prote\Documents\software-devel\ksf_bank_import\tests\integration\ProcessStatementsBackwardCompatibilityTest.php" line="326" assertions="3" time="0.223594"/>
        <testcase name="testPOSTActionDetection_BackwardCompatible" class="ProcessStatementsBackwardCompatibilityTest" classname="ProcessStatementsBackwardCompatibilityTest" file="C:\Users\prote\Documents\software-devel\ksf_bank_import\tests\integration\ProcessStatementsBackwardCompatibilityTest.php" line="363" assertions="4" time="0.000769"/>
        <testcase name="testProcessBothSidesAction_BackwardCompatible" class="ProcessStatementsBackwardCompatibilityTest" classname="ProcessStatementsBackwardCompatibilityTest" file="C:\Users\prote\Documents\software-devel\ksf_bank_import\tests\integration\ProcessStatementsBackwardCompatibilityTest.php" line="388" assertions="3" time="0.000782"/>
        <testcase name="testVendorListLoading_BackwardCompatible" class="ProcessStatementsBackwardCompatibilityTest" classname="ProcessStatementsBackwardCompatibilityTest" file="C:\Users\prote\Documents\software-devel\ksf_bank_import\tests\integration\ProcessStatementsBackwardCompatibilityTest.php" line="417" assertions="3" time="0.008356"/>
        <testcase name="testRefreshInquiryActionDetection_BackwardCompatible" class="ProcessStatementsBackwardCompatibilityTest" classname="ProcessStatementsBackwardCompatibilityTest" file="C:\Users\prote\Documents\software-devel\ksf_bank_import\tests\integration\ProcessStatementsBackwardCompatibilityTest.php" line="449" assertions="1" time="0.000656"/>
        <testcase name="testPartnerTypeChangeDetection_BackwardCompatible" class="ProcessStatementsBackwardCompatibilityTest" classname="ProcessStatementsBackwardCompatibilityTest" file="C:\Users\prote\Documents\software-devel\ksf_bank_import\tests\integration\ProcessStatementsBackwardCompatibilityTest.php" line="471" assertions="1" time="0.000620"/>
      </testsuite>
      <testsuite name="Tests\Integration\ProcessStatementsIntegrationTest" file="C:\Users\prote\Documents\software-devel\ksf_bank_import\tests\integration\ProcessStatementsIntegrationTest.php" tests="18" assertions="0" errors="0" warnings="0" failures="0" skipped="18" time="0.010016">
        <testcase name="testActivateDocTblSafe" class="Tests\Integration\ProcessStatementsIntegrationTest" classname="Tests.Integration.ProcessStatementsIntegrationTest" file="C:\Users\prote\Documents\software-devel\ksf_bank_import\tests\integration\ProcessStatementsIntegrationTest.php" line="40" assertions="0" time="0.000510">
          <skipped/>
        </testcase>
        <testcase name="testUnsetTransAction" class="Tests\Integration\ProcessStatementsIntegrationTest" classname="Tests.Integration.ProcessStatementsIntegrationTest" file="C:\Users\prote\Documents\software-devel\ksf_bank_import\tests\integration\ProcessStatementsIntegrationTest.php" line="55" assertions="0" time="0.000640">
          <skipped/>
        </testcase>
        <testcase name="testAddCustomerAction" class="Tests\Integration\ProcessStatementsIntegrationTest" classname="Tests.Integration.ProcessStatementsIntegrationTest" file="C:\Users\prote\Documents\software-devel\ksf_bank_import\tests\integration\ProcessStatementsIntegrationTest.php" line="71" assertions="0" time="0.000631">
          <skipped/>
        </testcase>
        <testcase name="testAddVendorAction" class="Tests\Integration\ProcessStatementsIntegrationTest" classname="Tests.Integration.ProcessStatementsIntegrationTest" file="C:\Users\prote\Documents\software-devel\ksf_bank_import\tests\integration\ProcessStatementsIntegrationTest.php" line="89" assertions="0" time="0.000604">
          <skipped/>
        </testcase>
        <testcase name="testToggleTransactionAction" class="Tests\Integration\ProcessStatementsIntegrationTest" classname="Tests.Integration.ProcessStatementsIntegrationTest" file="C:\Users\prote\Documents\software-devel\ksf_bank_import\tests\integration\ProcessStatementsIntegrationTest.php" line="106" assertions="0" time="0.000538">
          <skipped/>
        </testcase>
        <testcase name="testRunTransferMatcherAction" class="Tests\Integration\ProcessStatementsIntegrationTest" classname="Tests.Integration.ProcessStatementsIntegrationTest" file="C:\Users\prote\Documents\software-devel\ksf_bank_import\tests\integration\ProcessStatementsIntegrationTest.php" line="123" assertions="0" time="0.000511">
          <skipped/>
        </testcase>
        <testcase name="testRunTransferAuditsAction" class="Tests\Integration\ProcessStatementsIntegrationTest" classname="Tests.Integration.ProcessStatementsIntegrationTest" file="C:\Users\prote\Documents\software-devel\ksf_bank_import\tests\integration\ProcessStatementsIntegrationTest.php" line="161" assertions="0" time="0.000525">
          <skipped/>
        </testcase>
        <testcase name="testProcessBothSidesAction" class="Tests\Integration\ProcessStatementsIntegrationTest" classname="Tests.Integration.ProcessStatementsIntegrationTest" file="C:\Users\prote\Documents\software-devel\ksf_bank_import\tests\integration\ProcessStatementsIntegrationTest.php" line="190" assertions="0" time="0.000523">
          <skipped/>
        </testcase>
        <testcase name="testProcessTransactionValidation" class="Tests\Integration\ProcessStatementsIntegrationTest" classname="Tests.Integration.ProcessStatementsIntegrationTest" file="C:\Users\prote\Documents\software-devel\ksf_bank_import\tests\integration\ProcessStatementsIntegrationTest.php" line="216" assertions="0" time="0.000522">
          <skipped/>
        </testcase>
        <testcase name="testProcessTransactionMissingPartnerId" class="Tests\Integration\ProcessStatementsIntegrationTest" classname="Tests.Integration.ProcessStatementsIntegrationTest" file="C:\Users\prote\Documents\software-devel\ksf_bank_import\tests\integration\ProcessStatementsIntegrationTest.php" line="262" assertions="0" time="0.000616">
          <skipped/>
        </testcase>
        <testcase name="testPartnerIdRefreshLogic" class="Tests\Integration\ProcessStatementsIntegrationTest" classname="Tests.Integration.ProcessStatementsIntegrationTest" file="C:\Users\prote\Documents\software-devel\ksf_bank_import\tests\integration\ProcessStatementsIntegrationTest.php" line="284" assertions="0" time="0.000568">
          <skipped/>
        </testcase>
        <testcase name="testPartnerTypeRefreshLogic" class="Tests\Integration\ProcessStatementsIntegrationTest" classname="Tests.Integration.ProcessStatementsIntegrationTest" file="C:\Users\prote\Documents\software-devel\ksf_bank_import\tests\integration\ProcessStatementsIntegrationTest.php" line="315" assertions="0" time="0.000600">
          <skipped/>
        </testcase>
        <testcase name="testTransactionFiltering" class="Tests\Integration\ProcessStatementsIntegrationTest" classname="Tests.Integration.ProcessStatementsIntegrationTest" file="C:\Users\prote\Documents\software-devel\ksf_bank_import\tests\integration\ProcessStatementsIntegrationTest.php" line="335" assertions="0" time="0.000489">
          <skipped/>
        </testcase>
        <testcase name="testDefaultTransactionRetrieval" class="Tests\Integration\ProcessStatementsIntegrationTest" classname="Tests.Integration.ProcessStatementsIntegrationTest" file="C:\Users\prote\Documents\software-devel\ksf_bank_import\tests\integration\ProcessStatementsIntegrationTest.php" line="359" assertions="0" time="0.000467">
          <skipped/>
        </testcase>
        <testcase name="testBiLineitemProcessing" class="Tests\Integration\ProcessStatementsIntegrationTest" classname="Tests.Integration.ProcessStatementsIntegrationTest" file="C:\Users\prote\Documents\software-devel\ksf_bank_import\tests\integration\ProcessStatementsIntegrationTest.php" line="373" assertions="0" time="0.000466">
          <skipped/>
        </testcase>
        <testcase name="testOptypesArray" class="Tests\Integration\ProcessStatementsIntegrationTest" classname="Tests.Integration.ProcessStatementsIntegrationTest" file="C:\Users\prote\Documents\software-devel\ksf_bank_import\tests\integration\ProcessStatementsIntegrationTest.php" line="395" assertions="0" time="0.000468">
          <skipped/>
        </testcase>
        <testcase name="testPartnerTypeConstantsIntegration" class="Tests\Integration\ProcessStatementsIntegrationTest" classname="Tests.Integration.ProcessStatementsIntegrationTest" file="C:\Users\prote\Documents\software-devel\ksf_bank_import\tests\integration\ProcessStatementsIntegrationTest.php" line="421" assertions="0" time="0.000473">
          <skipped/>
        </testcase>
        <testcase name="testPartnerTypeRegistryIntegration" class="Tests\Integration\ProcessStatementsIntegrationTest" classname="Tests.Integration.ProcessStatementsIntegrationTest" file="C:\Users\prote\Documents\software-devel\ksf_bank_import\tests\integration\ProcessStatementsIntegrationTest.php" line="435" assertions="0" time="0.000866">
          <skipped/>
        </testcase>
      </testsuite>
      <testsuite name="ProcessStatementsOutputParityTest" file="C:\Users\prote\Documents\software-devel\ksf_bank_import\tests\integration\ProcessStatementsOutputParityTest.php" tests="10" assertions="0" errors="0" warnings="0" failures="0" skipped="10" time="0.004813">
        <testcase name="testOutputParity_PostActionDispatch_AcrossSnapshots" class="ProcessStatementsOutputParityTest" classname="ProcessStatementsOutputParityTest" file="C:\Users\prote\Documents\software-devel\ksf_bank_import\tests\integration\ProcessStatementsOutputParityTest.php" line="292" assertions="0" time="0.000501">
          <skipped/>
        </testcase>
        <testcase name="testOutputParity_ProcessTransactionMissingPartnerId_AcrossSnapshots" class="ProcessStatementsOutputParityTest" classname="ProcessStatementsOutputParityTest" file="C:\Users\prote\Documents\software-devel\ksf_bank_import\tests\integration\ProcessStatementsOutputParityTest.php" line="332" assertions="0" time="0.000458">
          <skipped/>
        </testcase>
        <testcase name="testOutputParity_ProcessTransactionInvalidBankAccount_AcrossSnapshots" class="ProcessStatementsOutputParityTest" classname="ProcessStatementsOutputParityTest" file="C:\Users\prote\Documents\software-devel\ksf_bank_import\tests\integration\ProcessStatementsOutputParityTest.php" line="380" assertions="0" time="0.000463">
          <skipped/>
        </testcase>
        <testcase name="testOutputParity_ProcessTransactionAllPartnerTypes_AcrossSnapshots" class="ProcessStatementsOutputParityTest" classname="ProcessStatementsOutputParityTest" file="C:\Users\prote\Documents\software-devel\ksf_bank_import\tests\integration\ProcessStatementsOutputParityTest.php" line="407" assertions="0" time="0.000446">
          <skipped/>
        </testcase>
        <testcase name="testOutputParity_ProcessTransactionAllPartnerTypes_DispatchCallsBaselineVsRestored" class="ProcessStatementsOutputParityTest" classname="ProcessStatementsOutputParityTest" file="C:\Users\prote\Documents\software-devel\ksf_bank_import\tests\integration\ProcessStatementsOutputParityTest.php" line="457" assertions="0" time="0.000445">
          <skipped/>
        </testcase>
        <testcase name="testOutputParity_StatusFilterBranchBaselineVsRestored" class="ProcessStatementsOutputParityTest" classname="ProcessStatementsOutputParityTest" file="C:\Users\prote\Documents\software-devel\ksf_bank_import\tests\integration\ProcessStatementsOutputParityTest.php" line="505" assertions="0" time="0.000446">
          <skipped/>
        </testcase>
        <testcase name="testOutputParity_ProcessTransactionUnknownPartnerType_DefaultBranchBaselineVsRestored" class="ProcessStatementsOutputParityTest" classname="ProcessStatementsOutputParityTest" file="C:\Users\prote\Documents\software-devel\ksf_bank_import\tests\integration\ProcessStatementsOutputParityTest.php" line="536" assertions="0" time="0.000518">
          <skipped/>
        </testcase>
        <testcase name="testOutputParity_ProcessTransactionMissingPartnerTypeGuardBaselineVsRestored" class="ProcessStatementsOutputParityTest" classname="ProcessStatementsOutputParityTest" file="C:\Users\prote\Documents\software-devel\ksf_bank_import\tests\integration\ProcessStatementsOutputParityTest.php" line="580" assertions="0" time="0.000543">
          <skipped/>
        </testcase>
        <testcase name="testOutputParity_RenderLoopSingleTransaction_AcrossSnapshots" class="ProcessStatementsOutputParityTest" classname="ProcessStatementsOutputParityTest" file="C:\Users\prote\Documents\software-devel\ksf_bank_import\tests\integration\ProcessStatementsOutputParityTest.php" line="619" assertions="0" time="0.000529">
          <skipped/>
        </testcase>
        <testcase name="testOutputParity_RenderLoopThreeTransactions_MidStream_AcrossSnapshots" class="ProcessStatementsOutputParityTest" classname="ProcessStatementsOutputParityTest" file="C:\Users\prote\Documents\software-devel\ksf_bank_import\tests\integration\ProcessStatementsOutputParityTest.php" line="657" assertions="0" time="0.000464">
          <skipped/>
        </testcase>
      </testsuite>
      <testsuite name="ProcessStatementsProductionBaselineTest" file="C:\Users\prote\Documents\software-devel\ksf_bank_import\tests\integration\ProcessStatementsProductionBaselineTest.php" tests="25" assertions="0" errors="0" warnings="0" failures="0" skipped="25" time="0.013774">
        <testcase name="testFileExists" class="ProcessStatementsProductionBaselineTest" classname="ProcessStatementsProductionBaselineTest" file="C:\Users\prote\Documents\software-devel\ksf_bank_import\tests\integration\ProcessStatementsProductionBaselineTest.php" line="59" assertions="0" time="0.000485">
          <skipped/>
        </testcase>
        <testcase name="testNoCommandBootstrap" class="ProcessStatementsProductionBaselineTest" classname="ProcessStatementsProductionBaselineTest" file="C:\Users\prote\Documents\software-devel\ksf_bank_import\tests\integration\ProcessStatementsProductionBaselineTest.php" line="68" assertions="0" time="0.000472">
          <skipped/>
        </testcase>
        <testcase name="testNoHtmlLibraryImports" class="ProcessStatementsProductionBaselineTest" classname="ProcessStatementsProductionBaselineTest" file="C:\Users\prote\Documents\software-devel\ksf_bank_import\tests\integration\ProcessStatementsProductionBaselineTest.php" line="79" assertions="0" time="0.000663">
          <skipped/>
        </testcase>
        <testcase name="testHasHardcodedOptypesArray" class="ProcessStatementsProductionBaselineTest" classname="ProcessStatementsProductionBaselineTest" file="C:\Users\prote\Documents\software-devel\ksf_bank_import\tests\integration\ProcessStatementsProductionBaselineTest.php" line="98" assertions="0" time="0.000596">
          <skipped/>
        </testcase>
        <testcase name="testNoPartnerTypeConstants" class="ProcessStatementsProductionBaselineTest" classname="ProcessStatementsProductionBaselineTest" file="C:\Users\prote\Documents\software-devel\ksf_bank_import\tests\integration\ProcessStatementsProductionBaselineTest.php" line="119" assertions="0" time="0.000534">
          <skipped/>
        </testcase>
        <testcase name="testHasDirectUnsetTransHandler" class="ProcessStatementsProductionBaselineTest" classname="ProcessStatementsProductionBaselineTest" file="C:\Users\prote\Documents\software-devel\ksf_bank_import\tests\integration\ProcessStatementsProductionBaselineTest.php" line="130" assertions="0" time="0.000475">
          <skipped/>
        </testcase>
        <testcase name="testHasDirectAddCustomerHandler" class="ProcessStatementsProductionBaselineTest" classname="ProcessStatementsProductionBaselineTest" file="C:\Users\prote\Documents\software-devel\ksf_bank_import\tests\integration\ProcessStatementsProductionBaselineTest.php" line="142" assertions="0" time="0.000494">
          <skipped/>
        </testcase>
        <testcase name="testHasDirectAddVendorHandler" class="ProcessStatementsProductionBaselineTest" classname="ProcessStatementsProductionBaselineTest" file="C:\Users\prote\Documents\software-devel\ksf_bank_import\tests\integration\ProcessStatementsProductionBaselineTest.php" line="154" assertions="0" time="0.000470">
          <skipped/>
        </testcase>
        <testcase name="testNoCommandPatternFlag" class="ProcessStatementsProductionBaselineTest" classname="ProcessStatementsProductionBaselineTest" file="C:\Users\prote\Documents\software-devel\ksf_bank_import\tests\integration\ProcessStatementsProductionBaselineTest.php" line="166" assertions="0" time="0.000478">
          <skipped/>
        </testcase>
        <testcase name="testNoProcessBothSidesHandler" class="ProcessStatementsProductionBaselineTest" classname="ProcessStatementsProductionBaselineTest" file="C:\Users\prote\Documents\software-devel\ksf_bank_import\tests\integration\ProcessStatementsProductionBaselineTest.php" line="177" assertions="0" time="0.000814">
          <skipped/>
        </testcase>
        <testcase name="testNoServiceClasses" class="ProcessStatementsProductionBaselineTest" classname="ProcessStatementsProductionBaselineTest" file="C:\Users\prote\Documents\software-devel\ksf_bank_import\tests\integration\ProcessStatementsProductionBaselineTest.php" line="188" assertions="0" time="0.000644">
          <skipped/>
        </testcase>
        <testcase name="testSimpleTodoCommentBlock" class="ProcessStatementsProductionBaselineTest" classname="ProcessStatementsProductionBaselineTest" file="C:\Users\prote\Documents\software-devel\ksf_bank_import\tests\integration\ProcessStatementsProductionBaselineTest.php" line="203" assertions="0" time="0.000665">
          <skipped/>
        </testcase>
        <testcase name="testHasProcessTransactionWithSwitch" class="ProcessStatementsProductionBaselineTest" classname="ProcessStatementsProductionBaselineTest" file="C:\Users\prote\Documents\software-devel\ksf_bank_import\tests\integration\ProcessStatementsProductionBaselineTest.php" line="223" assertions="0" time="0.000477">
          <skipped/>
        </testcase>
        <testcase name="testCallsProcessSupplierTransaction" class="ProcessStatementsProductionBaselineTest" classname="ProcessStatementsProductionBaselineTest" file="C:\Users\prote\Documents\software-devel\ksf_bank_import\tests\integration\ProcessStatementsProductionBaselineTest.php" line="242" assertions="0" time="0.000467">
          <skipped/>
        </testcase>
        <testcase name="testHasInlineCustomerPaymentCode" class="ProcessStatementsProductionBaselineTest" classname="ProcessStatementsProductionBaselineTest" file="C:\Users\prote\Documents\software-devel\ksf_bank_import\tests\integration\ProcessStatementsProductionBaselineTest.php" line="251" assertions="0" time="0.000485">
          <skipped/>
        </testcase>
        <testcase name="testUsesEachFunction" class="ProcessStatementsProductionBaselineTest" classname="ProcessStatementsProductionBaselineTest" file="C:\Users\prote\Documents\software-devel\ksf_bank_import\tests\integration\ProcessStatementsProductionBaselineTest.php" line="264" assertions="0" time="0.000466">
          <skipped/>
        </testcase>
        <testcase name="testNoCommandPatternComments" class="ProcessStatementsProductionBaselineTest" classname="ProcessStatementsProductionBaselineTest" file="C:\Users\prote\Documents\software-devel\ksf_bank_import\tests\integration\ProcessStatementsProductionBaselineTest.php" line="274" assertions="0" time="0.000467">
          <skipped/>
        </testcase>
        <testcase name="testHasBiControllerInstantiation" class="ProcessStatementsProductionBaselineTest" classname="ProcessStatementsProductionBaselineTest" file="C:\Users\prote\Documents\software-devel\ksf_bank_import\tests\integration\ProcessStatementsProductionBaselineTest.php" line="287" assertions="0" time="0.000958">
          <skipped/>
        </testcase>
        <testcase name="testNoVendorListManager" class="ProcessStatementsProductionBaselineTest" classname="ProcessStatementsProductionBaselineTest" file="C:\Users\prote\Documents\software-devel\ksf_bank_import\tests\integration\ProcessStatementsProductionBaselineTest.php" line="298" assertions="0" time="0.000656">
          <skipped/>
        </testcase>
        <testcase name="testNoOperationTypesRegistry" class="ProcessStatementsProductionBaselineTest" classname="ProcessStatementsProductionBaselineTest" file="C:\Users\prote\Documents\software-devel\ksf_bank_import\tests\integration\ProcessStatementsProductionBaselineTest.php" line="309" assertions="0" time="0.000636">
          <skipped/>
        </testcase>
        <testcase name="testFileSizeRange" class="ProcessStatementsProductionBaselineTest" classname="ProcessStatementsProductionBaselineTest" file="C:\Users\prote\Documents\software-devel\ksf_bank_import\tests\integration\ProcessStatementsProductionBaselineTest.php" line="320" assertions="0" time="0.000476">
          <skipped/>
        </testcase>
        <testcase name="testHasRecurringPaymentTodo" class="ProcessStatementsProductionBaselineTest" classname="ProcessStatementsProductionBaselineTest" file="C:\Users\prote\Documents\software-devel\ksf_bank_import\tests\integration\ProcessStatementsProductionBaselineTest.php" line="332" assertions="0" time="0.000488">
          <skipped/>
        </testcase>
        <testcase name="testHasUnsetKVComment" class="ProcessStatementsProductionBaselineTest" classname="ProcessStatementsProductionBaselineTest" file="C:\Users\prote\Documents\software-devel\ksf_bank_import\tests\integration\ProcessStatementsProductionBaselineTest.php" line="343" assertions="0" time="0.000466">
          <skipped/>
        </testcase>
        <testcase name="testNoDependencyInjection" class="ProcessStatementsProductionBaselineTest" classname="ProcessStatementsProductionBaselineTest" file="C:\Users\prote\Documents\software-devel\ksf_bank_import\tests\integration\ProcessStatementsProductionBaselineTest.php" line="355" assertions="0" time="0.000471">
          <skipped/>
        </testcase>
        <testcase name="testHasModuleMenuView" class="ProcessStatementsProductionBaselineTest" classname="ProcessStatementsProductionBaselineTest" file="C:\Users\prote\Documents\software-devel\ksf_bank_import\tests\integration\ProcessStatementsProductionBaselineTest.php" line="368" assertions="0" time="0.000471">
          <skipped/>
        </testcase>
      </testsuite>
      <testsuite name="QfxParserFilesProductionBaselineTest" file="C:\Users\prote\Documents\software-devel\ksf_bank_import\tests\integration\QfxParserFilesProductionBaselineTest.php" tests="15" assertions="0" errors="0" warnings="0" failures="0" skipped="15" time="0.007766">
        <testcase name="testAbstractQfxParserExistsInRoot" class="QfxParserFilesProductionBaselineTest" classname="QfxParserFilesProductionBaselineTest" file="C:\Users\prote\Documents\software-devel\ksf_bank_import\tests\integration\QfxParserFilesProductionBaselineTest.php" line="43" assertions="0" time="0.000556">
          <skipped/>
        </testcase>
        <testcase name="testCibcQfxParserExistsInRoot" class="QfxParserFilesProductionBaselineTest" classname="QfxParserFilesProductionBaselineTest" file="C:\Users\prote\Documents\software-devel\ksf_bank_import\tests\integration\QfxParserFilesProductionBaselineTest.php" line="54" assertions="0" time="0.000538">
          <skipped/>
        </testcase>
        <testcase name="testManuQfxParserExistsInRoot" class="QfxParserFilesProductionBaselineTest" classname="QfxParserFilesProductionBaselineTest" file="C:\Users\prote\Documents\software-devel\ksf_bank_import\tests\integration\QfxParserFilesProductionBaselineTest.php" line="65" assertions="0" time="0.000477">
          <skipped/>
        </testcase>
        <testcase name="testPcmcQfxParserExistsInRoot" class="QfxParserFilesProductionBaselineTest" classname="QfxParserFilesProductionBaselineTest" file="C:\Users\prote\Documents\software-devel\ksf_bank_import\tests\integration\QfxParserFilesProductionBaselineTest.php" line="76" assertions="0" time="0.000471">
          <skipped/>
        </testcase>
        <testcase name="testQfxParserFactoryExistsInRoot" class="QfxParserFilesProductionBaselineTest" classname="QfxParserFilesProductionBaselineTest" file="C:\Users\prote\Documents\software-devel\ksf_bank_import\tests\integration\QfxParserFilesProductionBaselineTest.php" line="87" assertions="0" time="0.000468">
          <skipped/>
        </testcase>
        <testcase name="testAbstractQfxParserContent" class="QfxParserFilesProductionBaselineTest" classname="QfxParserFilesProductionBaselineTest" file="C:\Users\prote\Documents\software-devel\ksf_bank_import\tests\integration\QfxParserFilesProductionBaselineTest.php" line="98" assertions="0" time="0.000528">
          <skipped/>
        </testcase>
        <testcase name="testCibcQfxParserExtendsAbstract" class="QfxParserFilesProductionBaselineTest" classname="QfxParserFilesProductionBaselineTest" file="C:\Users\prote\Documents\software-devel\ksf_bank_import\tests\integration\QfxParserFilesProductionBaselineTest.php" line="120" assertions="0" time="0.000487">
          <skipped/>
        </testcase>
        <testcase name="testManuQfxParserExtendsAbstract" class="QfxParserFilesProductionBaselineTest" classname="QfxParserFilesProductionBaselineTest" file="C:\Users\prote\Documents\software-devel\ksf_bank_import\tests\integration\QfxParserFilesProductionBaselineTest.php" line="132" assertions="0" time="0.000620">
          <skipped/>
        </testcase>
        <testcase name="testPcmcFileContainsPmcClass" class="QfxParserFilesProductionBaselineTest" classname="QfxParserFilesProductionBaselineTest" file="C:\Users\prote\Documents\software-devel\ksf_bank_import\tests\integration\QfxParserFilesProductionBaselineTest.php" line="144" assertions="0" time="0.000571">
          <skipped/>
        </testcase>
        <testcase name="testQfxParserFactoryPattern" class="QfxParserFilesProductionBaselineTest" classname="QfxParserFilesProductionBaselineTest" file="C:\Users\prote\Documents\software-devel\ksf_bank_import\tests\integration\QfxParserFilesProductionBaselineTest.php" line="157" assertions="0" time="0.000570">
          <skipped/>
        </testcase>
        <testcase name="testNoNamespaceDeclarations" class="QfxParserFilesProductionBaselineTest" classname="QfxParserFilesProductionBaselineTest" file="C:\Users\prote\Documents\software-devel\ksf_bank_import\tests\integration\QfxParserFilesProductionBaselineTest.php" line="171" assertions="0" time="0.000476">
          <skipped/>
        </testcase>
        <testcase name="testPcmcFileContainsAllClasses" class="QfxParserFilesProductionBaselineTest" classname="QfxParserFilesProductionBaselineTest" file="C:\Users\prote\Documents\software-devel\ksf_bank_import\tests\integration\QfxParserFilesProductionBaselineTest.php" line="192" assertions="0" time="0.000496">
          <skipped/>
        </testcase>
        <testcase name="testAbstractQfxParserHasParseMethod" class="QfxParserFilesProductionBaselineTest" classname="QfxParserFilesProductionBaselineTest" file="C:\Users\prote\Documents\software-devel\ksf_bank_import\tests\integration\QfxParserFilesProductionBaselineTest.php" line="213" assertions="0" time="0.000537">
          <skipped/>
        </testcase>
        <testcase name="testFileSizesAreConsistent" class="QfxParserFilesProductionBaselineTest" classname="QfxParserFilesProductionBaselineTest" file="C:\Users\prote\Documents\software-devel\ksf_bank_import\tests\integration\QfxParserFilesProductionBaselineTest.php" line="225" assertions="0" time="0.000497">
          <skipped/>
        </testcase>
        <testcase name="testFilesUseRequireOnce" class="QfxParserFilesProductionBaselineTest" classname="QfxParserFilesProductionBaselineTest" file="C:\Users\prote\Documents\software-devel\ksf_bank_import\tests\integration\QfxParserFilesProductionBaselineTest.php" line="248" assertions="0" time="0.000473">
          <skipped/>
        </testcase>
      </testsuite>
      <testsuite name="KsfBankImport\Tests\Integration\ReadOnlyDatabaseTest" file="C:\Users\prote\Documents\software-devel\ksf_bank_import\tests\integration\ReadOnlyDatabaseTest.php" tests="7" assertions="34" errors="0" warnings="0" failures="0" skipped="5" time="0.006677">
        <testcase name="testVendorListManagerLoadsRealData" class="KsfBankImport\Tests\Integration\ReadOnlyDatabaseTest" classname="KsfBankImport.Tests.Integration.ReadOnlyDatabaseTest" file="C:\Users\prote\Documents\software-devel\ksf_bank_import\tests\integration\ReadOnlyDatabaseTest.php" line="42" assertions="0" time="0.000731">
          <skipped/>
        </testcase>
        <testcase name="testVendorListCachingWorks" class="KsfBankImport\Tests\Integration\ReadOnlyDatabaseTest" classname="KsfBankImport.Tests.Integration.ReadOnlyDatabaseTest" file="C:\Users\prote\Documents\software-devel\ksf_bank_import\tests\integration\ReadOnlyDatabaseTest.php" line="104" assertions="0" time="0.000604">
          <skipped/>
        </testcase>
        <testcase name="testOperationTypesRegistryLoadsDefaults" class="KsfBankImport\Tests\Integration\ReadOnlyDatabaseTest" classname="KsfBankImport.Tests.Integration.ReadOnlyDatabaseTest" file="C:\Users\prote\Documents\software-devel\ksf_bank_import\tests\integration\ReadOnlyDatabaseTest.php" line="140" assertions="19" time="0.001841">
          <system-out>
✓ All 6 default operation types loaded:
  - SP: Supplier
  - CU: Customer
  - QE: Quick Entry
  - BT: Bank Transfer
  - MA: Manual settlement
  - ZZ: Matched
⚠ Session not active in test environment (OK for unit tests)
</system-out>
        </testcase>
        <testcase name="testTransferDirectionAnalyzerLogic" class="KsfBankImport\Tests\Integration\ReadOnlyDatabaseTest" classname="KsfBankImport.Tests.Integration.ReadOnlyDatabaseTest" file="C:\Users\prote\Documents\software-devel\ksf_bank_import\tests\integration\ReadOnlyDatabaseTest.php" line="184" assertions="15" time="0.001429">
          <system-out>
✓ TransferDirectionAnalyzer business logic verified:
  FROM: Account 10 (Transaction 1001)
  TO:   Account 20 (Transaction 2001)
  Amount: $500
  Memo: Paired Transfer: Transfer to CIBC HISA :: Transfer from Manulife
</system-out>
        </testcase>
        <testcase name="testBiTransactionsModelReadsRealData" class="KsfBankImport\Tests\Integration\ReadOnlyDatabaseTest" classname="KsfBankImport.Tests.Integration.ReadOnlyDatabaseTest" file="C:\Users\prote\Documents\software-devel\ksf_bank_import\tests\integration\ReadOnlyDatabaseTest.php" line="257" assertions="0" time="0.000780">
          <skipped/>
        </testcase>
        <testcase name="testPairedTransferProcessorCanBeInstantiated" class="KsfBankImport\Tests\Integration\ReadOnlyDatabaseTest" classname="KsfBankImport.Tests.Integration.ReadOnlyDatabaseTest" file="C:\Users\prote\Documents\software-devel\ksf_bank_import\tests\integration\ReadOnlyDatabaseTest.php" line="292" assertions="0" time="0.000649">
          <skipped/>
        </testcase>
        <testcase name="testVendorListCachingPerformance" class="KsfBankImport\Tests\Integration\ReadOnlyDatabaseTest" classname="KsfBankImport.Tests.Integration.ReadOnlyDatabaseTest" file="C:\Users\prote\Documents\software-devel\ksf_bank_import\tests\integration\ReadOnlyDatabaseTest.php" line="346" assertions="0" time="0.000644">
          <skipped/>
        </testcase>
      </testsuite>
      <testsuite name="Tests\Integration\ReferenceNumberServiceIntegrationTest" file="C:\Users\prote\Documents\software-devel\ksf_bank_import\tests\integration\ReferenceNumberServiceIntegrationTest.php" tests="7" assertions="24" errors="0" warnings="1" failures="0" skipped="1" time="0.011067">
        <testcase name="it_generates_unique_reference_numbers" class="Tests\Integration\ReferenceNumberServiceIntegrationTest" classname="Tests.Integration.ReferenceNumberServiceIntegrationTest" file="C:\Users\prote\Documents\software-devel\ksf_bank_import\tests\integration\ReferenceNumberServiceIntegrationTest.php" line="55" assertions="0" time="0.000606">
          <skipped/>
        </testcase>
        <testcase name="it_retries_until_unique_reference_found" class="Tests\Integration\ReferenceNumberServiceIntegrationTest" classname="Tests.Integration.ReferenceNumberServiceIntegrationTest" file="C:\Users\prote\Documents\software-devel\ksf_bank_import\tests\integration\ReferenceNumberServiceIntegrationTest.php" line="90" assertions="2" time="0.000731"/>
        <testcase name="it_handles_multiple_transaction_types" class="Tests\Integration\ReferenceNumberServiceIntegrationTest" classname="Tests.Integration.ReferenceNumberServiceIntegrationTest" file="C:\Users\prote\Documents\software-devel\ksf_bank_import\tests\integration\ReferenceNumberServiceIntegrationTest.php" line="109" assertions="15" time="0.002216"/>
        <testcase name="it_can_be_instantiated_multiple_times" class="Tests\Integration\ReferenceNumberServiceIntegrationTest" classname="Tests.Integration.ReferenceNumberServiceIntegrationTest" file="C:\Users\prote\Documents\software-devel\ksf_bank_import\tests\integration\ReferenceNumberServiceIntegrationTest.php" line="137" assertions="4" time="0.001022"/>
        <testcase name="it_generates_references_quickly" class="Tests\Integration\ReferenceNumberServiceIntegrationTest" classname="Tests.Integration.ReferenceNumberServiceIntegrationTest" file="C:\Users\prote\Documents\software-devel\ksf_bank_import\tests\integration\ReferenceNumberServiceIntegrationTest.php" line="162" assertions="1" time="0.003502"/>
        <testcase name="it_generates_references_with_valid_format" class="Tests\Integration\ReferenceNumberServiceIntegrationTest" classname="Tests.Integration.ReferenceNumberServiceIntegrationTest" file="C:\Users\prote\Documents\software-devel\ksf_bank_import\tests\integration\ReferenceNumberServiceIntegrationTest.php" line="190" assertions="1" time="0.000802">
          <warning type="PHPUnit\Framework\Warning">Tests\Integration\ReferenceNumberServiceIntegrationTest::it_generates_references_with_valid_format
assertRegExp() is deprecated and will be removed in PHPUnit 10. Refactor your code to use assertMatchesRegularExpression() instead.</warning>
        </testcase>
        <testcase name="it_generates_unique_references_in_rapid_succession" class="Tests\Integration\ReferenceNumberServiceIntegrationTest" classname="Tests.Integration.ReferenceNumberServiceIntegrationTest" file="C:\Users\prote\Documents\software-devel\ksf_bank_import\tests\integration\ReferenceNumberServiceIntegrationTest.php" line="210" assertions="1" time="0.002190"/>
      </testsuite>
      <testsuite name="Tests\Integration\Services\EnrichmentServiceIntegrationTest" file="C:\Users\prote\Documents\software-devel\ksf_bank_import\tests\integration\Services\EnrichmentServiceIntegrationTest.php" tests="6" assertions="2" errors="5" warnings="0" failures="0" skipped="0" time="0.006929">
        <testcase name="testEnrichThenValidateWorkflow" class="Tests\Integration\Services\EnrichmentServiceIntegrationTest" classname="Tests.Integration.Services.EnrichmentServiceIntegrationTest" file="C:\Users\prote\Documents\software-devel\ksf_bank_import\tests\integration\Services\EnrichmentServiceIntegrationTest.php" line="55" assertions="2" time="0.000842"/>
        <testcase name="testProcessEnrichValidateWorkflow" class="Tests\Integration\Services\EnrichmentServiceIntegrationTest" classname="Tests.Integration.Services.EnrichmentServiceIntegrationTest" file="C:\Users\prote\Documents\software-devel\ksf_bank_import\tests\integration\Services\EnrichmentServiceIntegrationTest.php" line="75" assertions="0" time="0.000728">
          <error type="Error">Tests\Integration\Services\EnrichmentServiceIntegrationTest::testProcessEnrichValidateWorkflow
Error: Call to undefined method Ksfraser\FaBankImport\Shared\Entities\BiStatement::addTransaction()

C:\Users\prote\Documents\software-devel\ksf_bank_import\tests\integration\Services\EnrichmentServiceIntegrationTest.php:303
C:\Users\prote\Documents\software-devel\ksf_bank_import\tests\integration\Services\EnrichmentServiceIntegrationTest.php:78</error>
        </testcase>
        <testcase name="testMultipleEnrichmentPasses" class="Tests\Integration\Services\EnrichmentServiceIntegrationTest" classname="Tests.Integration.Services.EnrichmentServiceIntegrationTest" file="C:\Users\prote\Documents\software-devel\ksf_bank_import\tests\integration\Services\EnrichmentServiceIntegrationTest.php" line="97" assertions="0" time="0.001292">
          <error type="Error">Tests\Integration\Services\EnrichmentServiceIntegrationTest::testMultipleEnrichmentPasses
Error: Call to undefined method Ksfraser\FaBankImport\Shared\Entities\BiStatement::addTransaction()

C:\Users\prote\Documents\software-devel\ksf_bank_import\tests\integration\Services\EnrichmentServiceIntegrationTest.php:303
C:\Users\prote\Documents\software-devel\ksf_bank_import\tests\integration\Services\EnrichmentServiceIntegrationTest.php:100</error>
        </testcase>
        <testcase name="testEnrichmentResilientToProcessingErrors" class="Tests\Integration\Services\EnrichmentServiceIntegrationTest" classname="Tests.Integration.Services.EnrichmentServiceIntegrationTest" file="C:\Users\prote\Documents\software-devel\ksf_bank_import\tests\integration\Services\EnrichmentServiceIntegrationTest.php" line="120" assertions="0" time="0.001386">
          <error type="Error">Tests\Integration\Services\EnrichmentServiceIntegrationTest::testEnrichmentResilientToProcessingErrors
Error: Call to undefined method Ksfraser\FaBankImport\Shared\Entities\BiStatement::addTransaction()

C:\Users\prote\Documents\software-devel\ksf_bank_import\tests\integration\Services\EnrichmentServiceIntegrationTest.php:125</error>
        </testcase>
        <testcase name="testEnrichmentWithForeignCurrency" class="Tests\Integration\Services\EnrichmentServiceIntegrationTest" classname="Tests.Integration.Services.EnrichmentServiceIntegrationTest" file="C:\Users\prote\Documents\software-devel\ksf_bank_import\tests\integration\Services\EnrichmentServiceIntegrationTest.php" line="167" assertions="0" time="0.000727">
          <error type="Error">Tests\Integration\Services\EnrichmentServiceIntegrationTest::testEnrichmentWithForeignCurrency
Error: Call to undefined method Ksfraser\FaBankImport\Shared\Entities\BiStatement::addTransaction()

C:\Users\prote\Documents\software-devel\ksf_bank_import\tests\integration\Services\EnrichmentServiceIntegrationTest.php:185</error>
        </testcase>
        <testcase name="testFullStatementLifecycle" class="Tests\Integration\Services\EnrichmentServiceIntegrationTest" classname="Tests.Integration.Services.EnrichmentServiceIntegrationTest" file="C:\Users\prote\Documents\software-devel\ksf_bank_import\tests\integration\Services\EnrichmentServiceIntegrationTest.php" line="216" assertions="0" time="0.001955">
          <error type="Error">Tests\Integration\Services\EnrichmentServiceIntegrationTest::testFullStatementLifecycle
Error: Call to undefined method Ksfraser\FaBankImport\Shared\Entities\BiStatement::addTransaction()

C:\Users\prote\Documents\software-devel\ksf_bank_import\tests\integration\Services\EnrichmentServiceIntegrationTest.php:232</error>
        </testcase>
      </testsuite>
      <testsuite name="Tests\Integration\Services\ProcessingValidationIntegrationTest" file="C:\Users\prote\Documents\software-devel\ksf_bank_import\tests\integration\Services\ProcessingValidationIntegrationTest.php" tests="8" assertions="0" errors="8" warnings="0" failures="0" skipped="0" time="0.006876">
        <testcase name="testProcessValidateWorkflow" class="Tests\Integration\Services\ProcessingValidationIntegrationTest" classname="Tests.Integration.Services.ProcessingValidationIntegrationTest" file="C:\Users\prote\Documents\software-devel\ksf_bank_import\tests\integration\Services\ProcessingValidationIntegrationTest.php" line="43" assertions="0" time="0.001520">
          <error type="Error">Tests\Integration\Services\ProcessingValidationIntegrationTest::testProcessValidateWorkflow
Error: Call to undefined method Ksfraser\FaBankImport\Shared\Entities\BiStatement::addTransaction()

C:\Users\prote\Documents\software-devel\ksf_bank_import\tests\integration\Services\ProcessingValidationIntegrationTest.php:365
C:\Users\prote\Documents\software-devel\ksf_bank_import\tests\integration\Services\ProcessingValidationIntegrationTest.php:46</error>
        </testcase>
        <testcase name="testDuplicateProcessingWithValidation" class="Tests\Integration\Services\ProcessingValidationIntegrationTest" classname="Tests.Integration.Services.ProcessingValidationIntegrationTest" file="C:\Users\prote\Documents\software-devel\ksf_bank_import\tests\integration\Services\ProcessingValidationIntegrationTest.php" line="65" assertions="0" time="0.000728">
          <error type="Ksfraser\FaBankImport\Shared\Exceptions\InvalidTransactionException">Tests\Integration\Services\ProcessingValidationIntegrationTest::testDuplicateProcessingWithValidation
Ksfraser\FaBankImport\Shared\Exceptions\InvalidTransactionException: acctId cannot be empty or invalid

C:\Users\prote\Documents\software-devel\ksf_bank_import\src\Ksfraser\FaBankImport\Shared\Entities\BiTransaction.php:69
C:\Users\prote\Documents\software-devel\ksf_bank_import\src\Ksfraser\FaBankImport\Shared\Entities\BiTransaction.php:123
C:\Users\prote\Documents\software-devel\ksf_bank_import\tests\integration\Services\ProcessingValidationIntegrationTest.php:70</error>
        </testcase>
        <testcase name="testZeroAmountFilteringWithValidation" class="Tests\Integration\Services\ProcessingValidationIntegrationTest" classname="Tests.Integration.Services.ProcessingValidationIntegrationTest" file="C:\Users\prote\Documents\software-devel\ksf_bank_import\tests\integration\Services\ProcessingValidationIntegrationTest.php" line="101" assertions="0" time="0.000799">
          <error type="Error">Tests\Integration\Services\ProcessingValidationIntegrationTest::testZeroAmountFilteringWithValidation
Error: Call to undefined method Ksfraser\FaBankImport\Shared\Entities\BiStatement::addTransaction()

C:\Users\prote\Documents\software-devel\ksf_bank_import\tests\integration\Services\ProcessingValidationIntegrationTest.php:109</error>
        </testcase>
        <testcase name="testValidationDetectsProcessingIssues" class="Tests\Integration\Services\ProcessingValidationIntegrationTest" classname="Tests.Integration.Services.ProcessingValidationIntegrationTest" file="C:\Users\prote\Documents\software-devel\ksf_bank_import\tests\integration\Services\ProcessingValidationIntegrationTest.php" line="139" assertions="0" time="0.000877">
          <error type="Ksfraser\FaBankImport\Shared\Exceptions\InvalidStatementException">Tests\Integration\Services\ProcessingValidationIntegrationTest::testValidationDetectsProcessingIssues
Ksfraser\FaBankImport\Shared\Exceptions\InvalidStatementException: bank cannot be empty

C:\Users\prote\Documents\software-devel\ksf_bank_import\src\Ksfraser\FaBankImport\Shared\Entities\BiStatement.php:55
C:\Users\prote\Documents\software-devel\ksf_bank_import\src\Ksfraser\FaBankImport\Shared\Entities\BiStatement.php:102
C:\Users\prote\Documents\software-devel\ksf_bank_import\tests\integration\Services\ProcessingValidationIntegrationTest.php:141</error>
        </testcase>
        <testcase name="testLargeBatchProcessingValidation" class="Tests\Integration\Services\ProcessingValidationIntegrationTest" classname="Tests.Integration.Services.ProcessingValidationIntegrationTest" file="C:\Users\prote\Documents\software-devel\ksf_bank_import\tests\integration\Services\ProcessingValidationIntegrationTest.php" line="186" assertions="0" time="0.000732">
          <error type="Error">Tests\Integration\Services\ProcessingValidationIntegrationTest::testLargeBatchProcessingValidation
Error: Call to undefined method Ksfraser\FaBankImport\Shared\Entities\BiStatement::addTransaction()

C:\Users\prote\Documents\software-devel\ksf_bank_import\tests\integration\Services\ProcessingValidationIntegrationTest.php:196</error>
        </testcase>
        <testcase name="testMultipleStatementProcessValidation" class="Tests\Integration\Services\ProcessingValidationIntegrationTest" classname="Tests.Integration.Services.ProcessingValidationIntegrationTest" file="C:\Users\prote\Documents\software-devel\ksf_bank_import\tests\integration\Services\ProcessingValidationIntegrationTest.php" line="224" assertions="0" time="0.000763">
          <error type="Error">Tests\Integration\Services\ProcessingValidationIntegrationTest::testMultipleStatementProcessValidation
Error: Call to undefined method Ksfraser\FaBankImport\Shared\Entities\BiStatement::addTransaction()

C:\Users\prote\Documents\software-devel\ksf_bank_import\tests\integration\Services\ProcessingValidationIntegrationTest.php:244</error>
        </testcase>
        <testcase name="testTransactionTypeValidationDuringProcessing" class="Tests\Integration\Services\ProcessingValidationIntegrationTest" classname="Tests.Integration.Services.ProcessingValidationIntegrationTest" file="C:\Users\prote\Documents\software-devel\ksf_bank_import\tests\integration\Services\ProcessingValidationIntegrationTest.php" line="276" assertions="0" time="0.000658">
          <error type="Error">Tests\Integration\Services\ProcessingValidationIntegrationTest::testTransactionTypeValidationDuringProcessing
Error: Call to undefined method Ksfraser\FaBankImport\Shared\Entities\BiStatement::addTransaction()

C:\Users\prote\Documents\software-devel\ksf_bank_import\tests\integration\Services\ProcessingValidationIntegrationTest.php:284</error>
        </testcase>
        <testcase name="testProcessingValidationConsistency" class="Tests\Integration\Services\ProcessingValidationIntegrationTest" classname="Tests.Integration.Services.ProcessingValidationIntegrationTest" file="C:\Users\prote\Documents\software-devel\ksf_bank_import\tests\integration\Services\ProcessingValidationIntegrationTest.php" line="313" assertions="0" time="0.000798">
          <error type="Error">Tests\Integration\Services\ProcessingValidationIntegrationTest::testProcessingValidationConsistency
Error: Call to undefined method Ksfraser\FaBankImport\Shared\Entities\BiStatement::addTransaction()

C:\Users\prote\Documents\software-devel\ksf_bank_import\tests\integration\Services\ProcessingValidationIntegrationTest.php:365
C:\Users\prote\Documents\software-devel\ksf_bank_import\tests\integration\Services\ProcessingValidationIntegrationTest.php:316</error>
        </testcase>
      </testsuite>
      <testsuite name="Tests\Integration\Services\ServicePipelineIntegrationTest" file="C:\Users\prote\Documents\software-devel\ksf_bank_import\tests\integration\Services\ServicePipelineIntegrationTest.php" tests="5" assertions="11" errors="0" warnings="0" failures="0" skipped="0" time="0.007032">
        <testcase name="testProcessEnrichValidatePipeline" class="Tests\Integration\Services\ServicePipelineIntegrationTest" classname="Tests.Integration.Services.ServicePipelineIntegrationTest" file="C:\Users\prote\Documents\software-devel\ksf_bank_import\tests\integration\Services\ServicePipelineIntegrationTest.php" line="37" assertions="3" time="0.001303"/>
        <testcase name="testEmptyStatementProcessing" class="Tests\Integration\Services\ServicePipelineIntegrationTest" classname="Tests.Integration.Services.ServicePipelineIntegrationTest" file="C:\Users\prote\Documents\software-devel\ksf_bank_import\tests\integration\Services\ServicePipelineIntegrationTest.php" line="84" assertions="2" time="0.000925"/>
        <testcase name="testMultipleTransactionHandling" class="Tests\Integration\Services\ServicePipelineIntegrationTest" classname="Tests.Integration.Services.ServicePipelineIntegrationTest" file="C:\Users\prote\Documents\software-devel\ksf_bank_import\tests\integration\Services\ServicePipelineIntegrationTest.php" line="118" assertions="2" time="0.001764"/>
        <testcase name="testForeignCurrencyStatementHandling" class="Tests\Integration\Services\ServicePipelineIntegrationTest" classname="Tests.Integration.Services.ServicePipelineIntegrationTest" file="C:\Users\prote\Documents\software-devel\ksf_bank_import\tests\integration\Services\ServicePipelineIntegrationTest.php" line="169" assertions="2" time="0.001207"/>
        <testcase name="testTransactionTypeVariety" class="Tests\Integration\Services\ServicePipelineIntegrationTest" classname="Tests.Integration.Services.ServicePipelineIntegrationTest" file="C:\Users\prote\Documents\software-devel\ksf_bank_import\tests\integration\Services\ServicePipelineIntegrationTest.php" line="214" assertions="2" time="0.001832"/>
      </testsuite>
      <testsuite name="KsfBankImport\Tests\Integration\SessionCachingIntegrationTest" file="C:\Users\prote\Documents\software-devel\ksf_bank_import\tests\integration\SessionCachingIntegrationTest.php" tests="10" assertions="0" errors="0" warnings="0" failures="0" skipped="10" time="0.006258">
        <testcase name="testVendorListCachingPerformance" class="KsfBankImport\Tests\Integration\SessionCachingIntegrationTest" classname="KsfBankImport.Tests.Integration.SessionCachingIntegrationTest" file="C:\Users\prote\Documents\software-devel\ksf_bank_import\tests\integration\SessionCachingIntegrationTest.php" line="80" assertions="0" time="0.000627">
          <skipped/>
        </testcase>
        <testcase name="testVendorListCacheExpiration" class="KsfBankImport\Tests\Integration\SessionCachingIntegrationTest" classname="KsfBankImport.Tests.Integration.SessionCachingIntegrationTest" file="C:\Users\prote\Documents\software-devel\ksf_bank_import\tests\integration\SessionCachingIntegrationTest.php" line="102" assertions="0" time="0.000549">
          <skipped/>
        </testcase>
        <testcase name="testVendorListForceReload" class="KsfBankImport\Tests\Integration\SessionCachingIntegrationTest" classname="KsfBankImport.Tests.Integration.SessionCachingIntegrationTest" file="C:\Users\prote\Documents\software-devel\ksf_bank_import\tests\integration\SessionCachingIntegrationTest.php" line="124" assertions="0" time="0.000547">
          <skipped/>
        </testcase>
        <testcase name="testVendorListClearCache" class="KsfBankImport\Tests\Integration\SessionCachingIntegrationTest" classname="KsfBankImport.Tests.Integration.SessionCachingIntegrationTest" file="C:\Users\prote\Documents\software-devel\ksf_bank_import\tests\integration\SessionCachingIntegrationTest.php" line="147" assertions="0" time="0.000545">
          <skipped/>
        </testcase>
        <testcase name="testOperationTypesCaching" class="KsfBankImport\Tests\Integration\SessionCachingIntegrationTest" classname="KsfBankImport.Tests.Integration.SessionCachingIntegrationTest" file="C:\Users\prote\Documents\software-devel\ksf_bank_import\tests\integration\SessionCachingIntegrationTest.php" line="170" assertions="0" time="0.000983">
          <skipped/>
        </testcase>
        <testcase name="testOperationTypesPluginDiscovery" class="KsfBankImport\Tests\Integration\SessionCachingIntegrationTest" classname="KsfBankImport.Tests.Integration.SessionCachingIntegrationTest" file="C:\Users\prote\Documents\software-devel\ksf_bank_import\tests\integration\SessionCachingIntegrationTest.php" line="193" assertions="0" time="0.000718">
          <skipped/>
        </testcase>
        <testcase name="testOperationTypesReload" class="KsfBankImport\Tests\Integration\SessionCachingIntegrationTest" classname="KsfBankImport.Tests.Integration.SessionCachingIntegrationTest" file="C:\Users\prote\Documents\software-devel\ksf_bank_import\tests\integration\SessionCachingIntegrationTest.php" line="215" assertions="0" time="0.000657">
          <skipped/>
        </testcase>
        <testcase name="testSessionCachingPersistence" class="KsfBankImport\Tests\Integration\SessionCachingIntegrationTest" classname="KsfBankImport.Tests.Integration.SessionCachingIntegrationTest" file="C:\Users\prote\Documents\software-devel\ksf_bank_import\tests\integration\SessionCachingIntegrationTest.php" line="237" assertions="0" time="0.000550">
          <skipped/>
        </testcase>
        <testcase name="testMemoryUsageImprovement" class="KsfBankImport\Tests\Integration\SessionCachingIntegrationTest" classname="KsfBankImport.Tests.Integration.SessionCachingIntegrationTest" file="C:\Users\prote\Documents\software-devel\ksf_bank_import\tests\integration\SessionCachingIntegrationTest.php" line="262" assertions="0" time="0.000550">
          <skipped/>
        </testcase>
        <testcase name="testCacheSizeLimits" class="KsfBankImport\Tests\Integration\SessionCachingIntegrationTest" classname="KsfBankImport.Tests.Integration.SessionCachingIntegrationTest" file="C:\Users\prote\Documents\software-devel\ksf_bank_import\tests\integration\SessionCachingIntegrationTest.php" line="288" assertions="0" time="0.000532">
          <skipped/>
        </testcase>
      </testsuite>
      <testsuite name="Tests\Integration\TransactionProcessingTest" file="C:\Users\prote\Documents\software-devel\ksf_bank_import\tests\integration\TransactionProcessingTest.php" tests="2" assertions="0" errors="0" warnings="0" failures="0" skipped="2" time="0.001230">
        <testcase name="testCompleteTransactionProcessingFlow" class="Tests\Integration\TransactionProcessingTest" classname="Tests.Integration.TransactionProcessingTest" file="C:\Users\prote\Documents\software-devel\ksf_bank_import\tests\integration\TransactionProcessingTest.php" line="29" assertions="0" time="0.000459">
          <skipped/>
        </testcase>
        <testcase name="testValidationMiddlewareRejectsInvalidType" class="Tests\Integration\TransactionProcessingTest" classname="Tests.Integration.TransactionProcessingTest" file="C:\Users\prote\Documents\software-devel\ksf_bank_import\tests\integration\TransactionProcessingTest.php" line="59" assertions="0" time="0.000771">
          <skipped/>
        </testcase>
      </testsuite>
      <testsuite name="KsfBankImport\Tests\Integration\TransactionRepositoryProductionBaselineTest" file="C:\Users\prote\Documents\software-devel\ksf_bank_import\tests\integration\TransactionRepositoryProductionBaselineTest.php" tests="12" assertions="39" errors="0" warnings="0" failures="0" skipped="0" time="0.011289">
        <testcase name="testProdBaseline_ClassExists" class="KsfBankImport\Tests\Integration\TransactionRepositoryProductionBaselineTest" classname="KsfBankImport.Tests.Integration.TransactionRepositoryProductionBaselineTest" file="C:\Users\prote\Documents\software-devel\ksf_bank_import\tests\integration\TransactionRepositoryProductionBaselineTest.php" line="48" assertions="3" time="0.000987"/>
        <testcase name="testProdBaseline_ImplementsInterface" class="KsfBankImport\Tests\Integration\TransactionRepositoryProductionBaselineTest" classname="KsfBankImport.Tests.Integration.TransactionRepositoryProductionBaselineTest" file="C:\Users\prote\Documents\software-devel\ksf_bank_import\tests\integration\TransactionRepositoryProductionBaselineTest.php" line="69" assertions="3" time="0.000749"/>
        <testcase name="testProdBaseline_HasFindByIdMethod" class="KsfBankImport\Tests\Integration\TransactionRepositoryProductionBaselineTest" classname="KsfBankImport.Tests.Integration.TransactionRepositoryProductionBaselineTest" file="C:\Users\prote\Documents\software-devel\ksf_bank_import\tests\integration\TransactionRepositoryProductionBaselineTest.php" line="90" assertions="3" time="0.000787"/>
        <testcase name="testProdBaseline_HasFindAllMethod" class="KsfBankImport\Tests\Integration\TransactionRepositoryProductionBaselineTest" classname="KsfBankImport.Tests.Integration.TransactionRepositoryProductionBaselineTest" file="C:\Users\prote\Documents\software-devel\ksf_bank_import\tests\integration\TransactionRepositoryProductionBaselineTest.php" line="111" assertions="3" time="0.000831"/>
        <testcase name="testProdBaseline_HasFindByStatusMethod" class="KsfBankImport\Tests\Integration\TransactionRepositoryProductionBaselineTest" classname="KsfBankImport.Tests.Integration.TransactionRepositoryProductionBaselineTest" file="C:\Users\prote\Documents\software-devel\ksf_bank_import\tests\integration\TransactionRepositoryProductionBaselineTest.php" line="132" assertions="3" time="0.001054"/>
        <testcase name="testProdBaseline_HasSaveMethod" class="KsfBankImport\Tests\Integration\TransactionRepositoryProductionBaselineTest" classname="KsfBankImport.Tests.Integration.TransactionRepositoryProductionBaselineTest" file="C:\Users\prote\Documents\software-devel\ksf_bank_import\tests\integration\TransactionRepositoryProductionBaselineTest.php" line="153" assertions="4" time="0.001034"/>
        <testcase name="testProdBaseline_HasUpdateMethod" class="KsfBankImport\Tests\Integration\TransactionRepositoryProductionBaselineTest" classname="KsfBankImport.Tests.Integration.TransactionRepositoryProductionBaselineTest" file="C:\Users\prote\Documents\software-devel\ksf_bank_import\tests\integration\TransactionRepositoryProductionBaselineTest.php" line="180" assertions="3" time="0.000909"/>
        <testcase name="testProdBaseline_UsesDirectDbQuery" class="KsfBankImport\Tests\Integration\TransactionRepositoryProductionBaselineTest" classname="KsfBankImport.Tests.Integration.TransactionRepositoryProductionBaselineTest" file="C:\Users\prote\Documents\software-devel\ksf_bank_import\tests\integration\TransactionRepositoryProductionBaselineTest.php" line="201" assertions="3" time="0.001059"/>
        <testcase name="testProdBaseline_NoQueryBuilderDependency" class="KsfBankImport\Tests\Integration\TransactionRepositoryProductionBaselineTest" classname="KsfBankImport.Tests.Integration.TransactionRepositoryProductionBaselineTest" file="C:\Users\prote\Documents\software-devel\ksf_bank_import\tests\integration\TransactionRepositoryProductionBaselineTest.php" line="219" assertions="3" time="0.000748"/>
        <testcase name="testProdBaseline_NoAdvancedMethods" class="KsfBankImport\Tests\Integration\TransactionRepositoryProductionBaselineTest" classname="KsfBankImport.Tests.Integration.TransactionRepositoryProductionBaselineTest" file="C:\Users\prote\Documents\software-devel\ksf_bank_import\tests\integration\TransactionRepositoryProductionBaselineTest.php" line="240" assertions="5" time="0.000895"/>
        <testcase name="testProdBaseline_MinimalDocumentation" class="KsfBankImport\Tests\Integration\TransactionRepositoryProductionBaselineTest" classname="KsfBankImport.Tests.Integration.TransactionRepositoryProductionBaselineTest" file="C:\Users\prote\Documents\software-devel\ksf_bank_import\tests\integration\TransactionRepositoryProductionBaselineTest.php" line="273" assertions="3" time="0.001213"/>
        <testcase name="testProdBaseline_SimplifiedImplementation" class="KsfBankImport\Tests\Integration\TransactionRepositoryProductionBaselineTest" classname="KsfBankImport.Tests.Integration.TransactionRepositoryProductionBaselineTest" file="C:\Users\prote\Documents\software-devel\ksf_bank_import\tests\integration\TransactionRepositoryProductionBaselineTest.php" line="294" assertions="3" time="0.001023"/>
      </testsuite>
      <testsuite name="Tests\Integration\TransactionRepositoryTest" file="C:\Users\prote\Documents\software-devel\ksf_bank_import\tests\integration\TransactionRepositoryTest.php" tests="17" assertions="0" errors="0" warnings="0" failures="0" skipped="17" time="0.010875">
        <testcase name="testRepositoryInstantiation" class="Tests\Integration\TransactionRepositoryTest" classname="Tests.Integration.TransactionRepositoryTest" file="C:\Users\prote\Documents\software-devel\ksf_bank_import\tests\integration\TransactionRepositoryTest.php" line="63" assertions="0" time="0.000640">
          <skipped/>
        </testcase>
        <testcase name="testFindAllTransactions" class="Tests\Integration\TransactionRepositoryTest" classname="Tests.Integration.TransactionRepositoryTest" file="C:\Users\prote\Documents\software-devel\ksf_bank_import\tests\integration\TransactionRepositoryTest.php" line="74" assertions="0" time="0.000607">
          <skipped/>
        </testcase>
        <testcase name="testFindByIdReturnsSingleTransaction" class="Tests\Integration\TransactionRepositoryTest" classname="Tests.Integration.TransactionRepositoryTest" file="C:\Users\prote\Documents\software-devel\ksf_bank_import\tests\integration\TransactionRepositoryTest.php" line="89" assertions="0" time="0.000612">
          <skipped/>
        </testcase>
        <testcase name="testFindByIdReturnsNullForNonExistent" class="Tests\Integration\TransactionRepositoryTest" classname="Tests.Integration.TransactionRepositoryTest" file="C:\Users\prote\Documents\software-devel\ksf_bank_import\tests\integration\TransactionRepositoryTest.php" line="112" assertions="0" time="0.000794">
          <skipped/>
        </testcase>
        <testcase name="testFindByFiltersWithStatus" class="Tests\Integration\TransactionRepositoryTest" classname="Tests.Integration.TransactionRepositoryTest" file="C:\Users\prote\Documents\software-devel\ksf_bank_import\tests\integration\TransactionRepositoryTest.php" line="125" assertions="0" time="0.000647">
          <skipped/>
        </testcase>
        <testcase name="testFindByFiltersWithDateRange" class="Tests\Integration\TransactionRepositoryTest" classname="Tests.Integration.TransactionRepositoryTest" file="C:\Users\prote\Documents\software-devel\ksf_bank_import\tests\integration\TransactionRepositoryTest.php" line="143" assertions="0" time="0.000596">
          <skipped/>
        </testcase>
        <testcase name="testFindByFiltersWithAmountRange" class="Tests\Integration\TransactionRepositoryTest" classname="Tests.Integration.TransactionRepositoryTest" file="C:\Users\prote\Documents\software-devel\ksf_bank_import\tests\integration\TransactionRepositoryTest.php" line="166" assertions="0" time="0.000606">
          <skipped/>
        </testcase>
        <testcase name="testFindByFiltersWithTitleSearch" class="Tests\Integration\TransactionRepositoryTest" classname="Tests.Integration.TransactionRepositoryTest" file="C:\Users\prote\Documents\software-devel\ksf_bank_import\tests\integration\TransactionRepositoryTest.php" line="189" assertions="0" time="0.000661">
          <skipped/>
        </testcase>
        <testcase name="testFindByFiltersWithBankAccount" class="Tests\Integration\TransactionRepositoryTest" classname="Tests.Integration.TransactionRepositoryTest" file="C:\Users\prote\Documents\software-devel\ksf_bank_import\tests\integration\TransactionRepositoryTest.php" line="213" assertions="0" time="0.000634">
          <skipped/>
        </testcase>
        <testcase name="testFindByFiltersWithLimit" class="Tests\Integration\TransactionRepositoryTest" classname="Tests.Integration.TransactionRepositoryTest" file="C:\Users\prote\Documents\software-devel\ksf_bank_import\tests\integration\TransactionRepositoryTest.php" line="248" assertions="0" time="0.000588">
          <skipped/>
        </testcase>
        <testcase name="testFindByFiltersWithMultipleFilters" class="Tests\Integration\TransactionRepositoryTest" classname="Tests.Integration.TransactionRepositoryTest" file="C:\Users\prote\Documents\software-devel\ksf_bank_import\tests\integration\TransactionRepositoryTest.php" line="263" assertions="0" time="0.000628">
          <skipped/>
        </testcase>
        <testcase name="testUpdateTransaction" class="Tests\Integration\TransactionRepositoryTest" classname="Tests.Integration.TransactionRepositoryTest" file="C:\Users\prote\Documents\software-devel\ksf_bank_import\tests\integration\TransactionRepositoryTest.php" line="286" assertions="0" time="0.000744">
          <skipped/>
        </testcase>
        <testcase name="testResetTransactions" class="Tests\Integration\TransactionRepositoryTest" classname="Tests.Integration.TransactionRepositoryTest" file="C:\Users\prote\Documents\software-devel\ksf_bank_import\tests\integration\TransactionRepositoryTest.php" line="333" assertions="0" time="0.000621">
          <skipped/>
        </testcase>
        <testcase name="testRepositoryHandlesDifferentTablePrefixes" class="Tests\Integration\TransactionRepositoryTest" classname="Tests.Integration.TransactionRepositoryTest" file="C:\Users\prote\Documents\software-devel\ksf_bank_import\tests\integration\TransactionRepositoryTest.php" line="367" assertions="0" time="0.000638">
          <skipped/>
        </testcase>
        <testcase name="testFindNormalPairing" class="Tests\Integration\TransactionRepositoryTest" classname="Tests.Integration.TransactionRepositoryTest" file="C:\Users\prote\Documents\software-devel\ksf_bank_import\tests\integration\TransactionRepositoryTest.php" line="395" assertions="0" time="0.000615">
          <skipped/>
        </testcase>
        <testcase name="testFindNormalPairingWithAccount" class="Tests\Integration\TransactionRepositoryTest" classname="Tests.Integration.TransactionRepositoryTest" file="C:\Users\prote\Documents\software-devel\ksf_bank_import\tests\integration\TransactionRepositoryTest.php" line="416" assertions="0" time="0.000622">
          <skipped/>
        </testcase>
        <testcase name="testPrevoidTransaction" class="Tests\Integration\TransactionRepositoryTest" classname="Tests.Integration.TransactionRepositoryTest" file="C:\Users\prote\Documents\software-devel\ksf_bank_import\tests\integration\TransactionRepositoryTest.php" line="448" assertions="0" time="0.000622">
          <skipped/>
        </testcase>
      </testsuite>
      <testsuite name="TransactionsTableProductionBaselineTest" file="C:\Users\prote\Documents\software-devel\ksf_bank_import\tests\integration\TransactionsTableProductionBaselineTest.php" tests="20" assertions="75" errors="0" warnings="0" failures="0" skipped="0" time="0.056439">
        <testcase name="testFileExists" class="TransactionsTableProductionBaselineTest" classname="TransactionsTableProductionBaselineTest" file="C:\Users\prote\Documents\software-devel\ksf_bank_import\tests\integration\TransactionsTableProductionBaselineTest.php" line="61" assertions="4" time="0.033827"/>
        <testcase name="testHasThreeClasses" class="TransactionsTableProductionBaselineTest" classname="TransactionsTableProductionBaselineTest" file="C:\Users\prote\Documents\software-devel\ksf_bank_import\tests\integration\TransactionsTableProductionBaselineTest.php" line="70" assertions="5" time="0.001221"/>
        <testcase name="testUsesStartTableFunction" class="TransactionsTableProductionBaselineTest" classname="TransactionsTableProductionBaselineTest" file="C:\Users\prote\Documents\software-devel\ksf_bank_import\tests\integration\TransactionsTableProductionBaselineTest.php" line="81" assertions="3" time="0.000864"/>
        <testcase name="testUsesEndTableFunction" class="TransactionsTableProductionBaselineTest" classname="TransactionsTableProductionBaselineTest" file="C:\Users\prote\Documents\software-devel\ksf_bank_import\tests\integration\TransactionsTableProductionBaselineTest.php" line="92" assertions="2" time="0.000829"/>
        <testcase name="testUsesLabelRowFunction" class="TransactionsTableProductionBaselineTest" classname="TransactionsTableProductionBaselineTest" file="C:\Users\prote\Documents\software-devel\ksf_bank_import\tests\integration\TransactionsTableProductionBaselineTest.php" line="101" assertions="3" time="0.000872"/>
        <testcase name="testUsesHiddenFunction" class="TransactionsTableProductionBaselineTest" classname="TransactionsTableProductionBaselineTest" file="C:\Users\prote\Documents\software-devel\ksf_bank_import\tests\integration\TransactionsTableProductionBaselineTest.php" line="113" assertions="3" time="0.003706"/>
        <testcase name="testUsesSubmitFunction" class="TransactionsTableProductionBaselineTest" classname="TransactionsTableProductionBaselineTest" file="C:\Users\prote\Documents\software-devel\ksf_bank_import\tests\integration\TransactionsTableProductionBaselineTest.php" line="125" assertions="4" time="0.001614"/>
        <testcase name="testUsesInlineHtmlEcho" class="TransactionsTableProductionBaselineTest" classname="TransactionsTableProductionBaselineTest" file="C:\Users\prote\Documents\software-devel\ksf_bank_import\tests\integration\TransactionsTableProductionBaselineTest.php" line="137" assertions="5" time="0.000970"/>
        <testcase name="testUsesFAListFunctions" class="TransactionsTableProductionBaselineTest" classname="TransactionsTableProductionBaselineTest" file="C:\Users\prote\Documents\software-devel\ksf_bank_import\tests\integration\TransactionsTableProductionBaselineTest.php" line="152" assertions="6" time="0.000975"/>
        <testcase name="testNoHtmlElementsNamespace" class="TransactionsTableProductionBaselineTest" classname="TransactionsTableProductionBaselineTest" file="C:\Users\prote\Documents\software-devel\ksf_bank_import\tests\integration\TransactionsTableProductionBaselineTest.php" line="169" assertions="8" time="0.001059"/>
        <testcase name="testNoHtmlCompositesNamespace" class="TransactionsTableProductionBaselineTest" classname="TransactionsTableProductionBaselineTest" file="C:\Users\prote\Documents\software-devel\ksf_bank_import\tests\integration\TransactionsTableProductionBaselineTest.php" line="190" assertions="3" time="0.000828"/>
        <testcase name="testNoDataProviderClasses" class="TransactionsTableProductionBaselineTest" classname="TransactionsTableProductionBaselineTest" file="C:\Users\prote\Documents\software-devel\ksf_bank_import\tests\integration\TransactionsTableProductionBaselineTest.php" line="201" assertions="5" time="0.001208"/>
        <testcase name="testTransactionTableDisplayMethod" class="TransactionsTableProductionBaselineTest" classname="TransactionsTableProductionBaselineTest" file="C:\Users\prote\Documents\software-devel\ksf_bank_import\tests\integration\TransactionsTableProductionBaselineTest.php" line="216" assertions="3" time="0.001144"/>
        <testcase name="testTtrTableDisplayReturnsStartTable" class="TransactionsTableProductionBaselineTest" classname="TransactionsTableProductionBaselineTest" file="C:\Users\prote\Documents\software-devel\ksf_bank_import\tests\integration\TransactionsTableProductionBaselineTest.php" line="233" assertions="2" time="0.000958"/>
        <testcase name="testSettledTransactionLabelRows" class="TransactionsTableProductionBaselineTest" classname="TransactionsTableProductionBaselineTest" file="C:\Users\prote\Documents\software-devel\ksf_bank_import\tests\integration\TransactionsTableProductionBaselineTest.php" line="245" assertions="6" time="0.001004"/>
        <testcase name="testFileSize" class="TransactionsTableProductionBaselineTest" classname="TransactionsTableProductionBaselineTest" file="C:\Users\prote\Documents\software-devel\ksf_bank_import\tests\integration\TransactionsTableProductionBaselineTest.php" line="264" assertions="3" time="0.001118"/>
        <testcase name="testUsesCustomerBranchesList" class="TransactionsTableProductionBaselineTest" classname="TransactionsTableProductionBaselineTest" file="C:\Users\prote\Documents\software-devel\ksf_bank_import\tests\integration\TransactionsTableProductionBaselineTest.php" line="276" assertions="2" time="0.000829"/>
        <testcase name="testNoToHtmlMethodCalls" class="TransactionsTableProductionBaselineTest" classname="TransactionsTableProductionBaselineTest" file="C:\Users\prote\Documents\software-devel\ksf_bank_import\tests\integration\TransactionsTableProductionBaselineTest.php" line="286" assertions="2" time="0.001368"/>
        <testcase name="testUsesTextInputFunction" class="TransactionsTableProductionBaselineTest" classname="TransactionsTableProductionBaselineTest" file="C:\Users\prote\Documents\software-devel\ksf_bank_import\tests\integration\TransactionsTableProductionBaselineTest.php" line="296" assertions="2" time="0.000882"/>
        <testcase name="testTransactionDCSwitchUsesLabelRow" class="TransactionsTableProductionBaselineTest" classname="TransactionsTableProductionBaselineTest" file="C:\Users\prote\Documents\software-devel\ksf_bank_import\tests\integration\TransactionsTableProductionBaselineTest.php" line="305" assertions="4" time="0.001166"/>
      </testsuite>
      <testsuite name="KsfBankImport\Tests\Integration\ViewComponentsProductionBaselineTest" file="C:\Users\prote\Documents\software-devel\ksf_bank_import\tests\integration\ViewComponentsProductionBaselineTest.php" tests="5" assertions="26" errors="0" warnings="0" failures="0" skipped="0" time="0.124432">
        <testcase name="testProdBaseline_AddCustomerButtonClass" class="KsfBankImport\Tests\Integration\ViewComponentsProductionBaselineTest" classname="KsfBankImport.Tests.Integration.ViewComponentsProductionBaselineTest" file="C:\Users\prote\Documents\software-devel\ksf_bank_import\tests\integration\ViewComponentsProductionBaselineTest.php" line="48" assertions="5" time="0.029786"/>
        <testcase name="testProdBaseline_AddNoButtonClass" class="KsfBankImport\Tests\Integration\ViewComponentsProductionBaselineTest" classname="KsfBankImport.Tests.Integration.ViewComponentsProductionBaselineTest" file="C:\Users\prote\Documents\software-devel\ksf_bank_import\tests\integration\ViewComponentsProductionBaselineTest.php" line="78" assertions="5" time="0.009853"/>
        <testcase name="testProdBaseline_AddVendorButtonClass" class="KsfBankImport\Tests\Integration\ViewComponentsProductionBaselineTest" classname="KsfBankImport.Tests.Integration.ViewComponentsProductionBaselineTest" file="C:\Users\prote\Documents\software-devel\ksf_bank_import\tests\integration\ViewComponentsProductionBaselineTest.php" line="108" assertions="5" time="0.001098"/>
        <testcase name="testCurrentBaseline_AllComponentsUseKsfraserFaBankImportNamespace" class="KsfBankImport\Tests\Integration\ViewComponentsProductionBaselineTest" classname="KsfBankImport.Tests.Integration.ViewComponentsProductionBaselineTest" file="C:\Users\prote\Documents\software-devel\ksf_bank_import\tests\integration\ViewComponentsProductionBaselineTest.php" line="141" assertions="7" time="0.082109"/>
        <testcase name="testCurrentBaseline_ComponentsUseComposites" class="KsfBankImport\Tests\Integration\ViewComponentsProductionBaselineTest" classname="KsfBankImport.Tests.Integration.ViewComponentsProductionBaselineTest" file="C:\Users\prote\Documents\software-devel\ksf_bank_import\tests\integration\ViewComponentsProductionBaselineTest.php" line="172" assertions="4" time="0.001585"/>
      </testsuite>
    </testsuite>
  </testsuite>
</testsuites>
